Record 1: {'title_id': 'urn:uuid:c59381bf-b1f8-4300-ad9c-9037b3794508', 'publication_title': "Heaven's Interpreters Women Writers and Religious Agency in Nineteenth-Century America", 'title_url': 'https://patron-academic.thepalaceproject.org/ucdavis/book/https%3A%2F%2Fcdl.edu.thepalaceproject.org%2F110644%2Fworks%2FURI%252Furn%253Auuid%253Ac59381bf-b1f8-4300-ad9c-9037b3794508', 'first_author': 'Reed, Ashley', 'online_identifier': '', 'publisher_name': 'Cornell University Press', 'publication_type': 'monograph', 'date_monograph_published_online': '2020', 'first_editor': '', 'access_type': 'openaccess', 'source_id': 'urn:uuid:c59381bf-b1f8-4300-ad9c-9037b3794508', 'source_id_type': 'Media ID'}
Record 2: {'title_id': 'urn:uuid:b7c1b38d-67bd-4162-8c6c-024683eadfe0', 'publication_title': 'War and Genocide in South Sudan', 'title_url': 'https://patron-academic.thepalaceproject.org/ucdavis/book/https%3A%2F%2Fcdl.edu.thepalaceproject.org%2F110644%2Fworks%2FURI%252Furn%253Auuid%253Ab7c1b38d-67bd-4162-8c6c-024683eadfe0', 'first_author': 'Pinaud, Clémence', 'online_identifier': '', 'publisher_name': 'Cornell University Press', 'publication_type': 'monograph', 'date_monograph_published_online': '2021', 'first_editor': '', 'access_type': 'openaccess', 'source_id': 'urn:uuid:b7c1b38d-67bd-4162-8c6c-024683eadfe0', 'source_id_type': 'Media ID'}
Record 3: {'title_id': 'urn:uuid:07a8e3d5-66bf-4dd7-bd1d-8f9b0fb85bcd', 'publication_title': 'Dictionary of World Biography: 1st Edition', 'title_url': 'https://patron-academic.thepalaceproject.org/ucdavis/book/https%3A%2F%2Fcdl.edu.thepalaceproject.org%2F110644%2Fworks%2FURI%252Furn%253Auuid%253A07a8e3d5-66bf-4dd7-bd1d-8f9b0fb85bcd', 'first_author': 'Jones, Barry', 'online_identifier': '', 'publisher_name': 'ANU Press', 'publication_type': 'monograph', 'date_monograph_published_online': '2013', 'first_editor': '', 'access_type': 'openaccess', 'source_id': 'urn:uuid:07a8e3d5-66bf-4dd7-bd1d-8f9b0fb85bcd', 'source_id_type': 'Media ID'}
Record 4: {'title_id': 'urn:uuid:08332389-3104-4cd4-ada0-b0aacb731846', 'publication_title': 'The currency of empire: money and power in seventeenth-century English America', 'title_url': 'https://patron-academic.thepalaceproject.org/ucdavis/book/https%3A%2F%2Fcdl.edu.thepalaceproject.org%2F110644%2Fworks%2FURI%252Furn%253Auuid%253A08332389-3104-4cd4-ada0-b0aacb731846', 'first_author': 'Barth, Jonathan', 'online_identifier': '', 'publisher_name': 'Cornell University Press', 'publication_type': 'monograph', 'date_monograph_published_online': '2021', 'first_editor': '', 'access_type': 'openaccess', 'source_id': 'urn:uuid:08332389-3104-4cd4-ada0-b0aacb731846', 'source_id_type': 'Media ID'}
Record 5: {'title_id': 'urn:uuid:cd17eff5-b1ba-465c-8cde-42dea4cc97ad', 'publication_title': 'Imposing Standards The North-South Dimension to Global Tax Politics', 'title_url': 'https://patron-academic.thepalaceproject.org/ucdavis/book/https%3A%2F%2Fcdl.edu.thepalaceproject.org%2F110644%2Fworks%2FURI%252Furn%253Auuid%253Acd17eff5-b1ba-465c-8cde-42dea4cc97ad', 'first_author': 'Hearson, Martin', 'online_identifier': '', 'publisher_name': 'Cornell University Press', 'publication_type': 'monograph', 'date_monograph_published_online': '2021', 'first_editor': '', 'access_type': 'openaccess', 'source_id': 'urn:uuid:cd17eff5-b1ba-465c-8cde-42dea4cc97ad', 'source_id_type': 'Media ID'}
Record 6: {'title_id': 'https://doi.org/10.3998/mpub.12182796', 'publication_title': 'In Contempt: Defending Free Speech, Defeating HUAC', 'title_url': 'https://patron-academic.thepalaceproject.org/ucdavis/book/https%3A%2F%2Fcdl.edu.thepalaceproject.org%2F110644%2Fworks%2FURI%252Fhttps%253A%252F%252Fdoi.org%252F10.3998%252Fmpub.12182796', 'first_author': '', 'online_identifier': '', 'publisher_name': 'University of Michigan Press', 'publication_type': 'monograph', 'date_monograph_published_online': '2022', 'first_editor': '', 'access_type': 'openaccess', 'source_id': 'https://doi.org/10.3998/mpub.12182796', 'source_id_type': 'DOI'}
Record 7: {'title_id': 'https://doi.org/10.3998/mpub.12010257', 'publication_title': 'Pride, Not Prejudice: National Identity as a Pacifying Force in East Asia', 'title_url': 'https://patron-academic.thepalaceproject.org/ucdavis/book/https%3A%2F%2Fcdl.edu.thepalaceproject.org%2F110644%2Fworks%2FURI%252Fhttps%253A%252F%252Fdoi.org%252F10.3998%252Fmpub.12010257', 'first_author': 'Chung, Eunbin', 'online_identifier': '', 'publisher_name': 'University of Michigan Press', 'publication_type': 'monograph', 'date_monograph_published_online': '2022', 'first_editor': '', 'access_type': 'openaccess', 'source_id': 'https://doi.org/10.3998/mpub.12010257', 'source_id_type': 'DOI'}
Record 8: {'title_id': 'https://doi.org/10.3998/mpub.12010257', 'publication_title': 'Pride, Not Prejudice: National Identity as a Pacifying Force in East Asia', 'title_url': 'https://patron-academic.thepalaceproject.org/ucdavis/book/https%3A%2F%2Fcdl.edu.thepalaceproject.org%2F110644%2Fworks%2FURI%252Fhttps%253A%252F%252Fdoi.org%252F10.3998%252Fmpub.12010257', 'first_author': 'Chung, Eunbin', 'online_identifier': '', 'publisher_name': 'University of Michigan Press', 'publication_type': 'monograph', 'date_monograph_published_online': '2022', 'first_editor': '', 'access_type': 'openaccess', 'source_id': 'https://doi.org/10.3998/mpub.12010257', 'source_id_type': 'DOI'}
Record 9: {'title_id': 'https://doi.org/10.3998/mpub.10069132', 'publication_title': 'Vidding: A History', 'title_url': 'https://patron-academic.thepalaceproject.org/ucdavis/book/https%3A%2F%2Fcdl.edu.thepalaceproject.org%2F110644%2Fworks%2FURI%252Fhttps%253A%252F%252Fdoi.org%252F10.3998%252Fmpub.10069132', 'first_author': 'Coppa, Francesca', 'online_identifier': '', 'publisher_name': 'University of Michigan Press', 'publication_type': 'monograph', 'date_monograph_published_online': '2022', 'first_editor': '', 'access_type': 'openaccess', 'source_id': 'https://doi.org/10.3998/mpub.10069132', 'source_id_type': 'DOI'}
Record 10: {'title_id': 'https://doi.org/10.3998/mpub.12080141', 'publication_title': 'The Language(s) of Politics: Multilingual Policy-Making in the European Union', 'title_url': 'https://patron-academic.thepalaceproject.org/ucdavis/book/https%3A%2F%2Fcdl.edu.thepalaceproject.org%2F110644%2Fworks%2FURI%252Fhttps%253A%252F%252Fdoi.org%252F10.3998%252Fmpub.12080141', 'first_author': 'Ringe, Nils', 'online_identifier': '', 'publisher_name': 'University of Michigan Press', 'publication_type': 'monograph', 'date_monograph_published_online': '2022', 'first_editor': '', 'access_type': 'openaccess', 'source_id': 'https://doi.org/10.3998/mpub.12080141', 'source_id_type': 'DOI'}
Record 11: {'title_id': 'https://doi.org/10.3998/mpub.12068235', 'publication_title': 'Delegating Responsibility: International Cooperation on Migration in the European Union', 'title_url': 'https://patron-academic.thepalaceproject.org/ucdavis/book/https%3A%2F%2Fcdl.edu.thepalaceproject.org%2F110644%2Fworks%2FURI%252Fhttps%253A%252F%252Fdoi.org%252F10.3998%252Fmpub.12068235', 'first_author': 'Micinski, Nicholas R.', 'online_identifier': '', 'publisher_name': 'University of Michigan Press', 'publication_type': 'monograph', 'date_monograph_published_online': '2022', 'first_editor': '', 'access_type': 'openaccess', 'source_id': 'https://doi.org/10.3998/mpub.12068235', 'source_id_type': 'DOI'}
Record 12: {'title_id': 'https://doi.org/10.3998/mpub.12068235', 'publication_title': 'Delegating Responsibility: International Cooperation on Migration in the European Union', 'title_url': 'https://patron-academic.thepalaceproject.org/ucdavis/book/https%3A%2F%2Fcdl.edu.thepalaceproject.org%2F110644%2Fworks%2FURI%252Fhttps%253A%252F%252Fdoi.org%252F10.3998%252Fmpub.12068235', 'first_author': 'Micinski, Nicholas R.', 'online_identifier': '', 'publisher_name': 'University of Michigan Press', 'publication_type': 'monograph', 'date_monograph_published_online': '2022', 'first_editor': '', 'access_type': 'openaccess', 'source_id': 'https://doi.org/10.3998/mpub.12068235', 'source_id_type': 'DOI'}
Record 13: {'title_id': 'https://doi.org/10.3998/mpub.11622137', 'publication_title': "Compound Containment: A Reigning Power's Military-Economic Countermeasures against a Challenging Power", 'title_url': 'https://patron-academic.thepalaceproject.org/ucdavis/book/https%3A%2F%2Fcdl.edu.thepalaceproject.org%2F110644%2Fworks%2FURI%252Fhttps%253A%252F%252Fdoi.org%252F10.3998%252Fmpub.11622137', 'first_author': 'Kim, Dong Jung', 'online_identifier': '', 'publisher_name': 'University of Michigan Press', 'publication_type': 'monograph', 'date_monograph_published_online': '2022', 'first_editor': '', 'access_type': 'openaccess', 'source_id': 'https://doi.org/10.3998/mpub.11622137', 'source_id_type': 'DOI'}
Record 14: {'title_id': 'https://doi.org/10.3998/mpub.11622137', 'publication_title': "Compound Containment: A Reigning Power's Military-Economic Countermeasures against a Challenging Power", 'title_url': 'https://patron-academic.thepalaceproject.org/ucdavis/book/https%3A%2F%2Fcdl.edu.thepalaceproject.org%2F110644%2Fworks%2FURI%252Fhttps%253A%252F%252Fdoi.org%252F10.3998%252Fmpub.11622137', 'first_author': 'Kim, Dong Jung', 'online_identifier': '', 'publisher_name': 'University of Michigan Press', 'publication_type': 'monograph', 'date_monograph_published_online': '2022', 'first_editor': '', 'access_type': 'openaccess', 'source_id': 'https://doi.org/10.3998/mpub.11622137', 'source_id_type': 'DOI'}
Record 15: {'title_id': 'https://doi.org/10.3998/mpub.12001219', 'publication_title': 'Human Capital versus Basic Income: Ideology and Models for Anti-Poverty Programs in Latin America', 'title_url': 'https://patron-academic.thepalaceproject.org/ucdavis/book/https%3A%2F%2Fcdl.edu.thepalaceproject.org%2F110644%2Fworks%2FURI%252Fhttps%253A%252F%252Fdoi.org%252F10.3998%252Fmpub.12001219', 'first_author': 'Borges, Fabian', 'online_identifier': '', 'publisher_name': 'University of Michigan Press', 'publication_type': 'monograph', 'date_monograph_published_online': '2022', 'first_editor': '', 'access_type': 'openaccess', 'source_id': 'https://doi.org/10.3998/mpub.12001219', 'source_id_type': 'DOI'}
Record 16: {'title_id': 'https://doi.org/10.3998/mpub.11747103', 'publication_title': '(Post-)colonial Archipelagos: Comparing the Legacies of Spanish Colonialism in Cuba, Puerto Rico, and the Philippines', 'title_url': 'https://patron-academic.thepalaceproject.org/ucdavis/book/https%3A%2F%2Fcdl.edu.thepalaceproject.org%2F110644%2Fworks%2FURI%252Fhttps%253A%252F%252Fdoi.org%252F10.3998%252Fmpub.11747103', 'first_author': '', 'online_identifier': '', 'publisher_name': 'University of Michigan Press', 'publication_type': 'monograph', 'date_monograph_published_online': '2022', 'first_editor': '', 'access_type': 'openaccess', 'source_id': 'https://doi.org/10.3998/mpub.11747103', 'source_id_type': 'DOI'}
Record 17: {'title_id': 'https://doi.org/10.3998/mpub.11477677', 'publication_title': 'Mortal Kombat: Games of Death', 'title_url': 'https://patron-academic.thepalaceproject.org/ucdavis/book/https%3A%2F%2Fcdl.edu.thepalaceproject.org%2F110644%2Fworks%2FURI%252Fhttps%253A%252F%252Fdoi.org%252F10.3998%252Fmpub.11477677', 'first_author': 'Church, David', 'online_identifier': '', 'publisher_name': 'University of Michigan Press', 'publication_type': 'monograph', 'date_monograph_published_online': '2022', 'first_editor': '', 'access_type': 'openaccess', 'source_id': 'https://doi.org/10.3998/mpub.11477677', 'source_id_type': 'DOI'}
Record 18: {'title_id': 'https://doi.org/10.3998/mpub.10171116', 'publication_title': 'Normalization in World Politics', 'title_url': 'https://patron-academic.thepalaceproject.org/ucdavis/book/https%3A%2F%2Fcdl.edu.thepalaceproject.org%2F110644%2Fworks%2FURI%252Fhttps%253A%252F%252Fdoi.org%252F10.3998%252Fmpub.10171116', 'first_author': '', 'online_identifier': '', 'publisher_name': 'University of Michigan Press', 'publication_type': 'monograph', 'date_monograph_published_online': '2022', 'first_editor': '', 'access_type': 'openaccess', 'source_id': 'https://doi.org/10.3998/mpub.10171116', 'source_id_type': 'DOI'}
Record 19: {'title_id': 'https://doi.org/10.3998/mpub.10171116', 'publication_title': 'Normalization in World Politics', 'title_url': 'https://patron-academic.thepalaceproject.org/ucdavis/book/https%3A%2F%2Fcdl.edu.thepalaceproject.org%2F110644%2Fworks%2FURI%252Fhttps%253A%252F%252Fdoi.org%252F10.3998%252Fmpub.10171116', 'first_author': '', 'online_identifier': '', 'publisher_name': 'University of Michigan Press', 'publication_type': 'monograph', 'date_monograph_published_online': '2022', 'first_editor': '', 'access_type': 'openaccess', 'source_id': 'https://doi.org/10.3998/mpub.10171116', 'source_id_type': 'DOI'}
Record 20: {'title_id': 'https://doi.org/10.3998/mpub.12079875', 'publication_title': 'Torture, Humiliate, Kill: Inside the Bosnian Serb Camp System', 'title_url': 'https://patron-academic.thepalaceproject.org/ucdavis/book/https%3A%2F%2Fcdl.edu.thepalaceproject.org%2F110644%2Fworks%2FURI%252Fhttps%253A%252F%252Fdoi.org%252F10.3998%252Fmpub.12079875', 'first_author': 'Karcic, Hikmet', 'online_identifier': '', 'publisher_name': 'University of Michigan Press', 'publication_type': 'monograph', 'date_monograph_published_online': '2022', 'first_editor': '', 'access_type': 'openaccess', 'source_id': 'https://doi.org/10.3998/mpub.12079875', 'source_id_type': 'DOI'}
Record 21: {'title_id': 'https://doi.org/10.3998/mpub.12079875', 'publication_title': 'Torture, Humiliate, Kill: Inside the Bosnian Serb Camp System', 'title_url': 'https://patron-academic.thepalaceproject.org/ucdavis/book/https%3A%2F%2Fcdl.edu.thepalaceproject.org%2F110644%2Fworks%2FURI%252Fhttps%253A%252F%252Fdoi.org%252F10.3998%252Fmpub.12079875', 'first_author': 'Karcic, Hikmet', 'online_identifier': '', 'publisher_name': 'University of Michigan Press', 'publication_type': 'monograph', 'date_monograph_published_online': '2022', 'first_editor': '', 'access_type': 'openaccess', 'source_id': 'https://doi.org/10.3998/mpub.12079875', 'source_id_type': 'DOI'}
Record 22: {'title_id': 'https://doi.org/10.3998/mpub.12105185', 'publication_title': 'New Global Cities in Latin America and Asia: Welcome to the Twenty-First Century', 'title_url': 'https://patron-academic.thepalaceproject.org/ucdavis/book/https%3A%2F%2Fcdl.edu.thepalaceproject.org%2F110644%2Fworks%2FURI%252Fhttps%253A%252F%252Fdoi.org%252F10.3998%252Fmpub.12105185', 'first_author': 'Baisotti, Pablo', 'online_identifier': '', 'publisher_name': 'University of Michigan Press', 'publication_type': 'monograph', 'date_monograph_published_online': '2022', 'first_editor': '', 'access_type': 'openaccess', 'source_id': 'https://doi.org/10.3998/mpub.12105185', 'source_id_type': 'DOI'}
Record 23: {'title_id': 'https://doi.org/10.3998/mpub.12105185', 'publication_title': 'New Global Cities in Latin America and Asia: Welcome to the Twenty-First Century', 'title_url': 'https://patron-academic.thepalaceproject.org/ucdavis/book/https%3A%2F%2Fcdl.edu.thepalaceproject.org%2F110644%2Fworks%2FURI%252Fhttps%253A%252F%252Fdoi.org%252F10.3998%252Fmpub.12105185', 'first_author': 'Baisotti, Pablo', 'online_identifier': '', 'publisher_name': 'University of Michigan Press', 'publication_type': 'monograph', 'date_monograph_published_online': '2022', 'first_editor': '', 'access_type': 'openaccess', 'source_id': 'https://doi.org/10.3998/mpub.12105185', 'source_id_type': 'DOI'}
Record 24: {'title_id': 'https://doi.org/10.3998/mpub.12001520', 'publication_title': 'Opposing Power: Building Opposition Alliances in Electoral Autocracies', 'title_url': 'https://patron-academic.thepalaceproject.org/ucdavis/book/https%3A%2F%2Fcdl.edu.thepalaceproject.org%2F110644%2Fworks%2FURI%252Fhttps%253A%252F%252Fdoi.org%252F10.3998%252Fmpub.12001520', 'first_author': 'Ong, Elvin', 'online_identifier': '', 'publisher_name': 'University of Michigan Press', 'publication_type': 'monograph', 'date_monograph_published_online': '2022', 'first_editor': '', 'access_type': 'openaccess', 'source_id': 'https://doi.org/10.3998/mpub.12001520', 'source_id_type': 'DOI'}
Record 25: {'title_id': 'https://doi.org/10.3998/mpub.11866503', 'publication_title': 'Beyond the Death of God: Religion in 21st Century International Politics', 'title_url': 'https://patron-academic.thepalaceproject.org/ucdavis/book/https%3A%2F%2Fcdl.edu.thepalaceproject.org%2F110644%2Fworks%2FURI%252Fhttps%253A%252F%252Fdoi.org%252F10.3998%252Fmpub.11866503', 'first_author': '', 'online_identifier': '', 'publisher_name': 'University of Michigan Press', 'publication_type': 'monograph', 'date_monograph_published_online': '2022', 'first_editor': '', 'access_type': 'openaccess', 'source_id': 'https://doi.org/10.3998/mpub.11866503', 'source_id_type': 'DOI'}
Record 26: {'title_id': 'https://doi.org/10.3998/mpub.11429032', 'publication_title': 'The Politics of the Welfare State in Turkey: How Social Movements and Elite Competition Created a Welfare State', 'title_url': 'https://patron-academic.thepalaceproject.org/ucdavis/book/https%3A%2F%2Fcdl.edu.thepalaceproject.org%2F110644%2Fworks%2FURI%252Fhttps%253A%252F%252Fdoi.org%252F10.3998%252Fmpub.11429032', 'first_author': 'Yörük, Erdem', 'online_identifier': '', 'publisher_name': 'University of Michigan Press', 'publication_type': 'monograph', 'date_monograph_published_online': '2022', 'first_editor': '', 'access_type': 'openaccess', 'source_id': 'https://doi.org/10.3998/mpub.11429032', 'source_id_type': 'DOI'}
Record 27: {'title_id': 'https://doi.org/10.3998/mpub.12000946', 'publication_title': 'Translating Human Rights in Education: The Influence of Article 24 UN CRPD in Nigeria and Germany', 'title_url': 'https://patron-academic.thepalaceproject.org/ucdavis/book/https%3A%2F%2Fcdl.edu.thepalaceproject.org%2F110644%2Fworks%2FURI%252Fhttps%253A%252F%252Fdoi.org%252F10.3998%252Fmpub.12000946', 'first_author': 'Biermann, Julia', 'online_identifier': '', 'publisher_name': 'University of Michigan Press', 'publication_type': 'monograph', 'date_monograph_published_online': '2022', 'first_editor': '', 'access_type': 'openaccess', 'source_id': 'https://doi.org/10.3998/mpub.12000946', 'source_id_type': 'DOI'}
Record 28: {'title_id': 'https://doi.org/10.3998/mpub.11618648', 'publication_title': 'Collecting Lives: Critical Data Narrative as Modernist Aesthetic in Early Twentieth-Century U.S. Literatures', 'title_url': 'https://patron-academic.thepalaceproject.org/ucdavis/book/https%3A%2F%2Fcdl.edu.thepalaceproject.org%2F110644%2Fworks%2FURI%252Fhttps%253A%252F%252Fdoi.org%252F10.3998%252Fmpub.11618648', 'first_author': 'Rodrigues, Elizabeth', 'online_identifier': '', 'publisher_name': 'University of Michigan Press', 'publication_type': 'monograph', 'date_monograph_published_online': '2022', 'first_editor': '', 'access_type': 'openaccess', 'source_id': 'https://doi.org/10.3998/mpub.11618648', 'source_id_type': 'DOI'}
Record 29: {'title_id': 'https://doi.org/10.3998/mpub.11519906', 'publication_title': 'Marginal People in Deviant Places: Ethnography, Difference, and the Challenge to Scientific Racism', 'title_url': 'https://patron-academic.thepalaceproject.org/ucdavis/book/https%3A%2F%2Fcdl.edu.thepalaceproject.org%2F110644%2Fworks%2FURI%252Fhttps%253A%252F%252Fdoi.org%252F10.3998%252Fmpub.11519906', 'first_author': 'Irvine, Janice M.', 'online_identifier': '', 'publisher_name': 'University of Michigan Press', 'publication_type': 'monograph', 'date_monograph_published_online': '2022', 'first_editor': '', 'access_type': 'openaccess', 'source_id': 'https://doi.org/10.3998/mpub.11519906', 'source_id_type': 'DOI'}
Record 30: {'title_id': 'https://doi.org/10.3998/mpub.11978139', 'publication_title': "The Dictator's Dilemma at the Ballot Box: Electoral Manipulation, Economic Maneuvering, and Political Order in Autocracies", 'title_url': 'https://patron-academic.thepalaceproject.org/ucdavis/book/https%3A%2F%2Fcdl.edu.thepalaceproject.org%2F110644%2Fworks%2FURI%252Fhttps%253A%252F%252Fdoi.org%252F10.3998%252Fmpub.11978139', 'first_author': 'Higashijima, Masaaki', 'online_identifier': '', 'publisher_name': 'University of Michigan Press', 'publication_type': 'monograph', 'date_monograph_published_online': '2022', 'first_editor': '', 'access_type': 'openaccess', 'source_id': 'https://doi.org/10.3998/mpub.11978139', 'source_id_type': 'DOI'}
Record 31: {'title_id': 'https://doi.org/10.3998/mpub.12196353', 'publication_title': 'Méliès Boots: Footwear and Film Manufacturing in Second Industrial Revolution Paris', 'title_url': 'https://patron-academic.thepalaceproject.org/ucdavis/book/https%3A%2F%2Fcdl.edu.thepalaceproject.org%2F110644%2Fworks%2FURI%252Fhttps%253A%252F%252Fdoi.org%252F10.3998%252Fmpub.12196353', 'first_author': 'Solomon, Matthew', 'online_identifier': '', 'publisher_name': 'University of Michigan Press', 'publication_type': 'monograph', 'date_monograph_published_online': '2022', 'first_editor': '', 'access_type': 'openaccess', 'source_id': 'https://doi.org/10.3998/mpub.12196353', 'source_id_type': 'DOI'}
Record 32: {'title_id': 'https://doi.org/10.3998/mpub.12140242', 'publication_title': 'The Repoliticization of the Welfare State', 'title_url': 'https://patron-academic.thepalaceproject.org/ucdavis/book/https%3A%2F%2Fcdl.edu.thepalaceproject.org%2F110644%2Fworks%2FURI%252Fhttps%253A%252F%252Fdoi.org%252F10.3998%252Fmpub.12140242', 'first_author': 'McManus, Ian', 'online_identifier': '', 'publisher_name': 'University of Michigan Press', 'publication_type': 'monograph', 'date_monograph_published_online': '2022', 'first_editor': '', 'access_type': 'openaccess', 'source_id': 'https://doi.org/10.3998/mpub.12140242', 'source_id_type': 'DOI'}
Record 33: {'title_id': 'https://doi.org/10.3998/mpub.10192051', 'publication_title': 'Governing Abroad: Coalition Politics and Foreign Policy in Europe', 'title_url': 'https://patron-academic.thepalaceproject.org/ucdavis/book/https%3A%2F%2Fcdl.edu.thepalaceproject.org%2F110644%2Fworks%2FURI%252Fhttps%253A%252F%252Fdoi.org%252F10.3998%252Fmpub.10192051', 'first_author': 'Oktay, Sibel', 'online_identifier': '', 'publisher_name': 'University of Michigan Press', 'publication_type': 'monograph', 'date_monograph_published_online': '2022', 'first_editor': '', 'access_type': 'openaccess', 'source_id': 'https://doi.org/10.3998/mpub.10192051', 'source_id_type': 'DOI'}
Record 34: {'title_id': 'https://doi.org/10.3998/mpub.12132850', 'publication_title': 'Evading the Patronage Trap: Interest Representation in Mexico', 'title_url': 'https://patron-academic.thepalaceproject.org/ucdavis/book/https%3A%2F%2Fcdl.edu.thepalaceproject.org%2F110644%2Fworks%2FURI%252Fhttps%253A%252F%252Fdoi.org%252F10.3998%252Fmpub.12132850', 'first_author': 'Palmer-Rubin, Brian', 'online_identifier': '', 'publisher_name': 'University of Michigan Press', 'publication_type': 'monograph', 'date_monograph_published_online': '2022', 'first_editor': '', 'access_type': 'openaccess', 'source_id': 'https://doi.org/10.3998/mpub.12132850', 'source_id_type': 'DOI'}
Record 35: {'title_id': 'https://doi.org/10.3998/mpub.10067550', 'publication_title': 'Net Neutrality and the Battle for the Open Internet', 'title_url': 'https://patron-academic.thepalaceproject.org/ucdavis/book/https%3A%2F%2Fcdl.edu.thepalaceproject.org%2F110644%2Fworks%2FURI%252Fhttps%253A%252F%252Fdoi.org%252F10.3998%252Fmpub.10067550', 'first_author': 'Kimball, Danny', 'online_identifier': '', 'publisher_name': 'University of Michigan Press', 'publication_type': 'monograph', 'date_monograph_published_online': '2022', 'first_editor': '', 'access_type': 'openaccess', 'source_id': 'https://doi.org/10.3998/mpub.10067550', 'source_id_type': 'DOI'}
Record 36: {'title_id': 'https://library.oapen.org/handle/20.500.12657/57866', 'publication_title': 'Contingent Encounters Improvisation in Music and Everyday Life', 'title_url': 'https://patron-academic.thepalaceproject.org/ucdavis/book/https%3A%2F%2Fcdl.edu.thepalaceproject.org%2F110644%2Fworks%2FURI%252Fhttps%253A%252F%252Flibrary.oapen.org%252Fhandle%252F20.500.12657%252F57866', 'first_author': 'DiPiero, Dan', 'online_identifier': '', 'publisher_name': 'University of Michigan Press', 'publication_type': 'monograph', 'date_monograph_published_online': '2022', 'first_editor': '', 'access_type': 'openaccess', 'source_id': '20.500.12657/57866', 'source_id_type': 'File Handle'}
Record 37: {'title_id': 'https://doi.org/10.3998/mpub.10131159', 'publication_title': 'Righteous Revolutionaries: Morality, Mobilization, and Violence in the Making of the Chinese State', 'title_url': 'https://patron-academic.thepalaceproject.org/ucdavis/book/https%3A%2F%2Fcdl.edu.thepalaceproject.org%2F110644%2Fworks%2FURI%252Fhttps%253A%252F%252Fdoi.org%252F10.3998%252Fmpub.10131159', 'first_author': 'Javed, Jeffrey A.', 'online_identifier': '', 'publisher_name': 'University of Michigan Press', 'publication_type': 'monograph', 'date_monograph_published_online': '2022', 'first_editor': '', 'access_type': 'openaccess', 'source_id': 'https://doi.org/10.3998/mpub.10131159', 'source_id_type': 'DOI'}
Record 38: {'title_id': 'https://doi.org/10.3998/mpub.12276215', 'publication_title': 'First Nationalism Then Identity: On Bosnian Muslims and Their Bosniak Identity', 'title_url': 'https://patron-academic.thepalaceproject.org/ucdavis/book/https%3A%2F%2Fcdl.edu.thepalaceproject.org%2F110644%2Fworks%2FURI%252Fhttps%253A%252F%252Fdoi.org%252F10.3998%252Fmpub.12276215', 'first_author': 'Kriještorac, Mirsad', 'online_identifier': '', 'publisher_name': 'University of Michigan Press', 'publication_type': 'monograph', 'date_monograph_published_online': '2022', 'first_editor': '', 'access_type': 'openaccess', 'source_id': 'https://doi.org/10.3998/mpub.12276215', 'source_id_type': 'DOI'}
Record 39: {'title_id': 'https://doi.org/10.3998/mpub.12237294', 'publication_title': 'Creating Chaos Online: Disinformation and Subverted Post-Publics', 'title_url': 'https://patron-academic.thepalaceproject.org/ucdavis/book/https%3A%2F%2Fcdl.edu.thepalaceproject.org%2F110644%2Fworks%2FURI%252Fhttps%253A%252F%252Fdoi.org%252F10.3998%252Fmpub.12237294', 'first_author': 'Zelenkauskaite, Asta', 'online_identifier': '', 'publisher_name': 'University of Michigan Press', 'publication_type': 'monograph', 'date_monograph_published_online': '2022', 'first_editor': '', 'access_type': 'openaccess', 'source_id': 'https://doi.org/10.3998/mpub.12237294', 'source_id_type': 'DOI'}
Record 40: {'title_id': 'https://doi.org/10.3998/mpub.11989496', 'publication_title': 'Rationality of Irrationality: Political Determinants and Effects of Party Position Blurring', 'title_url': 'https://patron-academic.thepalaceproject.org/ucdavis/book/https%3A%2F%2Fcdl.edu.thepalaceproject.org%2F110644%2Fworks%2FURI%252Fhttps%253A%252F%252Fdoi.org%252F10.3998%252Fmpub.11989496', 'first_author': 'Han, Kyung Joon', 'online_identifier': '', 'publisher_name': 'University of Michigan Press', 'publication_type': 'monograph', 'date_monograph_published_online': '2022', 'first_editor': '', 'access_type': 'openaccess', 'source_id': 'https://doi.org/10.3998/mpub.11989496', 'source_id_type': 'DOI'}
Record 41: {'title_id': 'https://doi.org/10.3998/mpub.12237894', 'publication_title': 'Struggles for Political Change in the Arab World: Regimes, Oppositions, and External Actors after the Spring', 'title_url': 'https://patron-academic.thepalaceproject.org/ucdavis/book/https%3A%2F%2Fcdl.edu.thepalaceproject.org%2F110644%2Fworks%2FURI%252Fhttps%253A%252F%252Fdoi.org%252F10.3998%252Fmpub.12237894', 'first_author': '', 'online_identifier': '', 'publisher_name': 'University of Michigan Press', 'publication_type': 'monograph', 'date_monograph_published_online': '2022', 'first_editor': '', 'access_type': 'openaccess', 'source_id': 'https://doi.org/10.3998/mpub.12237894', 'source_id_type': 'DOI'}
Record 42: {'title_id': 'https://doi.org/10.3998/mpub.12275543', 'publication_title': 'International Security in a World of Fragile States: Islamic States and Islamist Organizations', 'title_url': 'https://patron-academic.thepalaceproject.org/ucdavis/book/https%3A%2F%2Fcdl.edu.thepalaceproject.org%2F110644%2Fworks%2FURI%252Fhttps%253A%252F%252Fdoi.org%252F10.3998%252Fmpub.12275543', 'first_author': 'Ibrahimi, S. Yaqub', 'online_identifier': '', 'publisher_name': 'University of Michigan Press', 'publication_type': 'monograph', 'date_monograph_published_online': '2022', 'first_editor': '', 'access_type': 'openaccess', 'source_id': 'https://doi.org/10.3998/mpub.12275543', 'source_id_type': 'DOI'}
Record 43: {'title_id': 'https://doi.org/10.3998/mpub.12258711', 'publication_title': "Power of Freedom: Hu Shih's Political Writings", 'title_url': 'https://patron-academic.thepalaceproject.org/ucdavis/book/https%3A%2F%2Fcdl.edu.thepalaceproject.org%2F110644%2Fworks%2FURI%252Fhttps%253A%252F%252Fdoi.org%252F10.3998%252Fmpub.12258711', 'first_author': '', 'online_identifier': '', 'publisher_name': 'University of Michigan Press', 'publication_type': 'monograph', 'date_monograph_published_online': '2022', 'first_editor': '', 'access_type': 'openaccess', 'source_id': 'https://doi.org/10.3998/mpub.12258711', 'source_id_type': 'DOI'}
Record 44: {'title_id': 'https://doi.org/10.3998/mpub.11306619', 'publication_title': 'Queer Voices in Hip Hop: Cultures, Communities, and Contemporary Performance', 'title_url': 'https://patron-academic.thepalaceproject.org/ucdavis/book/https%3A%2F%2Fcdl.edu.thepalaceproject.org%2F110644%2Fworks%2FURI%252Fhttps%253A%252F%252Fdoi.org%252F10.3998%252Fmpub.11306619', 'first_author': 'Kehrer, Lauron J.', 'online_identifier': '', 'publisher_name': 'University of Michigan Press', 'publication_type': 'monograph', 'date_monograph_published_online': '2022', 'first_editor': '', 'access_type': 'openaccess', 'source_id': 'https://doi.org/10.3998/mpub.11306619', 'source_id_type': 'DOI'}
Record 45: {'title_id': 'urn:uuid:c14249f0-b851-4a39-b6b5-4d3b5b30ce4f', 'publication_title': 'Youth without Representation : The Absence of Young Adults in Parliaments, Cabinets, and Candidacies', 'title_url': 'https://patron-academic.thepalaceproject.org/ucdavis/book/https%3A%2F%2Fcdl.edu.thepalaceproject.org%2F110644%2Fworks%2FURI%252Furn%253Auuid%253Ac14249f0-b851-4a39-b6b5-4d3b5b30ce4f', 'first_author': '', 'online_identifier': '9780472902842', 'publisher_name': 'University of Michigan Press', 'publication_type': 'monograph', 'date_monograph_published_online': '2022', 'first_editor': '', 'access_type': 'openaccess', 'source_id': 'urn:uuid:c14249f0-b851-4a39-b6b5-4d3b5b30ce4f', 'source_id_type': 'Media ID'}
Record 46: {'title_id': 'https://doi.org/10.3998/mpub.12202059', 'publication_title': 'Radicalization in Theory and Practice: Understanding Religious Violence in Western Europe', 'title_url': 'https://patron-academic.thepalaceproject.org/ucdavis/book/https%3A%2F%2Fcdl.edu.thepalaceproject.org%2F110644%2Fworks%2FURI%252Fhttps%253A%252F%252Fdoi.org%252F10.3998%252Fmpub.12202059', 'first_author': '', 'online_identifier': '', 'publisher_name': 'University of Michigan Press', 'publication_type': 'monograph', 'date_monograph_published_online': '2022', 'first_editor': '', 'access_type': 'openaccess', 'source_id': 'https://doi.org/10.3998/mpub.12202059', 'source_id_type': 'DOI'}
Record 47: {'title_id': 'https://doi.org/10.3998/mpub.11683923', 'publication_title': 'Ghosts in the Neighborhood: Why Japan Is Haunted by Its Past and Germany Is Not', 'title_url': 'https://patron-academic.thepalaceproject.org/ucdavis/book/https%3A%2F%2Fcdl.edu.thepalaceproject.org%2F110644%2Fworks%2FURI%252Fhttps%253A%252F%252Fdoi.org%252F10.3998%252Fmpub.11683923', 'first_author': 'Hatch, Walter', 'online_identifier': '', 'publisher_name': 'University of Michigan Press', 'publication_type': 'monograph', 'date_monograph_published_online': '2023', 'first_editor': '', 'access_type': 'openaccess', 'source_id': 'https://doi.org/10.3998/mpub.11683923', 'source_id_type': 'DOI'}
Record 48: {'title_id': 'https://doi.org/10.3998/mpub.10207791', 'publication_title': 'The Names of Minimalism: Authorship, Art Music, and Historiography in Dispute', 'title_url': 'https://patron-academic.thepalaceproject.org/ucdavis/book/https%3A%2F%2Fcdl.edu.thepalaceproject.org%2F110644%2Fworks%2FURI%252Fhttps%253A%252F%252Fdoi.org%252F10.3998%252Fmpub.10207791', 'first_author': 'Nickleson, Patrick', 'online_identifier': '', 'publisher_name': 'University of Michigan Press', 'publication_type': 'monograph', 'date_monograph_published_online': '2023', 'first_editor': '', 'access_type': 'openaccess', 'source_id': 'https://doi.org/10.3998/mpub.10207791', 'source_id_type': 'DOI'}
Record 49: {'title_id': 'https://doi.org/10.3998/mpub.12221256', 'publication_title': 'The Disabled Child: Memoirs of a Normal Future', 'title_url': 'https://patron-academic.thepalaceproject.org/ucdavis/book/https%3A%2F%2Fcdl.edu.thepalaceproject.org%2F110644%2Fworks%2FURI%252Fhttps%253A%252F%252Fdoi.org%252F10.3998%252Fmpub.12221256', 'first_author': 'Apgar, Amanda', 'online_identifier': '', 'publisher_name': 'University of Michigan Press', 'publication_type': 'monograph', 'date_monograph_published_online': '2023', 'first_editor': '', 'access_type': 'openaccess', 'source_id': 'https://doi.org/10.3998/mpub.12221256', 'source_id_type': 'DOI'}
Record 50: {'title_id': 'urn:uuid:82d9e116-ac0b-4dd4-9a10-bbcaaae10323', 'publication_title': 'The Scholar as Human Research and Teaching for Public Impact', 'title_url': 'https://patron-academic.thepalaceproject.org/ucdavis/book/https%3A%2F%2Fcdl.edu.thepalaceproject.org%2F110644%2Fworks%2FURI%252Furn%253Auuid%253A82d9e116-ac0b-4dd4-9a10-bbcaaae10323', 'first_author': '', 'online_identifier': '', 'publisher_name': 'Cornell University Press', 'publication_type': 'monograph', 'date_monograph_published_online': '2021', 'first_editor': 'Bartel, Anna Sims', 'access_type': 'openaccess', 'source_id': 'urn:uuid:82d9e116-ac0b-4dd4-9a10-bbcaaae10323', 'source_id_type': 'Media ID'}
Record 51: {'title_id': 'urn:uuid:7d83bf96-1c03-4f49-bfc3-e6c70d53ca92', 'publication_title': 'Identity, Gender, and Tracking: The Reality of Boundaries for Veterinary Students', 'title_url': 'https://patron-academic.thepalaceproject.org/ucdavis/book/https%3A%2F%2Fcdl.edu.thepalaceproject.org%2F110644%2Fworks%2FURI%252Furn%253Auuid%253A7d83bf96-1c03-4f49-bfc3-e6c70d53ca92', 'first_author': 'Vermilya, Jenny R.', 'online_identifier': '', 'publisher_name': 'Purdue University Press', 'publication_type': 'monograph', 'date_monograph_published_online': '2022', 'first_editor': '', 'access_type': 'openaccess', 'source_id': 'urn:uuid:7d83bf96-1c03-4f49-bfc3-e6c70d53ca92', 'source_id_type': 'Media ID'}
Record 52: {'title_id': 'urn:uuid:791cf144-fc84-4ec8-bf63-cecb8bf0cbd2', 'publication_title': 'Huizhou : Local Identity and Mercantile Lineage Culture in Ming China', 'title_url': 'https://patron-academic.thepalaceproject.org/ucdavis/book/https%3A%2F%2Fcdl.edu.thepalaceproject.org%2F110644%2Fworks%2FURI%252Furn%253Auuid%253A791cf144-fc84-4ec8-bf63-cecb8bf0cbd2', 'first_author': 'Guo, Qitao', 'online_identifier': '9780520385221', 'publisher_name': 'University of California Press', 'publication_type': 'monograph', 'date_monograph_published_online': '2022', 'first_editor': '', 'access_type': 'openaccess', 'source_id': 'urn:uuid:791cf144-fc84-4ec8-bf63-cecb8bf0cbd2', 'source_id_type': 'Media ID'}
Record 53: {'title_id': 'urn:uuid:d447da77-bd6b-4923-8238-959529774de6', 'publication_title': 'Black Dragon : Afro Asian Performance and the Martial Arts Imagination', 'title_url': 'https://patron-academic.thepalaceproject.org/ucdavis/book/https%3A%2F%2Fcdl.edu.thepalaceproject.org%2F110644%2Fworks%2FURI%252Furn%253Auuid%253Ad447da77-bd6b-4923-8238-959529774de6', 'first_author': 'Price, Zachary F.', 'online_identifier': '9780814214602', 'publisher_name': 'The Ohio State University Press', 'publication_type': 'monograph', 'date_monograph_published_online': '2022', 'first_editor': '', 'access_type': 'openaccess', 'source_id': 'urn:uuid:d447da77-bd6b-4923-8238-959529774de6', 'source_id_type': 'Media ID'}
Record 54: {'title_id': 'urn:uuid:aa54c1fb-9010-4ba8-a639-f9dec49847b6', 'publication_title': 'Human Capital versus Basic Income : Ideology and Models for Anti-Poverty Programs in Latin America', 'title_url': 'https://patron-academic.thepalaceproject.org/ucdavis/book/https%3A%2F%2Fcdl.edu.thepalaceproject.org%2F110644%2Fworks%2FURI%252Furn%253Auuid%253Aaa54c1fb-9010-4ba8-a639-f9dec49847b6', 'first_author': 'Borges, Fabián A.', 'online_identifier': '9780472902774', 'publisher_name': 'University of Michigan Press', 'publication_type': 'monograph', 'date_monograph_published_online': '2022', 'first_editor': '', 'access_type': 'openaccess', 'source_id': 'urn:uuid:aa54c1fb-9010-4ba8-a639-f9dec49847b6', 'source_id_type': 'Media ID'}
Record 55: {'title_id': 'urn:uuid:e9684930-2a37-442c-b228-8c2f9c1517ea', 'publication_title': 'Ethics or the Right Thing? :  Corruption and Care in the Age of Good Governance', 'title_url': 'https://patron-academic.thepalaceproject.org/ucdavis/book/https%3A%2F%2Fcdl.edu.thepalaceproject.org%2F110644%2Fworks%2FURI%252Furn%253Auuid%253Ae9684930-2a37-442c-b228-8c2f9c1517ea', 'first_author': 'Tidey, Sylvia', 'online_identifier': '9781912808656', 'publisher_name': 'HAU Books', 'publication_type': 'monograph', 'date_monograph_published_online': '2022', 'first_editor': '', 'access_type': 'openaccess', 'source_id': 'urn:uuid:e9684930-2a37-442c-b228-8c2f9c1517ea', 'source_id_type': 'Media ID'}
Record 56: {'title_id': 'urn:uuid:734e2c49-842f-4720-a656-29a3398cdef9', 'publication_title': 'Ink-Stained Hollywood : The Triumph of American Cinema’s Trade Press (Edition 1)', 'title_url': 'https://patron-academic.thepalaceproject.org/ucdavis/book/https%3A%2F%2Fcdl.edu.thepalaceproject.org%2F110644%2Fworks%2FURI%252Furn%253Auuid%253A734e2c49-842f-4720-a656-29a3398cdef9', 'first_author': 'Hoyt, Eric', 'online_identifier': '9780520383708', 'publisher_name': 'University of California Press', 'publication_type': 'monograph', 'date_monograph_published_online': '2022', 'first_editor': '', 'access_type': 'openaccess', 'source_id': 'urn:uuid:734e2c49-842f-4720-a656-29a3398cdef9', 'source_id_type': 'Media ID'}
Record 57: {'title_id': 'urn:uuid:bc3f9ed5-d12c-4023-a920-fda5a133a330', 'publication_title': 'The Practice of Texts : Education and Healing in South India (Edition 1)', 'title_url': 'https://patron-academic.thepalaceproject.org/ucdavis/book/https%3A%2F%2Fcdl.edu.thepalaceproject.org%2F110644%2Fworks%2FURI%252Furn%253Auuid%253Abc3f9ed5-d12c-4023-a920-fda5a133a330', 'first_author': 'Cerulli, Anthony', 'online_identifier': '9780520383555', 'publisher_name': 'University of California Press', 'publication_type': 'monograph', 'date_monograph_published_online': '2022', 'first_editor': '', 'access_type': 'openaccess', 'source_id': 'urn:uuid:bc3f9ed5-d12c-4023-a920-fda5a133a330', 'source_id_type': 'Media ID'}
Record 58: {'title_id': 'urn:uuid:a30ccda6-93fc-4b34-afb6-244aea52cd7c', 'publication_title': 'What Makes Writing Academic : Rethinking Theory for Practice', 'title_url': 'https://patron-academic.thepalaceproject.org/ucdavis/book/https%3A%2F%2Fcdl.edu.thepalaceproject.org%2F110644%2Fworks%2FURI%252Furn%253Auuid%253Aa30ccda6-93fc-4b34-afb6-244aea52cd7c', 'first_author': 'Molinari, Julia', 'online_identifier': '9781350243934', 'publisher_name': 'Bloomsbury Academic', 'publication_type': 'monograph', 'date_monograph_published_online': '2022', 'first_editor': '', 'access_type': 'openaccess', 'source_id': 'urn:uuid:a30ccda6-93fc-4b34-afb6-244aea52cd7c', 'source_id_type': 'Media ID'}
Record 59: {'title_id': 'urn:uuid:7529e580-d3a2-46db-87a9-486eeea6e351', 'publication_title': 'Reclaiming Romanticism : Towards an Ecopoetics of Decolonization', 'title_url': 'https://patron-academic.thepalaceproject.org/ucdavis/book/https%3A%2F%2Fcdl.edu.thepalaceproject.org%2F110644%2Fworks%2FURI%252Furn%253Auuid%253A7529e580-d3a2-46db-87a9-486eeea6e351', 'first_author': 'Rigby, Kate', 'online_identifier': '9781474290593', 'publisher_name': 'Bloomsbury Academic', 'publication_type': 'monograph', 'date_monograph_published_online': '2022', 'first_editor': '', 'access_type': 'openaccess', 'source_id': 'urn:uuid:7529e580-d3a2-46db-87a9-486eeea6e351', 'source_id_type': 'Media ID'}
Record 60: {'title_id': 'urn:uuid:b39e0d32-0716-4e68-9a11-0a42fc599987', 'publication_title': 'Weaving Solidarity : Decolonial Perspectives on Transnational Advocacy of and with the Mapuche', 'title_url': 'https://patron-academic.thepalaceproject.org/ucdavis/book/https%3A%2F%2Fcdl.edu.thepalaceproject.org%2F110644%2Fworks%2FURI%252Furn%253Auuid%253Ab39e0d32-0716-4e68-9a11-0a42fc599987', 'first_author': 'Garbe, Sebastian', 'online_identifier': '9783839458259', 'publisher_name': 'transcript Verlag', 'publication_type': 'monograph', 'date_monograph_published_online': '2022', 'first_editor': '', 'access_type': 'openaccess', 'source_id': 'urn:uuid:b39e0d32-0716-4e68-9a11-0a42fc599987', 'source_id_type': 'Media ID'}
Record 61: {'title_id': 'urn:uuid:e88ab1c7-6c05-4861-93d4-98b33804bd78', 'publication_title': 'Once Upon the Permafrost : Knowing Culture and Climate Change in Siberia', 'title_url': 'https://patron-academic.thepalaceproject.org/ucdavis/book/https%3A%2F%2Fcdl.edu.thepalaceproject.org%2F110644%2Fworks%2FURI%252Furn%253Auuid%253Ae88ab1c7-6c05-4861-93d4-98b33804bd78', 'first_author': 'Crate, Susan Alexandra', 'online_identifier': '9780816544394', 'publisher_name': 'University of Arizona Press', 'publication_type': 'monograph', 'date_monograph_published_online': '2022', 'first_editor': '', 'access_type': 'openaccess', 'source_id': 'urn:uuid:e88ab1c7-6c05-4861-93d4-98b33804bd78', 'source_id_type': 'Media ID'}
Record 62: {'title_id': 'urn:uuid:94ac5f76-667c-40bb-920e-b699ef7f47b4', 'publication_title': 'The emergence of American English as a discursive variety : Tracing enregisterment processes in nineteenth-century U.S. newspapers', 'title_url': 'https://patron-academic.thepalaceproject.org/ucdavis/book/https%3A%2F%2Fcdl.edu.thepalaceproject.org%2F110644%2Fworks%2FURI%252Furn%253Auuid%253A94ac5f76-667c-40bb-920e-b699ef7f47b4', 'first_author': 'Paulsen, Ingrid', 'online_identifier': '9783961103386', 'publisher_name': 'Language Science Press', 'publication_type': 'monograph', 'date_monograph_published_online': '2022', 'first_editor': '', 'access_type': 'openaccess', 'source_id': 'urn:uuid:94ac5f76-667c-40bb-920e-b699ef7f47b4', 'source_id_type': 'Media ID'}
Record 63: {'title_id': 'urn:uuid:91521b06-d003-4258-ac96-4f144fe836fb', 'publication_title': 'Proto-Fula–Sereer : Lexicon, morphophonology, and noun classes', 'title_url': 'https://patron-academic.thepalaceproject.org/ucdavis/book/https%3A%2F%2Fcdl.edu.thepalaceproject.org%2F110644%2Fworks%2FURI%252Furn%253Auuid%253A91521b06-d003-4258-ac96-4f144fe836fb', 'first_author': 'Pozdniakov, Konstantin', 'online_identifier': '9783985540303', 'publisher_name': 'Language Science Press', 'publication_type': 'monograph', 'date_monograph_published_online': '2022', 'first_editor': '', 'access_type': 'openaccess', 'source_id': 'urn:uuid:91521b06-d003-4258-ac96-4f144fe836fb', 'source_id_type': 'Media ID'}
Record 64: {'title_id': 'urn:uuid:8ee5a726-baf9-40a5-83cf-91c5f91be469', 'publication_title': 'Emergent phonology (Volume 7)', 'title_url': 'https://patron-academic.thepalaceproject.org/ucdavis/book/https%3A%2F%2Fcdl.edu.thepalaceproject.org%2F110644%2Fworks%2FURI%252Furn%253Auuid%253A8ee5a726-baf9-40a5-83cf-91c5f91be469', 'first_author': '', 'online_identifier': '9783961103355', 'publisher_name': 'Language Science Press', 'publication_type': 'monograph', 'date_monograph_published_online': '2022', 'first_editor': '', 'access_type': 'openaccess', 'source_id': 'urn:uuid:8ee5a726-baf9-40a5-83cf-91c5f91be469', 'source_id_type': 'Media ID'}
Record 65: {'title_id': 'urn:uuid:f28f356f-07ed-48fe-81d5-df9b5b4da036', 'publication_title': 'Afropolitan Horizons : Essays toward a Literary Anthropology of Nigeria', 'title_url': 'https://patron-academic.thepalaceproject.org/ucdavis/book/https%3A%2F%2Fcdl.edu.thepalaceproject.org%2F110644%2Fworks%2FURI%252Furn%253Auuid%253Af28f356f-07ed-48fe-81d5-df9b5b4da036', 'first_author': 'Hannerz, Ulf', 'online_identifier': '9781800732506', 'publisher_name': 'Berghahn Books', 'publication_type': 'monograph', 'date_monograph_published_online': '2022', 'first_editor': '', 'access_type': 'openaccess', 'source_id': 'urn:uuid:f28f356f-07ed-48fe-81d5-df9b5b4da036', 'source_id_type': 'Media ID'}
Record 66: {'title_id': 'urn:uuid:d816c34b-6bf2-4335-8645-8e6756df0301', 'publication_title': 'Voice syncretism', 'title_url': 'https://patron-academic.thepalaceproject.org/ucdavis/book/https%3A%2F%2Fcdl.edu.thepalaceproject.org%2F110644%2Fworks%2FURI%252Furn%253Auuid%253Ad816c34b-6bf2-4335-8645-8e6756df0301', 'first_author': 'Bahrt, Nicklas N.', 'online_identifier': '9783961103195', 'publisher_name': 'Language Science Press', 'publication_type': 'monograph', 'date_monograph_published_online': '2022', 'first_editor': '', 'access_type': 'openaccess', 'source_id': 'urn:uuid:d816c34b-6bf2-4335-8645-8e6756df0301', 'source_id_type': 'Media ID'}
Record 67: {'title_id': 'urn:uuid:ba47cbfc-2c3f-4471-902d-69898ba16a0b', 'publication_title': 'Nullius : The Anthropology of Ownership, Sovereignty, and the Law in India', 'title_url': 'https://patron-academic.thepalaceproject.org/ucdavis/book/https%3A%2F%2Fcdl.edu.thepalaceproject.org%2F110644%2Fworks%2FURI%252Furn%253Auuid%253Aba47cbfc-2c3f-4471-902d-69898ba16a0b', 'first_author': 'Kapila, Kriti', 'online_identifier': '9781912808489', 'publisher_name': 'HAU Books', 'publication_type': 'monograph', 'date_monograph_published_online': '2022', 'first_editor': '', 'access_type': 'openaccess', 'source_id': 'urn:uuid:ba47cbfc-2c3f-4471-902d-69898ba16a0b', 'source_id_type': 'Media ID'}
Record 68: {'title_id': 'urn:uuid:a8a5bcd1-b47c-4cd4-9ec8-6092f7e6cdde', 'publication_title': 'Friendship and Technology : A Philosophical Approach to Computer-mediated Communication', 'title_url': 'https://patron-academic.thepalaceproject.org/ucdavis/book/https%3A%2F%2Fcdl.edu.thepalaceproject.org%2F110644%2Fworks%2FURI%252Furn%253Auuid%253Aa8a5bcd1-b47c-4cd4-9ec8-6092f7e6cdde', 'first_author': 'Petricini, Tiffany', 'online_identifier': '9781032037493', 'publisher_name': 'Routledge', 'publication_type': 'monograph', 'date_monograph_published_online': '2022', 'first_editor': '', 'access_type': 'openaccess', 'source_id': 'urn:uuid:a8a5bcd1-b47c-4cd4-9ec8-6092f7e6cdde', 'source_id_type': 'Media ID'}
Record 69: {'title_id': 'urn:uuid:6dfaa4b9-9db2-4a31-a224-94ff1acf72d8', 'publication_title': 'Creating the Qur’an : A Historical-Critical Study (Edition 1)', 'title_url': 'https://patron-academic.thepalaceproject.org/ucdavis/book/https%3A%2F%2Fcdl.edu.thepalaceproject.org%2F110644%2Fworks%2FURI%252Furn%253Auuid%253A6dfaa4b9-9db2-4a31-a224-94ff1acf72d8', 'first_author': 'Shoemaker, Stephen J.', 'online_identifier': '9780520389045', 'publisher_name': 'University of California Press', 'publication_type': 'monograph', 'date_monograph_published_online': '2022', 'first_editor': '', 'access_type': 'openaccess', 'source_id': 'urn:uuid:6dfaa4b9-9db2-4a31-a224-94ff1acf72d8', 'source_id_type': 'Media ID'}
Record 70: {'title_id': 'urn:uuid:c932deee-52ae-41ae-ac02-3c09acc9deb9', 'publication_title': 'Queer Kinship on the Edge? Families of Choice in Poland', 'title_url': 'https://patron-academic.thepalaceproject.org/ucdavis/book/https%3A%2F%2Fcdl.edu.thepalaceproject.org%2F110644%2Fworks%2FURI%252Furn%253Auuid%253Ac932deee-52ae-41ae-ac02-3c09acc9deb9', 'first_author': 'Mizielińska, Joanna', 'online_identifier': '9780367860387', 'publisher_name': 'Routledge', 'publication_type': 'monograph', 'date_monograph_published_online': '2022', 'first_editor': '', 'access_type': 'openaccess', 'source_id': 'urn:uuid:c932deee-52ae-41ae-ac02-3c09acc9deb9', 'source_id_type': 'Media ID'}
Record 71: {'title_id': 'urn:uuid:bd14ff69-c9a2-4322-8a1e-522b9e05a1e2', 'publication_title': 'Sex Work on Campus', 'title_url': 'https://patron-academic.thepalaceproject.org/ucdavis/book/https%3A%2F%2Fcdl.edu.thepalaceproject.org%2F110644%2Fworks%2FURI%252Furn%253Auuid%253Abd14ff69-c9a2-4322-8a1e-522b9e05a1e2', 'first_author': 'Stewart, Terah J.', 'online_identifier': '9781032046518', 'publisher_name': 'Routledge', 'publication_type': 'monograph', 'date_monograph_published_online': '2022', 'first_editor': '', 'access_type': 'openaccess', 'source_id': 'urn:uuid:bd14ff69-c9a2-4322-8a1e-522b9e05a1e2', 'source_id_type': 'Media ID'}
Record 72: {'title_id': 'urn:uuid:4d973b73-664b-47a2-9985-454f720beea0', 'publication_title': 'Youth-Led Social Movements and Peacebuilding in Africa', 'title_url': 'https://patron-academic.thepalaceproject.org/ucdavis/book/https%3A%2F%2Fcdl.edu.thepalaceproject.org%2F110644%2Fworks%2FURI%252Furn%253Auuid%253A4d973b73-664b-47a2-9985-454f720beea0', 'first_author': 'Bangura, Ibrahim', 'online_identifier': '9781032182377', 'publisher_name': 'Routledge', 'publication_type': 'monograph', 'date_monograph_published_online': '2022', 'first_editor': '', 'access_type': 'openaccess', 'source_id': 'urn:uuid:4d973b73-664b-47a2-9985-454f720beea0', 'source_id_type': 'Media ID'}
Record 73: {'title_id': 'urn:uuid:480596c3-dccf-4567-a898-38e8738b8e70', 'publication_title': 'African Perspectives on Religion and Climate Change', 'title_url': 'https://patron-academic.thepalaceproject.org/ucdavis/book/https%3A%2F%2Fcdl.edu.thepalaceproject.org%2F110644%2Fworks%2FURI%252Furn%253Auuid%253A480596c3-dccf-4567-a898-38e8738b8e70', 'first_author': '', 'online_identifier': '9780367616076', 'publisher_name': 'Routledge', 'publication_type': 'monograph', 'date_monograph_published_online': '2022', 'first_editor': '', 'access_type': 'openaccess', 'source_id': 'urn:uuid:480596c3-dccf-4567-a898-38e8738b8e70', 'source_id_type': 'Media ID'}
Record 74: {'title_id': 'urn:uuid:43e285ef-2dd3-46c2-abc7-80b584de2556', 'publication_title': 'Anti-computing : Dissent and the machine', 'title_url': 'https://patron-academic.thepalaceproject.org/ucdavis/book/https%3A%2F%2Fcdl.edu.thepalaceproject.org%2F110644%2Fworks%2FURI%252Furn%253Auuid%253A43e285ef-2dd3-46c2-abc7-80b584de2556', 'first_author': 'Bassett, Caroline', 'online_identifier': '9781526160720', 'publisher_name': 'Manchester University Press', 'publication_type': 'monograph', 'date_monograph_published_online': '2022', 'first_editor': '', 'access_type': 'openaccess', 'source_id': 'urn:uuid:43e285ef-2dd3-46c2-abc7-80b584de2556', 'source_id_type': 'Media ID'}
Record 75: {'title_id': 'urn:uuid:3e024968-cf06-4231-8a00-0ad98baa06e3', 'publication_title': 'Palimpsests of Themselves : Logic and Commentary in Postclassical Muslim South Asia', 'title_url': 'https://patron-academic.thepalaceproject.org/ucdavis/book/https%3A%2F%2Fcdl.edu.thepalaceproject.org%2F110644%2Fworks%2FURI%252Furn%253Auuid%253A3e024968-cf06-4231-8a00-0ad98baa06e3', 'first_author': 'Ahmed, Asad Q.', 'online_identifier': '9780520975767', 'publisher_name': 'University of California Press', 'publication_type': 'monograph', 'date_monograph_published_online': '2022', 'first_editor': '', 'access_type': 'openaccess', 'source_id': 'urn:uuid:3e024968-cf06-4231-8a00-0ad98baa06e3', 'source_id_type': 'Media ID'}
Record 76: {'title_id': 'urn:uuid:0075943e-3735-4bcf-b47e-17fd67ae259c', 'publication_title': 'African Identities and International Politics', 'title_url': 'https://patron-academic.thepalaceproject.org/ucdavis/book/https%3A%2F%2Fcdl.edu.thepalaceproject.org%2F110644%2Fworks%2FURI%252Furn%253Auuid%253A0075943e-3735-4bcf-b47e-17fd67ae259c', 'first_author': 'Abumere, Frank Aragbonfoh', 'online_identifier': '9781032010014', 'publisher_name': 'Routledge', 'publication_type': 'monograph', 'date_monograph_published_online': '2022', 'first_editor': '', 'access_type': 'openaccess', 'source_id': 'urn:uuid:0075943e-3735-4bcf-b47e-17fd67ae259c', 'source_id_type': 'Media ID'}
Record 77: {'title_id': 'urn:uuid:871dc6d9-4eeb-4280-aee8-f7c031219d25', 'publication_title': 'Piezoelectric Electromechanical Transducers for Underwater Sound, Part I : Introduction to Energy Method of Treating the Transducers', 'title_url': 'https://patron-academic.thepalaceproject.org/ucdavis/book/https%3A%2F%2Fcdl.edu.thepalaceproject.org%2F110644%2Fworks%2FURI%252Furn%253Auuid%253A871dc6d9-4eeb-4280-aee8-f7c031219d25', 'first_author': 'Aronov, Boris S.', 'online_identifier': '9781644698259', 'publisher_name': 'Academic Studies Press', 'publication_type': 'monograph', 'date_monograph_published_online': '2022', 'first_editor': '', 'access_type': 'openaccess', 'source_id': 'urn:uuid:871dc6d9-4eeb-4280-aee8-f7c031219d25', 'source_id_type': 'Media ID'}
Record 78: {'title_id': 'urn:uuid:a0eeb879-4e59-408e-8cef-7bc75a459dcb', 'publication_title': 'Men, Masculinities, and Infertilities', 'title_url': 'https://patron-academic.thepalaceproject.org/ucdavis/book/https%3A%2F%2Fcdl.edu.thepalaceproject.org%2F110644%2Fworks%2FURI%252Furn%253Auuid%253Aa0eeb879-4e59-408e-8cef-7bc75a459dcb', 'first_author': 'Allan, Jonathan A.', 'online_identifier': '9780367445546', 'publisher_name': 'Routledge', 'publication_type': 'monograph', 'date_monograph_published_online': '2022', 'first_editor': '', 'access_type': 'openaccess', 'source_id': 'urn:uuid:a0eeb879-4e59-408e-8cef-7bc75a459dcb', 'source_id_type': 'Media ID'}
Record 79: {'title_id': 'urn:uuid:99b9d12d-91b5-4ad3-93a5-59a67ac73727', 'publication_title': 'A grammar of Kalamang', 'title_url': 'https://patron-academic.thepalaceproject.org/ucdavis/book/https%3A%2F%2Fcdl.edu.thepalaceproject.org%2F110644%2Fworks%2FURI%252Furn%253Auuid%253A99b9d12d-91b5-4ad3-93a5-59a67ac73727', 'first_author': 'Visser, Eline', 'online_identifier': '9783961103430', 'publisher_name': 'Language Science Press', 'publication_type': 'monograph', 'date_monograph_published_online': '2022', 'first_editor': '', 'access_type': 'openaccess', 'source_id': 'urn:uuid:99b9d12d-91b5-4ad3-93a5-59a67ac73727', 'source_id_type': 'Media ID'}
Record 80: {'title_id': 'urn:uuid:86c19589-f3a5-43e6-9e75-dcfc5e24e31e', 'publication_title': 'Water interactions: A systemic view : Why we need to comprehend the water-climate-energy-food-economics-lifestyle connections', 'title_url': 'https://patron-academic.thepalaceproject.org/ucdavis/book/https%3A%2F%2Fcdl.edu.thepalaceproject.org%2F110644%2Fworks%2FURI%252Furn%253Auuid%253A86c19589-f3a5-43e6-9e75-dcfc5e24e31e', 'first_author': 'Olsson, Gustaf', 'online_identifier': '9781789062892', 'publisher_name': 'IWA Publishing', 'publication_type': 'monograph', 'date_monograph_published_online': '2022', 'first_editor': '', 'access_type': 'openaccess', 'source_id': 'urn:uuid:86c19589-f3a5-43e6-9e75-dcfc5e24e31e', 'source_id_type': 'Media ID'}
Record 81: {'title_id': 'urn:uuid:85a4f24a-1904-4431-b472-780d6bd1c0af', 'publication_title': 'Relative Histories : Mediating History in Asian American Family Memoirs', 'title_url': 'https://patron-academic.thepalaceproject.org/ucdavis/book/https%3A%2F%2Fcdl.edu.thepalaceproject.org%2F110644%2Fworks%2FURI%252Furn%253Auuid%253A85a4f24a-1904-4431-b472-780d6bd1c0af', 'first_author': 'Davis, Rocio G.', 'online_identifier': '9780824895358', 'publisher_name': 'University of Hawaii Press', 'publication_type': 'monograph', 'date_monograph_published_online': '2022', 'first_editor': '', 'access_type': 'openaccess', 'source_id': 'urn:uuid:85a4f24a-1904-4431-b472-780d6bd1c0af', 'source_id_type': 'Media ID'}
Record 82: {'title_id': 'urn:uuid:6aec6d88-b5d0-481e-80b7-36b80139387e', 'publication_title': 'A grammar of Fwe', 'title_url': 'https://patron-academic.thepalaceproject.org/ucdavis/book/https%3A%2F%2Fcdl.edu.thepalaceproject.org%2F110644%2Fworks%2FURI%252Furn%253Auuid%253A6aec6d88-b5d0-481e-80b7-36b80139387e', 'first_author': 'Gunnink, Hilde', 'online_identifier': '9783961103881', 'publisher_name': 'Language Science Press', 'publication_type': 'monograph', 'date_monograph_published_online': '2022', 'first_editor': '', 'access_type': 'openaccess', 'source_id': 'urn:uuid:6aec6d88-b5d0-481e-80b7-36b80139387e', 'source_id_type': 'Media ID'}
Record 83: {'title_id': 'urn:uuid:62666d33-81a7-4970-8aba-cbc9b49e4a9b', 'publication_title': 'Disaster Anarchy : Mutual Aid and Radical Action', 'title_url': 'https://patron-academic.thepalaceproject.org/ucdavis/book/https%3A%2F%2Fcdl.edu.thepalaceproject.org%2F110644%2Fworks%2FURI%252Furn%253Auuid%253A62666d33-81a7-4970-8aba-cbc9b49e4a9b', 'first_author': 'Firth, Rhiannon', 'online_identifier': '9781786807922', 'publisher_name': 'Pluto Press', 'publication_type': 'monograph', 'date_monograph_published_online': '2022', 'first_editor': '', 'access_type': 'openaccess', 'source_id': 'urn:uuid:62666d33-81a7-4970-8aba-cbc9b49e4a9b', 'source_id_type': 'Media ID'}
Record 84: {'title_id': 'urn:uuid:5370881b-4030-4075-bdeb-7d59e1f30ed6', 'publication_title': 'What is Academic Freedom? : A Century of Debate, 1915-Present', 'title_url': 'https://patron-academic.thepalaceproject.org/ucdavis/book/https%3A%2F%2Fcdl.edu.thepalaceproject.org%2F110644%2Fworks%2FURI%252Furn%253Auuid%253A5370881b-4030-4075-bdeb-7d59e1f30ed6', 'first_author': 'Gordon, Daniel', 'online_identifier': '9781003052685', 'publisher_name': 'Routledge', 'publication_type': 'monograph', 'date_monograph_published_online': '2022', 'first_editor': '', 'access_type': 'openaccess', 'source_id': 'urn:uuid:5370881b-4030-4075-bdeb-7d59e1f30ed6', 'source_id_type': 'Media ID'}
Record 85: {'title_id': 'urn:uuid:3daae438-d66b-4578-894b-b37e957b921d', 'publication_title': 'Piezoelectric Electromechanical Transducers for Underwater Sound, Parts III & IV', 'title_url': 'https://patron-academic.thepalaceproject.org/ucdavis/book/https%3A%2F%2Fcdl.edu.thepalaceproject.org%2F110644%2Fworks%2FURI%252Furn%253Auuid%253A3daae438-d66b-4578-894b-b37e957b921d', 'first_author': 'Aronov, Boris S.', 'online_identifier': '9781644698273', 'publisher_name': 'Academic Studies Press', 'publication_type': 'monograph', 'date_monograph_published_online': '2022', 'first_editor': '', 'access_type': 'openaccess', 'source_id': 'urn:uuid:3daae438-d66b-4578-894b-b37e957b921d', 'source_id_type': 'Media ID'}
Record 86: {'title_id': 'urn:uuid:2f190de6-f5f6-40e0-ade0-4de92265a58f', 'publication_title': 'A history of English', 'title_url': 'https://patron-academic.thepalaceproject.org/ucdavis/book/https%3A%2F%2Fcdl.edu.thepalaceproject.org%2F110644%2Fworks%2FURI%252Furn%253Auuid%253A2f190de6-f5f6-40e0-ade0-4de92265a58f', 'first_author': '', 'online_identifier': '9783961103461', 'publisher_name': 'Language Science Press', 'publication_type': 'monograph', 'date_monograph_published_online': '2022', 'first_editor': '', 'access_type': 'openaccess', 'source_id': 'urn:uuid:2f190de6-f5f6-40e0-ade0-4de92265a58f', 'source_id_type': 'Media ID'}
Record 87: {'title_id': 'urn:uuid:83674608-440f-4f6b-8ce0-a118cdb1560f', 'publication_title': 'The Repoliticization of the Welfare State', 'title_url': 'https://patron-academic.thepalaceproject.org/ucdavis/book/https%3A%2F%2Fcdl.edu.thepalaceproject.org%2F110644%2Fworks%2FURI%252Furn%253Auuid%253A83674608-440f-4f6b-8ce0-a118cdb1560f', 'first_author': 'McManus, Ian P', 'online_identifier': '9780472902866', 'publisher_name': 'University of Michigan Press', 'publication_type': 'monograph', 'date_monograph_published_online': '2022', 'first_editor': '', 'access_type': 'openaccess', 'source_id': 'urn:uuid:83674608-440f-4f6b-8ce0-a118cdb1560f', 'source_id_type': 'Media ID'}
Record 88: {'title_id': 'urn:uuid:fc7c58bf-af64-4fdb-95ec-d11499d818bd', 'publication_title': 'Bilingual Couples in Conversation (Volume 149)', 'title_url': 'https://patron-academic.thepalaceproject.org/ucdavis/book/https%3A%2F%2Fcdl.edu.thepalaceproject.org%2F110644%2Fworks%2FURI%252Furn%253Auuid%253Afc7c58bf-af64-4fdb-95ec-d11499d818bd', 'first_author': 'Ang-Tschachtli, Silja', 'online_identifier': '9783772057632', 'publisher_name': 'A. Francke Verlag', 'publication_type': 'monograph', 'date_monograph_published_online': '2022', 'first_editor': '', 'access_type': 'openaccess', 'source_id': 'urn:uuid:fc7c58bf-af64-4fdb-95ec-d11499d818bd', 'source_id_type': 'Media ID'}
Record 89: {'title_id': 'urn:uuid:eb228053-ff84-4cec-9590-66e879fbf46f', 'publication_title': 'Beyond Money : A Postcapitalist Strategy', 'title_url': 'https://patron-academic.thepalaceproject.org/ucdavis/book/https%3A%2F%2Fcdl.edu.thepalaceproject.org%2F110644%2Fworks%2FURI%252Furn%253Auuid%253Aeb228053-ff84-4cec-9590-66e879fbf46f', 'first_author': 'Nelson, Anitra', 'online_identifier': '9781786807809', 'publisher_name': 'Pluto Press', 'publication_type': 'monograph', 'date_monograph_published_online': '2022', 'first_editor': '', 'access_type': 'openaccess', 'source_id': 'urn:uuid:eb228053-ff84-4cec-9590-66e879fbf46f', 'source_id_type': 'Media ID'}
Record 90: {'title_id': 'urn:uuid:be419fbf-aa68-4acd-884d-86639a89ccfd', 'publication_title': 'A Critical History of Poverty Finance : Colonial Roots and Neoliberal Failures', 'title_url': 'https://patron-academic.thepalaceproject.org/ucdavis/book/https%3A%2F%2Fcdl.edu.thepalaceproject.org%2F110644%2Fworks%2FURI%252Furn%253Auuid%253Abe419fbf-aa68-4acd-884d-86639a89ccfd', 'first_author': 'Bernards, Nick', 'online_identifier': '9780745344867', 'publisher_name': 'Pluto Press', 'publication_type': 'monograph', 'date_monograph_published_online': '2022', 'first_editor': '', 'access_type': 'openaccess', 'source_id': 'urn:uuid:be419fbf-aa68-4acd-884d-86639a89ccfd', 'source_id_type': 'Media ID'}
Record 91: {'title_id': 'urn:uuid:ae457c8c-b57e-4d18-a8d4-f5f39fe62db6', 'publication_title': 'An Empirical Study of EFL Writing at Primary School (Volume 9)', 'title_url': 'https://patron-academic.thepalaceproject.org/ucdavis/book/https%3A%2F%2Fcdl.edu.thepalaceproject.org%2F110644%2Fworks%2FURI%252Furn%253Auuid%253Aae457c8c-b57e-4d18-a8d4-f5f39fe62db6', 'first_author': 'Trüb, Ruth', 'online_identifier': '9783823395430', 'publisher_name': 'Gunter Narr Verlag', 'publication_type': 'monograph', 'date_monograph_published_online': '2022', 'first_editor': '', 'access_type': 'openaccess', 'source_id': 'urn:uuid:ae457c8c-b57e-4d18-a8d4-f5f39fe62db6', 'source_id_type': 'Media ID'}
Record 92: {'title_id': 'urn:uuid:e501eadc-8608-4eb5-8871-f4b5cf11a831', 'publication_title': 'Symphonic Concert Life and Concert Venues in Tokyo 1868–1945', 'title_url': 'https://patron-academic.thepalaceproject.org/ucdavis/book/https%3A%2F%2Fcdl.edu.thepalaceproject.org%2F110644%2Fworks%2FURI%252Furn%253Auuid%253Ae501eadc-8608-4eb5-8871-f4b5cf11a831', 'first_author': 'Büttner, Clemens', 'online_identifier': '9783832552701', 'publisher_name': 'Logos Verlag Berlin', 'publication_type': 'monograph', 'date_monograph_published_online': '2022', 'first_editor': '', 'access_type': 'openaccess', 'source_id': 'urn:uuid:e501eadc-8608-4eb5-8871-f4b5cf11a831', 'source_id_type': 'Media ID'}
Record 93: {'title_id': 'urn:uuid:a7ac4267-b751-4bb5-90a5-fea812c807c2', 'publication_title': 'Pricing of Consumer Innovations', 'title_url': 'https://patron-academic.thepalaceproject.org/ucdavis/book/https%3A%2F%2Fcdl.edu.thepalaceproject.org%2F110644%2Fworks%2FURI%252Furn%253Auuid%253Aa7ac4267-b751-4bb5-90a5-fea812c807c2', 'first_author': 'Ebbing, Tobias', 'online_identifier': '9783832555108', 'publisher_name': 'Logos Verlag Berlin', 'publication_type': 'monograph', 'date_monograph_published_online': '2022', 'first_editor': '', 'access_type': 'openaccess', 'source_id': 'urn:uuid:a7ac4267-b751-4bb5-90a5-fea812c807c2', 'source_id_type': 'Media ID'}
Record 94: {'title_id': 'urn:uuid:a2e81034-e17e-43bc-aaf0-dbd616dc6851', 'publication_title': 'British Activist Authors Addressing Children of Colour', 'title_url': 'https://patron-academic.thepalaceproject.org/ucdavis/book/https%3A%2F%2Fcdl.edu.thepalaceproject.org%2F110644%2Fworks%2FURI%252Furn%253Auuid%253Aa2e81034-e17e-43bc-aaf0-dbd616dc6851', 'first_author': 'Sands-O’Connor, Karen', 'online_identifier': '9781350196049', 'publisher_name': 'Bloomsbury Academic', 'publication_type': 'monograph', 'date_monograph_published_online': '2022', 'first_editor': '', 'access_type': 'openaccess', 'source_id': 'urn:uuid:a2e81034-e17e-43bc-aaf0-dbd616dc6851', 'source_id_type': 'Media ID'}
Record 95: {'title_id': 'urn:uuid:538289f7-0248-48ff-aac3-3bdfecfecb8b', 'publication_title': 'Writing Around the Ancient Mediterranean : Practices and Adaptations (Volume 6)', 'title_url': 'https://patron-academic.thepalaceproject.org/ucdavis/book/https%3A%2F%2Fcdl.edu.thepalaceproject.org%2F110644%2Fworks%2FURI%252Furn%253Auuid%253A538289f7-0248-48ff-aac3-3bdfecfecb8b', 'first_author': 'Steele, Philippa M.', 'online_identifier': '9781789258523', 'publisher_name': 'Oxbow Books', 'publication_type': 'monograph', 'date_monograph_published_online': '2022', 'first_editor': '', 'access_type': 'openaccess', 'source_id': 'urn:uuid:538289f7-0248-48ff-aac3-3bdfecfecb8b', 'source_id_type': 'Media ID'}
Record 96: {'title_id': 'urn:uuid:3d19c1f4-96e3-4a65-a91b-d4a4976c3029', 'publication_title': 'Piezoelectric Electromechanical Transducers for Underwater Sound, Part II : Subsystems of the Electroacoustic Transducers', 'title_url': 'https://patron-academic.thepalaceproject.org/ucdavis/book/https%3A%2F%2Fcdl.edu.thepalaceproject.org%2F110644%2Fworks%2FURI%252Furn%253Auuid%253A3d19c1f4-96e3-4a65-a91b-d4a4976c3029', 'first_author': 'Aronov, Boris S.', 'online_identifier': '9781644698266', 'publisher_name': 'Academic Studies Press', 'publication_type': 'monograph', 'date_monograph_published_online': '2022', 'first_editor': '', 'access_type': 'openaccess', 'source_id': 'urn:uuid:3d19c1f4-96e3-4a65-a91b-d4a4976c3029', 'source_id_type': 'Media ID'}
Record 97: {'title_id': 'urn:uuid:49c8c7d3-5a74-4475-84d2-83147514a93c', 'publication_title': 'The Circular Archtype in Microcosm : The Carved Stone Balls of Late Neolithic Scoland', 'title_url': 'https://patron-academic.thepalaceproject.org/ucdavis/book/https%3A%2F%2Fcdl.edu.thepalaceproject.org%2F110644%2Fworks%2FURI%252Furn%253Auuid%253A49c8c7d3-5a74-4475-84d2-83147514a93c', 'first_author': 'Stewart-Moffitt, Chris  L.', 'online_identifier': '9781803271279', 'publisher_name': 'Archaeopress Publishing Ltd', 'publication_type': 'monograph', 'date_monograph_published_online': '2022', 'first_editor': '', 'access_type': 'openaccess', 'source_id': 'urn:uuid:49c8c7d3-5a74-4475-84d2-83147514a93c', 'source_id_type': 'Media ID'}
Record 98: {'title_id': 'urn:uuid:47856daf-7011-4f1d-ab81-8619a34a9037', 'publication_title': 'Waterlands : Prehistoric Life at Bar Pasture, Pode Hole Quarry, Peterborough', 'title_url': 'https://patron-academic.thepalaceproject.org/ucdavis/book/https%3A%2F%2Fcdl.edu.thepalaceproject.org%2F110644%2Fworks%2FURI%252Furn%253Auuid%253A47856daf-7011-4f1d-ab81-8619a34a9037', 'first_author': 'Richmond, Andy', 'online_identifier': '9781803271538', 'publisher_name': 'Archaeopress Publishing Ltd', 'publication_type': 'monograph', 'date_monograph_published_online': '2022', 'first_editor': '', 'access_type': 'openaccess', 'source_id': 'urn:uuid:47856daf-7011-4f1d-ab81-8619a34a9037', 'source_id_type': 'Media ID'}
Record 99: {'title_id': 'urn:uuid:3e6a9e26-6856-4995-8d26-755fdf561542', 'publication_title': 'Megaliths of the World : Volume 1 (Volume 1)', 'title_url': 'https://patron-academic.thepalaceproject.org/ucdavis/book/https%3A%2F%2Fcdl.edu.thepalaceproject.org%2F110644%2Fworks%2FURI%252Furn%253Auuid%253A3e6a9e26-6856-4995-8d26-755fdf561542', 'first_author': 'Laporte, Luc', 'online_identifier': '9781803273211', 'publisher_name': 'Archaeopress Publishing Ltd', 'publication_type': 'monograph', 'date_monograph_published_online': '2022', 'first_editor': '', 'access_type': 'openaccess', 'source_id': 'urn:uuid:3e6a9e26-6856-4995-8d26-755fdf561542', 'source_id_type': 'Media ID'}
Record 100: {'title_id': 'urn:uuid:3da60cbb-8ae7-4eb4-8e40-5781325410e1', 'publication_title': 'Abstractions Based on Circles : Papers on prehistoric rock art presented to Stan Beckensall on his 90th birthday', 'title_url': 'https://patron-academic.thepalaceproject.org/ucdavis/book/https%3A%2F%2Fcdl.edu.thepalaceproject.org%2F110644%2Fworks%2FURI%252Furn%253Auuid%253A3da60cbb-8ae7-4eb4-8e40-5781325410e1', 'first_author': 'Frodsham, Paul', 'online_identifier': '9781803273174', 'publisher_name': 'Archaeopress Publishing Ltd', 'publication_type': 'monograph', 'date_monograph_published_online': '2022', 'first_editor': '', 'access_type': 'openaccess', 'source_id': 'urn:uuid:3da60cbb-8ae7-4eb4-8e40-5781325410e1', 'source_id_type': 'Media ID'}
Record 101: {'title_id': 'urn:uuid:264e543a-bfc9-4199-a22f-d0917e76c076', 'publication_title': 'Pottery Making and Communities During the 5th Millennium BCE in Fars Province, Southwestern Iran', 'title_url': 'https://patron-academic.thepalaceproject.org/ucdavis/book/https%3A%2F%2Fcdl.edu.thepalaceproject.org%2F110644%2Fworks%2FURI%252Furn%253Auuid%253A264e543a-bfc9-4199-a22f-d0917e76c076', 'first_author': 'Miki, Takehiro', 'online_identifier': '9781803270593', 'publisher_name': 'Archaeopress Publishing Ltd', 'publication_type': 'monograph', 'date_monograph_published_online': '2022', 'first_editor': '', 'access_type': 'openaccess', 'source_id': 'urn:uuid:264e543a-bfc9-4199-a22f-d0917e76c076', 'source_id_type': 'Media ID'}
Record 102: {'title_id': 'urn:uuid:0e55857f-c0ab-40ac-8064-abb709338a7b', 'publication_title': 'Archaeology on the Apulian – Lucanian Border', 'title_url': 'https://patron-academic.thepalaceproject.org/ucdavis/book/https%3A%2F%2Fcdl.edu.thepalaceproject.org%2F110644%2Fworks%2FURI%252Furn%253Auuid%253A0e55857f-c0ab-40ac-8064-abb709338a7b', 'first_author': 'Small, Alastair', 'online_identifier': '9781803270654', 'publisher_name': 'Archaeopress Publishing Ltd', 'publication_type': 'monograph', 'date_monograph_published_online': '2022', 'first_editor': '', 'access_type': 'openaccess', 'source_id': 'urn:uuid:0e55857f-c0ab-40ac-8064-abb709338a7b', 'source_id_type': 'Media ID'}
Record 103: {'title_id': 'urn:uuid:09e98098-81e3-4963-8274-4fe73af6e7ea', 'publication_title': 'Down to Earth Archaeology', 'title_url': 'https://patron-academic.thepalaceproject.org/ucdavis/book/https%3A%2F%2Fcdl.edu.thepalaceproject.org%2F110644%2Fworks%2FURI%252Furn%253Auuid%253A09e98098-81e3-4963-8274-4fe73af6e7ea', 'first_author': 'Adams, William  Y.', 'online_identifier': '9781803272306', 'publisher_name': 'Archaeopress Publishing Ltd', 'publication_type': 'monograph', 'date_monograph_published_online': '2022', 'first_editor': '', 'access_type': 'openaccess', 'source_id': 'urn:uuid:09e98098-81e3-4963-8274-4fe73af6e7ea', 'source_id_type': 'Media ID'}
Record 104: {'title_id': 'urn:uuid:64e14761-9610-4a1f-8254-ff8d388fbe2c', 'publication_title': 'How Comics Travel : Publication, Translation, Radical Literacies', 'title_url': 'https://patron-academic.thepalaceproject.org/ucdavis/book/https%3A%2F%2Fcdl.edu.thepalaceproject.org%2F110644%2Fworks%2FURI%252Furn%253Auuid%253A64e14761-9610-4a1f-8254-ff8d388fbe2c', 'first_author': 'Kelp-Stebbins, Katherine', 'online_identifier': '9780814215043', 'publisher_name': 'The Ohio State University Press', 'publication_type': 'monograph', 'date_monograph_published_online': '2022', 'first_editor': '', 'access_type': 'openaccess', 'source_id': 'urn:uuid:64e14761-9610-4a1f-8254-ff8d388fbe2c', 'source_id_type': 'Media ID'}
Record 105: {'title_id': 'urn:uuid:ccfe84ea-5f15-4daa-ad5c-8e97d258af61', 'publication_title': 'Euregio Mobility in der beruflichen Bildung : Über die Grenze gehen und denken', 'title_url': 'https://patron-academic.thepalaceproject.org/ucdavis/book/https%3A%2F%2Fcdl.edu.thepalaceproject.org%2F110644%2Fworks%2FURI%252Furn%253Auuid%253Accfe84ea-5f15-4daa-ad5c-8e97d258af61', 'first_author': 'Stelzer, Jana', 'online_identifier': '9783763972449', 'publisher_name': 'wbv Media GmbH & Co. KG', 'publication_type': 'monograph', 'date_monograph_published_online': '2022', 'first_editor': '', 'access_type': 'openaccess', 'source_id': 'urn:uuid:ccfe84ea-5f15-4daa-ad5c-8e97d258af61', 'source_id_type': 'Media ID'}
Record 106: {'title_id': 'urn:uuid:c9c0df24-32ca-449e-a0ff-66933897cc89', 'publication_title': 'The Maritime Economy of Ancient Cyprus in Terms of the New Institutional Economics', 'title_url': 'https://patron-academic.thepalaceproject.org/ucdavis/book/https%3A%2F%2Fcdl.edu.thepalaceproject.org%2F110644%2Fworks%2FURI%252Furn%253Auuid%253Ac9c0df24-32ca-449e-a0ff-66933897cc89', 'first_author': 'Parpas, Andreas  P.', 'online_identifier': '9781803272481', 'publisher_name': 'Archaeopress Publishing Ltd', 'publication_type': 'monograph', 'date_monograph_published_online': '2022', 'first_editor': '', 'access_type': 'openaccess', 'source_id': 'urn:uuid:c9c0df24-32ca-449e-a0ff-66933897cc89', 'source_id_type': 'Media ID'}
Record 107: {'title_id': 'urn:uuid:bae23a44-ed9e-4ab1-b599-5fb1bb487fde', 'publication_title': 'Living with Seismic Phenomena in the Mediterranean and Beyond between Antiquity and the Middle Ages : Proceedings of Cascia (25-26 October, 2019) and Le Mans (2-3 June, 2021) Conferences', 'title_url': 'https://patron-academic.thepalaceproject.org/ucdavis/book/https%3A%2F%2Fcdl.edu.thepalaceproject.org%2F110644%2Fworks%2FURI%252Furn%253Auuid%253Abae23a44-ed9e-4ab1-b599-5fb1bb487fde', 'first_author': 'Compatangelo-Soussignan, Rita', 'online_identifier': '9781803272368', 'publisher_name': 'Archaeopress Publishing Ltd', 'publication_type': 'monograph', 'date_monograph_published_online': '2022', 'first_editor': '', 'access_type': 'openaccess', 'source_id': 'urn:uuid:bae23a44-ed9e-4ab1-b599-5fb1bb487fde', 'source_id_type': 'Media ID'}
Record 108: {'title_id': 'urn:uuid:ba2d55b0-130b-4c38-bbd3-cae7c316811a', 'publication_title': 'In Pursuit of Visibility : Essays in Archaeology, Ethnography, and Text in Honor of Beth Alpert Nakhai', 'title_url': 'https://patron-academic.thepalaceproject.org/ucdavis/book/https%3A%2F%2Fcdl.edu.thepalaceproject.org%2F110644%2Fworks%2FURI%252Furn%253Auuid%253Aba2d55b0-130b-4c38-bbd3-cae7c316811a', 'first_author': 'Ebeling, Jennie', 'online_identifier': '9781803272320', 'publisher_name': 'Archaeopress Publishing Ltd', 'publication_type': 'monograph', 'date_monograph_published_online': '2022', 'first_editor': '', 'access_type': 'openaccess', 'source_id': 'urn:uuid:ba2d55b0-130b-4c38-bbd3-cae7c316811a', 'source_id_type': 'Media ID'}
Record 109: {'title_id': 'urn:uuid:a2e36fba-b616-4203-ba9e-1538f821a9d8', 'publication_title': 'Laying the Foundations : Manual of the British Museum Iraq Scheme Archaeological Training Programme', 'title_url': 'https://patron-academic.thepalaceproject.org/ucdavis/book/https%3A%2F%2Fcdl.edu.thepalaceproject.org%2F110644%2Fworks%2FURI%252Furn%253Auuid%253Aa2e36fba-b616-4203-ba9e-1538f821a9d8', 'first_author': 'MacGinnis, John', 'online_identifier': '9781803271415', 'publisher_name': 'Archaeopress Publishing Ltd', 'publication_type': 'monograph', 'date_monograph_published_online': '2022', 'first_editor': '', 'access_type': 'openaccess', 'source_id': 'urn:uuid:a2e36fba-b616-4203-ba9e-1538f821a9d8', 'source_id_type': 'Media ID'}
Record 110: {'title_id': 'urn:uuid:a2107669-cb1c-4dc7-a086-5b08042a652f', 'publication_title': 'Stratton, Biggleswade : 1,300 Years of Village Life in Eastern Bedfordshire from the 5th Century AD', 'title_url': 'https://patron-academic.thepalaceproject.org/ucdavis/book/https%3A%2F%2Fcdl.edu.thepalaceproject.org%2F110644%2Fworks%2FURI%252Furn%253Auuid%253Aa2107669-cb1c-4dc7-a086-5b08042a652f', 'first_author': 'Shotliff, Drew', 'online_identifier': '9781803270753', 'publisher_name': 'Archaeopress Publishing Ltd', 'publication_type': 'monograph', 'date_monograph_published_online': '2022', 'first_editor': '', 'access_type': 'openaccess', 'source_id': 'urn:uuid:a2107669-cb1c-4dc7-a086-5b08042a652f', 'source_id_type': 'Media ID'}
Record 111: {'title_id': 'urn:uuid:9226138c-8664-44e3-bc2c-239d3e342d6a', 'publication_title': 'Hadrian’s Wall :  Exploring Its Past to Protect Its Future', 'title_url': 'https://patron-academic.thepalaceproject.org/ucdavis/book/https%3A%2F%2Fcdl.edu.thepalaceproject.org%2F110644%2Fworks%2FURI%252Furn%253Auuid%253A9226138c-8664-44e3-bc2c-239d3e342d6a', 'first_author': 'Alberti, Marta', 'online_identifier': '9781803272757', 'publisher_name': 'Archaeopress Publishing Ltd', 'publication_type': 'monograph', 'date_monograph_published_online': '2022', 'first_editor': '', 'access_type': 'openaccess', 'source_id': 'urn:uuid:9226138c-8664-44e3-bc2c-239d3e342d6a', 'source_id_type': 'Media ID'}
Record 112: {'title_id': 'urn:uuid:92039000-5fd0-4e64-a8a9-95f01d0b24c0', 'publication_title': 'The Delta Survey Workshop:  : Proceedings from Conferences held in Alexandria (2017) and Mansoura (2019)', 'title_url': 'https://patron-academic.thepalaceproject.org/ucdavis/book/https%3A%2F%2Fcdl.edu.thepalaceproject.org%2F110644%2Fworks%2FURI%252Furn%253Auuid%253A92039000-5fd0-4e64-a8a9-95f01d0b24c0', 'first_author': 'Wahby, Ayman', 'online_identifier': '9781803272900', 'publisher_name': 'Archaeopress Publishing Ltd', 'publication_type': 'monograph', 'date_monograph_published_online': '2022', 'first_editor': '', 'access_type': 'openaccess', 'source_id': 'urn:uuid:92039000-5fd0-4e64-a8a9-95f01d0b24c0', 'source_id_type': 'Media ID'}
Record 113: {'title_id': 'urn:uuid:89028477-1cfa-4c4d-9152-08dd8bad8725', 'publication_title': 'Traffici commerciali e approdi portuali nella Sardegna meridionale : Analisi dei contenitori da trasporto e dei contesti subacquei (III-VII secolo)', 'title_url': 'https://patron-academic.thepalaceproject.org/ucdavis/book/https%3A%2F%2Fcdl.edu.thepalaceproject.org%2F110644%2Fworks%2FURI%252Furn%253Auuid%253A89028477-1cfa-4c4d-9152-08dd8bad8725', 'first_author': 'Soro, Laura', 'online_identifier': '9781803271194', 'publisher_name': 'Archaeopress Publishing Ltd', 'publication_type': 'monograph', 'date_monograph_published_online': '2022', 'first_editor': '', 'access_type': 'openaccess', 'source_id': 'urn:uuid:89028477-1cfa-4c4d-9152-08dd8bad8725', 'source_id_type': 'Media ID'}
Record 114: {'title_id': 'urn:uuid:84e6fbf2-c3a0-46e7-b5ba-be75a1f9fafd', 'publication_title': 'Matriarchy in Bronze Age Crete : A Perspective from Archaeomythology and Modern Matriarchal Studies', 'title_url': 'https://patron-academic.thepalaceproject.org/ucdavis/book/https%3A%2F%2Fcdl.edu.thepalaceproject.org%2F110644%2Fworks%2FURI%252Furn%253Auuid%253A84e6fbf2-c3a0-46e7-b5ba-be75a1f9fafd', 'first_author': 'Cichon, Joan  M.', 'online_identifier': '9781803270456', 'publisher_name': 'Archaeopress Publishing Ltd', 'publication_type': 'monograph', 'date_monograph_published_online': '2022', 'first_editor': '', 'access_type': 'openaccess', 'source_id': 'urn:uuid:84e6fbf2-c3a0-46e7-b5ba-be75a1f9fafd', 'source_id_type': 'Media ID'}
Record 115: {'title_id': 'urn:uuid:74bd09d1-53a6-4607-b6ea-90ac3f528c0d', 'publication_title': 'The Watlington Hoard : Coinage, Kings and the Viking Great Army in Oxfordshire, AD875–880', 'title_url': 'https://patron-academic.thepalaceproject.org/ucdavis/book/https%3A%2F%2Fcdl.edu.thepalaceproject.org%2F110644%2Fworks%2FURI%252Furn%253Auuid%253A74bd09d1-53a6-4607-b6ea-90ac3f528c0d', 'first_author': 'Naylor, John', 'online_identifier': '9781789698305', 'publisher_name': 'Archaeopress Publishing Ltd', 'publication_type': 'monograph', 'date_monograph_published_online': '2022', 'first_editor': '', 'access_type': 'openaccess', 'source_id': 'urn:uuid:74bd09d1-53a6-4607-b6ea-90ac3f528c0d', 'source_id_type': 'Media ID'}
Record 116: {'title_id': 'urn:uuid:6b41cf19-646e-4884-b02d-18b12a2a1c34', 'publication_title': 'Practice and Prestige : An Exploration of Neolithic Warfare, Bell Beaker Archery, and Social Stratification from an Anthropological Perspective', 'title_url': 'https://patron-academic.thepalaceproject.org/ucdavis/book/https%3A%2F%2Fcdl.edu.thepalaceproject.org%2F110644%2Fworks%2FURI%252Furn%253Auuid%253A6b41cf19-646e-4884-b02d-18b12a2a1c34', 'first_author': 'Ryan-Despraz, Jessica', 'online_identifier': '9781803270531', 'publisher_name': 'Archaeopress Publishing', 'publication_type': 'monograph', 'date_monograph_published_online': '2022', 'first_editor': '', 'access_type': 'openaccess', 'source_id': 'urn:uuid:6b41cf19-646e-4884-b02d-18b12a2a1c34', 'source_id_type': 'Media ID'}
Record 117: {'title_id': 'urn:uuid:631c7f2f-c197-4dc5-96b8-3a016202fcdc', 'publication_title': 'The family of Pa-di-Amun-neb-nesut-tawy from Thebes (TT 414) revisited : The Case Study of Kalutj/Nes-Khonsu (G108 + G137)', 'title_url': 'https://patron-academic.thepalaceproject.org/ucdavis/book/https%3A%2F%2Fcdl.edu.thepalaceproject.org%2F110644%2Fworks%2FURI%252Furn%253Auuid%253A631c7f2f-c197-4dc5-96b8-3a016202fcdc', 'first_author': 'Budka, Julia', 'online_identifier': '9781803271637', 'publisher_name': 'Archaeopress Publishing Ltd', 'publication_type': 'monograph', 'date_monograph_published_online': '2022', 'first_editor': '', 'access_type': 'openaccess', 'source_id': 'urn:uuid:631c7f2f-c197-4dc5-96b8-3a016202fcdc', 'source_id_type': 'Media ID'}
Record 118: {'title_id': 'urn:uuid:4d84289b-f185-47ee-aa47-d074d1fa632f', 'publication_title': 'Bridging the Gap: Disciplines, Times, and Spaces in Dialogue – Volume 3', 'title_url': 'https://patron-academic.thepalaceproject.org/ucdavis/book/https%3A%2F%2Fcdl.edu.thepalaceproject.org%2F110644%2Fworks%2FURI%252Furn%253Auuid%253A4d84289b-f185-47ee-aa47-d074d1fa632f', 'first_author': 'Coppini, Costanza', 'online_identifier': '9781803273419', 'publisher_name': 'Archaeopress Publishing Ltd', 'publication_type': 'monograph', 'date_monograph_published_online': '2022', 'first_editor': '', 'access_type': 'openaccess', 'source_id': 'urn:uuid:4d84289b-f185-47ee-aa47-d074d1fa632f', 'source_id_type': 'Media ID'}
Record 119: {'title_id': 'urn:uuid:0fd588bf-3b82-4f4e-9d24-18dc953f33fd', 'publication_title': 'On the Significance of Religion in Violence Against Women and Girls', 'title_url': 'https://patron-academic.thepalaceproject.org/ucdavis/book/https%3A%2F%2Fcdl.edu.thepalaceproject.org%2F110644%2Fworks%2FURI%252Furn%253Auuid%253A0fd588bf-3b82-4f4e-9d24-18dc953f33fd', 'first_author': '', 'online_identifier': '9781000811339', 'publisher_name': 'Taylor and Francis', 'publication_type': 'monograph', 'date_monograph_published_online': '2022', 'first_editor': '', 'access_type': 'openaccess', 'source_id': 'urn:uuid:0fd588bf-3b82-4f4e-9d24-18dc953f33fd', 'source_id_type': 'Media ID'}
Record 120: {'title_id': 'urn:uuid:cb8c0c22-e95f-41ed-b63e-c114dea693d4', 'publication_title': 'The Socialist Way of Life in Siberia : Transformation in Buryatia', 'title_url': 'https://patron-academic.thepalaceproject.org/ucdavis/book/https%3A%2F%2Fcdl.edu.thepalaceproject.org%2F110644%2Fworks%2FURI%252Furn%253Auuid%253Acb8c0c22-e95f-41ed-b63e-c114dea693d4', 'first_author': 'Chakars, Melissa', 'online_identifier': '9781644698495', 'publisher_name': 'Academic Studies Press', 'publication_type': 'monograph', 'date_monograph_published_online': '2022', 'first_editor': '', 'access_type': 'openaccess', 'source_id': 'urn:uuid:cb8c0c22-e95f-41ed-b63e-c114dea693d4', 'source_id_type': 'Media ID'}
Record 121: {'title_id': 'urn:uuid:550d3a89-1f36-4975-8fba-cc881e933ad2', 'publication_title': 'Integrated Wastewater Management for Health and Valorization : A Design Manual for Resource Challenged Cities', 'title_url': 'https://patron-academic.thepalaceproject.org/ucdavis/book/https%3A%2F%2Fcdl.edu.thepalaceproject.org%2F110644%2Fworks%2FURI%252Furn%253Auuid%253A550d3a89-1f36-4975-8fba-cc881e933ad2', 'first_author': 'Oakley, Stewart', 'online_identifier': '9781789061536', 'publisher_name': 'IWA Publishing', 'publication_type': 'monograph', 'date_monograph_published_online': '2022', 'first_editor': '', 'access_type': 'openaccess', 'source_id': 'urn:uuid:550d3a89-1f36-4975-8fba-cc881e933ad2', 'source_id_type': 'Media ID'}
Record 122: {'title_id': 'urn:uuid:4faa7b11-7517-4f6b-889c-7305e7bf689f', 'publication_title': 'Anne Frank’s Tree : Nature’s Confrontation with Technology, Domination, and the Holocaust', 'title_url': 'https://patron-academic.thepalaceproject.org/ucdavis/book/https%3A%2F%2Fcdl.edu.thepalaceproject.org%2F110644%2Fworks%2FURI%252Furn%253Auuid%253A4faa7b11-7517-4f6b-889c-7305e7bf689f', 'first_author': 'Katz, Eric', 'online_identifier': '9781912186365', 'publisher_name': 'The White Horse Press', 'publication_type': 'monograph', 'date_monograph_published_online': '2022', 'first_editor': '', 'access_type': 'openaccess', 'source_id': 'urn:uuid:4faa7b11-7517-4f6b-889c-7305e7bf689f', 'source_id_type': 'Media ID'}
Record 123: {'title_id': 'urn:uuid:fb3c7253-d395-41b4-82b0-bda6679c4010', 'publication_title': 'The Rediscovery and Reception of Gandhāran Art : Proceedings of the Fourth International Workshop of the Gandhāra Connections Project, University of Oxford, 24th-26th March, 2021', 'title_url': 'https://patron-academic.thepalaceproject.org/ucdavis/book/https%3A%2F%2Fcdl.edu.thepalaceproject.org%2F110644%2Fworks%2FURI%252Furn%253Auuid%253Afb3c7253-d395-41b4-82b0-bda6679c4010', 'first_author': 'Rienjang, Wannaporn', 'online_identifier': '9781803272344', 'publisher_name': 'Archaeopress Publishing Ltd', 'publication_type': 'monograph', 'date_monograph_published_online': '2022', 'first_editor': '', 'access_type': 'openaccess', 'source_id': 'urn:uuid:fb3c7253-d395-41b4-82b0-bda6679c4010', 'source_id_type': 'Media ID'}
Record 124: {'title_id': 'urn:uuid:f24c051b-ca9b-4055-b696-121eef09c217', 'publication_title': 'Tutankhamun Knew the Names of the Two Great Gods : Dt and nHH as Fundamental Concepts of Pharaonic Ideology', 'title_url': 'https://patron-academic.thepalaceproject.org/ucdavis/book/https%3A%2F%2Fcdl.edu.thepalaceproject.org%2F110644%2Fworks%2FURI%252Furn%253Auuid%253Af24c051b-ca9b-4055-b696-121eef09c217', 'first_author': 'Gregory, Steven R.W.', 'online_identifier': '9781789699869', 'publisher_name': 'Archaeopress Publishing Ltd', 'publication_type': 'monograph', 'date_monograph_published_online': '2022', 'first_editor': '', 'access_type': 'openaccess', 'source_id': 'urn:uuid:f24c051b-ca9b-4055-b696-121eef09c217', 'source_id_type': 'Media ID'}
Record 125: {'title_id': 'urn:uuid:f2167f1f-d35e-42bb-97b7-d49c105bb706', 'publication_title': '"The Bell Beaker Culture in All its Forms" : Proceedings of the 22nd Meeting of ‘Archéologie et Gobelets’ 2021 (Geneva, Switzerland)', 'title_url': 'https://patron-academic.thepalaceproject.org/ucdavis/book/https%3A%2F%2Fcdl.edu.thepalaceproject.org%2F110644%2Fworks%2FURI%252Furn%253Auuid%253Af2167f1f-d35e-42bb-97b7-d49c105bb706', 'first_author': 'Abegg, Claudine', 'online_identifier': '9781803273648', 'publisher_name': 'Archaeopress Publishing Ltd', 'publication_type': 'monograph', 'date_monograph_published_online': '2022', 'first_editor': '', 'access_type': 'openaccess', 'source_id': 'urn:uuid:f2167f1f-d35e-42bb-97b7-d49c105bb706', 'source_id_type': 'Media ID'}
Record 126: {'title_id': 'urn:uuid:3e3388f1-7692-4d80-88fb-48c7341791ee', 'publication_title': 'The Politics of Digital Pharmacology : Exploring the Craft of Collective Care', 'title_url': 'https://patron-academic.thepalaceproject.org/ucdavis/book/https%3A%2F%2Fcdl.edu.thepalaceproject.org%2F110644%2Fworks%2FURI%252Furn%253Auuid%253A3e3388f1-7692-4d80-88fb-48c7341791ee', 'first_author': '', 'online_identifier': '9783732862498', 'publisher_name': 'transcript Verlag', 'publication_type': 'monograph', 'date_monograph_published_online': '2022', 'first_editor': '', 'access_type': 'openaccess', 'source_id': 'urn:uuid:3e3388f1-7692-4d80-88fb-48c7341791ee', 'source_id_type': 'Media ID'}
Record 127: {'title_id': 'urn:uuid:39520b7a-3c1d-4840-a5e4-20c2fff87954', 'publication_title': '"We Are All Activists" : Exploring Solidarities in Activism By, With and For Refugees and Migrants in Hamburg', 'title_url': 'https://patron-academic.thepalaceproject.org/ucdavis/book/https%3A%2F%2Fcdl.edu.thepalaceproject.org%2F110644%2Fworks%2FURI%252Furn%253Auuid%253A39520b7a-3c1d-4840-a5e4-20c2fff87954', 'first_author': 'Rzadtki, Lea', 'online_identifier': '9783732863495', 'publisher_name': 'transcript Verlag', 'publication_type': 'monograph', 'date_monograph_published_online': '2022', 'first_editor': '', 'access_type': 'openaccess', 'source_id': 'urn:uuid:39520b7a-3c1d-4840-a5e4-20c2fff87954', 'source_id_type': 'Media ID'}
Record 128: {'title_id': 'urn:uuid:1265b1c9-1dcd-4e5f-a613-ca93edea12f0', 'publication_title': 'Disputed Archival Heritage', 'title_url': 'https://patron-academic.thepalaceproject.org/ucdavis/book/https%3A%2F%2Fcdl.edu.thepalaceproject.org%2F110644%2Fworks%2FURI%252Furn%253Auuid%253A1265b1c9-1dcd-4e5f-a613-ca93edea12f0', 'first_author': 'Lowry, James', 'online_identifier': '9781003057765', 'publisher_name': 'ROUTLEDGE', 'publication_type': 'monograph', 'date_monograph_published_online': '2022', 'first_editor': '', 'access_type': 'openaccess', 'source_id': 'urn:uuid:1265b1c9-1dcd-4e5f-a613-ca93edea12f0', 'source_id_type': 'Media ID'}
Record 129: {'title_id': 'urn:uuid:0a76c4c1-c08c-4e80-8a2a-aeb8aed07bbf', 'publication_title': 'Gender-Based Violence in Children’s Sport', 'title_url': 'https://patron-academic.thepalaceproject.org/ucdavis/book/https%3A%2F%2Fcdl.edu.thepalaceproject.org%2F110644%2Fworks%2FURI%252Furn%253Auuid%253A0a76c4c1-c08c-4e80-8a2a-aeb8aed07bbf', 'first_author': 'KERR, GRETCHEN', 'online_identifier': '9781003035138', 'publisher_name': 'ROUTLEDGE', 'publication_type': 'monograph', 'date_monograph_published_online': '2022', 'first_editor': '', 'access_type': 'openaccess', 'source_id': 'urn:uuid:0a76c4c1-c08c-4e80-8a2a-aeb8aed07bbf', 'source_id_type': 'Media ID'}
Record 130: {'title_id': 'urn:uuid:ec29c537-907a-476e-b0cc-c7f740d964c8', 'publication_title': 'Religion and World Politics : Connecting Theory with Practice', 'title_url': 'https://patron-academic.thepalaceproject.org/ucdavis/book/https%3A%2F%2Fcdl.edu.thepalaceproject.org%2F110644%2Fworks%2FURI%252Furn%253Auuid%253Aec29c537-907a-476e-b0cc-c7f740d964c8', 'first_author': 'Wilson, Erin K.', 'online_identifier': '9781000816990', 'publisher_name': 'Taylor and Francis', 'publication_type': 'monograph', 'date_monograph_published_online': '2022', 'first_editor': '', 'access_type': 'openaccess', 'source_id': 'urn:uuid:ec29c537-907a-476e-b0cc-c7f740d964c8', 'source_id_type': 'Media ID'}
Record 131: {'title_id': 'urn:uuid:b402607a-55ea-4f54-bb2d-a0e1fab33fa2', 'publication_title': 'The Future of Self-Governing, Thriving Democracies : Democratic Innovations By, With and For the People', 'title_url': 'https://patron-academic.thepalaceproject.org/ucdavis/book/https%3A%2F%2Fcdl.edu.thepalaceproject.org%2F110644%2Fworks%2FURI%252Furn%253Auuid%253Ab402607a-55ea-4f54-bb2d-a0e1fab33fa2', 'first_author': 'Geissel, Brigitte', 'online_identifier': '9781000801248', 'publisher_name': 'Taylor and Francis', 'publication_type': 'monograph', 'date_monograph_published_online': '2022', 'first_editor': '', 'access_type': 'openaccess', 'source_id': 'urn:uuid:b402607a-55ea-4f54-bb2d-a0e1fab33fa2', 'source_id_type': 'Media ID'}
Record 132: {'title_id': 'urn:uuid:9937cb6b-add1-4bda-b0ca-fd8eb9855224', 'publication_title': 'Live, Die, Buy, Eat : A Cultural History of Animals and Meat', 'title_url': 'https://patron-academic.thepalaceproject.org/ucdavis/book/https%3A%2F%2Fcdl.edu.thepalaceproject.org%2F110644%2Fworks%2FURI%252Furn%253Auuid%253A9937cb6b-add1-4bda-b0ca-fd8eb9855224', 'first_author': '', 'online_identifier': '9781317188537', 'publisher_name': 'Taylor and Francis', 'publication_type': 'monograph', 'date_monograph_published_online': '2022', 'first_editor': '', 'access_type': 'openaccess', 'source_id': 'urn:uuid:9937cb6b-add1-4bda-b0ca-fd8eb9855224', 'source_id_type': 'Media ID'}
Record 133: {'title_id': 'urn:uuid:7e92f963-6a3c-4acb-b81d-37246d2bb943', 'publication_title': 'Seven Democratic Virtues of Liberal Education : A Student-Inspired Agenda for Teaching Civic Virtue in European Universities', 'title_url': 'https://patron-academic.thepalaceproject.org/ucdavis/book/https%3A%2F%2Fcdl.edu.thepalaceproject.org%2F110644%2Fworks%2FURI%252Furn%253Auuid%253A7e92f963-6a3c-4acb-b81d-37246d2bb943', 'first_author': 'Dekker, Teun J.', 'online_identifier': '9781000834314', 'publisher_name': 'Taylor and Francis', 'publication_type': 'monograph', 'date_monograph_published_online': '2022', 'first_editor': '', 'access_type': 'openaccess', 'source_id': 'urn:uuid:7e92f963-6a3c-4acb-b81d-37246d2bb943', 'source_id_type': 'Media ID'}
Record 134: {'title_id': 'urn:uuid:5cb91d68-286a-4282-beae-13b38b2a63a1', 'publication_title': 'Sovereign Debt Sustainability : Multilateral Debt Treatment and the Credit Rating Impasse', 'title_url': 'https://patron-academic.thepalaceproject.org/ucdavis/book/https%3A%2F%2Fcdl.edu.thepalaceproject.org%2F110644%2Fworks%2FURI%252Furn%253Auuid%253A5cb91d68-286a-4282-beae-13b38b2a63a1', 'first_author': 'Cash, Daniel', 'online_identifier': '9781000802542', 'publisher_name': 'Taylor and Francis', 'publication_type': 'monograph', 'date_monograph_published_online': '2022', 'first_editor': '', 'access_type': 'openaccess', 'source_id': 'urn:uuid:5cb91d68-286a-4282-beae-13b38b2a63a1', 'source_id_type': 'Media ID'}
Record 135: {'title_id': 'urn:uuid:45fe3e20-24d7-4467-8452-9152a35e4d22', 'publication_title': 'Superdiversity : Migration and Social Complexity', 'title_url': 'https://patron-academic.thepalaceproject.org/ucdavis/book/https%3A%2F%2Fcdl.edu.thepalaceproject.org%2F110644%2Fworks%2FURI%252Furn%253Auuid%253A45fe3e20-24d7-4467-8452-9152a35e4d22', 'first_author': 'Vertovec, Steven', 'online_identifier': '9781135049423', 'publisher_name': 'Taylor and Francis', 'publication_type': 'monograph', 'date_monograph_published_online': '2022', 'first_editor': '', 'access_type': 'openaccess', 'source_id': 'urn:uuid:45fe3e20-24d7-4467-8452-9152a35e4d22', 'source_id_type': 'Media ID'}
Record 136: {'title_id': 'urn:uuid:45fe3e20-24d7-4467-8452-9152a35e4d22', 'publication_title': 'Superdiversity : Migration and Social Complexity', 'title_url': 'https://patron-academic.thepalaceproject.org/ucdavis/book/https%3A%2F%2Fcdl.edu.thepalaceproject.org%2F110644%2Fworks%2FURI%252Furn%253Auuid%253A45fe3e20-24d7-4467-8452-9152a35e4d22', 'first_author': 'Vertovec, Steven', 'online_identifier': '9781135049423', 'publisher_name': 'Taylor and Francis', 'publication_type': 'monograph', 'date_monograph_published_online': '2022', 'first_editor': '', 'access_type': 'openaccess', 'source_id': 'urn:uuid:45fe3e20-24d7-4467-8452-9152a35e4d22', 'source_id_type': 'Media ID'}
Record 137: {'title_id': 'urn:uuid:7998146e-6a8d-4a5e-9fd5-8fd2eff3b817', 'publication_title': "Touching at a Distance : Shakespeare's Theatre", 'title_url': 'https://patron-academic.thepalaceproject.org/ucdavis/book/https%3A%2F%2Fcdl.edu.thepalaceproject.org%2F110644%2Fworks%2FURI%252Furn%253Auuid%253A7998146e-6a8d-4a5e-9fd5-8fd2eff3b817', 'first_author': 'Ungelenk, Johannes', 'online_identifier': '9781474497848', 'publisher_name': 'Edinburgh University Press', 'publication_type': 'monograph', 'date_monograph_published_online': '2023', 'first_editor': '', 'access_type': 'openaccess', 'source_id': 'urn:uuid:7998146e-6a8d-4a5e-9fd5-8fd2eff3b817', 'source_id_type': 'Media ID'}
Record 138: {'title_id': 'urn:uuid:4088eba5-245e-47a3-bce4-e15c465cfb9e', 'publication_title': 'The Modernist Anthropocene : Nonhuman Life and Planetary Change in James Joyce, Virginia Woolf and Djuna Barnes', 'title_url': 'https://patron-academic.thepalaceproject.org/ucdavis/book/https%3A%2F%2Fcdl.edu.thepalaceproject.org%2F110644%2Fworks%2FURI%252Furn%253Auuid%253A4088eba5-245e-47a3-bce4-e15c465cfb9e', 'first_author': 'Adkins, Peter', 'online_identifier': '9781474481984', 'publisher_name': 'Edinburgh University Press', 'publication_type': 'monograph', 'date_monograph_published_online': '2023', 'first_editor': '', 'access_type': 'openaccess', 'source_id': 'urn:uuid:4088eba5-245e-47a3-bce4-e15c465cfb9e', 'source_id_type': 'Media ID'}
Record 139: {'title_id': 'urn:uuid:52b0b86a-9ada-4fd9-a3dd-ad329d9a59d0', 'publication_title': 'Asbestos – The Last Modernist Object', 'title_url': 'https://patron-academic.thepalaceproject.org/ucdavis/book/https%3A%2F%2Fcdl.edu.thepalaceproject.org%2F110644%2Fworks%2FURI%252Furn%253Auuid%253A52b0b86a-9ada-4fd9-a3dd-ad329d9a59d0', 'first_author': 'Rose, Arthur', 'online_identifier': '9781474482448', 'publisher_name': 'Edinburgh University Press', 'publication_type': 'monograph', 'date_monograph_published_online': '2023', 'first_editor': '', 'access_type': 'openaccess', 'source_id': 'urn:uuid:52b0b86a-9ada-4fd9-a3dd-ad329d9a59d0', 'source_id_type': 'Media ID'}
Record 140: {'title_id': 'urn:uuid:7f0b844f-a61e-445c-933f-caaf9f8be3fa', 'publication_title': 'Georg Lukács and Critical Theory : Aesthetics, History, Utopia', 'title_url': 'https://patron-academic.thepalaceproject.org/ucdavis/book/https%3A%2F%2Fcdl.edu.thepalaceproject.org%2F110644%2Fworks%2FURI%252Furn%253Auuid%253A7f0b844f-a61e-445c-933f-caaf9f8be3fa', 'first_author': 'Miller, Tyrus', 'online_identifier': '9781399502436', 'publisher_name': 'Edinburgh University Press', 'publication_type': 'monograph', 'date_monograph_published_online': '2023', 'first_editor': '', 'access_type': 'openaccess', 'source_id': 'urn:uuid:7f0b844f-a61e-445c-933f-caaf9f8be3fa', 'source_id_type': 'Media ID'}
Record 141: {'title_id': 'urn:uuid:c79f4bf5-306d-4c6d-a43d-87335452caa4', 'publication_title': 'Making Media Matter : Critical Literacy, Popular Culture, and Creative Production', 'title_url': 'https://patron-academic.thepalaceproject.org/ucdavis/book/https%3A%2F%2Fcdl.edu.thepalaceproject.org%2F110644%2Fworks%2FURI%252Furn%253Auuid%253Ac79f4bf5-306d-4c6d-a43d-87335452caa4', 'first_author': 'THEVENIN, BENJAMIN', 'online_identifier': '9781003057925', 'publisher_name': 'ROUTLEDGE', 'publication_type': 'monograph', 'date_monograph_published_online': '2022', 'first_editor': '', 'access_type': 'openaccess', 'source_id': 'urn:uuid:c79f4bf5-306d-4c6d-a43d-87335452caa4', 'source_id_type': 'Media ID'}
Record 142: {'title_id': 'urn:uuid:1ac20382-6e98-475b-bb1b-12e1bb060abd', 'publication_title': 'A Neo-Fatimid Treasury of Books : Arabic Manuscripts among the Alawi Bohras of South Asia', 'title_url': 'https://patron-academic.thepalaceproject.org/ucdavis/book/https%3A%2F%2Fcdl.edu.thepalaceproject.org%2F110644%2Fworks%2FURI%252Furn%253Auuid%253A1ac20382-6e98-475b-bb1b-12e1bb060abd', 'first_author': 'Akkerman, Olly', 'online_identifier': '9781474479585', 'publisher_name': 'Edinburgh University Press', 'publication_type': 'monograph', 'date_monograph_published_online': '2023', 'first_editor': '', 'access_type': 'openaccess', 'source_id': 'urn:uuid:1ac20382-6e98-475b-bb1b-12e1bb060abd', 'source_id_type': 'Media ID'}
Record 143: {'title_id': 'urn:uuid:f2f26153-1e39-420d-935e-8806c22f5742', 'publication_title': 'Identities and Intimacies on Social Media : Transnational Perspectives', 'title_url': 'https://patron-academic.thepalaceproject.org/ucdavis/book/https%3A%2F%2Fcdl.edu.thepalaceproject.org%2F110644%2Fworks%2FURI%252Furn%253Auuid%253Af2f26153-1e39-420d-935e-8806c22f5742', 'first_author': 'Krijnen, Tonny', 'online_identifier': '9781000799552', 'publisher_name': 'Taylor and Francis', 'publication_type': 'monograph', 'date_monograph_published_online': '2022', 'first_editor': '', 'access_type': 'openaccess', 'source_id': 'urn:uuid:f2f26153-1e39-420d-935e-8806c22f5742', 'source_id_type': 'Media ID'}
Record 144: {'title_id': 'urn:uuid:183afa37-d0fe-4026-bab6-ba3a1d42955f', 'publication_title': 'Deflective Whiteness : Co-Opting Black and Latinx Identity Politics', 'title_url': 'https://patron-academic.thepalaceproject.org/ucdavis/book/https%3A%2F%2Fcdl.edu.thepalaceproject.org%2F110644%2Fworks%2FURI%252Furn%253Auuid%253A183afa37-d0fe-4026-bab6-ba3a1d42955f', 'first_author': 'Noel, Hannah', 'online_identifier': '9780814215180', 'publisher_name': 'The Ohio State University Press', 'publication_type': 'monograph', 'date_monograph_published_online': '2022', 'first_editor': '', 'access_type': 'openaccess', 'source_id': 'urn:uuid:183afa37-d0fe-4026-bab6-ba3a1d42955f', 'source_id_type': 'Media ID'}
Record 145: {'title_id': 'urn:uuid:27d0ec0b-da61-4d1e-a231-2b7e93e46744', 'publication_title': 'How special are early birds? : Foreign language teaching and learning', 'title_url': 'https://patron-academic.thepalaceproject.org/ucdavis/book/https%3A%2F%2Fcdl.edu.thepalaceproject.org%2F110644%2Fworks%2FURI%252Furn%253Auuid%253A27d0ec0b-da61-4d1e-a231-2b7e93e46744', 'first_author': 'McManus, Kevin', 'online_identifier': '9783961103898', 'publisher_name': 'Language Science Press', 'publication_type': 'monograph', 'date_monograph_published_online': '2022', 'first_editor': '', 'access_type': 'openaccess', 'source_id': 'urn:uuid:27d0ec0b-da61-4d1e-a231-2b7e93e46744', 'source_id_type': 'Media ID'}
Record 146: {'title_id': 'urn:uuid:f91bb08d-3b21-43e5-84ba-553c5b0c89ce', 'publication_title': 'Women’s Political Representation in Iran and Turkey : Demanding a Seat at the Table', 'title_url': 'https://patron-academic.thepalaceproject.org/ucdavis/book/https%3A%2F%2Fcdl.edu.thepalaceproject.org%2F110644%2Fworks%2FURI%252Furn%253Auuid%253Af91bb08d-3b21-43e5-84ba-553c5b0c89ce', 'first_author': 'Tajali, Mona', 'online_identifier': '9781474499484', 'publisher_name': 'Edinburgh University Press', 'publication_type': 'monograph', 'date_monograph_published_online': '2023', 'first_editor': '', 'access_type': 'openaccess', 'source_id': 'urn:uuid:f91bb08d-3b21-43e5-84ba-553c5b0c89ce', 'source_id_type': 'Media ID'}
Record 147: {'title_id': 'urn:uuid:d05be604-d8ed-4532-8ae3-76c0e573b20f', 'publication_title': 'Marx’s Theory of Land, Rent and Cities', 'title_url': 'https://patron-academic.thepalaceproject.org/ucdavis/book/https%3A%2F%2Fcdl.edu.thepalaceproject.org%2F110644%2Fworks%2FURI%252Furn%253Auuid%253Ad05be604-d8ed-4532-8ae3-76c0e573b20f', 'first_author': 'Munro, Don', 'online_identifier': '9781474490061', 'publisher_name': 'Edinburgh University Press', 'publication_type': 'monograph', 'date_monograph_published_online': '2023', 'first_editor': '', 'access_type': 'openaccess', 'source_id': 'urn:uuid:d05be604-d8ed-4532-8ae3-76c0e573b20f', 'source_id_type': 'Media ID'}
Record 148: {'title_id': 'urn:uuid:4f68d088-4841-489e-ad72-595a6942e744', 'publication_title': 'Capitalism, Coronavirus and War : A Geopolitical Economy', 'title_url': 'https://patron-academic.thepalaceproject.org/ucdavis/book/https%3A%2F%2Fcdl.edu.thepalaceproject.org%2F110644%2Fworks%2FURI%252Furn%253Auuid%253A4f68d088-4841-489e-ad72-595a6942e744', 'first_author': 'Desai, Radhika', 'online_identifier': '9781003200000', 'publisher_name': 'Routledge', 'publication_type': 'monograph', 'date_monograph_published_online': '2022', 'first_editor': '', 'access_type': 'openaccess', 'source_id': 'urn:uuid:4f68d088-4841-489e-ad72-595a6942e744', 'source_id_type': 'Media ID'}
Record 149: {'title_id': 'urn:uuid:e0097756-3cd7-49fc-a0c8-7a348144d9ff', 'publication_title': 'Production, perception, and comprehension of subphonemic detail : Word-Final /s/ in English', 'title_url': 'https://patron-academic.thepalaceproject.org/ucdavis/book/https%3A%2F%2Fcdl.edu.thepalaceproject.org%2F110644%2Fworks%2FURI%252Furn%253Auuid%253Ae0097756-3cd7-49fc-a0c8-7a348144d9ff', 'first_author': 'Schmitz, Dominic', 'online_identifier': '9783961104017', 'publisher_name': 'Language Science Press', 'publication_type': 'monograph', 'date_monograph_published_online': '2022', 'first_editor': '', 'access_type': 'openaccess', 'source_id': 'urn:uuid:e0097756-3cd7-49fc-a0c8-7a348144d9ff', 'source_id_type': 'Media ID'}
Record 150: {'title_id': 'urn:uuid:a1c3ee98-5201-466f-8de4-a698c8033d75', 'publication_title': 'Prokop von Caesarea', 'title_url': 'https://patron-academic.thepalaceproject.org/ucdavis/book/https%3A%2F%2Fcdl.edu.thepalaceproject.org%2F110644%2Fworks%2FURI%252Furn%253Auuid%253Aa1c3ee98-5201-466f-8de4-a698c8033d75', 'first_author': 'Brodka, Dariusz', 'online_identifier': '9783487423418', 'publisher_name': 'Georg Olms Verlag', 'publication_type': 'monograph', 'date_monograph_published_online': '2022', 'first_editor': '', 'access_type': 'openaccess', 'source_id': 'urn:uuid:a1c3ee98-5201-466f-8de4-a698c8033d75', 'source_id_type': 'Media ID'}
Record 151: {'title_id': 'urn:uuid:478a521d-d0f8-40a3-aaf1-0ab607bdfdfc', 'publication_title': 'A grammar of Choguita Rarámuri : In collaboration with Luz Elena León Ramírez, Sebastián Fuentes Holguín, Bertha Fuentes Loya and other Choguita Rarámuri language experts', 'title_url': 'https://patron-academic.thepalaceproject.org/ucdavis/book/https%3A%2F%2Fcdl.edu.thepalaceproject.org%2F110644%2Fworks%2FURI%252Furn%253Auuid%253A478a521d-d0f8-40a3-aaf1-0ab607bdfdfc', 'first_author': 'Caballero, Gabriela', 'online_identifier': '9783961103997', 'publisher_name': 'Language Science Press', 'publication_type': 'monograph', 'date_monograph_published_online': '2022', 'first_editor': '', 'access_type': 'openaccess', 'source_id': 'urn:uuid:478a521d-d0f8-40a3-aaf1-0ab607bdfdfc', 'source_id_type': 'Media ID'}
Record 152: {'title_id': 'urn:uuid:019b433e-a19d-43a4-bf64-f28dd5ada901', 'publication_title': 'Velar fronting in German dialects : A study in synchronic and diachronic phonology', 'title_url': 'https://patron-academic.thepalaceproject.org/ucdavis/book/https%3A%2F%2Fcdl.edu.thepalaceproject.org%2F110644%2Fworks%2FURI%252Furn%253Auuid%253A019b433e-a19d-43a4-bf64-f28dd5ada901', 'first_author': 'Hall, Tracy Alan', 'online_identifier': '9783961103980', 'publisher_name': 'Language Science Press', 'publication_type': 'monograph', 'date_monograph_published_online': '2022', 'first_editor': '', 'access_type': 'openaccess', 'source_id': 'urn:uuid:019b433e-a19d-43a4-bf64-f28dd5ada901', 'source_id_type': 'Media ID'}
Record 153: {'title_id': 'urn:uuid:2e83ec65-065e-4569-818c-e67aa060ac26', 'publication_title': 'Environing Empire : Nature, Infrastructure, and the Making of German Southwest Africa (Volume 23)', 'title_url': 'https://patron-academic.thepalaceproject.org/ucdavis/book/https%3A%2F%2Fcdl.edu.thepalaceproject.org%2F110644%2Fworks%2FURI%252Furn%253Auuid%253A2e83ec65-065e-4569-818c-e67aa060ac26', 'first_author': 'Kalb, Martin', 'online_identifier': '9781800732896', 'publisher_name': 'Berghahn Books', 'publication_type': 'monograph', 'date_monograph_published_online': '2022', 'first_editor': '', 'access_type': 'openaccess', 'source_id': 'urn:uuid:2e83ec65-065e-4569-818c-e67aa060ac26', 'source_id_type': 'Media ID'}
Record 154: {'title_id': 'urn:uuid:a55abe9b-30fd-4480-8882-cc5dd4546b4d', 'publication_title': 'The Politics of Climate Change Knowledge : Labelling Climate Change-induced Uprooted People', 'title_url': 'https://patron-academic.thepalaceproject.org/ucdavis/book/https%3A%2F%2Fcdl.edu.thepalaceproject.org%2F110644%2Fworks%2FURI%252Furn%253Auuid%253Aa55abe9b-30fd-4480-8882-cc5dd4546b4d', 'first_author': 'Tabassum, Nowrin', 'online_identifier': '9781003038283', 'publisher_name': 'ROUTLEDGE', 'publication_type': 'monograph', 'date_monograph_published_online': '2022', 'first_editor': '', 'access_type': 'openaccess', 'source_id': 'urn:uuid:a55abe9b-30fd-4480-8882-cc5dd4546b4d', 'source_id_type': 'Media ID'}
Record 155: {'title_id': 'urn:uuid:7db1c74a-77ab-4816-b257-66dd51583ad2', 'publication_title': 'Cash Flow : The Businesses of Menstruation', 'title_url': 'https://patron-academic.thepalaceproject.org/ucdavis/book/https%3A%2F%2Fcdl.edu.thepalaceproject.org%2F110644%2Fworks%2FURI%252Furn%253Auuid%253A7db1c74a-77ab-4816-b257-66dd51583ad2', 'first_author': 'Røstvik, Camilla Mørk', 'online_identifier': '9781787355682', 'publisher_name': 'UCL Press', 'publication_type': 'monograph', 'date_monograph_published_online': '2023', 'first_editor': '', 'access_type': 'openaccess', 'source_id': 'urn:uuid:7db1c74a-77ab-4816-b257-66dd51583ad2', 'source_id_type': 'Media ID'}
Record 156: {'title_id': 'urn:uuid:605ab0cd-98d2-43bd-995b-c2133e998e70', 'publication_title': 'Partnerships for Sustainability in Contemporary Global Governance : Pathways to Effectiveness', 'title_url': 'https://patron-academic.thepalaceproject.org/ucdavis/book/https%3A%2F%2Fcdl.edu.thepalaceproject.org%2F110644%2Fworks%2FURI%252Furn%253Auuid%253A605ab0cd-98d2-43bd-995b-c2133e998e70', 'first_author': '', 'online_identifier': '9781003148371', 'publisher_name': 'ROUTLEDGE', 'publication_type': 'monograph', 'date_monograph_published_online': '2022', 'first_editor': '', 'access_type': 'openaccess', 'source_id': 'urn:uuid:605ab0cd-98d2-43bd-995b-c2133e998e70', 'source_id_type': 'Media ID'}
Record 157: {'title_id': 'urn:uuid:4f3d25ef-c4dc-4384-87fd-03c51f28a681', 'publication_title': 'Global Authoritarianism : Perspectives and Contestations from the South', 'title_url': 'https://patron-academic.thepalaceproject.org/ucdavis/book/https%3A%2F%2Fcdl.edu.thepalaceproject.org%2F110644%2Fworks%2FURI%252Furn%253Auuid%253A4f3d25ef-c4dc-4384-87fd-03c51f28a681', 'first_author': '', 'online_identifier': '9783839462096', 'publisher_name': 'transcript Verlag', 'publication_type': 'monograph', 'date_monograph_published_online': '2022', 'first_editor': '', 'access_type': 'openaccess', 'source_id': 'urn:uuid:4f3d25ef-c4dc-4384-87fd-03c51f28a681', 'source_id_type': 'Media ID'}
Record 158: {'title_id': 'urn:uuid:8d712ec5-cfd0-4417-914f-5e53682fe539', 'publication_title': 'Sentient Ecologies : Xenophobic Imaginaries of Landscape', 'title_url': 'https://patron-academic.thepalaceproject.org/ucdavis/book/https%3A%2F%2Fcdl.edu.thepalaceproject.org%2F110644%2Fworks%2FURI%252Furn%253Auuid%253A8d712ec5-cfd0-4417-914f-5e53682fe539', 'first_author': 'Coțofană, Alexandra', 'online_identifier': '9781800737662', 'publisher_name': 'Berghahn Books', 'publication_type': 'monograph', 'date_monograph_published_online': '2022', 'first_editor': '', 'access_type': 'openaccess', 'source_id': 'urn:uuid:8d712ec5-cfd0-4417-914f-5e53682fe539', 'source_id_type': 'Media ID'}
Record 159: {'title_id': 'urn:uuid:040d3272-d65f-4cce-ae6e-9cf6f50d9075', 'publication_title': 'Covid-19, Older Adults and the Ageing Society', 'title_url': 'https://patron-academic.thepalaceproject.org/ucdavis/book/https%3A%2F%2Fcdl.edu.thepalaceproject.org%2F110644%2Fworks%2FURI%252Furn%253Auuid%253A040d3272-d65f-4cce-ae6e-9cf6f50d9075', 'first_author': '', 'online_identifier': '9781000582697', 'publisher_name': 'Taylor and Francis', 'publication_type': 'monograph', 'date_monograph_published_online': '2022', 'first_editor': '', 'access_type': 'openaccess', 'source_id': 'urn:uuid:040d3272-d65f-4cce-ae6e-9cf6f50d9075', 'source_id_type': 'Media ID'}
Record 160: {'title_id': 'urn:uuid:be33b9cd-326b-47d2-8802-3635ba54e79c', 'publication_title': 'Work Requirements : Race, Disability, and the Print Culture of Social Welfare', 'title_url': 'https://patron-academic.thepalaceproject.org/ucdavis/book/https%3A%2F%2Fcdl.edu.thepalaceproject.org%2F110644%2Fworks%2FURI%252Furn%253Auuid%253Abe33b9cd-326b-47d2-8802-3635ba54e79c', 'first_author': 'Carmody, Todd', 'online_identifier': '9781478092834', 'publisher_name': 'Duke University Press', 'publication_type': 'monograph', 'date_monograph_published_online': '2022', 'first_editor': '', 'access_type': 'openaccess', 'source_id': 'urn:uuid:be33b9cd-326b-47d2-8802-3635ba54e79c', 'source_id_type': 'Media ID'}
Record 161: {'title_id': 'urn:uuid:a4d8c73a-9109-43ad-8f34-9f6b29310b31', 'publication_title': 'Anthropocene Childhoods : Speculative Fiction, Racialization, and Climate Crisis', 'title_url': 'https://patron-academic.thepalaceproject.org/ucdavis/book/https%3A%2F%2Fcdl.edu.thepalaceproject.org%2F110644%2Fworks%2FURI%252Furn%253Auuid%253Aa4d8c73a-9109-43ad-8f34-9f6b29310b31', 'first_author': 'Ashton, Emily', 'online_identifier': '9781350262393', 'publisher_name': 'Bloomsbury', 'publication_type': 'monograph', 'date_monograph_published_online': '2022', 'first_editor': '', 'access_type': 'openaccess', 'source_id': 'urn:uuid:a4d8c73a-9109-43ad-8f34-9f6b29310b31', 'source_id_type': 'Media ID'}
Record 162: {'title_id': 'urn:uuid:0295c72b-d3f9-48e8-ab69-2e9785d78b1c', 'publication_title': 'Machine translation for everyone: : Empowering users in the age of artificial intelligence', 'title_url': 'https://patron-academic.thepalaceproject.org/ucdavis/book/https%3A%2F%2Fcdl.edu.thepalaceproject.org%2F110644%2Fworks%2FURI%252Furn%253Auuid%253A0295c72b-d3f9-48e8-ab69-2e9785d78b1c', 'first_author': 'Kenny, Dorothy', 'online_identifier': '9783961103485', 'publisher_name': 'Language Science Press', 'publication_type': 'monograph', 'date_monograph_published_online': '2022', 'first_editor': '', 'access_type': 'openaccess', 'source_id': 'urn:uuid:0295c72b-d3f9-48e8-ab69-2e9785d78b1c', 'source_id_type': 'Media ID'}
Record 163: {'title_id': 'urn:uuid:c4382567-a91e-4a3b-a968-800db915af8b', 'publication_title': 'Sprachkontrolle im Spiegel der Maschinellen Übersetzung: : Untersuchung zur Wechselwirkung ausgewählter Regeln der Kontrollierten Sprache mit verschiedenen Ansätzen der Maschinellen Übersetzung', 'title_url': 'https://patron-academic.thepalaceproject.org/ucdavis/book/https%3A%2F%2Fcdl.edu.thepalaceproject.org%2F110644%2Fworks%2FURI%252Furn%253Auuid%253Ac4382567-a91e-4a3b-a968-800db915af8b', 'first_author': 'Marzouk, Shaimaa', 'online_identifier': '9783961103942', 'publisher_name': 'Language Science Press', 'publication_type': 'monograph', 'date_monograph_published_online': '2022', 'first_editor': '', 'access_type': 'openaccess', 'source_id': 'urn:uuid:c4382567-a91e-4a3b-a968-800db915af8b', 'source_id_type': 'Media ID'}
Record 164: {'title_id': 'urn:uuid:d973c158-9479-4544-bfa2-06f9255a3ff9', 'publication_title': 'Metaphor in Illness Writing : Fight and Battle Reused', 'title_url': 'https://patron-academic.thepalaceproject.org/ucdavis/book/https%3A%2F%2Fcdl.edu.thepalaceproject.org%2F110644%2Fworks%2FURI%252Furn%253Auuid%253Ad973c158-9479-4544-bfa2-06f9255a3ff9', 'first_author': 'Wohlman, Anita', 'online_identifier': '9781399500883', 'publisher_name': 'Edinburgh University Press', 'publication_type': 'monograph', 'date_monograph_published_online': '2022', 'first_editor': '', 'access_type': 'openaccess', 'source_id': 'urn:uuid:d973c158-9479-4544-bfa2-06f9255a3ff9', 'source_id_type': 'Media ID'}
Record 165: {'title_id': 'urn:uuid:c9ae93e4-c973-4aef-8167-b73d659a4f88', 'publication_title': 'A Summer of Mass Murder : 1941 Rehearsal for the Hungarian Holocaust', 'title_url': 'https://patron-academic.thepalaceproject.org/ucdavis/book/https%3A%2F%2Fcdl.edu.thepalaceproject.org%2F110644%2Fworks%2FURI%252Furn%253Auuid%253Ac9ae93e4-c973-4aef-8167-b73d659a4f88', 'first_author': 'Eisen, George', 'online_identifier': '9781612497778', 'publisher_name': 'Purdue University Press', 'publication_type': 'monograph', 'date_monograph_published_online': '2022', 'first_editor': '', 'access_type': 'openaccess', 'source_id': 'urn:uuid:c9ae93e4-c973-4aef-8167-b73d659a4f88', 'source_id_type': 'Media ID'}
Record 166: {'title_id': 'urn:uuid:4a26fd12-bc1c-4c77-b4e3-23c7f7bc8c55', 'publication_title': 'The Nazis, the Vatican, and the Jews of Rome', 'title_url': 'https://patron-academic.thepalaceproject.org/ucdavis/book/https%3A%2F%2Fcdl.edu.thepalaceproject.org%2F110644%2Fworks%2FURI%252Furn%253Auuid%253A4a26fd12-bc1c-4c77-b4e3-23c7f7bc8c55', 'first_author': 'Gallo, Patric', 'online_identifier': '9781612497884', 'publisher_name': 'Purdue University Press', 'publication_type': 'monograph', 'date_monograph_published_online': '2022', 'first_editor': '', 'access_type': 'openaccess', 'source_id': 'urn:uuid:4a26fd12-bc1c-4c77-b4e3-23c7f7bc8c55', 'source_id_type': 'Media ID'}
Record 167: {'title_id': 'urn:uuid:87cb061b-28f9-4f6c-849c-c59db129bf60', 'publication_title': 'Ancient Olive Presses and Oil Production : In Cyrenaica (North-East Libya)', 'title_url': 'https://patron-academic.thepalaceproject.org/ucdavis/book/https%3A%2F%2Fcdl.edu.thepalaceproject.org%2F110644%2Fworks%2FURI%252Furn%253Auuid%253A87cb061b-28f9-4f6c-849c-c59db129bf60', 'first_author': 'Buzaian, Ahmed', 'online_identifier': '9781915808011', 'publisher_name': 'British Institute for Libyan and Northern African Studies', 'publication_type': 'monograph', 'date_monograph_published_online': '2022', 'first_editor': '', 'access_type': 'openaccess', 'source_id': 'urn:uuid:87cb061b-28f9-4f6c-849c-c59db129bf60', 'source_id_type': 'Media ID'}
Record 168: {'title_id': 'urn:uuid:29d482b2-e219-4d8e-a22b-bf7f17b44695', 'publication_title': 'Echoing Events : The Perpetuation of National Narratives in English and Dutch History Textbooks, 1920–2010', 'title_url': 'https://patron-academic.thepalaceproject.org/ucdavis/book/https%3A%2F%2Fcdl.edu.thepalaceproject.org%2F110644%2Fworks%2FURI%252Furn%253Auuid%253A29d482b2-e219-4d8e-a22b-bf7f17b44695', 'first_author': 'van der Vlies, Tina', 'online_identifier': '9783737014502', 'publisher_name': 'V&R unipress', 'publication_type': 'monograph', 'date_monograph_published_online': '2022', 'first_editor': '', 'access_type': 'openaccess', 'source_id': 'urn:uuid:29d482b2-e219-4d8e-a22b-bf7f17b44695', 'source_id_type': 'Media ID'}
Record 169: {'title_id': 'urn:uuid:ac86bd51-cf5b-456c-a095-bcea4f0f4858', 'publication_title': 'Writing the Past in Twenty-first-century American Fiction', 'title_url': 'https://patron-academic.thepalaceproject.org/ucdavis/book/https%3A%2F%2Fcdl.edu.thepalaceproject.org%2F110644%2Fworks%2FURI%252Furn%253Auuid%253Aac86bd51-cf5b-456c-a095-bcea4f0f4858', 'first_author': 'Lawrie, Alexandra', 'online_identifier': '9781474463461', 'publisher_name': 'Edinburgh University Press', 'publication_type': 'monograph', 'date_monograph_published_online': '2024', 'first_editor': '', 'access_type': 'openaccess', 'source_id': 'urn:uuid:ac86bd51-cf5b-456c-a095-bcea4f0f4858', 'source_id_type': 'Media ID'}
Record 170: {'title_id': 'urn:uuid:a6446e3d-b54a-4ba9-b43d-82a5463acc6b', 'publication_title': 'AI IN THE AGE OF CYBER-DISORDER : Actors, Trends, and Prospects', 'title_url': 'https://patron-academic.thepalaceproject.org/ucdavis/book/https%3A%2F%2Fcdl.edu.thepalaceproject.org%2F110644%2Fworks%2FURI%252Furn%253Auuid%253Aa6446e3d-b54a-4ba9-b43d-82a5463acc6b', 'first_author': 'Rugge, Fabio', 'online_identifier': '9788855263832', 'publisher_name': 'Ledizioni-Ledipublishing', 'publication_type': 'monograph', 'date_monograph_published_online': '2022', 'first_editor': '', 'access_type': 'openaccess', 'source_id': 'urn:uuid:a6446e3d-b54a-4ba9-b43d-82a5463acc6b', 'source_id_type': 'Media ID'}
Record 171: {'title_id': 'urn:uuid:c5ce8c68-d0fd-4724-a137-a5bf620409bf', 'publication_title': 'Property, Substance, and Effect : Anthropological Essays on Persons and Things', 'title_url': 'https://patron-academic.thepalaceproject.org/ucdavis/book/https%3A%2F%2Fcdl.edu.thepalaceproject.org%2F110644%2Fworks%2FURI%252Furn%253Auuid%253Ac5ce8c68-d0fd-4724-a137-a5bf620409bf', 'first_author': 'Strathern, Marilyn', 'online_identifier': '', 'publisher_name': 'HAU Books', 'publication_type': 'monograph', 'date_monograph_published_online': '2023', 'first_editor': '', 'access_type': 'openaccess', 'source_id': 'urn:uuid:c5ce8c68-d0fd-4724-a137-a5bf620409bf', 'source_id_type': 'Media ID'}
Record 172: {'title_id': 'urn:uuid:8dcb29b2-2e54-4f68-b5ac-c60b7db9ff6e', 'publication_title': 'Policy and Practice in Rural Tanzania : Grazing, Fishing and Farming at the Local–Global Interface', 'title_url': 'https://patron-academic.thepalaceproject.org/ucdavis/book/https%3A%2F%2Fcdl.edu.thepalaceproject.org%2F110644%2Fworks%2FURI%252Furn%253Auuid%253A8dcb29b2-2e54-4f68-b5ac-c60b7db9ff6e', 'first_author': 'Allegretti, Antonio', 'online_identifier': '9781912186624', 'publisher_name': 'The White Horse Press', 'publication_type': 'monograph', 'date_monograph_published_online': '2022', 'first_editor': '', 'access_type': 'openaccess', 'source_id': 'urn:uuid:8dcb29b2-2e54-4f68-b5ac-c60b7db9ff6e', 'source_id_type': 'Media ID'}
Record 173: {'title_id': 'urn:uuid:8dcb29b2-2e54-4f68-b5ac-c60b7db9ff6e', 'publication_title': 'Policy and Practice in Rural Tanzania : Grazing, Fishing and Farming at the Local–Global Interface', 'title_url': 'https://patron-academic.thepalaceproject.org/ucdavis/book/https%3A%2F%2Fcdl.edu.thepalaceproject.org%2F110644%2Fworks%2FURI%252Furn%253Auuid%253A8dcb29b2-2e54-4f68-b5ac-c60b7db9ff6e', 'first_author': 'Allegretti, Antonio', 'online_identifier': '9781912186624', 'publisher_name': 'The White Horse Press', 'publication_type': 'monograph', 'date_monograph_published_online': '2022', 'first_editor': '', 'access_type': 'openaccess', 'source_id': 'urn:uuid:8dcb29b2-2e54-4f68-b5ac-c60b7db9ff6e', 'source_id_type': 'Media ID'}
Record 174: {'title_id': 'urn:uuid:71c88bf1-bd3a-49ac-aa4b-d3590642371a', 'publication_title': 'Plutarch’s Cosmological Ethics', 'title_url': 'https://patron-academic.thepalaceproject.org/ucdavis/book/https%3A%2F%2Fcdl.edu.thepalaceproject.org%2F110644%2Fworks%2FURI%252Furn%253Auuid%253A71c88bf1-bd3a-49ac-aa4b-d3590642371a', 'first_author': 'Demulder, Bram', 'online_identifier': '9789461664518', 'publisher_name': 'Universitaire Pers Leuven', 'publication_type': 'monograph', 'date_monograph_published_online': '2023', 'first_editor': '', 'access_type': 'openaccess', 'source_id': 'urn:uuid:71c88bf1-bd3a-49ac-aa4b-d3590642371a', 'source_id_type': 'Media ID'}
Record 175: {'title_id': 'urn:uuid:5568ae1c-ef5b-41e0-86f5-99d3c30c176d', 'publication_title': 'Climate Change and the New Polar Aesthetics Artists Reimagine the Arctic and Antarctic : Artists Reimagine the Arctic and Antarctic', 'title_url': 'https://patron-academic.thepalaceproject.org/ucdavis/book/https%3A%2F%2Fcdl.edu.thepalaceproject.org%2F110644%2Fworks%2FURI%252Furn%253Auuid%253A5568ae1c-ef5b-41e0-86f5-99d3c30c176d', 'first_author': 'Bloom,  Lisa E.', 'online_identifier': '9781478092865', 'publisher_name': 'Duke University Press', 'publication_type': 'monograph', 'date_monograph_published_online': '2022', 'first_editor': '', 'access_type': 'openaccess', 'source_id': 'urn:uuid:5568ae1c-ef5b-41e0-86f5-99d3c30c176d', 'source_id_type': 'Media ID'}
Record 176: {'title_id': 'urn:uuid:8429609a-b2b8-41ef-b968-5f43d6c95298', 'publication_title': 'Antiracist Medievalisms : From “Yellow Peril” to Black Lives Matter', 'title_url': 'https://patron-academic.thepalaceproject.org/ucdavis/book/https%3A%2F%2Fcdl.edu.thepalaceproject.org%2F110644%2Fworks%2FURI%252Furn%253Auuid%253A8429609a-b2b8-41ef-b968-5f43d6c95298', 'first_author': 'Hsy, Jonathan', 'online_identifier': '9781641893152', 'publisher_name': 'Amsterdam University Press', 'publication_type': 'monograph', 'date_monograph_published_online': '2021', 'first_editor': '', 'access_type': 'openaccess', 'source_id': 'urn:uuid:8429609a-b2b8-41ef-b968-5f43d6c95298', 'source_id_type': 'Media ID'}
Record 177: {'title_id': 'https://library.oapen.org/handle/20.500.12657/93570', 'publication_title': 'Stereotypes and Myths Intertextuality in Central European Imagological Reflections', 'title_url': 'https://patron-academic.thepalaceproject.org/ucdavis/book/https%3A%2F%2Fcdl.edu.thepalaceproject.org%2F110644%2Fworks%2FURI%252Fhttps%253A%252F%252Flibrary.oapen.org%252Fhandle%252F20.500.12657%252F93570', 'first_author': '', 'online_identifier': '', 'publisher_name': 'Peter Lang International Academic Publishers', 'publication_type': 'monograph', 'date_monograph_published_online': '2022', 'first_editor': '', 'access_type': 'openaccess', 'source_id': '20.500.12657/93570', 'source_id_type': 'File Handle'}
Record 178: {'title_id': 'https://library.oapen.org/handle/20.500.12657/58556', 'publication_title': 'Exercise Prescription in Cardiac Rehabilitation A Practical Approach to Early Mobilization and Exercise Training', 'title_url': 'https://patron-academic.thepalaceproject.org/ucdavis/book/https%3A%2F%2Fcdl.edu.thepalaceproject.org%2F110644%2Fworks%2FURI%252Fhttps%253A%252F%252Flibrary.oapen.org%252Fhandle%252F20.500.12657%252F58556', 'first_author': '', 'online_identifier': '', 'publisher_name': 'MDPI - Multidisciplinary Digital Publishing Institute', 'publication_type': 'monograph', 'date_monograph_published_online': '2022', 'first_editor': 'AlSulaimi, Meteb', 'access_type': 'openaccess', 'source_id': '20.500.12657/58556', 'source_id_type': 'File Handle'}
Record 179: {'title_id': 'https://library.oapen.org/handle/20.500.12657/92633', 'publication_title': 'The European Union and the United Nations in Global Governance', 'title_url': 'https://patron-academic.thepalaceproject.org/ucdavis/book/https%3A%2F%2Fcdl.edu.thepalaceproject.org%2F110644%2Fworks%2FURI%252Fhttps%253A%252F%252Flibrary.oapen.org%252Fhandle%252F20.500.12657%252F92633', 'first_author': 'Hosli, Madeleine O.', 'online_identifier': '', 'publisher_name': 'Bristol University Press', 'publication_type': 'monograph', 'date_monograph_published_online': '2022', 'first_editor': '', 'access_type': 'openaccess', 'source_id': '20.500.12657/92633', 'source_id_type': 'File Handle'}
Record 180: {'title_id': 'https://library.oapen.org/handle/20.500.12657/92750', 'publication_title': 'Sexual Violence and Restorative Justice Addressing the Justice Gap', 'title_url': 'https://patron-academic.thepalaceproject.org/ucdavis/book/https%3A%2F%2Fcdl.edu.thepalaceproject.org%2F110644%2Fworks%2FURI%252Fhttps%253A%252F%252Flibrary.oapen.org%252Fhandle%252F20.500.12657%252F92750', 'first_author': '', 'online_identifier': '', 'publisher_name': 'Oxford University Press', 'publication_type': 'monograph', 'date_monograph_published_online': '2022', 'first_editor': '', 'access_type': 'openaccess', 'source_id': '20.500.12657/92750', 'source_id_type': 'File Handle'}
Record 181: {'title_id': 'https://library.oapen.org/handle/20.500.12657/92556', 'publication_title': 'Executive Power The Prerogative, Past, Present and Future', 'title_url': 'https://patron-academic.thepalaceproject.org/ucdavis/book/https%3A%2F%2Fcdl.edu.thepalaceproject.org%2F110644%2Fworks%2FURI%252Fhttps%253A%252F%252Flibrary.oapen.org%252Fhandle%252F20.500.12657%252F92556', 'first_author': '', 'online_identifier': '', 'publisher_name': 'Bloomsbury Academic', 'publication_type': 'monograph', 'date_monograph_published_online': '2022', 'first_editor': '', 'access_type': 'openaccess', 'source_id': '20.500.12657/92556', 'source_id_type': 'File Handle'}
Record 182: {'title_id': 'https://library.oapen.org/handle/20.500.12657/92555', 'publication_title': 'Gender, Violence and Criminal Justice in the Colonial Pacific 1880-1920', 'title_url': 'https://patron-academic.thepalaceproject.org/ucdavis/book/https%3A%2F%2Fcdl.edu.thepalaceproject.org%2F110644%2Fworks%2FURI%252Fhttps%253A%252F%252Flibrary.oapen.org%252Fhandle%252F20.500.12657%252F92555', 'first_author': 'Stevens, Kate', 'online_identifier': '', 'publisher_name': 'Bloomsbury Academic', 'publication_type': 'monograph', 'date_monograph_published_online': '2022', 'first_editor': '', 'access_type': 'openaccess', 'source_id': '20.500.12657/92555', 'source_id_type': 'File Handle'}
Record 183: {'title_id': 'https://library.oapen.org/handle/20.500.12657/92460', 'publication_title': 'Familiar Faces', 'title_url': 'https://patron-academic.thepalaceproject.org/ucdavis/book/https%3A%2F%2Fcdl.edu.thepalaceproject.org%2F110644%2Fworks%2FURI%252Fhttps%253A%252F%252Flibrary.oapen.org%252Fhandle%252F20.500.12657%252F92460', 'first_author': 'Cieplak, Piotr', 'online_identifier': '', 'publisher_name': 'Goldsmiths Press', 'publication_type': 'monograph', 'date_monograph_published_online': '2022', 'first_editor': '', 'access_type': 'openaccess', 'source_id': '20.500.12657/92460', 'source_id_type': 'File Handle'}
Record 184: {'title_id': 'https://library.oapen.org/handle/20.500.12657/92379', 'publication_title': 'Democracy in Hard Places', 'title_url': 'https://patron-academic.thepalaceproject.org/ucdavis/book/https%3A%2F%2Fcdl.edu.thepalaceproject.org%2F110644%2Fworks%2FURI%252Fhttps%253A%252F%252Flibrary.oapen.org%252Fhandle%252F20.500.12657%252F92379', 'first_author': '', 'online_identifier': '', 'publisher_name': 'Oxford University Press', 'publication_type': 'monograph', 'date_monograph_published_online': '2022', 'first_editor': 'Mainwaring, Scott', 'access_type': 'openaccess', 'source_id': '20.500.12657/92379', 'source_id_type': 'File Handle'}
Record 185: {'title_id': 'https://library.oapen.org/handle/20.500.12657/92258', 'publication_title': 'Transport in Capitalism Transport Policy as Social Policy', 'title_url': 'https://patron-academic.thepalaceproject.org/ucdavis/book/https%3A%2F%2Fcdl.edu.thepalaceproject.org%2F110644%2Fworks%2FURI%252Fhttps%253A%252F%252Flibrary.oapen.org%252Fhandle%252F20.500.12657%252F92258', 'first_author': 'Schwedes, Oliver', 'online_identifier': '', 'publisher_name': 'transcript Verlag', 'publication_type': 'monograph', 'date_monograph_published_online': '2022', 'first_editor': '', 'access_type': 'openaccess', 'source_id': '20.500.12657/92258', 'source_id_type': 'File Handle'}
Record 186: {'title_id': 'https://library.oapen.org/handle/20.500.12657/92131', 'publication_title': 'Capitalism--its Nature and its Replacement Buddhist and Marxist Insights', 'title_url': 'https://patron-academic.thepalaceproject.org/ucdavis/book/https%3A%2F%2Fcdl.edu.thepalaceproject.org%2F110644%2Fworks%2FURI%252Fhttps%253A%252F%252Flibrary.oapen.org%252Fhandle%252F20.500.12657%252F92131', 'first_author': 'Priest, Graham', 'online_identifier': '', 'publisher_name': 'Taylor & Francis', 'publication_type': 'monograph', 'date_monograph_published_online': '2022', 'first_editor': '', 'access_type': 'openaccess', 'source_id': '20.500.12657/92131', 'source_id_type': 'File Handle'}
Record 187: {'title_id': 'https://library.oapen.org/handle/20.500.12657/91687', 'publication_title': 'Artificial Intelligence and Democracy Risks and Promises of AI-Mediated Citizen-Government Relations', 'title_url': 'https://patron-academic.thepalaceproject.org/ucdavis/book/https%3A%2F%2Fcdl.edu.thepalaceproject.org%2F110644%2Fworks%2FURI%252Fhttps%253A%252F%252Flibrary.oapen.org%252Fhandle%252F20.500.12657%252F91687', 'first_author': 'Duberry, jerome', 'online_identifier': '', 'publisher_name': 'Edward Elgar Publishing', 'publication_type': 'monograph', 'date_monograph_published_online': '2022', 'first_editor': '', 'access_type': 'openaccess', 'source_id': '20.500.12657/91687', 'source_id_type': 'File Handle'}
Record 188: {'title_id': 'https://library.oapen.org/handle/20.500.12657/91852', 'publication_title': 'The Regulation of Deposit Guarantee Schemes in Switzerland and the United States: A Tale of Two Systems', 'title_url': 'https://patron-academic.thepalaceproject.org/ucdavis/book/https%3A%2F%2Fcdl.edu.thepalaceproject.org%2F110644%2Fworks%2FURI%252Fhttps%253A%252F%252Flibrary.oapen.org%252Fhandle%252F20.500.12657%252F91852', 'first_author': 'Ainouz, Samir', 'online_identifier': '', 'publisher_name': 'Dike Verlag AG', 'publication_type': 'monograph', 'date_monograph_published_online': '2022', 'first_editor': '', 'access_type': 'openaccess', 'source_id': '20.500.12657/91852', 'source_id_type': 'File Handle'}
Record 189: {'title_id': 'https://library.oapen.org/handle/20.500.12657/91990', 'publication_title': 'Political parties and the challenge of disintermediation: Rhetoric and practices of organizational change in Italy', 'title_url': 'https://patron-academic.thepalaceproject.org/ucdavis/book/https%3A%2F%2Fcdl.edu.thepalaceproject.org%2F110644%2Fworks%2FURI%252Fhttps%253A%252F%252Flibrary.oapen.org%252Fhandle%252F20.500.12657%252F91990', 'first_author': 'Biancalana, Cecilia', 'online_identifier': '', 'publisher_name': 'Nomos Verlagsgesellschaft mbH & Co. KG', 'publication_type': 'monograph', 'date_monograph_published_online': '2022', 'first_editor': '', 'access_type': 'openaccess', 'source_id': '20.500.12657/91990', 'source_id_type': 'File Handle'}
Record 190: {'title_id': 'https://library.oapen.org/handle/20.500.12657/91678', 'publication_title': 'Philosophy of Developmental Biology', 'title_url': 'https://patron-academic.thepalaceproject.org/ucdavis/book/https%3A%2F%2Fcdl.edu.thepalaceproject.org%2F110644%2Fworks%2FURI%252Fhttps%253A%252F%252Flibrary.oapen.org%252Fhandle%252F20.500.12657%252F91678', 'first_author': 'Weber, Marcel', 'online_identifier': '', 'publisher_name': 'Cambridge University Press', 'publication_type': 'monograph', 'date_monograph_published_online': '2022', 'first_editor': '', 'access_type': 'openaccess', 'source_id': '20.500.12657/91678', 'source_id_type': 'File Handle'}
Record 191: {'title_id': 'https://library.oapen.org/handle/20.500.12657/91919', 'publication_title': 'Facts Before the European Court of Human Rights', 'title_url': 'https://patron-academic.thepalaceproject.org/ucdavis/book/https%3A%2F%2Fcdl.edu.thepalaceproject.org%2F110644%2Fworks%2FURI%252Fhttps%253A%252F%252Flibrary.oapen.org%252Fhandle%252F20.500.12657%252F91919', 'first_author': '', 'online_identifier': '', 'publisher_name': 'Nomos Verlagsgesellschaft mbH & Co. KG', 'publication_type': 'monograph', 'date_monograph_published_online': '2022', 'first_editor': 'Hatje, Armin', 'access_type': 'openaccess', 'source_id': '20.500.12657/91919', 'source_id_type': 'File Handle'}
Record 192: {'title_id': 'https://library.oapen.org/handle/20.500.12657/59864', 'publication_title': 'Moving across Differences How Students Engage LGBTQ+ Themes in a High School Literature Class', 'title_url': 'https://patron-academic.thepalaceproject.org/ucdavis/book/https%3A%2F%2Fcdl.edu.thepalaceproject.org%2F110644%2Fworks%2FURI%252Fhttps%253A%252F%252Flibrary.oapen.org%252Fhandle%252F20.500.12657%252F59864', 'first_author': 'Blackburn, Mollie V.', 'online_identifier': '', 'publisher_name': 'State University of New York Press', 'publication_type': 'monograph', 'date_monograph_published_online': '2022', 'first_editor': '', 'access_type': 'openaccess', 'source_id': '20.500.12657/59864', 'source_id_type': 'File Handle'}
Record 193: {'title_id': 'https://library.oapen.org/handle/20.500.12657/91676', 'publication_title': 'An Exchange Rate History of the United Kingdom, 1945–1992', 'title_url': 'https://patron-academic.thepalaceproject.org/ucdavis/book/https%3A%2F%2Fcdl.edu.thepalaceproject.org%2F110644%2Fworks%2FURI%252Fhttps%253A%252F%252Flibrary.oapen.org%252Fhandle%252F20.500.12657%252F91676', 'first_author': 'Naef, Alain', 'online_identifier': '', 'publisher_name': 'Cambridge University Press', 'publication_type': 'monograph', 'date_monograph_published_online': '2022', 'first_editor': '', 'access_type': 'openaccess', 'source_id': '20.500.12657/91676', 'source_id_type': 'File Handle'}
Record 194: {'title_id': 'https://library.oapen.org/handle/20.500.12657/91680', 'publication_title': 'Statistics and the Language of Global Health: Institutions and Experts in China, Taiwan, and the World, 1917–1960', 'title_url': 'https://patron-academic.thepalaceproject.org/ucdavis/book/https%3A%2F%2Fcdl.edu.thepalaceproject.org%2F110644%2Fworks%2FURI%252Fhttps%253A%252F%252Flibrary.oapen.org%252Fhandle%252F20.500.12657%252F91680', 'first_author': 'Lin, Yi-Tang', 'online_identifier': '', 'publisher_name': 'Cambridge University Press', 'publication_type': 'monograph', 'date_monograph_published_online': '2022', 'first_editor': '', 'access_type': 'openaccess', 'source_id': '20.500.12657/91680', 'source_id_type': 'File Handle'}
Record 195: {'title_id': 'https://library.oapen.org/handle/20.500.12657/91689', 'publication_title': 'Conceptualizing Femicide as a Human Rights Violation: State Responsibility Under International Law', 'title_url': 'https://patron-academic.thepalaceproject.org/ucdavis/book/https%3A%2F%2Fcdl.edu.thepalaceproject.org%2F110644%2Fworks%2FURI%252Fhttps%253A%252F%252Flibrary.oapen.org%252Fhandle%252F20.500.12657%252F91689', 'first_author': 'Hefti, Angela', 'online_identifier': '', 'publisher_name': 'Edward Elgar Publishing', 'publication_type': 'monograph', 'date_monograph_published_online': '2022', 'first_editor': '', 'access_type': 'openaccess', 'source_id': '20.500.12657/91689', 'source_id_type': 'File Handle'}
Record 196: {'title_id': 'https://library.oapen.org/handle/20.500.12657/92004', 'publication_title': 'This Track Contains Politics: The Culture of Sampling in Experimental Electronica', 'title_url': 'https://patron-academic.thepalaceproject.org/ucdavis/book/https%3A%2F%2Fcdl.edu.thepalaceproject.org%2F110644%2Fworks%2FURI%252Fhttps%253A%252F%252Flibrary.oapen.org%252Fhandle%252F20.500.12657%252F92004', 'first_author': 'Liechti, Hannes', 'online_identifier': '', 'publisher_name': 'Norient Books', 'publication_type': 'monograph', 'date_monograph_published_online': '2022', 'first_editor': '', 'access_type': 'openaccess', 'source_id': '20.500.12657/92004', 'source_id_type': 'File Handle'}
Record 197: {'title_id': 'https://library.oapen.org/handle/20.500.12657/91846', 'publication_title': 'Rethinking Reserves in the Swiss Code of Obligations', 'title_url': 'https://patron-academic.thepalaceproject.org/ucdavis/book/https%3A%2F%2Fcdl.edu.thepalaceproject.org%2F110644%2Fworks%2FURI%252Fhttps%253A%252F%252Flibrary.oapen.org%252Fhandle%252F20.500.12657%252F91846', 'first_author': 'Märki, Yvette', 'online_identifier': '', 'publisher_name': 'EIZ Publishing', 'publication_type': 'monograph', 'date_monograph_published_online': '2022', 'first_editor': '', 'access_type': 'openaccess', 'source_id': '20.500.12657/91846', 'source_id_type': 'File Handle'}
Record 198: {'title_id': 'https://library.oapen.org/handle/20.500.12657/91878', 'publication_title': 'Der gestirnte Himmel über uns Theologie, Naturwissenschaft und Ethik', 'title_url': 'https://patron-academic.thepalaceproject.org/ucdavis/book/https%3A%2F%2Fcdl.edu.thepalaceproject.org%2F110644%2Fworks%2FURI%252Fhttps%253A%252F%252Flibrary.oapen.org%252Fhandle%252F20.500.12657%252F91878', 'first_author': 'Losch, Andreas', 'online_identifier': '', 'publisher_name': 'TVZ Theologischer Verlag Zürich', 'publication_type': 'monograph', 'date_monograph_published_online': '2022', 'first_editor': '', 'access_type': 'openaccess', 'source_id': '20.500.12657/91878', 'source_id_type': 'File Handle'}
Record 199: {'title_id': 'https://library.oapen.org/handle/20.500.12657/92013', 'publication_title': 'Fragrant Frontier: Global Spice Entanglements from the Sino-Vietnamese Uplands', 'title_url': 'https://patron-academic.thepalaceproject.org/ucdavis/book/https%3A%2F%2Fcdl.edu.thepalaceproject.org%2F110644%2Fworks%2FURI%252Fhttps%253A%252F%252Flibrary.oapen.org%252Fhandle%252F20.500.12657%252F92013', 'first_author': '', 'online_identifier': '', 'publisher_name': 'NIAS', 'publication_type': 'monograph', 'date_monograph_published_online': '2022', 'first_editor': 'Derks, Annuska', 'access_type': 'openaccess', 'source_id': '20.500.12657/92013', 'source_id_type': 'File Handle'}
Record 200: {'title_id': 'https://library.oapen.org/handle/20.500.12657/92013', 'publication_title': 'Fragrant Frontier: Global Spice Entanglements from the Sino-Vietnamese Uplands', 'title_url': 'https://patron-academic.thepalaceproject.org/ucdavis/book/https%3A%2F%2Fcdl.edu.thepalaceproject.org%2F110644%2Fworks%2FURI%252Fhttps%253A%252F%252Flibrary.oapen.org%252Fhandle%252F20.500.12657%252F92013', 'first_author': '', 'online_identifier': '', 'publisher_name': 'NIAS', 'publication_type': 'monograph', 'date_monograph_published_online': '2022', 'first_editor': 'Derks, Annuska', 'access_type': 'openaccess', 'source_id': '20.500.12657/92013', 'source_id_type': 'File Handle'}
Record 201: {'title_id': 'https://library.oapen.org/handle/20.500.12657/91669', 'publication_title': 'Certifying China: The Rise and Limits of Transnational Sustainability Governance in Emerging Economies', 'title_url': 'https://patron-academic.thepalaceproject.org/ucdavis/book/https%3A%2F%2Fcdl.edu.thepalaceproject.org%2F110644%2Fworks%2FURI%252Fhttps%253A%252F%252Flibrary.oapen.org%252Fhandle%252F20.500.12657%252F91669', 'first_author': 'Sun, Yixian', 'online_identifier': '', 'publisher_name': 'The MIT Press', 'publication_type': 'monograph', 'date_monograph_published_online': '2022', 'first_editor': '', 'access_type': 'openaccess', 'source_id': '20.500.12657/91669', 'source_id_type': 'File Handle'}
Record 202: {'title_id': 'https://library.oapen.org/handle/20.500.12657/91673', 'publication_title': 'Normative Reasons: Between Reasoning and Explanation', 'title_url': 'https://patron-academic.thepalaceproject.org/ucdavis/book/https%3A%2F%2Fcdl.edu.thepalaceproject.org%2F110644%2Fworks%2FURI%252Fhttps%253A%252F%252Flibrary.oapen.org%252Fhandle%252F20.500.12657%252F91673', 'first_author': 'Logins, Arturs', 'online_identifier': '', 'publisher_name': 'Cambridge University Press', 'publication_type': 'monograph', 'date_monograph_published_online': '2022', 'first_editor': '', 'access_type': 'openaccess', 'source_id': '20.500.12657/91673', 'source_id_type': 'File Handle'}
Record 203: {'title_id': 'https://library.oapen.org/handle/20.500.12657/91883', 'publication_title': 'Sinn für Gespenster Spukphänomene in der reformierten Schweiz (1570-1730)', 'title_url': 'https://patron-academic.thepalaceproject.org/ucdavis/book/https%3A%2F%2Fcdl.edu.thepalaceproject.org%2F110644%2Fworks%2FURI%252Fhttps%253A%252F%252Flibrary.oapen.org%252Fhandle%252F20.500.12657%252F91883', 'first_author': 'Szarka, Eveline', 'online_identifier': '', 'publisher_name': 'Brill', 'publication_type': 'monograph', 'date_monograph_published_online': '2022', 'first_editor': '', 'access_type': 'openaccess', 'source_id': '20.500.12657/91883', 'source_id_type': 'File Handle'}
Record 204: {'title_id': 'https://library.oapen.org/handle/20.500.12657/91983', 'publication_title': 'Critical by Design? Genealogies, Practices, Positions', 'title_url': 'https://patron-academic.thepalaceproject.org/ucdavis/book/https%3A%2F%2Fcdl.edu.thepalaceproject.org%2F110644%2Fworks%2FURI%252Fhttps%253A%252F%252Flibrary.oapen.org%252Fhandle%252F20.500.12657%252F91983', 'first_author': '', 'online_identifier': '', 'publisher_name': 'transcript Verlag', 'publication_type': 'monograph', 'date_monograph_published_online': '2022', 'first_editor': 'Greiner-Petter, Moritz', 'access_type': 'openaccess', 'source_id': '20.500.12657/91983', 'source_id_type': 'File Handle'}
Record 205: {'title_id': 'https://library.oapen.org/handle/20.500.12657/91983', 'publication_title': 'Critical by Design? Genealogies, Practices, Positions', 'title_url': 'https://patron-academic.thepalaceproject.org/ucdavis/book/https%3A%2F%2Fcdl.edu.thepalaceproject.org%2F110644%2Fworks%2FURI%252Fhttps%253A%252F%252Flibrary.oapen.org%252Fhandle%252F20.500.12657%252F91983', 'first_author': '', 'online_identifier': '', 'publisher_name': 'transcript Verlag', 'publication_type': 'monograph', 'date_monograph_published_online': '2022', 'first_editor': 'Greiner-Petter, Moritz', 'access_type': 'openaccess', 'source_id': '20.500.12657/91983', 'source_id_type': 'File Handle'}
Record 206: {'title_id': 'https://library.oapen.org/handle/20.500.12657/92016', 'publication_title': 'Colore, stucco, marmo nel Cinquecento Il percorso di Giulio Mazzoni', 'title_url': 'https://patron-academic.thepalaceproject.org/ucdavis/book/https%3A%2F%2Fcdl.edu.thepalaceproject.org%2F110644%2Fworks%2FURI%252Fhttps%253A%252F%252Flibrary.oapen.org%252Fhandle%252F20.500.12657%252F92016', 'first_author': 'Quagliaroli, Serena', 'online_identifier': '', 'publisher_name': 'Officina Libraria', 'publication_type': 'monograph', 'date_monograph_published_online': '2022', 'first_editor': '', 'access_type': 'openaccess', 'source_id': '20.500.12657/92016', 'source_id_type': 'File Handle'}
Record 207: {'title_id': 'https://library.oapen.org/handle/20.500.12657/91940', 'publication_title': 'Shifting Horizons A Line and its Movement in Art, History and Philosophy', 'title_url': 'https://patron-academic.thepalaceproject.org/ucdavis/book/https%3A%2F%2Fcdl.edu.thepalaceproject.org%2F110644%2Fworks%2FURI%252Fhttps%253A%252F%252Flibrary.oapen.org%252Fhandle%252F20.500.12657%252F91940', 'first_author': '', 'online_identifier': '', 'publisher_name': 'Schwabe Verlag', 'publication_type': 'monograph', 'date_monograph_published_online': '2022', 'first_editor': '', 'access_type': 'openaccess', 'source_id': '20.500.12657/91940', 'source_id_type': 'File Handle'}
Record 208: {'title_id': 'https://library.oapen.org/handle/20.500.12657/91893', 'publication_title': 'Corporate Diplomacy: How Multinational Corporations Gain Organizational Legitimacy A Neo-Institutional Public Relations Perspective', 'title_url': 'https://patron-academic.thepalaceproject.org/ucdavis/book/https%3A%2F%2Fcdl.edu.thepalaceproject.org%2F110644%2Fworks%2FURI%252Fhttps%253A%252F%252Flibrary.oapen.org%252Fhandle%252F20.500.12657%252F91893', 'first_author': 'Marschlich, Sarah', 'online_identifier': '', 'publisher_name': 'Springer Nature', 'publication_type': 'monograph', 'date_monograph_published_online': '2022', 'first_editor': '', 'access_type': 'openaccess', 'source_id': '20.500.12657/91893', 'source_id_type': 'File Handle'}
Record 209: {'title_id': 'https://library.oapen.org/handle/20.500.12657/91893', 'publication_title': 'Corporate Diplomacy: How Multinational Corporations Gain Organizational Legitimacy A Neo-Institutional Public Relations Perspective', 'title_url': 'https://patron-academic.thepalaceproject.org/ucdavis/book/https%3A%2F%2Fcdl.edu.thepalaceproject.org%2F110644%2Fworks%2FURI%252Fhttps%253A%252F%252Flibrary.oapen.org%252Fhandle%252F20.500.12657%252F91893', 'first_author': 'Marschlich, Sarah', 'online_identifier': '', 'publisher_name': 'Springer Nature', 'publication_type': 'monograph', 'date_monograph_published_online': '2022', 'first_editor': '', 'access_type': 'openaccess', 'source_id': '20.500.12657/91893', 'source_id_type': 'File Handle'}
Record 210: {'title_id': 'https://library.oapen.org/handle/20.500.12657/91668', 'publication_title': 'Sentencing and Human Rights: The Limits on Punishment', 'title_url': 'https://patron-academic.thepalaceproject.org/ucdavis/book/https%3A%2F%2Fcdl.edu.thepalaceproject.org%2F110644%2Fworks%2FURI%252Fhttps%253A%252F%252Flibrary.oapen.org%252Fhandle%252F20.500.12657%252F91668', 'first_author': 'Summers, Sarah', 'online_identifier': '', 'publisher_name': 'Oxford University Press', 'publication_type': 'monograph', 'date_monograph_published_online': '2022', 'first_editor': '', 'access_type': 'openaccess', 'source_id': '20.500.12657/91668', 'source_id_type': 'File Handle'}
Record 211: {'title_id': 'https://library.oapen.org/handle/20.500.12657/91168', 'publication_title': 'Sámi Research in Transition Knowledge, Politics and Social Change', 'title_url': 'https://patron-academic.thepalaceproject.org/ucdavis/book/https%3A%2F%2Fcdl.edu.thepalaceproject.org%2F110644%2Fworks%2FURI%252Fhttps%253A%252F%252Flibrary.oapen.org%252Fhandle%252F20.500.12657%252F91168', 'first_author': '', 'online_identifier': '', 'publisher_name': 'Taylor & Francis', 'publication_type': 'monograph', 'date_monograph_published_online': '2022', 'first_editor': 'Junka-Aikio, Laura', 'access_type': 'openaccess', 'source_id': '20.500.12657/91168', 'source_id_type': 'File Handle'}
Record 212: {'title_id': 'https://library.oapen.org/handle/20.500.12657/90573', 'publication_title': 'The Making of the Modern Corporation The Casa di San Giorgio and its Legacy (1446-1720)', 'title_url': 'https://patron-academic.thepalaceproject.org/ucdavis/book/https%3A%2F%2Fcdl.edu.thepalaceproject.org%2F110644%2Fworks%2FURI%252Fhttps%253A%252F%252Flibrary.oapen.org%252Fhandle%252F20.500.12657%252F90573', 'first_author': 'Taviani, Carlo', 'online_identifier': '', 'publisher_name': 'Taylor & Francis', 'publication_type': 'monograph', 'date_monograph_published_online': '2022', 'first_editor': '', 'access_type': 'openaccess', 'source_id': '20.500.12657/90573', 'source_id_type': 'File Handle'}
Record 213: {'title_id': 'https://library.oapen.org/handle/20.500.12657/90446', 'publication_title': 'Theory and Practice of Sociosensitive and Socioactive Systems', 'title_url': 'https://patron-academic.thepalaceproject.org/ucdavis/book/https%3A%2F%2Fcdl.edu.thepalaceproject.org%2F110644%2Fworks%2FURI%252Fhttps%253A%252F%252Flibrary.oapen.org%252Fhandle%252F20.500.12657%252F90446', 'first_author': '', 'online_identifier': '', 'publisher_name': 'Springer Nature', 'publication_type': 'monograph', 'date_monograph_published_online': '2022', 'first_editor': '', 'access_type': 'openaccess', 'source_id': '20.500.12657/90446', 'source_id_type': 'File Handle'}
Record 214: {'title_id': 'https://library.oapen.org/handle/20.500.12657/90405', 'publication_title': 'Age-Inclusive ICT Innovation for Service Delivery in South Africa A Developing Country Perspective', 'title_url': 'https://patron-academic.thepalaceproject.org/ucdavis/book/https%3A%2F%2Fcdl.edu.thepalaceproject.org%2F110644%2Fworks%2FURI%252Fhttps%253A%252F%252Flibrary.oapen.org%252Fhandle%252F20.500.12657%252F90405', 'first_author': '', 'online_identifier': '', 'publisher_name': 'Springer Nature', 'publication_type': 'monograph', 'date_monograph_published_online': '2022', 'first_editor': 'Hoffman, Jaco', 'access_type': 'openaccess', 'source_id': '20.500.12657/90405', 'source_id_type': 'File Handle'}
Record 215: {'title_id': 'https://library.oapen.org/handle/20.500.12657/62347', 'publication_title': 'Arabic Exile Literature in Europe Defamiliarising Forced Migration', 'title_url': 'https://patron-academic.thepalaceproject.org/ucdavis/book/https%3A%2F%2Fcdl.edu.thepalaceproject.org%2F110644%2Fworks%2FURI%252Fhttps%253A%252F%252Flibrary.oapen.org%252Fhandle%252F20.500.12657%252F62347', 'first_author': 'Sellman, Johanna', 'online_identifier': '', 'publisher_name': 'Edinburgh University Press', 'publication_type': 'monograph', 'date_monograph_published_online': '2022', 'first_editor': '', 'access_type': 'openaccess', 'source_id': '20.500.12657/62347', 'source_id_type': 'File Handle'}
Record 216: {'title_id': 'https://library.oapen.org/handle/20.500.12657/90347', 'publication_title': 'Paul’s Ethics of Reconciliation in Dialogue with Ndebele and Shona Ethnic Cohesion', 'title_url': 'https://patron-academic.thepalaceproject.org/ucdavis/book/https%3A%2F%2Fcdl.edu.thepalaceproject.org%2F110644%2Fworks%2FURI%252Fhttps%253A%252F%252Flibrary.oapen.org%252Fhandle%252F20.500.12657%252F90347', 'first_author': 'Gusha, Ishanesu Sextus', 'online_identifier': '', 'publisher_name': 'University of Bamberg Press', 'publication_type': 'monograph', 'date_monograph_published_online': '2022', 'first_editor': '', 'access_type': 'openaccess', 'source_id': '20.500.12657/90347', 'source_id_type': 'File Handle'}
Record 217: {'title_id': 'https://library.oapen.org/handle/20.500.12657/90333', 'publication_title': 'The Laki variety of Harsin grammar, texts, lexicon', 'title_url': 'https://patron-academic.thepalaceproject.org/ucdavis/book/https%3A%2F%2Fcdl.edu.thepalaceproject.org%2F110644%2Fworks%2FURI%252Fhttps%253A%252F%252Flibrary.oapen.org%252Fhandle%252F20.500.12657%252F90333', 'first_author': 'Belelli, Sara', 'online_identifier': '', 'publisher_name': 'University of Bamberg Press', 'publication_type': 'monograph', 'date_monograph_published_online': '2022', 'first_editor': '', 'access_type': 'openaccess', 'source_id': '20.500.12657/90333', 'source_id_type': 'File Handle'}
Record 218: {'title_id': 'https://library.oapen.org/handle/20.500.12657/90344', 'publication_title': 'Between desirability and reality conceptualization, measurement, causes, and consequences of overemployment', 'title_url': 'https://patron-academic.thepalaceproject.org/ucdavis/book/https%3A%2F%2Fcdl.edu.thepalaceproject.org%2F110644%2Fworks%2FURI%252Fhttps%253A%252F%252Flibrary.oapen.org%252Fhandle%252F20.500.12657%252F90344', 'first_author': 'Hiemer, Julia', 'online_identifier': '', 'publisher_name': 'University of Bamberg Press', 'publication_type': 'monograph', 'date_monograph_published_online': '2022', 'first_editor': '', 'access_type': 'openaccess', 'source_id': '20.500.12657/90344', 'source_id_type': 'File Handle'}
Record 219: {'title_id': 'https://library.oapen.org/handle/20.500.12657/59318', 'publication_title': 'Engineering Haptic Devices', 'title_url': 'https://patron-academic.thepalaceproject.org/ucdavis/book/https%3A%2F%2Fcdl.edu.thepalaceproject.org%2F110644%2Fworks%2FURI%252Fhttps%253A%252F%252Flibrary.oapen.org%252Fhandle%252F20.500.12657%252F59318', 'first_author': '', 'online_identifier': '', 'publisher_name': 'Springer Nature', 'publication_type': 'monograph', 'date_monograph_published_online': '2022', 'first_editor': 'Abbasimoshaei, Alireza', 'access_type': 'openaccess', 'source_id': '20.500.12657/59318', 'source_id_type': 'File Handle'}
Record 220: {'title_id': 'https://library.oapen.org/handle/20.500.12657/63082', 'publication_title': 'Jean Vanmai’s Chân Đăng The Tonkinese of Caledonia in the colonial era', 'title_url': 'https://patron-academic.thepalaceproject.org/ucdavis/book/https%3A%2F%2Fcdl.edu.thepalaceproject.org%2F110644%2Fworks%2FURI%252Fhttps%253A%252F%252Flibrary.oapen.org%252Fhandle%252F20.500.12657%252F63082', 'first_author': '', 'online_identifier': '', 'publisher_name': 'UTS ePRESS', 'publication_type': 'monograph', 'date_monograph_published_online': '2022', 'first_editor': '', 'access_type': 'openaccess', 'source_id': '20.500.12657/63082', 'source_id_type': 'File Handle'}
Record 221: {'title_id': 'https://library.oapen.org/handle/20.500.12657/90217', 'publication_title': 'National Affects The Everyday Atmospheres of Being Political', 'title_url': 'https://patron-academic.thepalaceproject.org/ucdavis/book/https%3A%2F%2Fcdl.edu.thepalaceproject.org%2F110644%2Fworks%2FURI%252Fhttps%253A%252F%252Flibrary.oapen.org%252Fhandle%252F20.500.12657%252F90217', 'first_author': 'Stephens, Angharad Closs', 'online_identifier': '', 'publisher_name': 'Bloomsbury Academic', 'publication_type': 'monograph', 'date_monograph_published_online': '2022', 'first_editor': '', 'access_type': 'openaccess', 'source_id': '20.500.12657/90217', 'source_id_type': 'File Handle'}
Record 222: {'title_id': 'https://library.oapen.org/handle/20.500.12657/63084', 'publication_title': 'Between Dark & Light The Light Art of Ruth McDermott & Ben Baxter', 'title_url': 'https://patron-academic.thepalaceproject.org/ucdavis/book/https%3A%2F%2Fcdl.edu.thepalaceproject.org%2F110644%2Fworks%2FURI%252Fhttps%253A%252F%252Flibrary.oapen.org%252Fhandle%252F20.500.12657%252F63084', 'first_author': '', 'online_identifier': '', 'publisher_name': 'UTS ePRESS', 'publication_type': 'monograph', 'date_monograph_published_online': '2022', 'first_editor': '', 'access_type': 'openaccess', 'source_id': '20.500.12657/63084', 'source_id_type': 'File Handle'}
Record 223: {'title_id': 'https://library.oapen.org/handle/20.500.12657/90196', 'publication_title': 'The Competition of Word-Formation Processes in the Derivational Paradigm of Verbs Diasynchronic Evidence for the Profile and Resolution of Competition in English', 'title_url': 'https://patron-academic.thepalaceproject.org/ucdavis/book/https%3A%2F%2Fcdl.edu.thepalaceproject.org%2F110644%2Fworks%2FURI%252Fhttps%253A%252F%252Flibrary.oapen.org%252Fhandle%252F20.500.12657%252F90196', 'first_author': 'Fernández-Alcaina, Cristina', 'online_identifier': '', 'publisher_name': 'Peter Lang International Academic Publishers', 'publication_type': 'monograph', 'date_monograph_published_online': '2022', 'first_editor': '', 'access_type': 'openaccess', 'source_id': '20.500.12657/90196', 'source_id_type': 'File Handle'}
Record 224: {'title_id': 'https://library.oapen.org/handle/20.500.12657/90105', 'publication_title': 'Noise as a Constructive Element in Music Theoretical and Music-Analytical Perspectives', 'title_url': 'https://patron-academic.thepalaceproject.org/ucdavis/book/https%3A%2F%2Fcdl.edu.thepalaceproject.org%2F110644%2Fworks%2FURI%252Fhttps%253A%252F%252Flibrary.oapen.org%252Fhandle%252F20.500.12657%252F90105', 'first_author': 'Delaere, Mark', 'online_identifier': '', 'publisher_name': 'Taylor & Francis', 'publication_type': 'monograph', 'date_monograph_published_online': '2022', 'first_editor': '', 'access_type': 'openaccess', 'source_id': '20.500.12657/90105', 'source_id_type': 'File Handle'}
Record 225: {'title_id': 'https://library.oapen.org/handle/20.500.12657/90098', 'publication_title': 'Including LGBT Parented Families in Schools Research to Inform Policy and Practice', 'title_url': 'https://patron-academic.thepalaceproject.org/ucdavis/book/https%3A%2F%2Fcdl.edu.thepalaceproject.org%2F110644%2Fworks%2FURI%252Fhttps%253A%252F%252Flibrary.oapen.org%252Fhandle%252F20.500.12657%252F90098', 'first_author': '', 'online_identifier': '', 'publisher_name': 'Taylor & Francis', 'publication_type': 'monograph', 'date_monograph_published_online': '2022', 'first_editor': '', 'access_type': 'openaccess', 'source_id': '20.500.12657/90098', 'source_id_type': 'File Handle'}
Record 226: {'title_id': 'https://library.oapen.org/handle/20.500.12657/90024', 'publication_title': 'The International Court of Justice and Municipal Courts An Inter-Judicial Dialogue', 'title_url': 'https://patron-academic.thepalaceproject.org/ucdavis/book/https%3A%2F%2Fcdl.edu.thepalaceproject.org%2F110644%2Fworks%2FURI%252Fhttps%253A%252F%252Flibrary.oapen.org%252Fhandle%252F20.500.12657%252F90024', 'first_author': 'Kuc, Oktawian', 'online_identifier': '', 'publisher_name': 'Taylor & Francis', 'publication_type': 'monograph', 'date_monograph_published_online': '2022', 'first_editor': '', 'access_type': 'openaccess', 'source_id': '20.500.12657/90024', 'source_id_type': 'File Handle'}
Record 227: {'title_id': 'https://library.oapen.org/handle/20.500.12657/59114', 'publication_title': 'Netprov Networked Improvised Literature for the Classroom and Beyond', 'title_url': 'https://patron-academic.thepalaceproject.org/ucdavis/book/https%3A%2F%2Fcdl.edu.thepalaceproject.org%2F110644%2Fworks%2FURI%252Fhttps%253A%252F%252Flibrary.oapen.org%252Fhandle%252F20.500.12657%252F59114', 'first_author': 'Wittig, Rob', 'online_identifier': '', 'publisher_name': 'Amherst College Press', 'publication_type': 'monograph', 'date_monograph_published_online': '2022', 'first_editor': '', 'access_type': 'openaccess', 'source_id': '20.500.12657/59114', 'source_id_type': 'File Handle'}
Record 228: {'title_id': 'https://library.oapen.org/handle/20.500.12657/90001', 'publication_title': 'Foundations for a Humanitarian Economy Re-thinking Boethius’ Consolation of Philosophy', 'title_url': 'https://patron-academic.thepalaceproject.org/ucdavis/book/https%3A%2F%2Fcdl.edu.thepalaceproject.org%2F110644%2Fworks%2FURI%252Fhttps%253A%252F%252Flibrary.oapen.org%252Fhandle%252F20.500.12657%252F90001', 'first_author': 'Bishop, William D.', 'online_identifier': '', 'publisher_name': 'Taylor & Francis', 'publication_type': 'monograph', 'date_monograph_published_online': '2022', 'first_editor': '', 'access_type': 'openaccess', 'source_id': '20.500.12657/90001', 'source_id_type': 'File Handle'}
Record 229: {'title_id': 'https://library.oapen.org/handle/20.500.12657/61383', 'publication_title': 'Meaningful Technologies How Digital Metaphors Change the Way We Think and Live', 'title_url': 'https://patron-academic.thepalaceproject.org/ucdavis/book/https%3A%2F%2Fcdl.edu.thepalaceproject.org%2F110644%2Fworks%2FURI%252Fhttps%253A%252F%252Flibrary.oapen.org%252Fhandle%252F20.500.12657%252F61383', 'first_author': '', 'online_identifier': '', 'publisher_name': 'Lever Press', 'publication_type': 'monograph', 'date_monograph_published_online': '2022', 'first_editor': '', 'access_type': 'openaccess', 'source_id': '20.500.12657/61383', 'source_id_type': 'File Handle'}
Record 230: {'title_id': 'https://library.oapen.org/handle/20.500.12657/52439', 'publication_title': 'Feminist and LGBTI+ Activism across Russia, Scandinavia and Turkey Transnationalizing Spaces of Resistance', 'title_url': 'https://patron-academic.thepalaceproject.org/ucdavis/book/https%3A%2F%2Fcdl.edu.thepalaceproject.org%2F110644%2Fworks%2FURI%252Fhttps%253A%252F%252Flibrary.oapen.org%252Fhandle%252F20.500.12657%252F52439', 'first_author': '', 'online_identifier': '', 'publisher_name': 'Springer Nature', 'publication_type': 'monograph', 'date_monograph_published_online': '2022', 'first_editor': '', 'access_type': 'openaccess', 'source_id': '20.500.12657/52439', 'source_id_type': 'File Handle'}
Record 231: {'title_id': 'https://library.oapen.org/handle/20.500.12657/57365', 'publication_title': 'Novel Developments for Sustainable Hydropower', 'title_url': 'https://patron-academic.thepalaceproject.org/ucdavis/book/https%3A%2F%2Fcdl.edu.thepalaceproject.org%2F110644%2Fworks%2FURI%252Fhttps%253A%252F%252Flibrary.oapen.org%252Fhandle%252F20.500.12657%252F57365', 'first_author': '', 'online_identifier': '', 'publisher_name': 'Springer Nature', 'publication_type': 'monograph', 'date_monograph_published_online': '2022', 'first_editor': 'Albayrak, Ismail', 'access_type': 'openaccess', 'source_id': '20.500.12657/57365', 'source_id_type': 'File Handle'}
Record 232: {'title_id': 'https://library.oapen.org/handle/20.500.12657/57705', 'publication_title': 'Central Europe and the Non-European World in the Long 19th Century', 'title_url': 'https://patron-academic.thepalaceproject.org/ucdavis/book/https%3A%2F%2Fcdl.edu.thepalaceproject.org%2F110644%2Fworks%2FURI%252Fhttps%253A%252F%252Flibrary.oapen.org%252Fhandle%252F20.500.12657%252F57705', 'first_author': '', 'online_identifier': '', 'publisher_name': 'Frank & Timme', 'publication_type': 'monograph', 'date_monograph_published_online': '2022', 'first_editor': 'Křížová, Markéta', 'access_type': 'openaccess', 'source_id': '20.500.12657/57705', 'source_id_type': 'File Handle'}
Record 233: {'title_id': 'https://library.oapen.org/handle/20.500.12657/59779', 'publication_title': 'Mothering Performance Maternal Action', 'title_url': 'https://patron-academic.thepalaceproject.org/ucdavis/book/https%3A%2F%2Fcdl.edu.thepalaceproject.org%2F110644%2Fworks%2FURI%252Fhttps%253A%252F%252Flibrary.oapen.org%252Fhandle%252F20.500.12657%252F59779', 'first_author': '', 'online_identifier': '', 'publisher_name': 'Taylor & Francis', 'publication_type': 'monograph', 'date_monograph_published_online': '2022', 'first_editor': 'Underwood-Lee, Emily', 'access_type': 'openaccess', 'source_id': '20.500.12657/59779', 'source_id_type': 'File Handle'}
Record 234: {'title_id': 'https://library.oapen.org/handle/20.500.12657/52360', 'publication_title': 'Horos Ancient Boundaries and the Ecology of Stone', 'title_url': 'https://patron-academic.thepalaceproject.org/ucdavis/book/https%3A%2F%2Fcdl.edu.thepalaceproject.org%2F110644%2Fworks%2FURI%252Fhttps%253A%252F%252Flibrary.oapen.org%252Fhandle%252F20.500.12657%252F52360', 'first_author': 'Potter, Thea', 'online_identifier': '', 'publisher_name': 'Open Book Publishers', 'publication_type': 'monograph', 'date_monograph_published_online': '2022', 'first_editor': '', 'access_type': 'openaccess', 'source_id': '20.500.12657/52360', 'source_id_type': 'File Handle'}
Record 235: {'title_id': 'https://library.oapen.org/handle/20.500.12657/57801', 'publication_title': 'Plantation Crisis Ruptures of Dalit life in the Indian tea belt', 'title_url': 'https://patron-academic.thepalaceproject.org/ucdavis/book/https%3A%2F%2Fcdl.edu.thepalaceproject.org%2F110644%2Fworks%2FURI%252Fhttps%253A%252F%252Flibrary.oapen.org%252Fhandle%252F20.500.12657%252F57801', 'first_author': 'Raj, Jayaseelan', 'online_identifier': '', 'publisher_name': 'UCL Press', 'publication_type': 'monograph', 'date_monograph_published_online': '2022', 'first_editor': '', 'access_type': 'openaccess', 'source_id': '20.500.12657/57801', 'source_id_type': 'File Handle'}
Record 236: {'title_id': 'https://library.oapen.org/handle/20.500.12657/61168', 'publication_title': 'Transnational Biographies Changing We-images, Collective Belongings and Power Chances of Migrants and Refugees', 'title_url': 'https://patron-academic.thepalaceproject.org/ucdavis/book/https%3A%2F%2Fcdl.edu.thepalaceproject.org%2F110644%2Fworks%2FURI%252Fhttps%253A%252F%252Flibrary.oapen.org%252Fhandle%252F20.500.12657%252F61168', 'first_author': '', 'online_identifier': '', 'publisher_name': 'Universitätsverlag Göttingen', 'publication_type': 'monograph', 'date_monograph_published_online': '2022', 'first_editor': '', 'access_type': 'openaccess', 'source_id': '20.500.12657/61168', 'source_id_type': 'File Handle'}
Record 237: {'title_id': 'https://library.oapen.org/handle/20.500.12657/60244', 'publication_title': 'Gender Equality in Academia from Knowledge to Change', 'title_url': 'https://patron-academic.thepalaceproject.org/ucdavis/book/https%3A%2F%2Fcdl.edu.thepalaceproject.org%2F110644%2Fworks%2FURI%252Fhttps%253A%252F%252Flibrary.oapen.org%252Fhandle%252F20.500.12657%252F60244', 'first_author': '', 'online_identifier': '', 'publisher_name': 'Cappelen Damm Akademisk/NOASP (Nordic Open Access Scholarly Publishing)', 'publication_type': 'monograph', 'date_monograph_published_online': '2022', 'first_editor': 'Holter, Øystein Gullvåg', 'access_type': 'openaccess', 'source_id': '20.500.12657/60244', 'source_id_type': 'File Handle'}
Record 238: {'title_id': 'https://library.oapen.org/handle/20.500.12657/54429', 'publication_title': 'Big Data and Artificial Intelligence in Digital Finance Increasing Personalization and Trust in Digital Finance using Big Data and AI', 'title_url': 'https://patron-academic.thepalaceproject.org/ucdavis/book/https%3A%2F%2Fcdl.edu.thepalaceproject.org%2F110644%2Fworks%2FURI%252Fhttps%253A%252F%252Flibrary.oapen.org%252Fhandle%252F20.500.12657%252F54429', 'first_author': '', 'online_identifier': '', 'publisher_name': 'Springer Nature', 'publication_type': 'monograph', 'date_monograph_published_online': '2022', 'first_editor': 'Kyriazis, Dimosthenis', 'access_type': 'openaccess', 'source_id': '20.500.12657/54429', 'source_id_type': 'File Handle'}
Record 239: {'title_id': 'https://library.oapen.org/handle/20.500.12657/59111', 'publication_title': 'Sport Stadiums and Environmental Justice', 'title_url': 'https://patron-academic.thepalaceproject.org/ucdavis/book/https%3A%2F%2Fcdl.edu.thepalaceproject.org%2F110644%2Fworks%2FURI%252Fhttps%253A%252F%252Flibrary.oapen.org%252Fhandle%252F20.500.12657%252F59111', 'first_author': 'Kellison, Timothy', 'online_identifier': '', 'publisher_name': 'Taylor & Francis', 'publication_type': 'monograph', 'date_monograph_published_online': '2022', 'first_editor': '', 'access_type': 'openaccess', 'source_id': '20.500.12657/59111', 'source_id_type': 'File Handle'}
Record 240: {'title_id': 'https://library.oapen.org/handle/20.500.12657/54063', 'publication_title': 'Sustainable Societies: Transition from theories to practice', 'title_url': 'https://patron-academic.thepalaceproject.org/ucdavis/book/https%3A%2F%2Fcdl.edu.thepalaceproject.org%2F110644%2Fworks%2FURI%252Fhttps%253A%252F%252Flibrary.oapen.org%252Fhandle%252F20.500.12657%252F54063', 'first_author': 'Sethi, Mahendra', 'online_identifier': '', 'publisher_name': 'Universitätsverlag der Technischen Universität Berlin', 'publication_type': 'monograph', 'date_monograph_published_online': '2022', 'first_editor': '', 'access_type': 'openaccess', 'source_id': '20.500.12657/54063', 'source_id_type': 'File Handle'}
Record 241: {'title_id': 'https://library.oapen.org/handle/20.500.12657/88717', 'publication_title': 'Records of Disaster Media Infrastructures and Climate Change', 'title_url': 'https://patron-academic.thepalaceproject.org/ucdavis/book/https%3A%2F%2Fcdl.edu.thepalaceproject.org%2F110644%2Fworks%2FURI%252Fhttps%253A%252F%252Flibrary.oapen.org%252Fhandle%252F20.500.12657%252F88717', 'first_author': '', 'online_identifier': '', 'publisher_name': 'meson press', 'publication_type': 'monograph', 'date_monograph_published_online': '2022', 'first_editor': 'Claus, Jakob', 'access_type': 'openaccess', 'source_id': '20.500.12657/88717', 'source_id_type': 'File Handle'}
Record 242: {'title_id': 'https://library.oapen.org/handle/20.500.12657/59057', 'publication_title': 'Experiments with Marxism-Leninism in Cold War Southeast Asia', 'title_url': 'https://patron-academic.thepalaceproject.org/ucdavis/book/https%3A%2F%2Fcdl.edu.thepalaceproject.org%2F110644%2Fworks%2FURI%252Fhttps%253A%252F%252Flibrary.oapen.org%252Fhandle%252F20.500.12657%252F59057', 'first_author': 'Galway, Matthew', 'online_identifier': '', 'publisher_name': 'ANU Press', 'publication_type': 'monograph', 'date_monograph_published_online': '2022', 'first_editor': '', 'access_type': 'openaccess', 'source_id': '20.500.12657/59057', 'source_id_type': 'File Handle'}
Record 243: {'title_id': 'https://library.oapen.org/handle/20.500.12657/52415', 'publication_title': 'Towards an Emissions Trading System in Mexico: Rationale, Design and Connections with the Global Climate Agenda Outlook on the first ETS in Latin-America and Exploration of the Way Forward', 'title_url': 'https://patron-academic.thepalaceproject.org/ucdavis/book/https%3A%2F%2Fcdl.edu.thepalaceproject.org%2F110644%2Fworks%2FURI%252Fhttps%253A%252F%252Flibrary.oapen.org%252Fhandle%252F20.500.12657%252F52415', 'first_author': 'Lucatello, Simone', 'online_identifier': '', 'publisher_name': 'Springer Nature', 'publication_type': 'monograph', 'date_monograph_published_online': '2022', 'first_editor': '', 'access_type': 'openaccess', 'source_id': '20.500.12657/52415', 'source_id_type': 'File Handle'}
Record 244: {'title_id': 'https://library.oapen.org/handle/20.500.12657/59592', 'publication_title': 'Perspectives on the Self Reflexivity in the Humanities', 'title_url': 'https://patron-academic.thepalaceproject.org/ucdavis/book/https%3A%2F%2Fcdl.edu.thepalaceproject.org%2F110644%2Fworks%2FURI%252Fhttps%253A%252F%252Flibrary.oapen.org%252Fhandle%252F20.500.12657%252F59592', 'first_author': '', 'online_identifier': '', 'publisher_name': 'De Gruyter', 'publication_type': 'monograph', 'date_monograph_published_online': '2022', 'first_editor': 'Kolman, Vojtěch', 'access_type': 'openaccess', 'source_id': '20.500.12657/59592', 'source_id_type': 'File Handle'}
Record 245: {'title_id': 'https://library.oapen.org/handle/20.500.12657/57920', 'publication_title': 'Foundations of a Sociology of Canon Law', 'title_url': 'https://patron-academic.thepalaceproject.org/ucdavis/book/https%3A%2F%2Fcdl.edu.thepalaceproject.org%2F110644%2Fworks%2FURI%252Fhttps%253A%252F%252Flibrary.oapen.org%252Fhandle%252F20.500.12657%252F57920', 'first_author': 'Hahn, Judith', 'online_identifier': '', 'publisher_name': 'Springer Nature', 'publication_type': 'monograph', 'date_monograph_published_online': '2022', 'first_editor': '', 'access_type': 'openaccess', 'source_id': '20.500.12657/57920', 'source_id_type': 'File Handle'}
Record 246: {'title_id': 'https://library.oapen.org/handle/20.500.12657/88000', 'publication_title': 'Picturing Fiction through Embodied Cognition Drawn Representations and Viewpoint in Literary Texts', 'title_url': 'https://patron-academic.thepalaceproject.org/ucdavis/book/https%3A%2F%2Fcdl.edu.thepalaceproject.org%2F110644%2Fworks%2FURI%252Fhttps%253A%252F%252Flibrary.oapen.org%252Fhandle%252F20.500.12657%252F88000', 'first_author': '', 'online_identifier': '', 'publisher_name': 'Taylor & Francis', 'publication_type': 'monograph', 'date_monograph_published_online': '2022', 'first_editor': '', 'access_type': 'openaccess', 'source_id': '20.500.12657/88000', 'source_id_type': 'File Handle'}
Record 247: {'title_id': 'https://library.oapen.org/handle/20.500.12657/61057', 'publication_title': 'Analytics and Intuition in the Process of Selecting Talent A Holistic Approach', 'title_url': 'https://patron-academic.thepalaceproject.org/ucdavis/book/https%3A%2F%2Fcdl.edu.thepalaceproject.org%2F110644%2Fworks%2FURI%252Fhttps%253A%252F%252Flibrary.oapen.org%252Fhandle%252F20.500.12657%252F61057', 'first_author': 'Deters, Jürgen', 'online_identifier': '', 'publisher_name': 'De Gruyter', 'publication_type': 'monograph', 'date_monograph_published_online': '2022', 'first_editor': '', 'access_type': 'openaccess', 'source_id': '20.500.12657/61057', 'source_id_type': 'File Handle'}
Record 248: {'title_id': 'https://library.oapen.org/handle/20.500.12657/52475', 'publication_title': "Ageing Masculinities, Alzheimer's and Dementia Narratives", 'title_url': 'https://patron-academic.thepalaceproject.org/ucdavis/book/https%3A%2F%2Fcdl.edu.thepalaceproject.org%2F110644%2Fworks%2FURI%252Fhttps%253A%252F%252Flibrary.oapen.org%252Fhandle%252F20.500.12657%252F52475', 'first_author': '', 'online_identifier': '', 'publisher_name': 'Bloomsbury Academic', 'publication_type': 'monograph', 'date_monograph_published_online': '2022', 'first_editor': 'Falcus, Sarah', 'access_type': 'openaccess', 'source_id': '20.500.12657/52475', 'source_id_type': 'File Handle'}
Record 249: {'title_id': 'https://library.oapen.org/handle/20.500.12657/76664', 'publication_title': 'The Making of a Mosque with Female Imams Serendipities in the Production of Danish Islams', 'title_url': 'https://patron-academic.thepalaceproject.org/ucdavis/book/https%3A%2F%2Fcdl.edu.thepalaceproject.org%2F110644%2Fworks%2FURI%252Fhttps%253A%252F%252Flibrary.oapen.org%252Fhandle%252F20.500.12657%252F76664', 'first_author': 'Petersen, Jesper', 'online_identifier': '', 'publisher_name': 'Brill', 'publication_type': 'monograph', 'date_monograph_published_online': '2022', 'first_editor': '', 'access_type': 'openaccess', 'source_id': '20.500.12657/76664', 'source_id_type': 'File Handle'}
Record 250: {'title_id': 'https://library.oapen.org/handle/20.500.12657/85319', 'publication_title': 'Digital Work Platforms at the Interface of Labour Law Regulating Market Organisers', 'title_url': 'https://patron-academic.thepalaceproject.org/ucdavis/book/https%3A%2F%2Fcdl.edu.thepalaceproject.org%2F110644%2Fworks%2FURI%252Fhttps%253A%252F%252Flibrary.oapen.org%252Fhandle%252F20.500.12657%252F85319', 'first_author': 'Kocher, Eva', 'online_identifier': '', 'publisher_name': 'Bloomsbury Academic', 'publication_type': 'monograph', 'date_monograph_published_online': '2022', 'first_editor': '', 'access_type': 'openaccess', 'source_id': '20.500.12657/85319', 'source_id_type': 'File Handle'}
Record 251: {'title_id': 'https://library.oapen.org/handle/20.500.12657/77131', 'publication_title': 'A World without Capitalism? Alternative Discourses, Spaces, and Imaginaries', 'title_url': 'https://patron-academic.thepalaceproject.org/ucdavis/book/https%3A%2F%2Fcdl.edu.thepalaceproject.org%2F110644%2Fworks%2FURI%252Fhttps%253A%252F%252Flibrary.oapen.org%252Fhandle%252F20.500.12657%252F77131', 'first_author': 'Chun, Christian W.', 'online_identifier': '', 'publisher_name': 'Taylor & Francis', 'publication_type': 'monograph', 'date_monograph_published_online': '2022', 'first_editor': '', 'access_type': 'openaccess', 'source_id': '20.500.12657/77131', 'source_id_type': 'File Handle'}
Record 252: {'title_id': 'https://library.oapen.org/handle/20.500.12657/60492', 'publication_title': 'Reimagining Nabokov Pedagogies for the 21st Century', 'title_url': 'https://patron-academic.thepalaceproject.org/ucdavis/book/https%3A%2F%2Fcdl.edu.thepalaceproject.org%2F110644%2Fworks%2FURI%252Fhttps%253A%252F%252Flibrary.oapen.org%252Fhandle%252F20.500.12657%252F60492', 'first_author': '', 'online_identifier': '', 'publisher_name': 'Amherst College Press', 'publication_type': 'monograph', 'date_monograph_published_online': '2022', 'first_editor': 'Karpukhin, Sara', 'access_type': 'openaccess', 'source_id': '20.500.12657/60492', 'source_id_type': 'File Handle'}
Record 253: {'title_id': 'https://library.oapen.org/handle/20.500.12657/54494', 'publication_title': 'Strategic Triangles Reshaping International Relations in East Asia', 'title_url': 'https://patron-academic.thepalaceproject.org/ucdavis/book/https%3A%2F%2Fcdl.edu.thepalaceproject.org%2F110644%2Fworks%2FURI%252Fhttps%253A%252F%252Flibrary.oapen.org%252Fhandle%252F20.500.12657%252F54494', 'first_author': 'Rozman, Gilbert', 'online_identifier': '', 'publisher_name': 'Taylor & Francis', 'publication_type': 'monograph', 'date_monograph_published_online': '2022', 'first_editor': '', 'access_type': 'openaccess', 'source_id': '20.500.12657/54494', 'source_id_type': 'File Handle'}
Record 254: {'title_id': 'https://library.oapen.org/handle/20.500.12657/53924', 'publication_title': 'Portraits and Poses Female Intellectual Authority, Agency and Authorship in Early Modern Europe', 'title_url': 'https://patron-academic.thepalaceproject.org/ucdavis/book/https%3A%2F%2Fcdl.edu.thepalaceproject.org%2F110644%2Fworks%2FURI%252Fhttps%253A%252F%252Flibrary.oapen.org%252Fhandle%252F20.500.12657%252F53924', 'first_author': '', 'online_identifier': '', 'publisher_name': 'Leuven University Press', 'publication_type': 'monograph', 'date_monograph_published_online': '2022', 'first_editor': 'Vanacker, Beatrijs', 'access_type': 'openaccess', 'source_id': '20.500.12657/53924', 'source_id_type': 'File Handle'}
Record 255: {'title_id': 'https://library.oapen.org/handle/20.500.12657/57623', 'publication_title': 'Complexity in Second Language Study Emotions Emergent Sensemaking in Social Context', 'title_url': 'https://patron-academic.thepalaceproject.org/ucdavis/book/https%3A%2F%2Fcdl.edu.thepalaceproject.org%2F110644%2Fworks%2FURI%252Fhttps%253A%252F%252Flibrary.oapen.org%252Fhandle%252F20.500.12657%252F57623', 'first_author': 'Sampson, Richard J.', 'online_identifier': '', 'publisher_name': 'Taylor & Francis', 'publication_type': 'monograph', 'date_monograph_published_online': '2022', 'first_editor': '', 'access_type': 'openaccess', 'source_id': '20.500.12657/57623', 'source_id_type': 'File Handle'}
Record 256: {'title_id': 'https://library.oapen.org/handle/20.500.12657/59800', 'publication_title': 'Re-imagining the Teaching of European History Promoting Civic Education and Historical Consciousness', 'title_url': 'https://patron-academic.thepalaceproject.org/ucdavis/book/https%3A%2F%2Fcdl.edu.thepalaceproject.org%2F110644%2Fworks%2FURI%252Fhttps%253A%252F%252Flibrary.oapen.org%252Fhandle%252F20.500.12657%252F59800', 'first_author': 'Gómez, Cosme', 'online_identifier': '', 'publisher_name': 'Taylor & Francis', 'publication_type': 'monograph', 'date_monograph_published_online': '2022', 'first_editor': '', 'access_type': 'openaccess', 'source_id': '20.500.12657/59800', 'source_id_type': 'File Handle'}
Record 257: {'title_id': 'https://library.oapen.org/handle/20.500.12657/57026', 'publication_title': 'The Pathway to Publishing: A Guide to Quantitative Writing in the Health Sciences', 'title_url': 'https://patron-academic.thepalaceproject.org/ucdavis/book/https%3A%2F%2Fcdl.edu.thepalaceproject.org%2F110644%2Fworks%2FURI%252Fhttps%253A%252F%252Flibrary.oapen.org%252Fhandle%252F20.500.12657%252F57026', 'first_author': '', 'online_identifier': '', 'publisher_name': 'Springer Nature', 'publication_type': 'monograph', 'date_monograph_published_online': '2022', 'first_editor': '', 'access_type': 'openaccess', 'source_id': '20.500.12657/57026', 'source_id_type': 'File Handle'}
Record 258: {'title_id': 'https://library.oapen.org/handle/20.500.12657/59331', 'publication_title': 'Database Principles and Technologies – Based on Huawei GaussDB', 'title_url': 'https://patron-academic.thepalaceproject.org/ucdavis/book/https%3A%2F%2Fcdl.edu.thepalaceproject.org%2F110644%2Fworks%2FURI%252Fhttps%253A%252F%252Flibrary.oapen.org%252Fhandle%252F20.500.12657%252F59331', 'first_author': 'Huawei Technologies Co., Ltd.', 'online_identifier': '', 'publisher_name': 'Springer Nature', 'publication_type': 'monograph', 'date_monograph_published_online': '2022', 'first_editor': '', 'access_type': 'openaccess', 'source_id': '20.500.12657/59331', 'source_id_type': 'File Handle'}
Record 259: {'title_id': 'https://library.oapen.org/handle/20.500.12657/53710', 'publication_title': 'Time for the Ancients Measurement, Theory, Experience', 'title_url': 'https://patron-academic.thepalaceproject.org/ucdavis/book/https%3A%2F%2Fcdl.edu.thepalaceproject.org%2F110644%2Fworks%2FURI%252Fhttps%253A%252F%252Flibrary.oapen.org%252Fhandle%252F20.500.12657%252F53710', 'first_author': 'Singer, P. N.', 'online_identifier': '', 'publisher_name': 'De Gruyter', 'publication_type': 'monograph', 'date_monograph_published_online': '2022', 'first_editor': '', 'access_type': 'openaccess', 'source_id': '20.500.12657/53710', 'source_id_type': 'File Handle'}
Record 260: {'title_id': 'https://library.oapen.org/handle/20.500.12657/53926', 'publication_title': "Processing Choreography Thinking with William Forsythe's Duo", 'title_url': 'https://patron-academic.thepalaceproject.org/ucdavis/book/https%3A%2F%2Fcdl.edu.thepalaceproject.org%2F110644%2Fworks%2FURI%252Fhttps%253A%252F%252Flibrary.oapen.org%252Fhandle%252F20.500.12657%252F53926', 'first_author': 'Waterhouse, Elizabeth', 'online_identifier': '', 'publisher_name': 'transcript Verlag', 'publication_type': 'monograph', 'date_monograph_published_online': '2022', 'first_editor': '', 'access_type': 'openaccess', 'source_id': '20.500.12657/53926', 'source_id_type': 'File Handle'}
Record 261: {'title_id': 'https://library.oapen.org/handle/20.500.12657/58903', 'publication_title': 'The Architecture of Empire in Modern Europe Space, Place, and the Construction of an Imperial Environment, 1860-1960', 'title_url': 'https://patron-academic.thepalaceproject.org/ucdavis/book/https%3A%2F%2Fcdl.edu.thepalaceproject.org%2F110644%2Fworks%2FURI%252Fhttps%253A%252F%252Flibrary.oapen.org%252Fhandle%252F20.500.12657%252F58903', 'first_author': 'Groten, Miel', 'online_identifier': '', 'publisher_name': 'Amsterdam University Press', 'publication_type': 'monograph', 'date_monograph_published_online': '2022', 'first_editor': '', 'access_type': 'openaccess', 'source_id': '20.500.12657/58903', 'source_id_type': 'File Handle'}
Record 262: {'title_id': 'https://library.oapen.org/handle/20.500.12657/56701', 'publication_title': 'Seeking Convergence? A Comparative Analysis of the Jurisprudence of the European Court of Human Rights and the Court of Justice of the European Union on Seeking Asylum', 'title_url': 'https://patron-academic.thepalaceproject.org/ucdavis/book/https%3A%2F%2Fcdl.edu.thepalaceproject.org%2F110644%2Fworks%2FURI%252Fhttps%253A%252F%252Flibrary.oapen.org%252Fhandle%252F20.500.12657%252F56701', 'first_author': 'Łysienia, Maja', 'online_identifier': '', 'publisher_name': 'sui generis Verlag', 'publication_type': 'monograph', 'date_monograph_published_online': '2022', 'first_editor': '', 'access_type': 'openaccess', 'source_id': '20.500.12657/56701', 'source_id_type': 'File Handle'}
Record 263: {'title_id': 'https://library.oapen.org/handle/20.500.12657/61115', 'publication_title': 'Digital Business Models The New Value Creation and Capture Mechanisms of the 21st Century', 'title_url': 'https://patron-academic.thepalaceproject.org/ucdavis/book/https%3A%2F%2Fcdl.edu.thepalaceproject.org%2F110644%2Fworks%2FURI%252Fhttps%253A%252F%252Flibrary.oapen.org%252Fhandle%252F20.500.12657%252F61115', 'first_author': '', 'online_identifier': '', 'publisher_name': 'De Gruyter', 'publication_type': 'monograph', 'date_monograph_published_online': '2022', 'first_editor': '', 'access_type': 'openaccess', 'source_id': '20.500.12657/61115', 'source_id_type': 'File Handle'}
Record 264: {'title_id': 'https://library.oapen.org/handle/20.500.12657/61363', 'publication_title': 'Development with Dignity Self-determination, Localization, and the End to Poverty', 'title_url': 'https://patron-academic.thepalaceproject.org/ucdavis/book/https%3A%2F%2Fcdl.edu.thepalaceproject.org%2F110644%2Fworks%2FURI%252Fhttps%253A%252F%252Flibrary.oapen.org%252Fhandle%252F20.500.12657%252F61363', 'first_author': '', 'online_identifier': '', 'publisher_name': 'Taylor & Francis', 'publication_type': 'monograph', 'date_monograph_published_online': '2022', 'first_editor': '', 'access_type': 'openaccess', 'source_id': '20.500.12657/61363', 'source_id_type': 'File Handle'}
Record 265: {'title_id': 'https://library.oapen.org/handle/20.500.12657/53764', 'publication_title': 'Women Religious Crossing between Cloister and the World Nunneries in Europe and the Americas, ca. 1200–1700', 'title_url': 'https://patron-academic.thepalaceproject.org/ucdavis/book/https%3A%2F%2Fcdl.edu.thepalaceproject.org%2F110644%2Fworks%2FURI%252Fhttps%253A%252F%252Flibrary.oapen.org%252Fhandle%252F20.500.12657%252F53764', 'first_author': 'Pérez Vidal, Mercedes', 'online_identifier': '', 'publisher_name': 'Arc Humanities Press', 'publication_type': 'monograph', 'date_monograph_published_online': '2022', 'first_editor': '', 'access_type': 'openaccess', 'source_id': '20.500.12657/53764', 'source_id_type': 'File Handle'}
Record 266: {'title_id': 'https://library.oapen.org/handle/20.500.12657/57223', 'publication_title': 'Kant and Artificial Intelligence', 'title_url': 'https://patron-academic.thepalaceproject.org/ucdavis/book/https%3A%2F%2Fcdl.edu.thepalaceproject.org%2F110644%2Fworks%2FURI%252Fhttps%253A%252F%252Flibrary.oapen.org%252Fhandle%252F20.500.12657%252F57223', 'first_author': '', 'online_identifier': '', 'publisher_name': 'De Gruyter', 'publication_type': 'monograph', 'date_monograph_published_online': '2022', 'first_editor': 'Kim, Hyeongjoo', 'access_type': 'openaccess', 'source_id': '20.500.12657/57223', 'source_id_type': 'File Handle'}
Record 267: {'title_id': 'https://library.oapen.org/handle/20.500.12657/76305', 'publication_title': 'Mediterranean Seafarers in Transition Maritime Labour, Communities, Shipping and the Challenge of Industrialization 1850s — 1920s', 'title_url': 'https://patron-academic.thepalaceproject.org/ucdavis/book/https%3A%2F%2Fcdl.edu.thepalaceproject.org%2F110644%2Fworks%2FURI%252Fhttps%253A%252F%252Flibrary.oapen.org%252Fhandle%252F20.500.12657%252F76305', 'first_author': '', 'online_identifier': '', 'publisher_name': 'Brill', 'publication_type': 'monograph', 'date_monograph_published_online': '2022', 'first_editor': 'Barbano, Matteo', 'access_type': 'openaccess', 'source_id': '20.500.12657/76305', 'source_id_type': 'File Handle'}
Record 268: {'title_id': 'https://library.oapen.org/handle/20.500.12657/58479', 'publication_title': 'Water Resources Allocation and Agriculture Transitioning from open to regulated access', 'title_url': 'https://patron-academic.thepalaceproject.org/ucdavis/book/https%3A%2F%2Fcdl.edu.thepalaceproject.org%2F110644%2Fworks%2FURI%252Fhttps%253A%252F%252Flibrary.oapen.org%252Fhandle%252F20.500.12657%252F58479', 'first_author': 'Rouillard, Josselin', 'online_identifier': '', 'publisher_name': 'IWA Publishing', 'publication_type': 'monograph', 'date_monograph_published_online': '2022', 'first_editor': '', 'access_type': 'openaccess', 'source_id': '20.500.12657/58479', 'source_id_type': 'File Handle'}
Record 269: {'title_id': 'https://library.oapen.org/handle/20.500.12657/54680', 'publication_title': 'Being Indigenous in Jim Crow Virginia Powhatan People and the Color Line', 'title_url': 'https://patron-academic.thepalaceproject.org/ucdavis/book/https%3A%2F%2Fcdl.edu.thepalaceproject.org%2F110644%2Fworks%2FURI%252Fhttps%253A%252F%252Flibrary.oapen.org%252Fhandle%252F20.500.12657%252F54680', 'first_author': 'Feller, Laura J.', 'online_identifier': '', 'publisher_name': 'University of Oklahoma Press', 'publication_type': 'monograph', 'date_monograph_published_online': '2022', 'first_editor': '', 'access_type': 'openaccess', 'source_id': '20.500.12657/54680', 'source_id_type': 'File Handle'}
Record 270: {'title_id': 'https://library.oapen.org/handle/20.500.12657/59868', 'publication_title': 'Preventive audiology An African perspective', 'title_url': 'https://patron-academic.thepalaceproject.org/ucdavis/book/https%3A%2F%2Fcdl.edu.thepalaceproject.org%2F110644%2Fworks%2FURI%252Fhttps%253A%252F%252Flibrary.oapen.org%252Fhandle%252F20.500.12657%252F59868', 'first_author': '', 'online_identifier': '', 'publisher_name': 'AOSIS', 'publication_type': 'monograph', 'date_monograph_published_online': '2022', 'first_editor': 'Khoza-Shangase, Katijah', 'access_type': 'openaccess', 'source_id': '20.500.12657/59868', 'source_id_type': 'File Handle'}
Record 271: {'title_id': 'https://library.oapen.org/handle/20.500.12657/53005', 'publication_title': 'Indigenous Peoples, Natural Resources and Governance Agencies and Interactions', 'title_url': 'https://patron-academic.thepalaceproject.org/ucdavis/book/https%3A%2F%2Fcdl.edu.thepalaceproject.org%2F110644%2Fworks%2FURI%252Fhttps%253A%252F%252Flibrary.oapen.org%252Fhandle%252F20.500.12657%252F53005', 'first_author': '', 'online_identifier': '', 'publisher_name': 'Taylor & Francis', 'publication_type': 'monograph', 'date_monograph_published_online': '2022', 'first_editor': 'Broderstad, Else Grete', 'access_type': 'openaccess', 'source_id': '20.500.12657/53005', 'source_id_type': 'File Handle'}
Record 272: {'title_id': 'https://library.oapen.org/handle/20.500.12657/59055', 'publication_title': 'Rising Power and Changing People The Australian High Commission in India', 'title_url': 'https://patron-academic.thepalaceproject.org/ucdavis/book/https%3A%2F%2Fcdl.edu.thepalaceproject.org%2F110644%2Fworks%2FURI%252Fhttps%253A%252F%252Flibrary.oapen.org%252Fhandle%252F20.500.12657%252F59055', 'first_author': '', 'online_identifier': '', 'publisher_name': 'ANU Press', 'publication_type': 'monograph', 'date_monograph_published_online': '2022', 'first_editor': 'Lowe, David', 'access_type': 'openaccess', 'source_id': '20.500.12657/59055', 'source_id_type': 'File Handle'}
Record 273: {'title_id': 'https://library.oapen.org/handle/20.500.12657/58513', 'publication_title': 'Bias, Belief, and Conviction in an Age of Fake Facts', 'title_url': 'https://patron-academic.thepalaceproject.org/ucdavis/book/https%3A%2F%2Fcdl.edu.thepalaceproject.org%2F110644%2Fworks%2FURI%252Fhttps%253A%252F%252Flibrary.oapen.org%252Fhandle%252F20.500.12657%252F58513', 'first_author': '', 'online_identifier': '', 'publisher_name': 'Taylor & Francis', 'publication_type': 'monograph', 'date_monograph_published_online': '2022', 'first_editor': 'Finger, Anke', 'access_type': 'openaccess', 'source_id': '20.500.12657/58513', 'source_id_type': 'File Handle'}
Record 274: {'title_id': 'https://library.oapen.org/handle/20.500.12657/58636', 'publication_title': 'What People Leave Behind Marks, Traces, Footprints and their Relevance to Knowledge Society', 'title_url': 'https://patron-academic.thepalaceproject.org/ucdavis/book/https%3A%2F%2Fcdl.edu.thepalaceproject.org%2F110644%2Fworks%2FURI%252Fhttps%253A%252F%252Flibrary.oapen.org%252Fhandle%252F20.500.12657%252F58636', 'first_author': '', 'online_identifier': '', 'publisher_name': 'Springer Nature', 'publication_type': 'monograph', 'date_monograph_published_online': '2022', 'first_editor': 'Comunello, Francesca', 'access_type': 'openaccess', 'source_id': '20.500.12657/58636', 'source_id_type': 'File Handle'}
Record 275: {'title_id': 'https://library.oapen.org/handle/20.500.12657/53826', 'publication_title': 'Theatre and Its Other Abhinavagupta on Dance and Dramatic Acting', 'title_url': 'https://patron-academic.thepalaceproject.org/ucdavis/book/https%3A%2F%2Fcdl.edu.thepalaceproject.org%2F110644%2Fworks%2FURI%252Fhttps%253A%252F%252Flibrary.oapen.org%252Fhandle%252F20.500.12657%252F53826', 'first_author': 'Ganser, Elisa', 'online_identifier': '', 'publisher_name': 'Brill', 'publication_type': 'monograph', 'date_monograph_published_online': '2022', 'first_editor': '', 'access_type': 'openaccess', 'source_id': '20.500.12657/53826', 'source_id_type': 'File Handle'}
Record 276: {'title_id': 'https://library.oapen.org/handle/20.500.12657/59662', 'publication_title': 'Manuscript and Print in the Islamic Tradition', 'title_url': 'https://patron-academic.thepalaceproject.org/ucdavis/book/https%3A%2F%2Fcdl.edu.thepalaceproject.org%2F110644%2Fworks%2FURI%252Fhttps%253A%252F%252Flibrary.oapen.org%252Fhandle%252F20.500.12657%252F59662', 'first_author': 'Reese, Scott', 'online_identifier': '', 'publisher_name': 'De Gruyter', 'publication_type': 'monograph', 'date_monograph_published_online': '2022', 'first_editor': '', 'access_type': 'openaccess', 'source_id': '20.500.12657/59662', 'source_id_type': 'File Handle'}
Record 277: {'title_id': 'https://library.oapen.org/handle/20.500.12657/54652', 'publication_title': 'Printing Spinoza A Descriptive Bibliography of the Works Published in the Seventeenth Century', 'title_url': 'https://patron-academic.thepalaceproject.org/ucdavis/book/https%3A%2F%2Fcdl.edu.thepalaceproject.org%2F110644%2Fworks%2FURI%252Fhttps%253A%252F%252Flibrary.oapen.org%252Fhandle%252F20.500.12657%252F54652', 'first_author': 'van de Ven, Jeroen M.M.', 'online_identifier': '', 'publisher_name': 'Brill', 'publication_type': 'monograph', 'date_monograph_published_online': '2022', 'first_editor': '', 'access_type': 'openaccess', 'source_id': '20.500.12657/54652', 'source_id_type': 'File Handle'}
Record 278: {'title_id': 'https://library.oapen.org/handle/20.500.12657/57301', 'publication_title': 'Applying Reflective Equilibrium Towards the Justification of a Precautionary Principle', 'title_url': 'https://patron-academic.thepalaceproject.org/ucdavis/book/https%3A%2F%2Fcdl.edu.thepalaceproject.org%2F110644%2Fworks%2FURI%252Fhttps%253A%252F%252Flibrary.oapen.org%252Fhandle%252F20.500.12657%252F57301', 'first_author': 'Rechnitzer, Tanja', 'online_identifier': '', 'publisher_name': 'Springer Nature', 'publication_type': 'monograph', 'date_monograph_published_online': '2022', 'first_editor': '', 'access_type': 'openaccess', 'source_id': '20.500.12657/57301', 'source_id_type': 'File Handle'}
Record 279: {'title_id': 'https://library.oapen.org/handle/20.500.12657/53587', 'publication_title': 'A Short History of Transport in Japan from Ancient Times to the Present', 'title_url': 'https://patron-academic.thepalaceproject.org/ucdavis/book/https%3A%2F%2Fcdl.edu.thepalaceproject.org%2F110644%2Fworks%2FURI%252Fhttps%253A%252F%252Flibrary.oapen.org%252Fhandle%252F20.500.12657%252F53587', 'first_author': 'Black, John Andrew', 'online_identifier': '', 'publisher_name': 'Open Book Publishers', 'publication_type': 'monograph', 'date_monograph_published_online': '2022', 'first_editor': '', 'access_type': 'openaccess', 'source_id': '20.500.12657/53587', 'source_id_type': 'File Handle'}
Record 280: {'title_id': 'https://library.oapen.org/handle/20.500.12657/57997', 'publication_title': 'Jar Tests for Water Treatment Optimization How to Perform Jar Tests – a handbook', 'title_url': 'https://patron-academic.thepalaceproject.org/ucdavis/book/https%3A%2F%2Fcdl.edu.thepalaceproject.org%2F110644%2Fworks%2FURI%252Fhttps%253A%252F%252Flibrary.oapen.org%252Fhandle%252F20.500.12657%252F57997', 'first_author': '', 'online_identifier': '', 'publisher_name': 'IWA Publishing', 'publication_type': 'monograph', 'date_monograph_published_online': '2022', 'first_editor': '', 'access_type': 'openaccess', 'source_id': '20.500.12657/57997', 'source_id_type': 'File Handle'}
Record 281: {'title_id': 'https://library.oapen.org/handle/20.500.12657/57807', 'publication_title': 'Material Culture and (Forced) Migration Materializing the transient', 'title_url': 'https://patron-academic.thepalaceproject.org/ucdavis/book/https%3A%2F%2Fcdl.edu.thepalaceproject.org%2F110644%2Fworks%2FURI%252Fhttps%253A%252F%252Flibrary.oapen.org%252Fhandle%252F20.500.12657%252F57807', 'first_author': '', 'online_identifier': '', 'publisher_name': 'UCL Press', 'publication_type': 'monograph', 'date_monograph_published_online': '2022', 'first_editor': 'Bräunlein, Peter J.', 'access_type': 'openaccess', 'source_id': '20.500.12657/57807', 'source_id_type': 'File Handle'}
Record 282: {'title_id': 'https://library.oapen.org/handle/20.500.12657/57616', 'publication_title': 'Digital Business Models in Sport', 'title_url': 'https://patron-academic.thepalaceproject.org/ucdavis/book/https%3A%2F%2Fcdl.edu.thepalaceproject.org%2F110644%2Fworks%2FURI%252Fhttps%253A%252F%252Flibrary.oapen.org%252Fhandle%252F20.500.12657%252F57616', 'first_author': '', 'online_identifier': '', 'publisher_name': 'Taylor & Francis', 'publication_type': 'monograph', 'date_monograph_published_online': '2022', 'first_editor': 'Cieslinski, Wojciech', 'access_type': 'openaccess', 'source_id': '20.500.12657/57616', 'source_id_type': 'File Handle'}
Record 283: {'title_id': 'https://library.oapen.org/handle/20.500.12657/60159', 'publication_title': 'Corporate Liability for Transboundary Environmental Harm An International and Transnational Perspective', 'title_url': 'https://patron-academic.thepalaceproject.org/ucdavis/book/https%3A%2F%2Fcdl.edu.thepalaceproject.org%2F110644%2Fworks%2FURI%252Fhttps%253A%252F%252Flibrary.oapen.org%252Fhandle%252F20.500.12657%252F60159', 'first_author': '', 'online_identifier': '', 'publisher_name': 'Springer Nature', 'publication_type': 'monograph', 'date_monograph_published_online': '2022', 'first_editor': 'Gailhofer, Peter', 'access_type': 'openaccess', 'source_id': '20.500.12657/60159', 'source_id_type': 'File Handle'}
Record 284: {'title_id': 'https://library.oapen.org/handle/20.500.12657/88056', 'publication_title': 'Maria Thereza Alves Seeds of Change', 'title_url': 'https://patron-academic.thepalaceproject.org/ucdavis/book/https%3A%2F%2Fcdl.edu.thepalaceproject.org%2F110644%2Fworks%2FURI%252Fhttps%253A%252F%252Flibrary.oapen.org%252Fhandle%252F20.500.12657%252F88056', 'first_author': '', 'online_identifier': '', 'publisher_name': 'Amherst College Press', 'publication_type': 'monograph', 'date_monograph_published_online': '2022', 'first_editor': 'Kuoni, Carin', 'access_type': 'openaccess', 'source_id': '20.500.12657/88056', 'source_id_type': 'File Handle'}
Record 285: {'title_id': 'https://library.oapen.org/handle/20.500.12657/52540', 'publication_title': 'The Reflexes of Syllabic Liquids in Ancient Greek Linguistic Prehistory of the Greek Dialects and Homeric Kunstsprache', 'title_url': 'https://patron-academic.thepalaceproject.org/ucdavis/book/https%3A%2F%2Fcdl.edu.thepalaceproject.org%2F110644%2Fworks%2FURI%252Fhttps%253A%252F%252Flibrary.oapen.org%252Fhandle%252F20.500.12657%252F52540', 'first_author': 'van Beek, Lucien', 'online_identifier': '', 'publisher_name': 'Brill', 'publication_type': 'monograph', 'date_monograph_published_online': '2022', 'first_editor': '', 'access_type': 'openaccess', 'source_id': '20.500.12657/52540', 'source_id_type': 'File Handle'}
Record 286: {'title_id': 'https://library.oapen.org/handle/20.500.12657/54017', 'publication_title': 'Histories of Experience in the World of Lived Religion', 'title_url': 'https://patron-academic.thepalaceproject.org/ucdavis/book/https%3A%2F%2Fcdl.edu.thepalaceproject.org%2F110644%2Fworks%2FURI%252Fhttps%253A%252F%252Flibrary.oapen.org%252Fhandle%252F20.500.12657%252F54017', 'first_author': '', 'online_identifier': '', 'publisher_name': 'Springer Nature', 'publication_type': 'monograph', 'date_monograph_published_online': '2022', 'first_editor': 'Katajala-Peltomaa, Sari', 'access_type': 'openaccess', 'source_id': '20.500.12657/54017', 'source_id_type': 'File Handle'}
Record 287: {'title_id': 'https://library.oapen.org/handle/20.500.12657/53234', 'publication_title': 'Deprivation of Liberty in the Shadows of the Institution', 'title_url': 'https://patron-academic.thepalaceproject.org/ucdavis/book/https%3A%2F%2Fcdl.edu.thepalaceproject.org%2F110644%2Fworks%2FURI%252Fhttps%253A%252F%252Flibrary.oapen.org%252Fhandle%252F20.500.12657%252F53234', 'first_author': 'Series, Lucy', 'online_identifier': '', 'publisher_name': 'Bristol University Press', 'publication_type': 'monograph', 'date_monograph_published_online': '2022', 'first_editor': '', 'access_type': 'openaccess', 'source_id': '20.500.12657/53234', 'source_id_type': 'File Handle'}
Record 288: {'title_id': 'https://library.oapen.org/handle/20.500.12657/58176', 'publication_title': 'Voices in Psychosis Interdisciplinary Perspectives', 'title_url': 'https://patron-academic.thepalaceproject.org/ucdavis/book/https%3A%2F%2Fcdl.edu.thepalaceproject.org%2F110644%2Fworks%2FURI%252Fhttps%253A%252F%252Flibrary.oapen.org%252Fhandle%252F20.500.12657%252F58176', 'first_author': '', 'online_identifier': '', 'publisher_name': 'Oxford University Press', 'publication_type': 'monograph', 'date_monograph_published_online': '2022', 'first_editor': 'Alderson-Day, Ben', 'access_type': 'openaccess', 'source_id': '20.500.12657/58176', 'source_id_type': 'File Handle'}
Record 289: {'title_id': 'https://library.oapen.org/handle/20.500.12657/53348', 'publication_title': 'Gender and Migration IMISCOE Short Reader', 'title_url': 'https://patron-academic.thepalaceproject.org/ucdavis/book/https%3A%2F%2Fcdl.edu.thepalaceproject.org%2F110644%2Fworks%2FURI%252Fhttps%253A%252F%252Flibrary.oapen.org%252Fhandle%252F20.500.12657%252F53348', 'first_author': '', 'online_identifier': '', 'publisher_name': 'Springer Nature', 'publication_type': 'monograph', 'date_monograph_published_online': '2022', 'first_editor': '', 'access_type': 'openaccess', 'source_id': '20.500.12657/53348', 'source_id_type': 'File Handle'}
Record 290: {'title_id': 'https://library.oapen.org/handle/20.500.12657/55781', 'publication_title': 'Unsettling Translation Studies in Honour of Theo Hermans', 'title_url': 'https://patron-academic.thepalaceproject.org/ucdavis/book/https%3A%2F%2Fcdl.edu.thepalaceproject.org%2F110644%2Fworks%2FURI%252Fhttps%253A%252F%252Flibrary.oapen.org%252Fhandle%252F20.500.12657%252F55781', 'first_author': 'Baker, Mona', 'online_identifier': '', 'publisher_name': 'Taylor & Francis', 'publication_type': 'monograph', 'date_monograph_published_online': '2022', 'first_editor': '', 'access_type': 'openaccess', 'source_id': '20.500.12657/55781', 'source_id_type': 'File Handle'}
Record 291: {'title_id': 'https://library.oapen.org/handle/20.500.12657/53360', 'publication_title': 'Wicked Problems in Public Policy Understanding and Responding to Complex Challenges', 'title_url': 'https://patron-academic.thepalaceproject.org/ucdavis/book/https%3A%2F%2Fcdl.edu.thepalaceproject.org%2F110644%2Fworks%2FURI%252Fhttps%253A%252F%252Flibrary.oapen.org%252Fhandle%252F20.500.12657%252F53360', 'first_author': 'Head, Brian W.', 'online_identifier': '', 'publisher_name': 'Springer Nature', 'publication_type': 'monograph', 'date_monograph_published_online': '2022', 'first_editor': '', 'access_type': 'openaccess', 'source_id': '20.500.12657/53360', 'source_id_type': 'File Handle'}
Record 292: {'title_id': 'https://library.oapen.org/handle/20.500.12657/54159', 'publication_title': 'Archipelago of Resettlement Vietnamese Refugee Settlers and Decolonization across Guam and Israel-Palestine', 'title_url': 'https://patron-academic.thepalaceproject.org/ucdavis/book/https%3A%2F%2Fcdl.edu.thepalaceproject.org%2F110644%2Fworks%2FURI%252Fhttps%253A%252F%252Flibrary.oapen.org%252Fhandle%252F20.500.12657%252F54159', 'first_author': 'Gandhi, Evyn Lê Espiritu', 'online_identifier': '', 'publisher_name': 'University of California Press', 'publication_type': 'monograph', 'date_monograph_published_online': '2022', 'first_editor': '', 'access_type': 'openaccess', 'source_id': '20.500.12657/54159', 'source_id_type': 'File Handle'}
Record 293: {'title_id': 'https://library.oapen.org/handle/20.500.12657/77103', 'publication_title': 'New Models of Higher Education Unbundled, Rebundled, Customized, and DIY', 'title_url': 'https://patron-academic.thepalaceproject.org/ucdavis/book/https%3A%2F%2Fcdl.edu.thepalaceproject.org%2F110644%2Fworks%2FURI%252Fhttps%253A%252F%252Flibrary.oapen.org%252Fhandle%252F20.500.12657%252F77103', 'first_author': '', 'online_identifier': '', 'publisher_name': 'IGI Global', 'publication_type': 'monograph', 'date_monograph_published_online': '2022', 'first_editor': '', 'access_type': 'openaccess', 'source_id': '20.500.12657/77103', 'source_id_type': 'File Handle'}
Record 294: {'title_id': 'https://library.oapen.org/handle/20.500.12657/53682', 'publication_title': 'Lives in Transit in Early Modern England Identity and Belonging', 'title_url': 'https://patron-academic.thepalaceproject.org/ucdavis/book/https%3A%2F%2Fcdl.edu.thepalaceproject.org%2F110644%2Fworks%2FURI%252Fhttps%253A%252F%252Flibrary.oapen.org%252Fhandle%252F20.500.12657%252F53682', 'first_author': 'Das, Nandini', 'online_identifier': '', 'publisher_name': 'Amsterdam University Press', 'publication_type': 'monograph', 'date_monograph_published_online': '2022', 'first_editor': '', 'access_type': 'openaccess', 'source_id': '20.500.12657/53682', 'source_id_type': 'File Handle'}
Record 295: {'title_id': 'https://library.oapen.org/handle/20.500.12657/53831', 'publication_title': 'Contract Interpretation in Investment Treaty Arbitration A Theory of the Incidental Issue', 'title_url': 'https://patron-academic.thepalaceproject.org/ucdavis/book/https%3A%2F%2Fcdl.edu.thepalaceproject.org%2F110644%2Fworks%2FURI%252Fhttps%253A%252F%252Flibrary.oapen.org%252Fhandle%252F20.500.12657%252F53831', 'first_author': 'Chernykh, Yuliya', 'online_identifier': '', 'publisher_name': 'Brill', 'publication_type': 'monograph', 'date_monograph_published_online': '2022', 'first_editor': '', 'access_type': 'openaccess', 'source_id': '20.500.12657/53831', 'source_id_type': 'File Handle'}
Record 296: {'title_id': 'https://library.oapen.org/handle/20.500.12657/57375', 'publication_title': 'Deep Neural Networks and Data for Automated Driving Robustness, Uncertainty Quantification, and Insights Towards Safety', 'title_url': 'https://patron-academic.thepalaceproject.org/ucdavis/book/https%3A%2F%2Fcdl.edu.thepalaceproject.org%2F110644%2Fworks%2FURI%252Fhttps%253A%252F%252Flibrary.oapen.org%252Fhandle%252F20.500.12657%252F57375', 'first_author': '', 'online_identifier': '', 'publisher_name': 'Springer Nature', 'publication_type': 'monograph', 'date_monograph_published_online': '2022', 'first_editor': 'Fingscheidt, Tim', 'access_type': 'openaccess', 'source_id': '20.500.12657/57375', 'source_id_type': 'File Handle'}
Record 297: {'title_id': 'https://library.oapen.org/handle/20.500.12657/53317', 'publication_title': 'Antisense RNA Design, Delivery, and Analysis', 'title_url': 'https://patron-academic.thepalaceproject.org/ucdavis/book/https%3A%2F%2Fcdl.edu.thepalaceproject.org%2F110644%2Fworks%2FURI%252Fhttps%253A%252F%252Flibrary.oapen.org%252Fhandle%252F20.500.12657%252F53317', 'first_author': '', 'online_identifier': '', 'publisher_name': 'Springer Nature', 'publication_type': 'monograph', 'date_monograph_published_online': '2022', 'first_editor': 'Arechavala-Gomeza, Virginia', 'access_type': 'openaccess', 'source_id': '20.500.12657/53317', 'source_id_type': 'File Handle'}
Record 298: {'title_id': 'https://library.oapen.org/handle/20.500.12657/55720', 'publication_title': 'La moda come motore economico: innovazione di processo e prodotto, nuove strategie commerciali, comportamento dei consumatori / Fashion as an economic engine: process and product innovation, commercial strategies, consumer behavior', 'title_url': 'https://patron-academic.thepalaceproject.org/ucdavis/book/https%3A%2F%2Fcdl.edu.thepalaceproject.org%2F110644%2Fworks%2FURI%252Fhttps%253A%252F%252Flibrary.oapen.org%252Fhandle%252F20.500.12657%252F55720', 'first_author': 'Nigro, Giampiero', 'online_identifier': '', 'publisher_name': 'Firenze University Press', 'publication_type': 'monograph', 'date_monograph_published_online': '2022', 'first_editor': '', 'access_type': 'openaccess', 'source_id': '20.500.12657/55720', 'source_id_type': 'File Handle'}
Record 299: {'title_id': 'https://library.oapen.org/handle/20.500.12657/54029', 'publication_title': 'Fundamental Approaches to Software Engineering 25th International Conference, FASE 2022, Held as Part of the European Joint Conferences on Theory and Practice of Software, ETAPS 2022, Munich, Germany, April 2–7, 2022, Proceedings', 'title_url': 'https://patron-academic.thepalaceproject.org/ucdavis/book/https%3A%2F%2Fcdl.edu.thepalaceproject.org%2F110644%2Fworks%2FURI%252Fhttps%253A%252F%252Flibrary.oapen.org%252Fhandle%252F20.500.12657%252F54029', 'first_author': '', 'online_identifier': '', 'publisher_name': 'Springer Nature', 'publication_type': 'monograph', 'date_monograph_published_online': '2022', 'first_editor': 'Johnsen, Einar Broch', 'access_type': 'openaccess', 'source_id': '20.500.12657/54029', 'source_id_type': 'File Handle'}
Record 300: {'title_id': 'https://library.oapen.org/handle/20.500.12657/57755', 'publication_title': 'Contemporary Research on Management and Business Proceedings of the International Seminar of Contemporary Research on Business and Management (ISCRBM 2021), 18 December 2021, Jakarta, Indonesia', 'title_url': 'https://patron-academic.thepalaceproject.org/ucdavis/book/https%3A%2F%2Fcdl.edu.thepalaceproject.org%2F110644%2Fworks%2FURI%252Fhttps%253A%252F%252Flibrary.oapen.org%252Fhandle%252F20.500.12657%252F57755', 'first_author': 'Noviaristanti, Siska', 'online_identifier': '', 'publisher_name': 'Taylor & Francis', 'publication_type': 'monograph', 'date_monograph_published_online': '2022', 'first_editor': '', 'access_type': 'openaccess', 'source_id': '20.500.12657/57755', 'source_id_type': 'File Handle'}
Record 301: {'title_id': 'https://library.oapen.org/handle/20.500.12657/58596', 'publication_title': 'Celebrity Bromances Constructing, Interpreting and Utilising Personas', 'title_url': 'https://patron-academic.thepalaceproject.org/ucdavis/book/https%3A%2F%2Fcdl.edu.thepalaceproject.org%2F110644%2Fworks%2FURI%252Fhttps%253A%252F%252Flibrary.oapen.org%252Fhandle%252F20.500.12657%252F58596', 'first_author': '', 'online_identifier': '', 'publisher_name': 'Taylor & Francis', 'publication_type': 'monograph', 'date_monograph_published_online': '2022', 'first_editor': '', 'access_type': 'openaccess', 'source_id': '20.500.12657/58596', 'source_id_type': 'File Handle'}
Record 302: {'title_id': 'https://library.oapen.org/handle/20.500.12657/57388', 'publication_title': 'The Power of Music An Exploration of the Evidence', 'title_url': 'https://patron-academic.thepalaceproject.org/ucdavis/book/https%3A%2F%2Fcdl.edu.thepalaceproject.org%2F110644%2Fworks%2FURI%252Fhttps%253A%252F%252Flibrary.oapen.org%252Fhandle%252F20.500.12657%252F57388', 'first_author': '', 'online_identifier': '', 'publisher_name': 'Open Book Publishers', 'publication_type': 'monograph', 'date_monograph_published_online': '2022', 'first_editor': '', 'access_type': 'openaccess', 'source_id': '20.500.12657/57388', 'source_id_type': 'File Handle'}
Record 303: {'title_id': 'https://library.oapen.org/handle/20.500.12657/52790', 'publication_title': 'Hate Speech and Polarization in Participatory Society', 'title_url': 'https://patron-academic.thepalaceproject.org/ucdavis/book/https%3A%2F%2Fcdl.edu.thepalaceproject.org%2F110644%2Fworks%2FURI%252Fhttps%253A%252F%252Flibrary.oapen.org%252Fhandle%252F20.500.12657%252F52790', 'first_author': '', 'online_identifier': '', 'publisher_name': 'Taylor & Francis', 'publication_type': 'monograph', 'date_monograph_published_online': '2022', 'first_editor': 'Noguera-Vivo, José Manuel', 'access_type': 'openaccess', 'source_id': '20.500.12657/52790', 'source_id_type': 'File Handle'}
Record 304: {'title_id': 'https://library.oapen.org/handle/20.500.12657/59867', 'publication_title': 'Transforming Conservation A Practical Guide to Evidence and Decision Making', 'title_url': 'https://patron-academic.thepalaceproject.org/ucdavis/book/https%3A%2F%2Fcdl.edu.thepalaceproject.org%2F110644%2Fworks%2FURI%252Fhttps%253A%252F%252Flibrary.oapen.org%252Fhandle%252F20.500.12657%252F59867', 'first_author': 'Sutherland, William', 'online_identifier': '', 'publisher_name': 'Open Book Publishers', 'publication_type': 'monograph', 'date_monograph_published_online': '2022', 'first_editor': '', 'access_type': 'openaccess', 'source_id': '20.500.12657/59867', 'source_id_type': 'File Handle'}
Record 305: {'title_id': 'https://library.oapen.org/handle/20.500.12657/54043', 'publication_title': 'Multimedia Forensics', 'title_url': 'https://patron-academic.thepalaceproject.org/ucdavis/book/https%3A%2F%2Fcdl.edu.thepalaceproject.org%2F110644%2Fworks%2FURI%252Fhttps%253A%252F%252Flibrary.oapen.org%252Fhandle%252F20.500.12657%252F54043', 'first_author': '', 'online_identifier': '', 'publisher_name': 'Springer Nature', 'publication_type': 'monograph', 'date_monograph_published_online': '2022', 'first_editor': 'Memon, Nasir', 'access_type': 'openaccess', 'source_id': '20.500.12657/54043', 'source_id_type': 'File Handle'}
Record 306: {'title_id': 'https://library.oapen.org/handle/20.500.12657/54414', 'publication_title': 'Sustainable Energy Access for Communities Rethinking the Energy Agenda for Cities', 'title_url': 'https://patron-academic.thepalaceproject.org/ucdavis/book/https%3A%2F%2Fcdl.edu.thepalaceproject.org%2F110644%2Fworks%2FURI%252Fhttps%253A%252F%252Flibrary.oapen.org%252Fhandle%252F20.500.12657%252F54414', 'first_author': '', 'online_identifier': '', 'publisher_name': 'Springer Nature', 'publication_type': 'monograph', 'date_monograph_published_online': '2022', 'first_editor': 'Fall, Aminata', 'access_type': 'openaccess', 'source_id': '20.500.12657/54414', 'source_id_type': 'File Handle'}
Record 307: {'title_id': 'https://library.oapen.org/handle/20.500.12657/52473', 'publication_title': 'Open World Learning Research, Innovation and the Challenges of High-Quality Education', 'title_url': 'https://patron-academic.thepalaceproject.org/ucdavis/book/https%3A%2F%2Fcdl.edu.thepalaceproject.org%2F110644%2Fworks%2FURI%252Fhttps%253A%252F%252Flibrary.oapen.org%252Fhandle%252F20.500.12657%252F52473', 'first_author': '', 'online_identifier': '', 'publisher_name': 'Taylor & Francis', 'publication_type': 'monograph', 'date_monograph_published_online': '2022', 'first_editor': 'Hampel, Regine', 'access_type': 'openaccess', 'source_id': '20.500.12657/52473', 'source_id_type': 'File Handle'}
Record 308: {'title_id': 'https://library.oapen.org/handle/20.500.12657/61262', 'publication_title': 'Digital Transformation in Norwegian Enterprises', 'title_url': 'https://patron-academic.thepalaceproject.org/ucdavis/book/https%3A%2F%2Fcdl.edu.thepalaceproject.org%2F110644%2Fworks%2FURI%252Fhttps%253A%252F%252Flibrary.oapen.org%252Fhandle%252F20.500.12657%252F61262', 'first_author': '', 'online_identifier': '', 'publisher_name': 'Springer Nature', 'publication_type': 'monograph', 'date_monograph_published_online': '2022', 'first_editor': 'Mikalef, Patrick', 'access_type': 'openaccess', 'source_id': '20.500.12657/61262', 'source_id_type': 'File Handle'}
Record 309: {'title_id': 'https://library.oapen.org/handle/20.500.12657/61262', 'publication_title': 'Digital Transformation in Norwegian Enterprises', 'title_url': 'https://patron-academic.thepalaceproject.org/ucdavis/book/https%3A%2F%2Fcdl.edu.thepalaceproject.org%2F110644%2Fworks%2FURI%252Fhttps%253A%252F%252Flibrary.oapen.org%252Fhandle%252F20.500.12657%252F61262', 'first_author': '', 'online_identifier': '', 'publisher_name': 'Springer Nature', 'publication_type': 'monograph', 'date_monograph_published_online': '2022', 'first_editor': 'Mikalef, Patrick', 'access_type': 'openaccess', 'source_id': '20.500.12657/61262', 'source_id_type': 'File Handle'}
Record 310: {'title_id': 'https://library.oapen.org/handle/20.500.12657/52555', 'publication_title': 'Reformation, Revolution, Renovation The Roots and Reception of the Rosicrucian Call for General Reform', 'title_url': 'https://patron-academic.thepalaceproject.org/ucdavis/book/https%3A%2F%2Fcdl.edu.thepalaceproject.org%2F110644%2Fworks%2FURI%252Fhttps%253A%252F%252Flibrary.oapen.org%252Fhandle%252F20.500.12657%252F52555', 'first_author': 'de Vries, Lyke', 'online_identifier': '', 'publisher_name': 'Brill', 'publication_type': 'monograph', 'date_monograph_published_online': '2022', 'first_editor': '', 'access_type': 'openaccess', 'source_id': '20.500.12657/52555', 'source_id_type': 'File Handle'}
Record 311: {'title_id': 'https://library.oapen.org/handle/20.500.12657/60857', 'publication_title': 'Speciesism in Biology and Culture How Human Exceptionalism is Pushing Planetary Boundaries', 'title_url': 'https://patron-academic.thepalaceproject.org/ucdavis/book/https%3A%2F%2Fcdl.edu.thepalaceproject.org%2F110644%2Fworks%2FURI%252Fhttps%253A%252F%252Flibrary.oapen.org%252Fhandle%252F20.500.12657%252F60857', 'first_author': '', 'online_identifier': '', 'publisher_name': 'Springer Nature', 'publication_type': 'monograph', 'date_monograph_published_online': '2022', 'first_editor': 'Mishler, Brent D.', 'access_type': 'openaccess', 'source_id': '20.500.12657/60857', 'source_id_type': 'File Handle'}
Record 312: {'title_id': 'https://library.oapen.org/handle/20.500.12657/52937', 'publication_title': 'Resource Recovery from Water Principles and Application', 'title_url': 'https://patron-academic.thepalaceproject.org/ucdavis/book/https%3A%2F%2Fcdl.edu.thepalaceproject.org%2F110644%2Fworks%2FURI%252Fhttps%253A%252F%252Flibrary.oapen.org%252Fhandle%252F20.500.12657%252F52937', 'first_author': '', 'online_identifier': '', 'publisher_name': 'IWA Publishing', 'publication_type': 'monograph', 'date_monograph_published_online': '2022', 'first_editor': 'Ganigué, Ramon', 'access_type': 'openaccess', 'source_id': '20.500.12657/52937', 'source_id_type': 'File Handle'}
Record 313: {'title_id': 'https://library.oapen.org/handle/20.500.12657/52937', 'publication_title': 'Resource Recovery from Water Principles and Application', 'title_url': 'https://patron-academic.thepalaceproject.org/ucdavis/book/https%3A%2F%2Fcdl.edu.thepalaceproject.org%2F110644%2Fworks%2FURI%252Fhttps%253A%252F%252Flibrary.oapen.org%252Fhandle%252F20.500.12657%252F52937', 'first_author': '', 'online_identifier': '', 'publisher_name': 'IWA Publishing', 'publication_type': 'monograph', 'date_monograph_published_online': '2022', 'first_editor': 'Ganigué, Ramon', 'access_type': 'openaccess', 'source_id': '20.500.12657/52937', 'source_id_type': 'File Handle'}
Record 314: {'title_id': 'https://library.oapen.org/handle/20.500.12657/59809', 'publication_title': 'Engaging with Everyday Sounds', 'title_url': 'https://patron-academic.thepalaceproject.org/ucdavis/book/https%3A%2F%2Fcdl.edu.thepalaceproject.org%2F110644%2Fworks%2FURI%252Fhttps%253A%252F%252Flibrary.oapen.org%252Fhandle%252F20.500.12657%252F59809', 'first_author': 'cobussen, marcel', 'online_identifier': '', 'publisher_name': 'Open Book Publishers', 'publication_type': 'monograph', 'date_monograph_published_online': '2022', 'first_editor': '', 'access_type': 'openaccess', 'source_id': '20.500.12657/59809', 'source_id_type': 'File Handle'}
Record 315: {'title_id': 'https://library.oapen.org/handle/20.500.12657/57897', 'publication_title': 'Land Tenure Security and Sustainable Development', 'title_url': 'https://patron-academic.thepalaceproject.org/ucdavis/book/https%3A%2F%2Fcdl.edu.thepalaceproject.org%2F110644%2Fworks%2FURI%252Fhttps%253A%252F%252Flibrary.oapen.org%252Fhandle%252F20.500.12657%252F57897', 'first_author': '', 'online_identifier': '', 'publisher_name': 'Springer Nature', 'publication_type': 'monograph', 'date_monograph_published_online': '2022', 'first_editor': 'Holland, Margaret B.', 'access_type': 'openaccess', 'source_id': '20.500.12657/57897', 'source_id_type': 'File Handle'}
Record 316: {'title_id': 'https://library.oapen.org/handle/20.500.12657/87105', 'publication_title': 'The Calling of the Church in Times of Polarization', 'title_url': 'https://patron-academic.thepalaceproject.org/ucdavis/book/https%3A%2F%2Fcdl.edu.thepalaceproject.org%2F110644%2Fworks%2FURI%252Fhttps%253A%252F%252Flibrary.oapen.org%252Fhandle%252F20.500.12657%252F87105', 'first_author': '', 'online_identifier': '', 'publisher_name': 'Brill', 'publication_type': 'monograph', 'date_monograph_published_online': '2022', 'first_editor': 'Vos, Pieter', 'access_type': 'openaccess', 'source_id': '20.500.12657/87105', 'source_id_type': 'File Handle'}
Record 317: {'title_id': 'https://library.oapen.org/handle/20.500.12657/60155', 'publication_title': 'Quantitative Models in Life Science Business From Value Creation to Business Processes', 'title_url': 'https://patron-academic.thepalaceproject.org/ucdavis/book/https%3A%2F%2Fcdl.edu.thepalaceproject.org%2F110644%2Fworks%2FURI%252Fhttps%253A%252F%252Flibrary.oapen.org%252Fhandle%252F20.500.12657%252F60155', 'first_author': '', 'online_identifier': '', 'publisher_name': 'Springer Nature', 'publication_type': 'monograph', 'date_monograph_published_online': '2022', 'first_editor': 'Canci, Jung Kyu', 'access_type': 'openaccess', 'source_id': '20.500.12657/60155', 'source_id_type': 'File Handle'}
Record 318: {'title_id': 'https://library.oapen.org/handle/20.500.12657/53627', 'publication_title': 'Artificial intelligence in the design process The Impact on Creativity and Team Collaboration', 'title_url': 'https://patron-academic.thepalaceproject.org/ucdavis/book/https%3A%2F%2Fcdl.edu.thepalaceproject.org%2F110644%2Fworks%2FURI%252Fhttps%253A%252F%252Flibrary.oapen.org%252Fhandle%252F20.500.12657%252F53627', 'first_author': '', 'online_identifier': '', 'publisher_name': 'FrancoAngeli', 'publication_type': 'monograph', 'date_monograph_published_online': '2022', 'first_editor': '', 'access_type': 'openaccess', 'source_id': '20.500.12657/53627', 'source_id_type': 'File Handle'}
Record 319: {'title_id': 'https://library.oapen.org/handle/20.500.12657/53705', 'publication_title': 'Zionism and Cosmopolitanism Franz Oppenheimer and the Dream of a Jewish Future in Germany and Palestine', 'title_url': 'https://patron-academic.thepalaceproject.org/ucdavis/book/https%3A%2F%2Fcdl.edu.thepalaceproject.org%2F110644%2Fworks%2FURI%252Fhttps%253A%252F%252Flibrary.oapen.org%252Fhandle%252F20.500.12657%252F53705', 'first_author': 'Peretz, Dekel', 'online_identifier': '', 'publisher_name': 'De Gruyter', 'publication_type': 'monograph', 'date_monograph_published_online': '2022', 'first_editor': '', 'access_type': 'openaccess', 'source_id': '20.500.12657/53705', 'source_id_type': 'File Handle'}
Record 320: {'title_id': 'https://library.oapen.org/handle/20.500.12657/60435', 'publication_title': 'Crises (Staseis) and Changes (Metabolai) Athenian Democracy in the Making', 'title_url': 'https://patron-academic.thepalaceproject.org/ucdavis/book/https%3A%2F%2Fcdl.edu.thepalaceproject.org%2F110644%2Fworks%2FURI%252Fhttps%253A%252F%252Flibrary.oapen.org%252Fhandle%252F20.500.12657%252F60435', 'first_author': '', 'online_identifier': '', 'publisher_name': 'Firenze University Press', 'publication_type': 'monograph', 'date_monograph_published_online': '2022', 'first_editor': 'Battistin Sebastiani, Breno', 'access_type': 'openaccess', 'source_id': '20.500.12657/60435', 'source_id_type': 'File Handle'}
Record 321: {'title_id': 'https://library.oapen.org/handle/20.500.12657/58598', 'publication_title': 'Decentralization, Local Governance, and Localizing the Sustainable Development Goals in Asia and the Pacific', 'title_url': 'https://patron-academic.thepalaceproject.org/ucdavis/book/https%3A%2F%2Fcdl.edu.thepalaceproject.org%2F110644%2Fworks%2FURI%252Fhttps%253A%252F%252Flibrary.oapen.org%252Fhandle%252F20.500.12657%252F58598', 'first_author': '', 'online_identifier': '', 'publisher_name': 'Taylor & Francis', 'publication_type': 'monograph', 'date_monograph_published_online': '2022', 'first_editor': 'Carrasco, Bruno', 'access_type': 'openaccess', 'source_id': '20.500.12657/58598', 'source_id_type': 'File Handle'}
Record 322: {'title_id': 'https://library.oapen.org/handle/20.500.12657/60595', 'publication_title': 'Reinventing Christian Doctrine Retrieving the Law-Gospel Distinction', 'title_url': 'https://patron-academic.thepalaceproject.org/ucdavis/book/https%3A%2F%2Fcdl.edu.thepalaceproject.org%2F110644%2Fworks%2FURI%252Fhttps%253A%252F%252Flibrary.oapen.org%252Fhandle%252F20.500.12657%252F60595', 'first_author': 'Wisse, Maarten', 'online_identifier': '', 'publisher_name': 'Bloomsbury Academic', 'publication_type': 'monograph', 'date_monograph_published_online': '2022', 'first_editor': '', 'access_type': 'openaccess', 'source_id': '20.500.12657/60595', 'source_id_type': 'File Handle'}
Record 323: {'title_id': 'https://library.oapen.org/handle/20.500.12657/60197', 'publication_title': 'Urban and Regional Cooperation and Development Challenges and Strategies for the Planning and Development of the Guangdong–Macao Intensive Cooperation Zone in Hengqin Island', 'title_url': 'https://patron-academic.thepalaceproject.org/ucdavis/book/https%3A%2F%2Fcdl.edu.thepalaceproject.org%2F110644%2Fworks%2FURI%252Fhttps%253A%252F%252Flibrary.oapen.org%252Fhandle%252F20.500.12657%252F60197', 'first_author': '', 'online_identifier': '', 'publisher_name': 'Springer Nature', 'publication_type': 'monograph', 'date_monograph_published_online': '2022', 'first_editor': '', 'access_type': 'openaccess', 'source_id': '20.500.12657/60197', 'source_id_type': 'File Handle'}
Record 324: {'title_id': 'https://library.oapen.org/handle/20.500.12657/53002', 'publication_title': 'Communicative Constructions and the Refiguration of Spaces Theoretical Approaches and Empirical Studies', 'title_url': 'https://patron-academic.thepalaceproject.org/ucdavis/book/https%3A%2F%2Fcdl.edu.thepalaceproject.org%2F110644%2Fworks%2FURI%252Fhttps%253A%252F%252Flibrary.oapen.org%252Fhandle%252F20.500.12657%252F53002', 'first_author': '', 'online_identifier': '', 'publisher_name': 'Taylor & Francis', 'publication_type': 'monograph', 'date_monograph_published_online': '2022', 'first_editor': 'Christmann, Gabriela B.', 'access_type': 'openaccess', 'source_id': '20.500.12657/53002', 'source_id_type': 'File Handle'}
Record 325: {'title_id': 'https://library.oapen.org/handle/20.500.12657/53132', 'publication_title': 'A Restless Embrace of the Past? The Conference on Russia Papers 2022', 'title_url': 'https://patron-academic.thepalaceproject.org/ucdavis/book/https%3A%2F%2Fcdl.edu.thepalaceproject.org%2F110644%2Fworks%2FURI%252Fhttps%253A%252F%252Flibrary.oapen.org%252Fhandle%252F20.500.12657%252F53132', 'first_author': '', 'online_identifier': '', 'publisher_name': 'University of Tartu Press', 'publication_type': 'monograph', 'date_monograph_published_online': '2022', 'first_editor': 'Terry, George Spencer', 'access_type': 'openaccess', 'source_id': '20.500.12657/53132', 'source_id_type': 'File Handle'}
Record 326: {'title_id': 'https://library.oapen.org/handle/20.500.12657/61055', 'publication_title': 'Islam and Muslim Life in West Africa Practices, Trajectories and Influences', 'title_url': 'https://patron-academic.thepalaceproject.org/ucdavis/book/https%3A%2F%2Fcdl.edu.thepalaceproject.org%2F110644%2Fworks%2FURI%252Fhttps%253A%252F%252Flibrary.oapen.org%252Fhandle%252F20.500.12657%252F61055', 'first_author': '', 'online_identifier': '', 'publisher_name': 'De Gruyter', 'publication_type': 'monograph', 'date_monograph_published_online': '2022', 'first_editor': 'Chappatte, André', 'access_type': 'openaccess', 'source_id': '20.500.12657/61055', 'source_id_type': 'File Handle'}
Record 327: {'title_id': 'https://library.oapen.org/handle/20.500.12657/58963', 'publication_title': 'Unsettled Urban Space Routines, Temporalities and Contestations', 'title_url': 'https://patron-academic.thepalaceproject.org/ucdavis/book/https%3A%2F%2Fcdl.edu.thepalaceproject.org%2F110644%2Fworks%2FURI%252Fhttps%253A%252F%252Flibrary.oapen.org%252Fhandle%252F20.500.12657%252F58963', 'first_author': '', 'online_identifier': '', 'publisher_name': 'Taylor & Francis', 'publication_type': 'monograph', 'date_monograph_published_online': '2022', 'first_editor': 'Frank, Sybille', 'access_type': 'openaccess', 'source_id': '20.500.12657/58963', 'source_id_type': 'File Handle'}
Record 328: {'title_id': 'https://library.oapen.org/handle/20.500.12657/58054', 'publication_title': 'Co-Creation for Sustainability The UN SDGs and the Power of Local Partnerships', 'title_url': 'https://patron-academic.thepalaceproject.org/ucdavis/book/https%3A%2F%2Fcdl.edu.thepalaceproject.org%2F110644%2Fworks%2FURI%252Fhttps%253A%252F%252Flibrary.oapen.org%252Fhandle%252F20.500.12657%252F58054', 'first_author': '', 'online_identifier': '', 'publisher_name': 'Emerald Publishing', 'publication_type': 'monograph', 'date_monograph_published_online': '2022', 'first_editor': '', 'access_type': 'openaccess', 'source_id': '20.500.12657/58054', 'source_id_type': 'File Handle'}
Record 329: {'title_id': 'https://library.oapen.org/handle/20.500.12657/57310', 'publication_title': 'Human-Nature Interactions Exploring Nature’s Values Across Landscapes', 'title_url': 'https://patron-academic.thepalaceproject.org/ucdavis/book/https%3A%2F%2Fcdl.edu.thepalaceproject.org%2F110644%2Fworks%2FURI%252Fhttps%253A%252F%252Flibrary.oapen.org%252Fhandle%252F20.500.12657%252F57310', 'first_author': '', 'online_identifier': '', 'publisher_name': 'Springer Nature', 'publication_type': 'monograph', 'date_monograph_published_online': '2022', 'first_editor': 'Depellegrin, Daniel', 'access_type': 'openaccess', 'source_id': '20.500.12657/57310', 'source_id_type': 'File Handle'}
Record 330: {'title_id': 'https://library.oapen.org/handle/20.500.12657/57310', 'publication_title': 'Human-Nature Interactions Exploring Nature’s Values Across Landscapes', 'title_url': 'https://patron-academic.thepalaceproject.org/ucdavis/book/https%3A%2F%2Fcdl.edu.thepalaceproject.org%2F110644%2Fworks%2FURI%252Fhttps%253A%252F%252Flibrary.oapen.org%252Fhandle%252F20.500.12657%252F57310', 'first_author': '', 'online_identifier': '', 'publisher_name': 'Springer Nature', 'publication_type': 'monograph', 'date_monograph_published_online': '2022', 'first_editor': 'Depellegrin, Daniel', 'access_type': 'openaccess', 'source_id': '20.500.12657/57310', 'source_id_type': 'File Handle'}
Record 331: {'title_id': 'https://library.oapen.org/handle/20.500.12657/58499', 'publication_title': 'How do firms cope with losses from extreme weather events? - EIB Working Paper 2022/10', 'title_url': 'https://patron-academic.thepalaceproject.org/ucdavis/book/https%3A%2F%2Fcdl.edu.thepalaceproject.org%2F110644%2Fworks%2FURI%252Fhttps%253A%252F%252Flibrary.oapen.org%252Fhandle%252F20.500.12657%252F58499', 'first_author': 'Bank, European Investment', 'online_identifier': '', 'publisher_name': 'European Investment Bank', 'publication_type': 'monograph', 'date_monograph_published_online': '2022', 'first_editor': '', 'access_type': 'openaccess', 'source_id': '20.500.12657/58499', 'source_id_type': 'File Handle'}
Record 332: {'title_id': 'https://library.oapen.org/handle/20.500.12657/59033', 'publication_title': 'The Imperial Underbelly Workers, Contractors, and Entrepreneurs in Colonial India and Scandinavia', 'title_url': 'https://patron-academic.thepalaceproject.org/ucdavis/book/https%3A%2F%2Fcdl.edu.thepalaceproject.org%2F110644%2Fworks%2FURI%252Fhttps%253A%252F%252Flibrary.oapen.org%252Fhandle%252F20.500.12657%252F59033', 'first_author': 'Cederlöf, Gunnel', 'online_identifier': '', 'publisher_name': 'Taylor & Francis', 'publication_type': 'monograph', 'date_monograph_published_online': '2022', 'first_editor': '', 'access_type': 'openaccess', 'source_id': '20.500.12657/59033', 'source_id_type': 'File Handle'}
Record 333: {'title_id': 'https://library.oapen.org/handle/20.500.12657/57230', 'publication_title': 'Possession and Dispossession Performing Jewish Ethnography in Jerusalem', 'title_url': 'https://patron-academic.thepalaceproject.org/ucdavis/book/https%3A%2F%2Fcdl.edu.thepalaceproject.org%2F110644%2Fworks%2FURI%252Fhttps%253A%252F%252Flibrary.oapen.org%252Fhandle%252F20.500.12657%252F57230', 'first_author': '', 'online_identifier': '', 'publisher_name': 'De Gruyter', 'publication_type': 'monograph', 'date_monograph_published_online': '2022', 'first_editor': 'MacQueen, Michelle', 'access_type': 'openaccess', 'source_id': '20.500.12657/57230', 'source_id_type': 'File Handle'}
Record 334: {'title_id': 'https://library.oapen.org/handle/20.500.12657/57347', 'publication_title': 'Entrepreneurial Responses to Chronic Adversity The Bright, the Dark, and the in Between', 'title_url': 'https://patron-academic.thepalaceproject.org/ucdavis/book/https%3A%2F%2Fcdl.edu.thepalaceproject.org%2F110644%2Fworks%2FURI%252Fhttps%253A%252F%252Flibrary.oapen.org%252Fhandle%252F20.500.12657%252F57347', 'first_author': '', 'online_identifier': '', 'publisher_name': 'Springer Nature', 'publication_type': 'monograph', 'date_monograph_published_online': '2022', 'first_editor': '', 'access_type': 'openaccess', 'source_id': '20.500.12657/57347', 'source_id_type': 'File Handle'}
Record 335: {'title_id': 'https://library.oapen.org/handle/20.500.12657/57347', 'publication_title': 'Entrepreneurial Responses to Chronic Adversity The Bright, the Dark, and the in Between', 'title_url': 'https://patron-academic.thepalaceproject.org/ucdavis/book/https%3A%2F%2Fcdl.edu.thepalaceproject.org%2F110644%2Fworks%2FURI%252Fhttps%253A%252F%252Flibrary.oapen.org%252Fhandle%252F20.500.12657%252F57347', 'first_author': '', 'online_identifier': '', 'publisher_name': 'Springer Nature', 'publication_type': 'monograph', 'date_monograph_published_online': '2022', 'first_editor': '', 'access_type': 'openaccess', 'source_id': '20.500.12657/57347', 'source_id_type': 'File Handle'}
Record 336: {'title_id': 'https://library.oapen.org/handle/20.500.12657/58022', 'publication_title': 'The COVID-19 Pandemic and the Future of Working Spaces', 'title_url': 'https://patron-academic.thepalaceproject.org/ucdavis/book/https%3A%2F%2Fcdl.edu.thepalaceproject.org%2F110644%2Fworks%2FURI%252Fhttps%253A%252F%252Flibrary.oapen.org%252Fhandle%252F20.500.12657%252F58022', 'first_author': '', 'online_identifier': '', 'publisher_name': 'Taylor & Francis', 'publication_type': 'monograph', 'date_monograph_published_online': '2022', 'first_editor': 'Bednář, Pavel', 'access_type': 'openaccess', 'source_id': '20.500.12657/58022', 'source_id_type': 'File Handle'}
Record 337: {'title_id': 'https://library.oapen.org/handle/20.500.12657/52833', 'publication_title': 'Prevention and Treatment of Atherosclerosis Improving State-of-the-Art Management and Search for Novel Targets', 'title_url': 'https://patron-academic.thepalaceproject.org/ucdavis/book/https%3A%2F%2Fcdl.edu.thepalaceproject.org%2F110644%2Fworks%2FURI%252Fhttps%253A%252F%252Flibrary.oapen.org%252Fhandle%252F20.500.12657%252F52833', 'first_author': '', 'online_identifier': '', 'publisher_name': 'Springer Nature', 'publication_type': 'monograph', 'date_monograph_published_online': '2022', 'first_editor': 'Binder, Christoph J.', 'access_type': 'openaccess', 'source_id': '20.500.12657/52833', 'source_id_type': 'File Handle'}
Record 338: {'title_id': 'https://library.oapen.org/handle/20.500.12657/60147', 'publication_title': 'Made-to-Measure Future(s) for Democracy? Views from the Basque Atalaia', 'title_url': 'https://patron-academic.thepalaceproject.org/ucdavis/book/https%3A%2F%2Fcdl.edu.thepalaceproject.org%2F110644%2Fworks%2FURI%252Fhttps%253A%252F%252Flibrary.oapen.org%252Fhandle%252F20.500.12657%252F60147', 'first_author': '', 'online_identifier': '', 'publisher_name': 'Springer Nature', 'publication_type': 'monograph', 'date_monograph_published_online': '2022', 'first_editor': 'Escajedo San-Epifanio, Leire', 'access_type': 'openaccess', 'source_id': '20.500.12657/60147', 'source_id_type': 'File Handle'}
Record 339: {'title_id': 'https://library.oapen.org/handle/20.500.12657/59819', 'publication_title': 'Open Source Law, Policy and Practice Second Edition', 'title_url': 'https://patron-academic.thepalaceproject.org/ucdavis/book/https%3A%2F%2Fcdl.edu.thepalaceproject.org%2F110644%2Fworks%2FURI%252Fhttps%253A%252F%252Flibrary.oapen.org%252Fhandle%252F20.500.12657%252F59819', 'first_author': 'Brock, Amanda', 'online_identifier': '', 'publisher_name': 'Oxford University Press', 'publication_type': 'monograph', 'date_monograph_published_online': '2022', 'first_editor': '', 'access_type': 'openaccess', 'source_id': '20.500.12657/59819', 'source_id_type': 'File Handle'}
Record 340: {'title_id': 'https://library.oapen.org/handle/20.500.12657/57390', 'publication_title': 'Neo-Aramaic and Kurdish Folklore from Northern Iraq A Comparative Anthology with a Sample of Glossed Texts, Volume 2', 'title_url': 'https://patron-academic.thepalaceproject.org/ucdavis/book/https%3A%2F%2Fcdl.edu.thepalaceproject.org%2F110644%2Fworks%2FURI%252Fhttps%253A%252F%252Flibrary.oapen.org%252Fhandle%252F20.500.12657%252F57390', 'first_author': '', 'online_identifier': '', 'publisher_name': 'Open Book Publishers', 'publication_type': 'monograph', 'date_monograph_published_online': '2022', 'first_editor': '', 'access_type': 'openaccess', 'source_id': '20.500.12657/57390', 'source_id_type': 'File Handle'}
Record 341: {'title_id': 'https://library.oapen.org/handle/20.500.12657/57390', 'publication_title': 'Neo-Aramaic and Kurdish Folklore from Northern Iraq A Comparative Anthology with a Sample of Glossed Texts, Volume 2', 'title_url': 'https://patron-academic.thepalaceproject.org/ucdavis/book/https%3A%2F%2Fcdl.edu.thepalaceproject.org%2F110644%2Fworks%2FURI%252Fhttps%253A%252F%252Flibrary.oapen.org%252Fhandle%252F20.500.12657%252F57390', 'first_author': '', 'online_identifier': '', 'publisher_name': 'Open Book Publishers', 'publication_type': 'monograph', 'date_monograph_published_online': '2022', 'first_editor': '', 'access_type': 'openaccess', 'source_id': '20.500.12657/57390', 'source_id_type': 'File Handle'}
Record 342: {'title_id': 'https://library.oapen.org/handle/20.500.12657/53420', 'publication_title': 'Advances in Phytochemistry, Textile and Renewable Energy Research for Industrial Growth Proceedings of the International Conference of Phytochemistry, Textile and Renewable Energy for Sustainable development (ICPTRE 2020), August 12-14, Eldoret, Kenya', 'title_url': 'https://patron-academic.thepalaceproject.org/ucdavis/book/https%3A%2F%2Fcdl.edu.thepalaceproject.org%2F110644%2Fworks%2FURI%252Fhttps%253A%252F%252Flibrary.oapen.org%252Fhandle%252F20.500.12657%252F53420', 'first_author': '', 'online_identifier': '', 'publisher_name': 'Taylor & Francis', 'publication_type': 'monograph', 'date_monograph_published_online': '2022', 'first_editor': 'Kiprop, Ambrose', 'access_type': 'openaccess', 'source_id': '20.500.12657/53420', 'source_id_type': 'File Handle'}
Record 343: {'title_id': 'https://library.oapen.org/handle/20.500.12657/53384', 'publication_title': 'SDGs, Transformation, and Quality Growth Insights from International Cooperation', 'title_url': 'https://patron-academic.thepalaceproject.org/ucdavis/book/https%3A%2F%2Fcdl.edu.thepalaceproject.org%2F110644%2Fworks%2FURI%252Fhttps%253A%252F%252Flibrary.oapen.org%252Fhandle%252F20.500.12657%252F53384', 'first_author': 'Hosono, Akio', 'online_identifier': '', 'publisher_name': 'Springer Nature', 'publication_type': 'monograph', 'date_monograph_published_online': '2022', 'first_editor': '', 'access_type': 'openaccess', 'source_id': '20.500.12657/53384', 'source_id_type': 'File Handle'}
Record 344: {'title_id': 'https://library.oapen.org/handle/20.500.12657/61267', 'publication_title': 'Agriculture for Economic Development in Africa Evidence from Ethiopia', 'title_url': 'https://patron-academic.thepalaceproject.org/ucdavis/book/https%3A%2F%2Fcdl.edu.thepalaceproject.org%2F110644%2Fworks%2FURI%252Fhttps%253A%252F%252Flibrary.oapen.org%252Fhandle%252F20.500.12657%252F61267', 'first_author': 'Rohne Till, Emelie', 'online_identifier': '', 'publisher_name': 'Springer Nature', 'publication_type': 'monograph', 'date_monograph_published_online': '2022', 'first_editor': '', 'access_type': 'openaccess', 'source_id': '20.500.12657/61267', 'source_id_type': 'File Handle'}
Record 345: {'title_id': 'https://library.oapen.org/handle/20.500.12657/59370', 'publication_title': 'Robots in Care and Everyday Life Future, Ethics, Social Acceptance', 'title_url': 'https://patron-academic.thepalaceproject.org/ucdavis/book/https%3A%2F%2Fcdl.edu.thepalaceproject.org%2F110644%2Fworks%2FURI%252Fhttps%253A%252F%252Flibrary.oapen.org%252Fhandle%252F20.500.12657%252F59370', 'first_author': 'Engel, Uwe', 'online_identifier': '', 'publisher_name': 'Springer Nature', 'publication_type': 'monograph', 'date_monograph_published_online': '2022', 'first_editor': '', 'access_type': 'openaccess', 'source_id': '20.500.12657/59370', 'source_id_type': 'File Handle'}
Record 346: {'title_id': 'https://library.oapen.org/handle/20.500.12657/57943', 'publication_title': 'Case Studies in Biocultural Diversity from Southeast Asia Traditional Ecological Calendars, Folk Medicine and Folk Names', 'title_url': 'https://patron-academic.thepalaceproject.org/ucdavis/book/https%3A%2F%2Fcdl.edu.thepalaceproject.org%2F110644%2Fworks%2FURI%252Fhttps%253A%252F%252Flibrary.oapen.org%252Fhandle%252F20.500.12657%252F57943', 'first_author': '', 'online_identifier': '', 'publisher_name': 'Springer Nature', 'publication_type': 'monograph', 'date_monograph_published_online': '2022', 'first_editor': 'Franco, F. Merlin', 'access_type': 'openaccess', 'source_id': '20.500.12657/57943', 'source_id_type': 'File Handle'}
Record 347: {'title_id': 'https://library.oapen.org/handle/20.500.12657/86426', 'publication_title': 'Aramaic Daniel A Textual Reconstruction of Chapters 1–7', 'title_url': 'https://patron-academic.thepalaceproject.org/ucdavis/book/https%3A%2F%2Fcdl.edu.thepalaceproject.org%2F110644%2Fworks%2FURI%252Fhttps%253A%252F%252Flibrary.oapen.org%252Fhandle%252F20.500.12657%252F86426', 'first_author': 'Suchard, Benjamin D.', 'online_identifier': '', 'publisher_name': 'Brill', 'publication_type': 'monograph', 'date_monograph_published_online': '2022', 'first_editor': '', 'access_type': 'openaccess', 'source_id': '20.500.12657/86426', 'source_id_type': 'File Handle'}
Record 348: {'title_id': 'https://library.oapen.org/handle/20.500.12657/89610', 'publication_title': 'The Femininity Puzzle Gender, Orientalism and the »Jewish Other«', 'title_url': 'https://patron-academic.thepalaceproject.org/ucdavis/book/https%3A%2F%2Fcdl.edu.thepalaceproject.org%2F110644%2Fworks%2FURI%252Fhttps%253A%252F%252Flibrary.oapen.org%252Fhandle%252F20.500.12657%252F89610', 'first_author': 'Brunotte, Ulrike', 'online_identifier': '', 'publisher_name': 'transcript Verlag', 'publication_type': 'monograph', 'date_monograph_published_online': '2022', 'first_editor': '', 'access_type': 'openaccess', 'source_id': '20.500.12657/89610', 'source_id_type': 'File Handle'}
Record 349: {'title_id': 'https://library.oapen.org/handle/20.500.12657/54327', 'publication_title': 'Quality Management and Accounting in Service Industries A New Model of Quality Cost Calculation', 'title_url': 'https://patron-academic.thepalaceproject.org/ucdavis/book/https%3A%2F%2Fcdl.edu.thepalaceproject.org%2F110644%2Fworks%2FURI%252Fhttps%253A%252F%252Flibrary.oapen.org%252Fhandle%252F20.500.12657%252F54327', 'first_author': '', 'online_identifier': '', 'publisher_name': 'Taylor & Francis', 'publication_type': 'monograph', 'date_monograph_published_online': '2022', 'first_editor': '', 'access_type': 'openaccess', 'source_id': '20.500.12657/54327', 'source_id_type': 'File Handle'}
Record 350: {'title_id': 'https://library.oapen.org/handle/20.500.12657/75528', 'publication_title': 'Pompeian Peristyle Gardens', 'title_url': 'https://patron-academic.thepalaceproject.org/ucdavis/book/https%3A%2F%2Fcdl.edu.thepalaceproject.org%2F110644%2Fworks%2FURI%252Fhttps%253A%252F%252Flibrary.oapen.org%252Fhandle%252F20.500.12657%252F75528', 'first_author': 'Simelius, Samuli', 'online_identifier': '', 'publisher_name': 'Taylor & Francis', 'publication_type': 'monograph', 'date_monograph_published_online': '2022', 'first_editor': '', 'access_type': 'openaccess', 'source_id': '20.500.12657/75528', 'source_id_type': 'File Handle'}
Record 351: {'title_id': 'https://library.oapen.org/handle/20.500.12657/59323', 'publication_title': 'Ethics, Integrity and Policymaking The Value of the Case Study', 'title_url': 'https://patron-academic.thepalaceproject.org/ucdavis/book/https%3A%2F%2Fcdl.edu.thepalaceproject.org%2F110644%2Fworks%2FURI%252Fhttps%253A%252F%252Flibrary.oapen.org%252Fhandle%252F20.500.12657%252F59323', 'first_author': '', 'online_identifier': '', 'publisher_name': 'Springer Nature', 'publication_type': 'monograph', 'date_monograph_published_online': '2022', 'first_editor': 'Iphofen, Ron', 'access_type': 'openaccess', 'source_id': '20.500.12657/59323', 'source_id_type': 'File Handle'}
Record 352: {'title_id': 'https://library.oapen.org/handle/20.500.12657/59832', 'publication_title': 'Advanced Elastocaloric Cooling Devices Based on Shape Memory Alloy Films', 'title_url': 'https://patron-academic.thepalaceproject.org/ucdavis/book/https%3A%2F%2Fcdl.edu.thepalaceproject.org%2F110644%2Fworks%2FURI%252Fhttps%253A%252F%252Flibrary.oapen.org%252Fhandle%252F20.500.12657%252F59832', 'first_author': 'Brüderlin, Florian', 'online_identifier': '', 'publisher_name': 'KIT Scientific Publishing', 'publication_type': 'monograph', 'date_monograph_published_online': '2022', 'first_editor': '', 'access_type': 'openaccess', 'source_id': '20.500.12657/59832', 'source_id_type': 'File Handle'}
Record 353: {'title_id': 'https://library.oapen.org/handle/20.500.12657/61265', 'publication_title': 'Teaching, Research and Academic Careers An Analysis of the Interrelations and Impacts', 'title_url': 'https://patron-academic.thepalaceproject.org/ucdavis/book/https%3A%2F%2Fcdl.edu.thepalaceproject.org%2F110644%2Fworks%2FURI%252Fhttps%253A%252F%252Flibrary.oapen.org%252Fhandle%252F20.500.12657%252F61265', 'first_author': '', 'online_identifier': '', 'publisher_name': 'Springer Nature', 'publication_type': 'monograph', 'date_monograph_published_online': '2022', 'first_editor': 'Checchi, Daniele', 'access_type': 'openaccess', 'source_id': '20.500.12657/61265', 'source_id_type': 'File Handle'}
Record 354: {'title_id': 'https://library.oapen.org/handle/20.500.12657/61265', 'publication_title': 'Teaching, Research and Academic Careers An Analysis of the Interrelations and Impacts', 'title_url': 'https://patron-academic.thepalaceproject.org/ucdavis/book/https%3A%2F%2Fcdl.edu.thepalaceproject.org%2F110644%2Fworks%2FURI%252Fhttps%253A%252F%252Flibrary.oapen.org%252Fhandle%252F20.500.12657%252F61265', 'first_author': '', 'online_identifier': '', 'publisher_name': 'Springer Nature', 'publication_type': 'monograph', 'date_monograph_published_online': '2022', 'first_editor': 'Checchi, Daniele', 'access_type': 'openaccess', 'source_id': '20.500.12657/61265', 'source_id_type': 'File Handle'}
Record 355: {'title_id': 'https://library.oapen.org/handle/20.500.12657/57914', 'publication_title': 'Integrating Data Science and Earth Science Challenges and Solutions', 'title_url': 'https://patron-academic.thepalaceproject.org/ucdavis/book/https%3A%2F%2Fcdl.edu.thepalaceproject.org%2F110644%2Fworks%2FURI%252Fhttps%253A%252F%252Flibrary.oapen.org%252Fhandle%252F20.500.12657%252F57914', 'first_author': '', 'online_identifier': '', 'publisher_name': 'Springer Nature', 'publication_type': 'monograph', 'date_monograph_published_online': '2022', 'first_editor': 'Bouwer, Laurens M.', 'access_type': 'openaccess', 'source_id': '20.500.12657/57914', 'source_id_type': 'File Handle'}
Record 356: {'title_id': 'https://library.oapen.org/handle/20.500.12657/89745', 'publication_title': 'Aum Shinrikyo and Religious Terrorism in Japanese Collective Memory', 'title_url': 'https://patron-academic.thepalaceproject.org/ucdavis/book/https%3A%2F%2Fcdl.edu.thepalaceproject.org%2F110644%2Fworks%2FURI%252Fhttps%253A%252F%252Flibrary.oapen.org%252Fhandle%252F20.500.12657%252F89745', 'first_author': 'Ushiyama, Rin', 'online_identifier': '', 'publisher_name': 'Oxford University Press', 'publication_type': 'monograph', 'date_monograph_published_online': '2022', 'first_editor': '', 'access_type': 'openaccess', 'source_id': '20.500.12657/89745', 'source_id_type': 'File Handle'}
Record 357: {'title_id': 'https://library.oapen.org/handle/20.500.12657/60593', 'publication_title': 'Socialist Women and the Great War, 1914-21 Protest, Revolution and Commemoration', 'title_url': 'https://patron-academic.thepalaceproject.org/ucdavis/book/https%3A%2F%2Fcdl.edu.thepalaceproject.org%2F110644%2Fworks%2FURI%252Fhttps%253A%252F%252Flibrary.oapen.org%252Fhandle%252F20.500.12657%252F60593', 'first_author': '', 'online_identifier': '', 'publisher_name': 'Bloomsbury Academic', 'publication_type': 'monograph', 'date_monograph_published_online': '2022', 'first_editor': 'Painter, Corinne', 'access_type': 'openaccess', 'source_id': '20.500.12657/60593', 'source_id_type': 'File Handle'}
Record 358: {'title_id': 'https://library.oapen.org/handle/20.500.12657/54292', 'publication_title': 'Teachers with disabilities Dilemmas, challenges and opportuties', 'title_url': 'https://patron-academic.thepalaceproject.org/ucdavis/book/https%3A%2F%2Fcdl.edu.thepalaceproject.org%2F110644%2Fworks%2FURI%252Fhttps%253A%252F%252Flibrary.oapen.org%252Fhandle%252F20.500.12657%252F54292', 'first_author': '', 'online_identifier': '', 'publisher_name': 'FrancoAngeli', 'publication_type': 'monograph', 'date_monograph_published_online': '2022', 'first_editor': 'Bellacicco, Rosa', 'access_type': 'openaccess', 'source_id': '20.500.12657/54292', 'source_id_type': 'File Handle'}
Record 359: {'title_id': 'https://library.oapen.org/handle/20.500.12657/57802', 'publication_title': 'Rethinking Heritage for Sustainable Development', 'title_url': 'https://patron-academic.thepalaceproject.org/ucdavis/book/https%3A%2F%2Fcdl.edu.thepalaceproject.org%2F110644%2Fworks%2FURI%252Fhttps%253A%252F%252Flibrary.oapen.org%252Fhandle%252F20.500.12657%252F57802', 'first_author': 'Labadi, Sophia', 'online_identifier': '', 'publisher_name': 'UCL Press', 'publication_type': 'monograph', 'date_monograph_published_online': '2022', 'first_editor': '', 'access_type': 'openaccess', 'source_id': '20.500.12657/57802', 'source_id_type': 'File Handle'}
Record 360: {'title_id': 'https://library.oapen.org/handle/20.500.12657/54080', 'publication_title': 'Electoral Campaigns, Media, and the New World of Digital Politics', 'title_url': 'https://patron-academic.thepalaceproject.org/ucdavis/book/https%3A%2F%2Fcdl.edu.thepalaceproject.org%2F110644%2Fworks%2FURI%252Fhttps%253A%252F%252Flibrary.oapen.org%252Fhandle%252F20.500.12657%252F54080', 'first_author': '', 'online_identifier': '', 'publisher_name': 'University of Michigan Press', 'publication_type': 'monograph', 'date_monograph_published_online': '2022', 'first_editor': 'Davis, Richard', 'access_type': 'openaccess', 'source_id': '20.500.12657/54080', 'source_id_type': 'File Handle'}
Record 361: {'title_id': 'https://library.oapen.org/handle/20.500.12657/54319', 'publication_title': 'The South Asia to Gulf Migration Governance Complex', 'title_url': 'https://patron-academic.thepalaceproject.org/ucdavis/book/https%3A%2F%2Fcdl.edu.thepalaceproject.org%2F110644%2Fworks%2FURI%252Fhttps%253A%252F%252Flibrary.oapen.org%252Fhandle%252F20.500.12657%252F54319', 'first_author': '', 'online_identifier': '', 'publisher_name': 'Bristol University Press', 'publication_type': 'monograph', 'date_monograph_published_online': '2022', 'first_editor': 'Blarel, Nicolas', 'access_type': 'openaccess', 'source_id': '20.500.12657/54319', 'source_id_type': 'File Handle'}
Record 362: {'title_id': 'https://library.oapen.org/handle/20.500.12657/59646', 'publication_title': 'Photographing Central Asia From the Periphery of the Russian Empire to Global Presence', 'title_url': 'https://patron-academic.thepalaceproject.org/ucdavis/book/https%3A%2F%2Fcdl.edu.thepalaceproject.org%2F110644%2Fworks%2FURI%252Fhttps%253A%252F%252Flibrary.oapen.org%252Fhandle%252F20.500.12657%252F59646', 'first_author': '', 'online_identifier': '', 'publisher_name': 'De Gruyter', 'publication_type': 'monograph', 'date_monograph_published_online': '2022', 'first_editor': 'Abashin, Sergei', 'access_type': 'openaccess', 'source_id': '20.500.12657/59646', 'source_id_type': 'File Handle'}
Record 363: {'title_id': 'https://library.oapen.org/handle/20.500.12657/58341', 'publication_title': 'Past, Present and Future of a Habitable Earth The Development Strategy of Earth Science 2021 to 2030', 'title_url': 'https://patron-academic.thepalaceproject.org/ucdavis/book/https%3A%2F%2Fcdl.edu.thepalaceproject.org%2F110644%2Fworks%2FURI%252Fhttps%253A%252F%252Flibrary.oapen.org%252Fhandle%252F20.500.12657%252F58341', 'first_author': '', 'online_identifier': '', 'publisher_name': 'Springer Nature', 'publication_type': 'monograph', 'date_monograph_published_online': '2022', 'first_editor': '', 'access_type': 'openaccess', 'source_id': '20.500.12657/58341', 'source_id_type': 'File Handle'}
Record 364: {'title_id': 'https://library.oapen.org/handle/20.500.12657/57867', 'publication_title': 'Gender and History Ireland, 1852–1922', 'title_url': 'https://patron-academic.thepalaceproject.org/ucdavis/book/https%3A%2F%2Fcdl.edu.thepalaceproject.org%2F110644%2Fworks%2FURI%252Fhttps%253A%252F%252Flibrary.oapen.org%252Fhandle%252F20.500.12657%252F57867', 'first_author': '', 'online_identifier': '', 'publisher_name': 'Taylor & Francis', 'publication_type': 'monograph', 'date_monograph_published_online': '2022', 'first_editor': 'ATWAL, JYOTI', 'access_type': 'openaccess', 'source_id': '20.500.12657/57867', 'source_id_type': 'File Handle'}
Record 365: {'title_id': 'https://library.oapen.org/handle/20.500.12657/54300', 'publication_title': 'Convivial Futures Views from a Post-Growth Tomorrow', 'title_url': 'https://patron-academic.thepalaceproject.org/ucdavis/book/https%3A%2F%2Fcdl.edu.thepalaceproject.org%2F110644%2Fworks%2FURI%252Fhttps%253A%252F%252Flibrary.oapen.org%252Fhandle%252F20.500.12657%252F54300', 'first_author': '', 'online_identifier': '', 'publisher_name': 'transcript Verlag', 'publication_type': 'monograph', 'date_monograph_published_online': '2022', 'first_editor': 'Adloff, Frank', 'access_type': 'openaccess', 'source_id': '20.500.12657/54300', 'source_id_type': 'File Handle'}
Record 366: {'title_id': 'https://library.oapen.org/handle/20.500.12657/61133', 'publication_title': 'Doing Experimental Media Archaeology Practice', 'title_url': 'https://patron-academic.thepalaceproject.org/ucdavis/book/https%3A%2F%2Fcdl.edu.thepalaceproject.org%2F110644%2Fworks%2FURI%252Fhttps%253A%252F%252Flibrary.oapen.org%252Fhandle%252F20.500.12657%252F61133', 'first_author': '', 'online_identifier': '', 'publisher_name': 'De Gruyter', 'publication_type': 'monograph', 'date_monograph_published_online': '2022', 'first_editor': '', 'access_type': 'openaccess', 'source_id': '20.500.12657/61133', 'source_id_type': 'File Handle'}
Record 367: {'title_id': 'https://library.oapen.org/handle/20.500.12657/61563', 'publication_title': 'Vietnam Task The 5th Battalion, The Royal Australian Regiment, 1966–67', 'title_url': 'https://patron-academic.thepalaceproject.org/ucdavis/book/https%3A%2F%2Fcdl.edu.thepalaceproject.org%2F110644%2Fworks%2FURI%252Fhttps%253A%252F%252Flibrary.oapen.org%252Fhandle%252F20.500.12657%252F61563', 'first_author': "O'Neill, Robert", 'online_identifier': '', 'publisher_name': 'ANU Press', 'publication_type': 'monograph', 'date_monograph_published_online': '2022', 'first_editor': '', 'access_type': 'openaccess', 'source_id': '20.500.12657/61563', 'source_id_type': 'File Handle'}
Record 368: {'title_id': 'https://library.oapen.org/handle/20.500.12657/58140', 'publication_title': 'International Aid and Urban Change Humanitarian Presence in Bamako, Abidjan, Nairobi and Juba', 'title_url': 'https://patron-academic.thepalaceproject.org/ucdavis/book/https%3A%2F%2Fcdl.edu.thepalaceproject.org%2F110644%2Fworks%2FURI%252Fhttps%253A%252F%252Flibrary.oapen.org%252Fhandle%252F20.500.12657%252F58140', 'first_author': 'de Roulet, Pablo', 'online_identifier': '', 'publisher_name': 'Peter Lang International Academic Publishers', 'publication_type': 'monograph', 'date_monograph_published_online': '2022', 'first_editor': '', 'access_type': 'openaccess', 'source_id': '20.500.12657/58140', 'source_id_type': 'File Handle'}
Record 369: {'title_id': 'https://library.oapen.org/handle/20.500.12657/59680', 'publication_title': 'Blended learning environments to foster self-directed learning', 'title_url': 'https://patron-academic.thepalaceproject.org/ucdavis/book/https%3A%2F%2Fcdl.edu.thepalaceproject.org%2F110644%2Fworks%2FURI%252Fhttps%253A%252F%252Flibrary.oapen.org%252Fhandle%252F20.500.12657%252F59680', 'first_author': '', 'online_identifier': '', 'publisher_name': 'AOSIS', 'publication_type': 'monograph', 'date_monograph_published_online': '2022', 'first_editor': 'Bailey, Roxanne', 'access_type': 'openaccess', 'source_id': '20.500.12657/59680', 'source_id_type': 'File Handle'}
Record 370: {'title_id': 'https://library.oapen.org/handle/20.500.12657/87581', 'publication_title': 'Corporate Social Responsibility and SMEs Impacts and Institutional Drivers', 'title_url': 'https://patron-academic.thepalaceproject.org/ucdavis/book/https%3A%2F%2Fcdl.edu.thepalaceproject.org%2F110644%2Fworks%2FURI%252Fhttps%253A%252F%252Flibrary.oapen.org%252Fhandle%252F20.500.12657%252F87581', 'first_author': 'Graafland, Johan J.', 'online_identifier': '', 'publisher_name': 'Taylor & Francis', 'publication_type': 'monograph', 'date_monograph_published_online': '2022', 'first_editor': '', 'access_type': 'openaccess', 'source_id': '20.500.12657/87581', 'source_id_type': 'File Handle'}
Record 371: {'title_id': 'https://library.oapen.org/handle/20.500.12657/62864', 'publication_title': 'Embodying Peripheries', 'title_url': 'https://patron-academic.thepalaceproject.org/ucdavis/book/https%3A%2F%2Fcdl.edu.thepalaceproject.org%2F110644%2Fworks%2FURI%252Fhttps%253A%252F%252Flibrary.oapen.org%252Fhandle%252F20.500.12657%252F62864', 'first_author': '', 'online_identifier': '', 'publisher_name': 'Firenze University Press', 'publication_type': 'monograph', 'date_monograph_published_online': '2022', 'first_editor': 'Forte, Giuseppina', 'access_type': 'openaccess', 'source_id': '20.500.12657/62864', 'source_id_type': 'File Handle'}
Record 372: {'title_id': 'https://library.oapen.org/handle/20.500.12657/54014', 'publication_title': 'Feeling Political Emotions and Institutions since 1789', 'title_url': 'https://patron-academic.thepalaceproject.org/ucdavis/book/https%3A%2F%2Fcdl.edu.thepalaceproject.org%2F110644%2Fworks%2FURI%252Fhttps%253A%252F%252Flibrary.oapen.org%252Fhandle%252F20.500.12657%252F54014', 'first_author': '', 'online_identifier': '', 'publisher_name': 'Springer Nature', 'publication_type': 'monograph', 'date_monograph_published_online': '2022', 'first_editor': '', 'access_type': 'openaccess', 'source_id': '20.500.12657/54014', 'source_id_type': 'File Handle'}
Record 373: {'title_id': 'https://library.oapen.org/handle/20.500.12657/56991', 'publication_title': 'Molecules in Superfluid Helium Nanodroplets Spectroscopy, Structure, and Dynamics', 'title_url': 'https://patron-academic.thepalaceproject.org/ucdavis/book/https%3A%2F%2Fcdl.edu.thepalaceproject.org%2F110644%2Fworks%2FURI%252Fhttps%253A%252F%252Flibrary.oapen.org%252Fhandle%252F20.500.12657%252F56991', 'first_author': '', 'online_identifier': '', 'publisher_name': 'Springer Nature', 'publication_type': 'monograph', 'date_monograph_published_online': '2022', 'first_editor': 'Slenczka, Alkwin', 'access_type': 'openaccess', 'source_id': '20.500.12657/56991', 'source_id_type': 'File Handle'}
Record 374: {'title_id': 'https://library.oapen.org/handle/20.500.12657/54031', 'publication_title': 'Tools and Algorithms for the Construction and Analysis of Systems 28th International Conference, TACAS 2022, Held as Part of the European Joint Conferences on Theory and Practice of Software, ETAPS 2022, Munich, Germany, April 2–7, 2022, Proceedings, Part II', 'title_url': 'https://patron-academic.thepalaceproject.org/ucdavis/book/https%3A%2F%2Fcdl.edu.thepalaceproject.org%2F110644%2Fworks%2FURI%252Fhttps%253A%252F%252Flibrary.oapen.org%252Fhandle%252F20.500.12657%252F54031', 'first_author': '', 'online_identifier': '', 'publisher_name': 'Springer Nature', 'publication_type': 'monograph', 'date_monograph_published_online': '2022', 'first_editor': 'Fisman, Dana', 'access_type': 'openaccess', 'source_id': '20.500.12657/54031', 'source_id_type': 'File Handle'}
Record 375: {'title_id': 'https://library.oapen.org/handle/20.500.12657/54031', 'publication_title': 'Tools and Algorithms for the Construction and Analysis of Systems 28th International Conference, TACAS 2022, Held as Part of the European Joint Conferences on Theory and Practice of Software, ETAPS 2022, Munich, Germany, April 2–7, 2022, Proceedings, Part II', 'title_url': 'https://patron-academic.thepalaceproject.org/ucdavis/book/https%3A%2F%2Fcdl.edu.thepalaceproject.org%2F110644%2Fworks%2FURI%252Fhttps%253A%252F%252Flibrary.oapen.org%252Fhandle%252F20.500.12657%252F54031', 'first_author': '', 'online_identifier': '', 'publisher_name': 'Springer Nature', 'publication_type': 'monograph', 'date_monograph_published_online': '2022', 'first_editor': 'Fisman, Dana', 'access_type': 'openaccess', 'source_id': '20.500.12657/54031', 'source_id_type': 'File Handle'}
Record 376: {'title_id': 'https://library.oapen.org/handle/20.500.12657/61122', 'publication_title': 'East Asia and the First World War', 'title_url': 'https://patron-academic.thepalaceproject.org/ucdavis/book/https%3A%2F%2Fcdl.edu.thepalaceproject.org%2F110644%2Fworks%2FURI%252Fhttps%253A%252F%252Flibrary.oapen.org%252Fhandle%252F20.500.12657%252F61122', 'first_author': 'Jacob, Frank', 'online_identifier': '', 'publisher_name': 'De Gruyter', 'publication_type': 'monograph', 'date_monograph_published_online': '2022', 'first_editor': '', 'access_type': 'openaccess', 'source_id': '20.500.12657/61122', 'source_id_type': 'File Handle'}
Record 377: {'title_id': 'https://library.oapen.org/handle/20.500.12657/54420', 'publication_title': 'Energy-Efficient and Semi-automated Truck Platooning Research and Evaluation', 'title_url': 'https://patron-academic.thepalaceproject.org/ucdavis/book/https%3A%2F%2Fcdl.edu.thepalaceproject.org%2F110644%2Fworks%2FURI%252Fhttps%253A%252F%252Flibrary.oapen.org%252Fhandle%252F20.500.12657%252F54420', 'first_author': '', 'online_identifier': '', 'publisher_name': 'Springer Nature', 'publication_type': 'monograph', 'date_monograph_published_online': '2022', 'first_editor': 'Gratzer, Alexander L.', 'access_type': 'openaccess', 'source_id': '20.500.12657/54420', 'source_id_type': 'File Handle'}
Record 378: {'title_id': 'https://library.oapen.org/handle/20.500.12657/60545', 'publication_title': 'Patan-Vãbāhā History and Inventory of a Newar Buddhist Monastery', 'title_url': 'https://patron-academic.thepalaceproject.org/ucdavis/book/https%3A%2F%2Fcdl.edu.thepalaceproject.org%2F110644%2Fworks%2FURI%252Fhttps%253A%252F%252Flibrary.oapen.org%252Fhandle%252F20.500.12657%252F60545', 'first_author': '', 'online_identifier': '', 'publisher_name': 'Heidelberg University Publishing (heiUP)', 'publication_type': 'monograph', 'date_monograph_published_online': '2022', 'first_editor': '', 'access_type': 'openaccess', 'source_id': '20.500.12657/60545', 'source_id_type': 'File Handle'}
Record 379: {'title_id': 'https://library.oapen.org/handle/20.500.12657/58367', 'publication_title': 'Baltic Hospitality from the Middle Ages to the Twentieth Century Receiving Strangers in Northeastern Europe', 'title_url': 'https://patron-academic.thepalaceproject.org/ucdavis/book/https%3A%2F%2Fcdl.edu.thepalaceproject.org%2F110644%2Fworks%2FURI%252Fhttps%253A%252F%252Flibrary.oapen.org%252Fhandle%252F20.500.12657%252F58367', 'first_author': '', 'online_identifier': '', 'publisher_name': 'Springer Nature', 'publication_type': 'monograph', 'date_monograph_published_online': '2022', 'first_editor': 'Jezierski, Wojtek', 'access_type': 'openaccess', 'source_id': '20.500.12657/58367', 'source_id_type': 'File Handle'}
Record 380: {'title_id': 'https://library.oapen.org/handle/20.500.12657/59036', 'publication_title': 'Rolling Transition and the Role of Intellectuals The Case of Hungary', 'title_url': 'https://patron-academic.thepalaceproject.org/ucdavis/book/https%3A%2F%2Fcdl.edu.thepalaceproject.org%2F110644%2Fworks%2FURI%252Fhttps%253A%252F%252Flibrary.oapen.org%252Fhandle%252F20.500.12657%252F59036', 'first_author': 'Bozóki, András', 'online_identifier': '', 'publisher_name': 'Central European University Press', 'publication_type': 'monograph', 'date_monograph_published_online': '2022', 'first_editor': '', 'access_type': 'openaccess', 'source_id': '20.500.12657/59036', 'source_id_type': 'File Handle'}
Record 381: {'title_id': 'https://library.oapen.org/handle/20.500.12657/57043', 'publication_title': 'Organization Management – Dynamic Creative Team Coordination', 'title_url': 'https://patron-academic.thepalaceproject.org/ucdavis/book/https%3A%2F%2Fcdl.edu.thepalaceproject.org%2F110644%2Fworks%2FURI%252Fhttps%253A%252F%252Flibrary.oapen.org%252Fhandle%252F20.500.12657%252F57043', 'first_author': 'Georgiades, Stavros', 'online_identifier': '', 'publisher_name': 'Springer Nature', 'publication_type': 'monograph', 'date_monograph_published_online': '2022', 'first_editor': '', 'access_type': 'openaccess', 'source_id': '20.500.12657/57043', 'source_id_type': 'File Handle'}
Record 382: {'title_id': 'https://library.oapen.org/handle/20.500.12657/58148', 'publication_title': 'Reading the Juggler of Notre Dame Medieval Miracles and Modern Remakings', 'title_url': 'https://patron-academic.thepalaceproject.org/ucdavis/book/https%3A%2F%2Fcdl.edu.thepalaceproject.org%2F110644%2Fworks%2FURI%252Fhttps%253A%252F%252Flibrary.oapen.org%252Fhandle%252F20.500.12657%252F58148', 'first_author': 'Ziolkowski, Jan', 'online_identifier': '', 'publisher_name': 'Open Book Publishers', 'publication_type': 'monograph', 'date_monograph_published_online': '2022', 'first_editor': '', 'access_type': 'openaccess', 'source_id': '20.500.12657/58148', 'source_id_type': 'File Handle'}
Record 383: {'title_id': 'https://library.oapen.org/handle/20.500.12657/59112', 'publication_title': 'Assessment for Experiential Learning', 'title_url': 'https://patron-academic.thepalaceproject.org/ucdavis/book/https%3A%2F%2Fcdl.edu.thepalaceproject.org%2F110644%2Fworks%2FURI%252Fhttps%253A%252F%252Flibrary.oapen.org%252Fhandle%252F20.500.12657%252F59112', 'first_author': 'Chan, Cecilia Ka Yuk', 'online_identifier': '', 'publisher_name': 'Taylor & Francis', 'publication_type': 'monograph', 'date_monograph_published_online': '2022', 'first_editor': '', 'access_type': 'openaccess', 'source_id': '20.500.12657/59112', 'source_id_type': 'File Handle'}
Record 384: {'title_id': 'https://library.oapen.org/handle/20.500.12657/58392', 'publication_title': 'Psychology, Learning, Technology First International Conference, PLT 2022, Foggia, Italy, January 19–21, 2022, Revised Selected Papers', 'title_url': 'https://patron-academic.thepalaceproject.org/ucdavis/book/https%3A%2F%2Fcdl.edu.thepalaceproject.org%2F110644%2Fworks%2FURI%252Fhttps%253A%252F%252Flibrary.oapen.org%252Fhandle%252F20.500.12657%252F58392', 'first_author': '', 'online_identifier': '', 'publisher_name': 'Springer Nature', 'publication_type': 'monograph', 'date_monograph_published_online': '2022', 'first_editor': 'Di Fuccio, Raffaele', 'access_type': 'openaccess', 'source_id': '20.500.12657/58392', 'source_id_type': 'File Handle'}
Record 385: {'title_id': 'https://library.oapen.org/handle/20.500.12657/57376', 'publication_title': 'Systems Mapping How to build and use causal models of systems', 'title_url': 'https://patron-academic.thepalaceproject.org/ucdavis/book/https%3A%2F%2Fcdl.edu.thepalaceproject.org%2F110644%2Fworks%2FURI%252Fhttps%253A%252F%252Flibrary.oapen.org%252Fhandle%252F20.500.12657%252F57376', 'first_author': '', 'online_identifier': '', 'publisher_name': 'Springer Nature', 'publication_type': 'monograph', 'date_monograph_published_online': '2022', 'first_editor': '', 'access_type': 'openaccess', 'source_id': '20.500.12657/57376', 'source_id_type': 'File Handle'}
Record 386: {'title_id': 'https://library.oapen.org/handle/20.500.12657/57376', 'publication_title': 'Systems Mapping How to build and use causal models of systems', 'title_url': 'https://patron-academic.thepalaceproject.org/ucdavis/book/https%3A%2F%2Fcdl.edu.thepalaceproject.org%2F110644%2Fworks%2FURI%252Fhttps%253A%252F%252Flibrary.oapen.org%252Fhandle%252F20.500.12657%252F57376', 'first_author': '', 'online_identifier': '', 'publisher_name': 'Springer Nature', 'publication_type': 'monograph', 'date_monograph_published_online': '2022', 'first_editor': '', 'access_type': 'openaccess', 'source_id': '20.500.12657/57376', 'source_id_type': 'File Handle'}
Record 387: {'title_id': 'https://library.oapen.org/handle/20.500.12657/58646', 'publication_title': 'New Materialist Explorations into Language Education', 'title_url': 'https://patron-academic.thepalaceproject.org/ucdavis/book/https%3A%2F%2Fcdl.edu.thepalaceproject.org%2F110644%2Fworks%2FURI%252Fhttps%253A%252F%252Flibrary.oapen.org%252Fhandle%252F20.500.12657%252F58646', 'first_author': '', 'online_identifier': '', 'publisher_name': 'Springer Nature', 'publication_type': 'monograph', 'date_monograph_published_online': '2022', 'first_editor': 'Ennser-Kananen, Johanna', 'access_type': 'openaccess', 'source_id': '20.500.12657/58646', 'source_id_type': 'File Handle'}
Record 388: {'title_id': 'https://library.oapen.org/handle/20.500.12657/64087', 'publication_title': 'Positioning Diversity in Kenyan Schools Teaching in the Face of Inequality and Discrimination', 'title_url': 'https://patron-academic.thepalaceproject.org/ucdavis/book/https%3A%2F%2Fcdl.edu.thepalaceproject.org%2F110644%2Fworks%2FURI%252Fhttps%253A%252F%252Flibrary.oapen.org%252Fhandle%252F20.500.12657%252F64087', 'first_author': 'van Möllendorff, Malve', 'online_identifier': '', 'publisher_name': 'African Minds', 'publication_type': 'monograph', 'date_monograph_published_online': '2022', 'first_editor': '', 'access_type': 'openaccess', 'source_id': '20.500.12657/64087', 'source_id_type': 'File Handle'}
Record 389: {'title_id': 'https://library.oapen.org/handle/20.500.12657/59330', 'publication_title': 'Data Communications and Network Technologies', 'title_url': 'https://patron-academic.thepalaceproject.org/ucdavis/book/https%3A%2F%2Fcdl.edu.thepalaceproject.org%2F110644%2Fworks%2FURI%252Fhttps%253A%252F%252Flibrary.oapen.org%252Fhandle%252F20.500.12657%252F59330', 'first_author': 'Huawei Technologies Co., Ltd.', 'online_identifier': '', 'publisher_name': 'Springer Nature', 'publication_type': 'monograph', 'date_monograph_published_online': '2022', 'first_editor': '', 'access_type': 'openaccess', 'source_id': '20.500.12657/59330', 'source_id_type': 'File Handle'}
Record 390: {'title_id': 'https://library.oapen.org/handle/20.500.12657/59697', 'publication_title': 'The multidimensional housing deprivation Local dynamics of inequality, policies and challenges for the future', 'title_url': 'https://patron-academic.thepalaceproject.org/ucdavis/book/https%3A%2F%2Fcdl.edu.thepalaceproject.org%2F110644%2Fworks%2FURI%252Fhttps%253A%252F%252Flibrary.oapen.org%252Fhandle%252F20.500.12657%252F59697', 'first_author': 'BERGAMASCHI, MAURIZIO', 'online_identifier': '', 'publisher_name': 'FrancoAngeli', 'publication_type': 'monograph', 'date_monograph_published_online': '2022', 'first_editor': '', 'access_type': 'openaccess', 'source_id': '20.500.12657/59697', 'source_id_type': 'File Handle'}
Record 391: {'title_id': 'https://library.oapen.org/handle/20.500.12657/53229', 'publication_title': 'Entrepreneurship in the Raw Materials Sector Proceedings of LIMBRA the International Scientific Conference', 'title_url': 'https://patron-academic.thepalaceproject.org/ucdavis/book/https%3A%2F%2Fcdl.edu.thepalaceproject.org%2F110644%2Fworks%2FURI%252Fhttps%253A%252F%252Flibrary.oapen.org%252Fhandle%252F20.500.12657%252F53229', 'first_author': '', 'online_identifier': '', 'publisher_name': 'Taylor & Francis', 'publication_type': 'monograph', 'date_monograph_published_online': '2022', 'first_editor': 'Bartha, Zoltán', 'access_type': 'openaccess', 'source_id': '20.500.12657/53229', 'source_id_type': 'File Handle'}
Record 392: {'title_id': 'https://library.oapen.org/handle/20.500.12657/57597', 'publication_title': 'New Industrial Urbanism Designing Places for Production', 'title_url': 'https://patron-academic.thepalaceproject.org/ucdavis/book/https%3A%2F%2Fcdl.edu.thepalaceproject.org%2F110644%2Fworks%2FURI%252Fhttps%253A%252F%252Flibrary.oapen.org%252Fhandle%252F20.500.12657%252F57597', 'first_author': '', 'online_identifier': '', 'publisher_name': 'Taylor & Francis', 'publication_type': 'monograph', 'date_monograph_published_online': '2022', 'first_editor': '', 'access_type': 'openaccess', 'source_id': '20.500.12657/57597', 'source_id_type': 'File Handle'}
Record 393: {'title_id': 'https://library.oapen.org/handle/20.500.12657/58068', 'publication_title': 'The Hybrid Practitioner Building, Teaching, Researching Architecture', 'title_url': 'https://patron-academic.thepalaceproject.org/ucdavis/book/https%3A%2F%2Fcdl.edu.thepalaceproject.org%2F110644%2Fworks%2FURI%252Fhttps%253A%252F%252Flibrary.oapen.org%252Fhandle%252F20.500.12657%252F58068', 'first_author': '', 'online_identifier': '', 'publisher_name': 'Leuven University Press', 'publication_type': 'monograph', 'date_monograph_published_online': '2022', 'first_editor': 'Schreurs, Eireen', 'access_type': 'openaccess', 'source_id': '20.500.12657/58068', 'source_id_type': 'File Handle'}
Record 394: {'title_id': 'https://library.oapen.org/handle/20.500.12657/60275', 'publication_title': 'Theatre in Towns', 'title_url': 'https://patron-academic.thepalaceproject.org/ucdavis/book/https%3A%2F%2Fcdl.edu.thepalaceproject.org%2F110644%2Fworks%2FURI%252Fhttps%253A%252F%252Flibrary.oapen.org%252Fhandle%252F20.500.12657%252F60275', 'first_author': '', 'online_identifier': '', 'publisher_name': 'Taylor & Francis', 'publication_type': 'monograph', 'date_monograph_published_online': '2022', 'first_editor': '', 'access_type': 'openaccess', 'source_id': '20.500.12657/60275', 'source_id_type': 'File Handle'}
Record 395: {'title_id': 'https://library.oapen.org/handle/20.500.12657/58013', 'publication_title': 'Capital and Inequality in Rural Papua New Guinea', 'title_url': 'https://patron-academic.thepalaceproject.org/ucdavis/book/https%3A%2F%2Fcdl.edu.thepalaceproject.org%2F110644%2Fworks%2FURI%252Fhttps%253A%252F%252Flibrary.oapen.org%252Fhandle%252F20.500.12657%252F58013', 'first_author': '', 'online_identifier': '', 'publisher_name': 'ANU Press', 'publication_type': 'monograph', 'date_monograph_published_online': '2022', 'first_editor': 'Beer, Bettina', 'access_type': 'openaccess', 'source_id': '20.500.12657/58013', 'source_id_type': 'File Handle'}
Record 396: {'title_id': 'https://library.oapen.org/handle/20.500.12657/61105', 'publication_title': 'Performing Peace and Friendship The World Youth Festivals and Soviet Cultural Diplomacy', 'title_url': 'https://patron-academic.thepalaceproject.org/ucdavis/book/https%3A%2F%2Fcdl.edu.thepalaceproject.org%2F110644%2Fworks%2FURI%252Fhttps%253A%252F%252Flibrary.oapen.org%252Fhandle%252F20.500.12657%252F61105', 'first_author': 'Koivunen, Pia', 'online_identifier': '', 'publisher_name': 'De Gruyter', 'publication_type': 'monograph', 'date_monograph_published_online': '2022', 'first_editor': '', 'access_type': 'openaccess', 'source_id': '20.500.12657/61105', 'source_id_type': 'File Handle'}
Record 397: {'title_id': 'https://library.oapen.org/handle/20.500.12657/59316', 'publication_title': 'European Language Grid A Language Technology Platform for Multilingual Europe', 'title_url': 'https://patron-academic.thepalaceproject.org/ucdavis/book/https%3A%2F%2Fcdl.edu.thepalaceproject.org%2F110644%2Fworks%2FURI%252Fhttps%253A%252F%252Flibrary.oapen.org%252Fhandle%252F20.500.12657%252F59316', 'first_author': 'Rehm, Georg', 'online_identifier': '', 'publisher_name': 'Springer Nature', 'publication_type': 'monograph', 'date_monograph_published_online': '2022', 'first_editor': '', 'access_type': 'openaccess', 'source_id': '20.500.12657/59316', 'source_id_type': 'File Handle'}
Record 398: {'title_id': 'https://library.oapen.org/handle/20.500.12657/54190', 'publication_title': 'Indigenous Sport and Nation-Building Interrogating Sámi Sport and Beyond', 'title_url': 'https://patron-academic.thepalaceproject.org/ucdavis/book/https%3A%2F%2Fcdl.edu.thepalaceproject.org%2F110644%2Fworks%2FURI%252Fhttps%253A%252F%252Flibrary.oapen.org%252Fhandle%252F20.500.12657%252F54190', 'first_author': 'Skille, Eivind Å.', 'online_identifier': '', 'publisher_name': 'Taylor & Francis', 'publication_type': 'monograph', 'date_monograph_published_online': '2022', 'first_editor': '', 'access_type': 'openaccess', 'source_id': '20.500.12657/54190', 'source_id_type': 'File Handle'}
Record 399: {'title_id': 'https://library.oapen.org/handle/20.500.12657/60766', 'publication_title': 'Ethnoreligious Otherings and Passionate Conflicts', 'title_url': 'https://patron-academic.thepalaceproject.org/ucdavis/book/https%3A%2F%2Fcdl.edu.thepalaceproject.org%2F110644%2Fworks%2FURI%252Fhttps%253A%252F%252Flibrary.oapen.org%252Fhandle%252F20.500.12657%252F60766', 'first_author': 'Magcamit, Michael', 'online_identifier': '', 'publisher_name': 'Oxford University Press', 'publication_type': 'monograph', 'date_monograph_published_online': '2022', 'first_editor': '', 'access_type': 'openaccess', 'source_id': '20.500.12657/60766', 'source_id_type': 'File Handle'}
Record 400: {'title_id': 'https://library.oapen.org/handle/20.500.12657/57788', 'publication_title': 'Jamón and Halal Lessons in Tolerance from Rural Andalucía', 'title_url': 'https://patron-academic.thepalaceproject.org/ucdavis/book/https%3A%2F%2Fcdl.edu.thepalaceproject.org%2F110644%2Fworks%2FURI%252Fhttps%253A%252F%252Flibrary.oapen.org%252Fhandle%252F20.500.12657%252F57788', 'first_author': 'Civantos, Christina', 'online_identifier': '', 'publisher_name': 'Amherst College Press', 'publication_type': 'monograph', 'date_monograph_published_online': '2022', 'first_editor': '', 'access_type': 'openaccess', 'source_id': '20.500.12657/57788', 'source_id_type': 'File Handle'}
Record 401: {'title_id': 'https://library.oapen.org/handle/20.500.12657/60564', 'publication_title': 'Headedness and/or grammatical anarchy?', 'title_url': 'https://patron-academic.thepalaceproject.org/ucdavis/book/https%3A%2F%2Fcdl.edu.thepalaceproject.org%2F110644%2Fworks%2FURI%252Fhttps%253A%252F%252Flibrary.oapen.org%252Fhandle%252F20.500.12657%252F60564', 'first_author': '', 'online_identifier': '', 'publisher_name': 'Language Science Press', 'publication_type': 'monograph', 'date_monograph_published_online': '2022', 'first_editor': 'Freywald, Ulrike', 'access_type': 'openaccess', 'source_id': '20.500.12657/60564', 'source_id_type': 'File Handle'}
Record 402: {'title_id': 'https://library.oapen.org/handle/20.500.12657/52367', 'publication_title': 'Indirect Education Exploring Indirectness in Teaching and Research', 'title_url': 'https://patron-academic.thepalaceproject.org/ucdavis/book/https%3A%2F%2Fcdl.edu.thepalaceproject.org%2F110644%2Fworks%2FURI%252Fhttps%253A%252F%252Flibrary.oapen.org%252Fhandle%252F20.500.12657%252F52367', 'first_author': 'Saeverot, Herner', 'online_identifier': '', 'publisher_name': 'Taylor & Francis', 'publication_type': 'monograph', 'date_monograph_published_online': '2022', 'first_editor': '', 'access_type': 'openaccess', 'source_id': '20.500.12657/52367', 'source_id_type': 'File Handle'}
Record 403: {'title_id': 'https://library.oapen.org/handle/20.500.12657/52571', 'publication_title': 'AI Knowledge Transfer from the University to Society Applications in High-Impact Sectors', 'title_url': 'https://patron-academic.thepalaceproject.org/ucdavis/book/https%3A%2F%2Fcdl.edu.thepalaceproject.org%2F110644%2Fworks%2FURI%252Fhttps%253A%252F%252Flibrary.oapen.org%252Fhandle%252F20.500.12657%252F52571', 'first_author': '', 'online_identifier': '', 'publisher_name': 'Taylor & Francis', 'publication_type': 'monograph', 'date_monograph_published_online': '2022', 'first_editor': 'Lilic, Milica', 'access_type': 'openaccess', 'source_id': '20.500.12657/52571', 'source_id_type': 'File Handle'}
Record 404: {'title_id': 'https://library.oapen.org/handle/20.500.12657/63136', 'publication_title': 'Passport to Peckham Culture and Creativity in a London Village', 'title_url': 'https://patron-academic.thepalaceproject.org/ucdavis/book/https%3A%2F%2Fcdl.edu.thepalaceproject.org%2F110644%2Fworks%2FURI%252Fhttps%253A%252F%252Flibrary.oapen.org%252Fhandle%252F20.500.12657%252F63136', 'first_author': 'Hewison, Robert', 'online_identifier': '', 'publisher_name': 'Goldsmiths Press', 'publication_type': 'monograph', 'date_monograph_published_online': '2022', 'first_editor': '', 'access_type': 'openaccess', 'source_id': '20.500.12657/63136', 'source_id_type': 'File Handle'}
Record 405: {'title_id': 'https://library.oapen.org/handle/20.500.12657/54639', 'publication_title': 'In Praise of Mortality Christianity and New Humanism', 'title_url': 'https://patron-academic.thepalaceproject.org/ucdavis/book/https%3A%2F%2Fcdl.edu.thepalaceproject.org%2F110644%2Fworks%2FURI%252Fhttps%253A%252F%252Flibrary.oapen.org%252Fhandle%252F20.500.12657%252F54639', 'first_author': 'Appel, Kurt', 'online_identifier': '', 'publisher_name': 'Brill', 'publication_type': 'monograph', 'date_monograph_published_online': '2022', 'first_editor': '', 'access_type': 'openaccess', 'source_id': '20.500.12657/54639', 'source_id_type': 'File Handle'}
Record 406: {'title_id': 'https://library.oapen.org/handle/20.500.12657/53389', 'publication_title': 'The Romanian Sentiment of Being', 'title_url': 'https://patron-academic.thepalaceproject.org/ucdavis/book/https%3A%2F%2Fcdl.edu.thepalaceproject.org%2F110644%2Fworks%2FURI%252Fhttps%253A%252F%252Flibrary.oapen.org%252Fhandle%252F20.500.12657%252F53389', 'first_author': 'Noica, Constantin', 'online_identifier': '', 'publisher_name': 'punctum books', 'publication_type': 'monograph', 'date_monograph_published_online': '2022', 'first_editor': '', 'access_type': 'openaccess', 'source_id': '20.500.12657/53389', 'source_id_type': 'File Handle'}
Record 407: {'title_id': 'https://library.oapen.org/handle/20.500.12657/89776', 'publication_title': 'Feminist Research Alliances: Affective convergences', 'title_url': 'https://patron-academic.thepalaceproject.org/ucdavis/book/https%3A%2F%2Fcdl.edu.thepalaceproject.org%2F110644%2Fworks%2FURI%252Fhttps%253A%252F%252Flibrary.oapen.org%252Fhandle%252F20.500.12657%252F89776', 'first_author': '', 'online_identifier': '', 'publisher_name': 'Peter Lang International Academic Publishers', 'publication_type': 'monograph', 'date_monograph_published_online': '2022', 'first_editor': 'Méndez de la Brena, Dresda E.', 'access_type': 'openaccess', 'source_id': '20.500.12657/89776', 'source_id_type': 'File Handle'}
Record 408: {'title_id': 'https://library.oapen.org/handle/20.500.12657/59347', 'publication_title': 'The Power of Morality in Movements Civic Engagement in Climate Justice, Human Rights, and Democracy', 'title_url': 'https://patron-academic.thepalaceproject.org/ucdavis/book/https%3A%2F%2Fcdl.edu.thepalaceproject.org%2F110644%2Fworks%2FURI%252Fhttps%253A%252F%252Flibrary.oapen.org%252Fhandle%252F20.500.12657%252F59347', 'first_author': '', 'online_identifier': '', 'publisher_name': 'Springer Nature', 'publication_type': 'monograph', 'date_monograph_published_online': '2022', 'first_editor': 'Sevelsted, Anders', 'access_type': 'openaccess', 'source_id': '20.500.12657/59347', 'source_id_type': 'File Handle'}
Record 409: {'title_id': 'https://library.oapen.org/handle/20.500.12657/57596', 'publication_title': 'Geotechnical Engineering for the Preservation of Monuments and Historic Sites III', 'title_url': 'https://patron-academic.thepalaceproject.org/ucdavis/book/https%3A%2F%2Fcdl.edu.thepalaceproject.org%2F110644%2Fworks%2FURI%252Fhttps%253A%252F%252Flibrary.oapen.org%252Fhandle%252F20.500.12657%252F57596', 'first_author': '', 'online_identifier': '', 'publisher_name': 'Taylor & Francis', 'publication_type': 'monograph', 'date_monograph_published_online': '2022', 'first_editor': 'Flora, Alessandro', 'access_type': 'openaccess', 'source_id': '20.500.12657/57596', 'source_id_type': 'File Handle'}
Record 410: {'title_id': 'https://library.oapen.org/handle/20.500.12657/57048', 'publication_title': 'Forest Radioecology in Fukushima Radiocesium Dynamics, Impact, and Future', 'title_url': 'https://patron-academic.thepalaceproject.org/ucdavis/book/https%3A%2F%2Fcdl.edu.thepalaceproject.org%2F110644%2Fworks%2FURI%252Fhttps%253A%252F%252Flibrary.oapen.org%252Fhandle%252F20.500.12657%252F57048', 'first_author': '', 'online_identifier': '', 'publisher_name': 'Springer Nature', 'publication_type': 'monograph', 'date_monograph_published_online': '2022', 'first_editor': '', 'access_type': 'openaccess', 'source_id': '20.500.12657/57048', 'source_id_type': 'File Handle'}
Record 411: {'title_id': 'https://library.oapen.org/handle/20.500.12657/58395', 'publication_title': 'Data Spaces Design, Deployment and Future Directions', 'title_url': 'https://patron-academic.thepalaceproject.org/ucdavis/book/https%3A%2F%2Fcdl.edu.thepalaceproject.org%2F110644%2Fworks%2FURI%252Fhttps%253A%252F%252Flibrary.oapen.org%252Fhandle%252F20.500.12657%252F58395', 'first_author': '', 'online_identifier': '', 'publisher_name': 'Springer Nature', 'publication_type': 'monograph', 'date_monograph_published_online': '2022', 'first_editor': 'Curry, Edward', 'access_type': 'openaccess', 'source_id': '20.500.12657/58395', 'source_id_type': 'File Handle'}
Record 412: {'title_id': 'https://library.oapen.org/handle/20.500.12657/60795', 'publication_title': 'Climate Adaptation Modelling', 'title_url': 'https://patron-academic.thepalaceproject.org/ucdavis/book/https%3A%2F%2Fcdl.edu.thepalaceproject.org%2F110644%2Fworks%2FURI%252Fhttps%253A%252F%252Flibrary.oapen.org%252Fhandle%252F20.500.12657%252F60795', 'first_author': '', 'online_identifier': '', 'publisher_name': 'Springer Nature', 'publication_type': 'monograph', 'date_monograph_published_online': '2022', 'first_editor': 'Bosello, Francesco', 'access_type': 'openaccess', 'source_id': '20.500.12657/60795', 'source_id_type': 'File Handle'}
Record 413: {'title_id': 'https://library.oapen.org/handle/20.500.12657/60279', 'publication_title': 'Transforming Social Work Field Education New Insights from Practice Research and Scholarship', 'title_url': 'https://patron-academic.thepalaceproject.org/ucdavis/book/https%3A%2F%2Fcdl.edu.thepalaceproject.org%2F110644%2Fworks%2FURI%252Fhttps%253A%252F%252Flibrary.oapen.org%252Fhandle%252F20.500.12657%252F60279', 'first_author': '', 'online_identifier': '', 'publisher_name': 'University of Calgary Press', 'publication_type': 'monograph', 'date_monograph_published_online': '2022', 'first_editor': 'Bogo, Marion', 'access_type': 'openaccess', 'source_id': '20.500.12657/60279', 'source_id_type': 'File Handle'}
Record 414: {'title_id': 'https://library.oapen.org/handle/20.500.12657/62210', 'publication_title': "Imperial Gateway Colonial Taiwan and Japan's Expansion in South China and Southeast Asia, 1895–1945", 'title_url': 'https://patron-academic.thepalaceproject.org/ucdavis/book/https%3A%2F%2Fcdl.edu.thepalaceproject.org%2F110644%2Fworks%2FURI%252Fhttps%253A%252F%252Flibrary.oapen.org%252Fhandle%252F20.500.12657%252F62210', 'first_author': 'Shirane, Seiji', 'online_identifier': '', 'publisher_name': 'Cornell University Press', 'publication_type': 'monograph', 'date_monograph_published_online': '2022', 'first_editor': '', 'access_type': 'openaccess', 'source_id': '20.500.12657/62210', 'source_id_type': 'File Handle'}
Record 415: {'title_id': 'https://library.oapen.org/handle/20.500.12657/52574', 'publication_title': 'Cyber Security Politics Socio-Technological Transformations and Political Fragmentation', 'title_url': 'https://patron-academic.thepalaceproject.org/ucdavis/book/https%3A%2F%2Fcdl.edu.thepalaceproject.org%2F110644%2Fworks%2FURI%252Fhttps%253A%252F%252Flibrary.oapen.org%252Fhandle%252F20.500.12657%252F52574', 'first_author': '', 'online_identifier': '', 'publisher_name': 'Taylor & Francis', 'publication_type': 'monograph', 'date_monograph_published_online': '2022', 'first_editor': 'Dunn Cavelty, Myriam', 'access_type': 'openaccess', 'source_id': '20.500.12657/52574', 'source_id_type': 'File Handle'}
Record 416: {'title_id': 'https://library.oapen.org/handle/20.500.12657/59694', 'publication_title': 'What Photographs Do The making and remaking of museum cultures', 'title_url': 'https://patron-academic.thepalaceproject.org/ucdavis/book/https%3A%2F%2Fcdl.edu.thepalaceproject.org%2F110644%2Fworks%2FURI%252Fhttps%253A%252F%252Flibrary.oapen.org%252Fhandle%252F20.500.12657%252F59694', 'first_author': '', 'online_identifier': '', 'publisher_name': 'UCL Press', 'publication_type': 'monograph', 'date_monograph_published_online': '2022', 'first_editor': 'Edwards, Elizabeth', 'access_type': 'openaccess', 'source_id': '20.500.12657/59694', 'source_id_type': 'File Handle'}
Record 417: {'title_id': 'https://library.oapen.org/handle/20.500.12657/53326', 'publication_title': 'Anthropological Perspectives on Environmental Communication', 'title_url': 'https://patron-academic.thepalaceproject.org/ucdavis/book/https%3A%2F%2Fcdl.edu.thepalaceproject.org%2F110644%2Fworks%2FURI%252Fhttps%253A%252F%252Flibrary.oapen.org%252Fhandle%252F20.500.12657%252F53326', 'first_author': '', 'online_identifier': '', 'publisher_name': 'Springer Nature', 'publication_type': 'monograph', 'date_monograph_published_online': '2022', 'first_editor': 'Dove, Michael E.', 'access_type': 'openaccess', 'source_id': '20.500.12657/53326', 'source_id_type': 'File Handle'}
Record 418: {'title_id': 'https://library.oapen.org/handle/20.500.12657/60891', 'publication_title': 'Proceedings Of The East Asia Joint Symposium On Fields And Strings 2021 Osaka City University, 22-27 November 2021', 'title_url': 'https://patron-academic.thepalaceproject.org/ucdavis/book/https%3A%2F%2Fcdl.edu.thepalaceproject.org%2F110644%2Fworks%2FURI%252Fhttps%253A%252F%252Flibrary.oapen.org%252Fhandle%252F20.500.12657%252F60891', 'first_author': '', 'online_identifier': '', 'publisher_name': 'World Scientific Publishing Company', 'publication_type': 'monograph', 'date_monograph_published_online': '2022', 'first_editor': 'Iso, Satoshi', 'access_type': 'openaccess', 'source_id': '20.500.12657/60891', 'source_id_type': 'File Handle'}
Record 419: {'title_id': 'https://library.oapen.org/handle/20.500.12657/57873', 'publication_title': 'Nakba and Survival The Story of Palestinians Who Remained in Haifa and the Galilee, 1948–1956', 'title_url': 'https://patron-academic.thepalaceproject.org/ucdavis/book/https%3A%2F%2Fcdl.edu.thepalaceproject.org%2F110644%2Fworks%2FURI%252Fhttps%253A%252F%252Flibrary.oapen.org%252Fhandle%252F20.500.12657%252F57873', 'first_author': 'Manna, Adel', 'online_identifier': '', 'publisher_name': 'University of California Press', 'publication_type': 'monograph', 'date_monograph_published_online': '2022', 'first_editor': '', 'access_type': 'openaccess', 'source_id': '20.500.12657/57873', 'source_id_type': 'File Handle'}
Record 420: {'title_id': 'https://library.oapen.org/handle/20.500.12657/58875', 'publication_title': 'Creating the Desire for Change in Higher Education The Amsterdam Path to the Research-Teaching Nexus', 'title_url': 'https://patron-academic.thepalaceproject.org/ucdavis/book/https%3A%2F%2Fcdl.edu.thepalaceproject.org%2F110644%2Fworks%2FURI%252Fhttps%253A%252F%252Flibrary.oapen.org%252Fhandle%252F20.500.12657%252F58875', 'first_author': 'Griffioen, Didi', 'online_identifier': '', 'publisher_name': 'Bloomsbury Academic', 'publication_type': 'monograph', 'date_monograph_published_online': '2022', 'first_editor': '', 'access_type': 'openaccess', 'source_id': '20.500.12657/58875', 'source_id_type': 'File Handle'}
Record 421: {'title_id': 'https://library.oapen.org/handle/20.500.12657/89556', 'publication_title': 'The Politics of Gender in Early American Theater Revolutionary Dramatists and Theatrical Practices', 'title_url': 'https://patron-academic.thepalaceproject.org/ucdavis/book/https%3A%2F%2Fcdl.edu.thepalaceproject.org%2F110644%2Fworks%2FURI%252Fhttps%253A%252F%252Flibrary.oapen.org%252Fhandle%252F20.500.12657%252F89556', 'first_author': '', 'online_identifier': '', 'publisher_name': 'transcript Verlag', 'publication_type': 'monograph', 'date_monograph_published_online': '2022', 'first_editor': 'Lippert, Leopold', 'access_type': 'openaccess', 'source_id': '20.500.12657/89556', 'source_id_type': 'File Handle'}
Record 422: {'title_id': 'https://library.oapen.org/handle/20.500.12657/57086', 'publication_title': 'Inconvenient Heritage Colonial Collections and Restitution in the Netherlands and Belgium', 'title_url': 'https://patron-academic.thepalaceproject.org/ucdavis/book/https%3A%2F%2Fcdl.edu.thepalaceproject.org%2F110644%2Fworks%2FURI%252Fhttps%253A%252F%252Flibrary.oapen.org%252Fhandle%252F20.500.12657%252F57086', 'first_author': 'van Beurden, Jos', 'online_identifier': '', 'publisher_name': 'Amsterdam University Press', 'publication_type': 'monograph', 'date_monograph_published_online': '2022', 'first_editor': '', 'access_type': 'openaccess', 'source_id': '20.500.12657/57086', 'source_id_type': 'File Handle'}
Record 423: {'title_id': 'https://library.oapen.org/handle/20.500.12657/57808', 'publication_title': 'The Ambivalence of Power in the Twenty-First Century Economy Cases from Russia and beyond', 'title_url': 'https://patron-academic.thepalaceproject.org/ucdavis/book/https%3A%2F%2Fcdl.edu.thepalaceproject.org%2F110644%2Fworks%2FURI%252Fhttps%253A%252F%252Flibrary.oapen.org%252Fhandle%252F20.500.12657%252F57808', 'first_author': '', 'online_identifier': '', 'publisher_name': 'UCL Press', 'publication_type': 'monograph', 'date_monograph_published_online': '2022', 'first_editor': 'Kotelnikova, Zoya', 'access_type': 'openaccess', 'source_id': '20.500.12657/57808', 'source_id_type': 'File Handle'}
Record 424: {'title_id': 'https://library.oapen.org/handle/20.500.12657/61028', 'publication_title': 'Perspectives on the History of Global Development', 'title_url': 'https://patron-academic.thepalaceproject.org/ucdavis/book/https%3A%2F%2Fcdl.edu.thepalaceproject.org%2F110644%2Fworks%2FURI%252Fhttps%253A%252F%252Flibrary.oapen.org%252Fhandle%252F20.500.12657%252F61028', 'first_author': '', 'online_identifier': '', 'publisher_name': 'De Gruyter', 'publication_type': 'monograph', 'date_monograph_published_online': '2022', 'first_editor': 'Borowy, Iris', 'access_type': 'openaccess', 'source_id': '20.500.12657/61028', 'source_id_type': 'File Handle'}
Record 425: {'title_id': 'https://library.oapen.org/handle/20.500.12657/59169', 'publication_title': 'Fundamentals for the Dimensioning and Optimization of Prestressed Segmented Girders for Application in Bridge Crane Systems', 'title_url': 'https://patron-academic.thepalaceproject.org/ucdavis/book/https%3A%2F%2Fcdl.edu.thepalaceproject.org%2F110644%2Fworks%2FURI%252Fhttps%253A%252F%252Flibrary.oapen.org%252Fhandle%252F20.500.12657%252F59169', 'first_author': 'Oellerich, Jan', 'online_identifier': '', 'publisher_name': 'KIT Scientific Publishing', 'publication_type': 'monograph', 'date_monograph_published_online': '2022', 'first_editor': '', 'access_type': 'openaccess', 'source_id': '20.500.12657/59169', 'source_id_type': 'File Handle'}
Record 426: {'title_id': 'https://library.oapen.org/handle/20.500.12657/58194', 'publication_title': 'Black Matrilineage, Photography, and Representation Another Way of Knowing', 'title_url': 'https://patron-academic.thepalaceproject.org/ucdavis/book/https%3A%2F%2Fcdl.edu.thepalaceproject.org%2F110644%2Fworks%2FURI%252Fhttps%253A%252F%252Flibrary.oapen.org%252Fhandle%252F20.500.12657%252F58194', 'first_author': '', 'online_identifier': '', 'publisher_name': 'Leuven University Press', 'publication_type': 'monograph', 'date_monograph_published_online': '2022', 'first_editor': 'Deschler Canossi, Lesly', 'access_type': 'openaccess', 'source_id': '20.500.12657/58194', 'source_id_type': 'File Handle'}
Record 427: {'title_id': 'https://library.oapen.org/handle/20.500.12657/61845', 'publication_title': 'Computational Science – ICCS 2022 22nd International Conference, London, UK, June 21–23, 2022, Proceedings, Part III', 'title_url': 'https://patron-academic.thepalaceproject.org/ucdavis/book/https%3A%2F%2Fcdl.edu.thepalaceproject.org%2F110644%2Fworks%2FURI%252Fhttps%253A%252F%252Flibrary.oapen.org%252Fhandle%252F20.500.12657%252F61845', 'first_author': '', 'online_identifier': '', 'publisher_name': 'Springer Nature', 'publication_type': 'monograph', 'date_monograph_published_online': '2022', 'first_editor': 'Dongarra, Jack J.', 'access_type': 'openaccess', 'source_id': '20.500.12657/61845', 'source_id_type': 'File Handle'}
Record 428: {'title_id': 'https://library.oapen.org/handle/20.500.12657/54426', 'publication_title': 'Hizmet in Transitions European Developments of a Turkish Muslim-Inspired Movement', 'title_url': 'https://patron-academic.thepalaceproject.org/ucdavis/book/https%3A%2F%2Fcdl.edu.thepalaceproject.org%2F110644%2Fworks%2FURI%252Fhttps%253A%252F%252Flibrary.oapen.org%252Fhandle%252F20.500.12657%252F54426', 'first_author': 'Weller, Paul', 'online_identifier': '', 'publisher_name': 'Springer Nature', 'publication_type': 'monograph', 'date_monograph_published_online': '2022', 'first_editor': '', 'access_type': 'openaccess', 'source_id': '20.500.12657/54426', 'source_id_type': 'File Handle'}
Record 429: {'title_id': 'https://library.oapen.org/handle/20.500.12657/53519', 'publication_title': 'Fluorescent thermal imaging method for investigating transient effects in high-temperature superconductor tapes and coils', 'title_url': 'https://patron-academic.thepalaceproject.org/ucdavis/book/https%3A%2F%2Fcdl.edu.thepalaceproject.org%2F110644%2Fworks%2FURI%252Fhttps%253A%252F%252Flibrary.oapen.org%252Fhandle%252F20.500.12657%252F53519', 'first_author': 'Gyuráki, Roland', 'online_identifier': '', 'publisher_name': 'KIT Scientific Publishing', 'publication_type': 'monograph', 'date_monograph_published_online': '2022', 'first_editor': '', 'access_type': 'openaccess', 'source_id': '20.500.12657/53519', 'source_id_type': 'File Handle'}
Record 430: {'title_id': 'https://library.oapen.org/handle/20.500.12657/89661', 'publication_title': 'Forming the Modern Turkish Village Nation Building and Modernization in Rural Turkey during the Early Republic', 'title_url': 'https://patron-academic.thepalaceproject.org/ucdavis/book/https%3A%2F%2Fcdl.edu.thepalaceproject.org%2F110644%2Fworks%2FURI%252Fhttps%253A%252F%252Flibrary.oapen.org%252Fhandle%252F20.500.12657%252F89661', 'first_author': 'Sezer, Özge', 'online_identifier': '', 'publisher_name': 'transcript Verlag', 'publication_type': 'monograph', 'date_monograph_published_online': '2022', 'first_editor': '', 'access_type': 'openaccess', 'source_id': '20.500.12657/89661', 'source_id_type': 'File Handle'}
Record 431: {'title_id': 'https://library.oapen.org/handle/20.500.12657/61947', 'publication_title': 'Science and Faith in Dialogue', 'title_url': 'https://patron-academic.thepalaceproject.org/ucdavis/book/https%3A%2F%2Fcdl.edu.thepalaceproject.org%2F110644%2Fworks%2FURI%252Fhttps%253A%252F%252Flibrary.oapen.org%252Fhandle%252F20.500.12657%252F61947', 'first_author': '', 'online_identifier': '', 'publisher_name': 'AOSIS', 'publication_type': 'monograph', 'date_monograph_published_online': '2022', 'first_editor': 'Vorster, Nico', 'access_type': 'openaccess', 'source_id': '20.500.12657/61947', 'source_id_type': 'File Handle'}
Record 432: {'title_id': 'https://library.oapen.org/handle/20.500.12657/58948', 'publication_title': 'Taking English Planning Law Scholarship Seriously', 'title_url': 'https://patron-academic.thepalaceproject.org/ucdavis/book/https%3A%2F%2Fcdl.edu.thepalaceproject.org%2F110644%2Fworks%2FURI%252Fhttps%253A%252F%252Flibrary.oapen.org%252Fhandle%252F20.500.12657%252F58948', 'first_author': '', 'online_identifier': '', 'publisher_name': 'UCL Press', 'publication_type': 'monograph', 'date_monograph_published_online': '2022', 'first_editor': 'Abbot, Carolyn', 'access_type': 'openaccess', 'source_id': '20.500.12657/58948', 'source_id_type': 'File Handle'}
Record 433: {'title_id': 'https://library.oapen.org/handle/20.500.12657/54713', 'publication_title': 'The Voice of the Century The Culture of Italian Bel Canto in Luisa Tetrazzini’s Recorded Interpretations', 'title_url': 'https://patron-academic.thepalaceproject.org/ucdavis/book/https%3A%2F%2Fcdl.edu.thepalaceproject.org%2F110644%2Fworks%2FURI%252Fhttps%253A%252F%252Flibrary.oapen.org%252Fhandle%252F20.500.12657%252F54713', 'first_author': 'Zicari, Massimo', 'online_identifier': '', 'publisher_name': 'Open Book Publishers', 'publication_type': 'monograph', 'date_monograph_published_online': '2022', 'first_editor': '', 'access_type': 'openaccess', 'source_id': '20.500.12657/54713', 'source_id_type': 'File Handle'}
Record 434: {'title_id': 'https://library.oapen.org/handle/20.500.12657/57545', 'publication_title': 'Transnational Modern Languages A Handbook', 'title_url': 'https://patron-academic.thepalaceproject.org/ucdavis/book/https%3A%2F%2Fcdl.edu.thepalaceproject.org%2F110644%2Fworks%2FURI%252Fhttps%253A%252F%252Flibrary.oapen.org%252Fhandle%252F20.500.12657%252F57545', 'first_author': '', 'online_identifier': '', 'publisher_name': 'Liverpool University Press', 'publication_type': 'monograph', 'date_monograph_published_online': '2022', 'first_editor': 'Burns, Jennifer', 'access_type': 'openaccess', 'source_id': '20.500.12657/57545', 'source_id_type': 'File Handle'}
Record 435: {'title_id': 'https://library.oapen.org/handle/20.500.12657/58643', 'publication_title': 'Doing Transitions in the Life Course Processes and Practices', 'title_url': 'https://patron-academic.thepalaceproject.org/ucdavis/book/https%3A%2F%2Fcdl.edu.thepalaceproject.org%2F110644%2Fworks%2FURI%252Fhttps%253A%252F%252Flibrary.oapen.org%252Fhandle%252F20.500.12657%252F58643', 'first_author': '', 'online_identifier': '', 'publisher_name': 'Springer Nature', 'publication_type': 'monograph', 'date_monograph_published_online': '2022', 'first_editor': 'Settersten, Jr.', 'access_type': 'openaccess', 'source_id': '20.500.12657/58643', 'source_id_type': 'File Handle'}
Record 436: {'title_id': 'https://library.oapen.org/handle/20.500.12657/76326', 'publication_title': 'The Author as Annotator Ambiguities of Self-Annotation in Pope and Byron', 'title_url': 'https://patron-academic.thepalaceproject.org/ucdavis/book/https%3A%2F%2Fcdl.edu.thepalaceproject.org%2F110644%2Fworks%2FURI%252Fhttps%253A%252F%252Flibrary.oapen.org%252Fhandle%252F20.500.12657%252F76326', 'first_author': 'Lahrsow, Miriam', 'online_identifier': '', 'publisher_name': 'Brill', 'publication_type': 'monograph', 'date_monograph_published_online': '2022', 'first_editor': '', 'access_type': 'openaccess', 'source_id': '20.500.12657/76326', 'source_id_type': 'File Handle'}
Record 437: {'title_id': 'https://library.oapen.org/handle/20.500.12657/76663', 'publication_title': 'The Spectre of Capital: Idea and Reality', 'title_url': 'https://patron-academic.thepalaceproject.org/ucdavis/book/https%3A%2F%2Fcdl.edu.thepalaceproject.org%2F110644%2Fworks%2FURI%252Fhttps%253A%252F%252Flibrary.oapen.org%252Fhandle%252F20.500.12657%252F76663', 'first_author': 'Arthur, Christopher J.', 'online_identifier': '', 'publisher_name': 'Brill', 'publication_type': 'monograph', 'date_monograph_published_online': '2022', 'first_editor': '', 'access_type': 'openaccess', 'source_id': '20.500.12657/76663', 'source_id_type': 'File Handle'}
Record 438: {'title_id': 'https://library.oapen.org/handle/20.500.12657/61030', 'publication_title': 'CLARIN The Infrastructure for Language Resources', 'title_url': 'https://patron-academic.thepalaceproject.org/ucdavis/book/https%3A%2F%2Fcdl.edu.thepalaceproject.org%2F110644%2Fworks%2FURI%252Fhttps%253A%252F%252Flibrary.oapen.org%252Fhandle%252F20.500.12657%252F61030', 'first_author': '', 'online_identifier': '', 'publisher_name': 'De Gruyter', 'publication_type': 'monograph', 'date_monograph_published_online': '2022', 'first_editor': 'Fišer, Darja', 'access_type': 'openaccess', 'source_id': '20.500.12657/61030', 'source_id_type': 'File Handle'}
Record 439: {'title_id': 'https://library.oapen.org/handle/20.500.12657/63228', 'publication_title': 'The Japanese LGBTQ+ Community in the World The COVID-19 Pandemic, Challenges, and the Prospects for the Future (Edition 1)', 'title_url': 'https://patron-academic.thepalaceproject.org/ucdavis/book/https%3A%2F%2Fcdl.edu.thepalaceproject.org%2F110644%2Fworks%2FURI%252Fhttps%253A%252F%252Flibrary.oapen.org%252Fhandle%252F20.500.12657%252F63228', 'first_author': 'Tamagawa, Masami', 'online_identifier': '', 'publisher_name': '', 'publication_type': 'monograph', 'date_monograph_published_online': '', 'first_editor': '', 'access_type': 'openaccess', 'source_id': '20.500.12657/63228', 'source_id_type': 'File Handle'}
Record 440: {'title_id': 'https://library.oapen.org/handle/20.500.12657/54018', 'publication_title': 'Adaptive Mediation and Conflict Resolution Peace-making in Colombia, Mozambique, the Philippines, and Syria', 'title_url': 'https://patron-academic.thepalaceproject.org/ucdavis/book/https%3A%2F%2Fcdl.edu.thepalaceproject.org%2F110644%2Fworks%2FURI%252Fhttps%253A%252F%252Flibrary.oapen.org%252Fhandle%252F20.500.12657%252F54018', 'first_author': '', 'online_identifier': '', 'publisher_name': 'Springer Nature', 'publication_type': 'monograph', 'date_monograph_published_online': '2022', 'first_editor': 'Muto, Ako', 'access_type': 'openaccess', 'source_id': '20.500.12657/54018', 'source_id_type': 'File Handle'}
Record 441: {'title_id': 'https://library.oapen.org/handle/20.500.12657/54438', 'publication_title': 'Oxygen Isotopes of Inorganic Phosphate in Environmental Samples Purification and Analysis', 'title_url': 'https://patron-academic.thepalaceproject.org/ucdavis/book/https%3A%2F%2Fcdl.edu.thepalaceproject.org%2F110644%2Fworks%2FURI%252Fhttps%253A%252F%252Flibrary.oapen.org%252Fhandle%252F20.500.12657%252F54438', 'first_author': '', 'online_identifier': '', 'publisher_name': 'Springer Nature', 'publication_type': 'monograph', 'date_monograph_published_online': '2022', 'first_editor': 'Adu-Gyamfi, Joseph', 'access_type': 'openaccess', 'source_id': '20.500.12657/54438', 'source_id_type': 'File Handle'}
Record 442: {'title_id': 'https://library.oapen.org/handle/20.500.12657/56648', 'publication_title': 'Wertorientierungen', 'title_url': 'https://patron-academic.thepalaceproject.org/ucdavis/book/https%3A%2F%2Fcdl.edu.thepalaceproject.org%2F110644%2Fworks%2FURI%252Fhttps%253A%252F%252Flibrary.oapen.org%252Fhandle%252F20.500.12657%252F56648', 'first_author': '', 'online_identifier': '', 'publisher_name': 'Universitätsverlag Göttingen', 'publication_type': 'monograph', 'date_monograph_published_online': '2022', 'first_editor': 'Dayıoğlu-Yücel, Yasemin', 'access_type': 'openaccess', 'source_id': '20.500.12657/56648', 'source_id_type': 'File Handle'}
Record 443: {'title_id': 'https://library.oapen.org/handle/20.500.12657/62348', 'publication_title': 'EIB Investment Survey 2022 - EU overview', 'title_url': 'https://patron-academic.thepalaceproject.org/ucdavis/book/https%3A%2F%2Fcdl.edu.thepalaceproject.org%2F110644%2Fworks%2FURI%252Fhttps%253A%252F%252Flibrary.oapen.org%252Fhandle%252F20.500.12657%252F62348', 'first_author': 'Bank, European Investment', 'online_identifier': '', 'publisher_name': 'European Investment Bank', 'publication_type': 'monograph', 'date_monograph_published_online': '2022', 'first_editor': '', 'access_type': 'openaccess', 'source_id': '20.500.12657/62348', 'source_id_type': 'File Handle'}
Record 444: {'title_id': 'https://library.oapen.org/handle/20.500.12657/60187', 'publication_title': 'Sustainable Development Disciplines for Humanity Breaking Down the 5Ps—People, Planet, Prosperity, Peace, and Partnerships', 'title_url': 'https://patron-academic.thepalaceproject.org/ucdavis/book/https%3A%2F%2Fcdl.edu.thepalaceproject.org%2F110644%2Fworks%2FURI%252Fhttps%253A%252F%252Flibrary.oapen.org%252Fhandle%252F20.500.12657%252F60187', 'first_author': '', 'online_identifier': '', 'publisher_name': 'Springer Nature', 'publication_type': 'monograph', 'date_monograph_published_online': '2022', 'first_editor': 'Kuroda, Kazuo', 'access_type': 'openaccess', 'source_id': '20.500.12657/60187', 'source_id_type': 'File Handle'}
Record 445: {'title_id': 'https://library.oapen.org/handle/20.500.12657/58196', 'publication_title': 'Evolution, Development and Ecology of Anemonefishes Model Organisms for Marine Science', 'title_url': 'https://patron-academic.thepalaceproject.org/ucdavis/book/https%3A%2F%2Fcdl.edu.thepalaceproject.org%2F110644%2Fworks%2FURI%252Fhttps%253A%252F%252Flibrary.oapen.org%252Fhandle%252F20.500.12657%252F58196', 'first_author': '', 'online_identifier': '', 'publisher_name': 'Taylor & Francis', 'publication_type': 'monograph', 'date_monograph_published_online': '2022', 'first_editor': 'Laudet, Vincent', 'access_type': 'openaccess', 'source_id': '20.500.12657/58196', 'source_id_type': 'File Handle'}
Record 446: {'title_id': 'https://library.oapen.org/handle/20.500.12657/54086', 'publication_title': 'Broken Theory', 'title_url': 'https://patron-academic.thepalaceproject.org/ucdavis/book/https%3A%2F%2Fcdl.edu.thepalaceproject.org%2F110644%2Fworks%2FURI%252Fhttps%253A%252F%252Flibrary.oapen.org%252Fhandle%252F20.500.12657%252F54086', 'first_author': 'Sondheim, Alan', 'online_identifier': '', 'publisher_name': 'punctum books', 'publication_type': 'monograph', 'date_monograph_published_online': '2022', 'first_editor': '', 'access_type': 'openaccess', 'source_id': '20.500.12657/54086', 'source_id_type': 'File Handle'}
Record 447: {'title_id': 'https://library.oapen.org/handle/20.500.12657/60287', 'publication_title': 'Unlocking Environmental Narratives Towards Understanding Human Environment Interactions through Computational Text Analysis', 'title_url': 'https://patron-academic.thepalaceproject.org/ucdavis/book/https%3A%2F%2Fcdl.edu.thepalaceproject.org%2F110644%2Fworks%2FURI%252Fhttps%253A%252F%252Flibrary.oapen.org%252Fhandle%252F20.500.12657%252F60287', 'first_author': '', 'online_identifier': '', 'publisher_name': 'Ubiquity Press', 'publication_type': 'monograph', 'date_monograph_published_online': '2022', 'first_editor': 'Adams, Benjamin', 'access_type': 'openaccess', 'source_id': '20.500.12657/60287', 'source_id_type': 'File Handle'}
Record 448: {'title_id': 'https://library.oapen.org/handle/20.500.12657/57895', 'publication_title': 'Simplicial and Dendroidal Homotopy Theory', 'title_url': 'https://patron-academic.thepalaceproject.org/ucdavis/book/https%3A%2F%2Fcdl.edu.thepalaceproject.org%2F110644%2Fworks%2FURI%252Fhttps%253A%252F%252Flibrary.oapen.org%252Fhandle%252F20.500.12657%252F57895', 'first_author': '', 'online_identifier': '', 'publisher_name': 'Springer Nature', 'publication_type': 'monograph', 'date_monograph_published_online': '2022', 'first_editor': '', 'access_type': 'openaccess', 'source_id': '20.500.12657/57895', 'source_id_type': 'File Handle'}
Record 449: {'title_id': 'https://library.oapen.org/handle/20.500.12657/57924', 'publication_title': 'Deployment and Operation of Complex Software in Heterogeneous Execution Environments The SODALITE Approach', 'title_url': 'https://patron-academic.thepalaceproject.org/ucdavis/book/https%3A%2F%2Fcdl.edu.thepalaceproject.org%2F110644%2Fworks%2FURI%252Fhttps%253A%252F%252Flibrary.oapen.org%252Fhandle%252F20.500.12657%252F57924', 'first_author': '', 'online_identifier': '', 'publisher_name': 'Springer Nature', 'publication_type': 'monograph', 'date_monograph_published_online': '2022', 'first_editor': 'Di Nitto, Elisabetta', 'access_type': 'openaccess', 'source_id': '20.500.12657/57924', 'source_id_type': 'File Handle'}
Record 450: {'title_id': 'https://library.oapen.org/handle/20.500.12657/63863', 'publication_title': 'Dyslexia a history', 'title_url': 'https://patron-academic.thepalaceproject.org/ucdavis/book/https%3A%2F%2Fcdl.edu.thepalaceproject.org%2F110644%2Fworks%2FURI%252Fhttps%253A%252F%252Flibrary.oapen.org%252Fhandle%252F20.500.12657%252F63863', 'first_author': '', 'online_identifier': '', 'publisher_name': 'McGill-Queen’s University Press (mqup)', 'publication_type': 'monograph', 'date_monograph_published_online': '2022', 'first_editor': '', 'access_type': 'openaccess', 'source_id': '20.500.12657/63863', 'source_id_type': 'File Handle'}
Record 451: {'title_id': 'https://library.oapen.org/handle/20.500.12657/52445', 'publication_title': 'Climate of the Middle Understanding Climate Change as a Common Challenge', 'title_url': 'https://patron-academic.thepalaceproject.org/ucdavis/book/https%3A%2F%2Fcdl.edu.thepalaceproject.org%2F110644%2Fworks%2FURI%252Fhttps%253A%252F%252Flibrary.oapen.org%252Fhandle%252F20.500.12657%252F52445', 'first_author': 'Siegmann, Arjen', 'online_identifier': '', 'publisher_name': 'Springer Nature', 'publication_type': 'monograph', 'date_monograph_published_online': '2022', 'first_editor': '', 'access_type': 'openaccess', 'source_id': '20.500.12657/52445', 'source_id_type': 'File Handle'}
Record 452: {'title_id': 'https://library.oapen.org/handle/20.500.12657/54434', 'publication_title': 'Data Assimilation Fundamentals A Unified Formulation of the State and Parameter Estimation Problem', 'title_url': 'https://patron-academic.thepalaceproject.org/ucdavis/book/https%3A%2F%2Fcdl.edu.thepalaceproject.org%2F110644%2Fworks%2FURI%252Fhttps%253A%252F%252Flibrary.oapen.org%252Fhandle%252F20.500.12657%252F54434', 'first_author': '', 'online_identifier': '', 'publisher_name': 'Springer Nature', 'publication_type': 'monograph', 'date_monograph_published_online': '2022', 'first_editor': '', 'access_type': 'openaccess', 'source_id': '20.500.12657/54434', 'source_id_type': 'File Handle'}
Record 453: {'title_id': 'https://library.oapen.org/handle/20.500.12657/53857', 'publication_title': 'Quranic Arabic From its Hijazi Origins to its Classical Reading Traditions', 'title_url': 'https://patron-academic.thepalaceproject.org/ucdavis/book/https%3A%2F%2Fcdl.edu.thepalaceproject.org%2F110644%2Fworks%2FURI%252Fhttps%253A%252F%252Flibrary.oapen.org%252Fhandle%252F20.500.12657%252F53857', 'first_author': 'van Putten, Marijn', 'online_identifier': '', 'publisher_name': 'Brill', 'publication_type': 'monograph', 'date_monograph_published_online': '2022', 'first_editor': '', 'access_type': 'openaccess', 'source_id': '20.500.12657/53857', 'source_id_type': 'File Handle'}
Record 454: {'title_id': 'https://library.oapen.org/handle/20.500.12657/52606', 'publication_title': 'The Digital Continent Placing Africa in Planetary Networks of Work', 'title_url': 'https://patron-academic.thepalaceproject.org/ucdavis/book/https%3A%2F%2Fcdl.edu.thepalaceproject.org%2F110644%2Fworks%2FURI%252Fhttps%253A%252F%252Flibrary.oapen.org%252Fhandle%252F20.500.12657%252F52606', 'first_author': '', 'online_identifier': '', 'publisher_name': 'Oxford University Press', 'publication_type': 'monograph', 'date_monograph_published_online': '2022', 'first_editor': '', 'access_type': 'openaccess', 'source_id': '20.500.12657/52606', 'source_id_type': 'File Handle'}
Record 455: {'title_id': 'https://library.oapen.org/handle/20.500.12657/52419', 'publication_title': 'Social Innovation in Higher Education Landscape, Practices, and Opportunities', 'title_url': 'https://patron-academic.thepalaceproject.org/ucdavis/book/https%3A%2F%2Fcdl.edu.thepalaceproject.org%2F110644%2Fworks%2FURI%252Fhttps%253A%252F%252Flibrary.oapen.org%252Fhandle%252F20.500.12657%252F52419', 'first_author': '', 'online_identifier': '', 'publisher_name': 'Springer Nature', 'publication_type': 'monograph', 'date_monograph_published_online': '2022', 'first_editor': 'Lepik, Katri-Liis', 'access_type': 'openaccess', 'source_id': '20.500.12657/52419', 'source_id_type': 'File Handle'}
Record 456: {'title_id': 'https://library.oapen.org/handle/20.500.12657/76321', 'publication_title': 'Otherness and National Identity in 19th-Century Spanish Literature', 'title_url': 'https://patron-academic.thepalaceproject.org/ucdavis/book/https%3A%2F%2Fcdl.edu.thepalaceproject.org%2F110644%2Fworks%2FURI%252Fhttps%253A%252F%252Flibrary.oapen.org%252Fhandle%252F20.500.12657%252F76321', 'first_author': '', 'online_identifier': '', 'publisher_name': 'Brill', 'publication_type': 'monograph', 'date_monograph_published_online': '2022', 'first_editor': 'Cantos Casenave, Marieta', 'access_type': 'openaccess', 'source_id': '20.500.12657/76321', 'source_id_type': 'File Handle'}
Record 457: {'title_id': 'https://library.oapen.org/handle/20.500.12657/75562', 'publication_title': 'Climate Change, Disasters and People on the Move Providing Protection under International Law', 'title_url': 'https://patron-academic.thepalaceproject.org/ucdavis/book/https%3A%2F%2Fcdl.edu.thepalaceproject.org%2F110644%2Fworks%2FURI%252Fhttps%253A%252F%252Flibrary.oapen.org%252Fhandle%252F20.500.12657%252F75562', 'first_author': 'Noorda, Aylin Yildiz', 'online_identifier': '', 'publisher_name': 'Brill', 'publication_type': 'monograph', 'date_monograph_published_online': '2022', 'first_editor': '', 'access_type': 'openaccess', 'source_id': '20.500.12657/75562', 'source_id_type': 'File Handle'}
Record 458: {'title_id': 'https://library.oapen.org/handle/20.500.12657/59265', 'publication_title': 'Pluricentric Languages and Language Education Pedagogical Implications and Innovative Approaches to Language Teaching', 'title_url': 'https://patron-academic.thepalaceproject.org/ucdavis/book/https%3A%2F%2Fcdl.edu.thepalaceproject.org%2F110644%2Fworks%2FURI%252Fhttps%253A%252F%252Flibrary.oapen.org%252Fhandle%252F20.500.12657%252F59265', 'first_author': '', 'online_identifier': '', 'publisher_name': 'Taylor & Francis', 'publication_type': 'monograph', 'date_monograph_published_online': '2022', 'first_editor': 'Callies, Marcus', 'access_type': 'openaccess', 'source_id': '20.500.12657/59265', 'source_id_type': 'File Handle'}
Record 459: {'title_id': 'https://library.oapen.org/handle/20.500.12657/58040', 'publication_title': 'While Waiting for Rain Community, Economy, and Law in a Time of Change', 'title_url': 'https://patron-academic.thepalaceproject.org/ucdavis/book/https%3A%2F%2Fcdl.edu.thepalaceproject.org%2F110644%2Fworks%2FURI%252Fhttps%253A%252F%252Flibrary.oapen.org%252Fhandle%252F20.500.12657%252F58040', 'first_author': 'Schlegel, John Henry', 'online_identifier': '', 'publisher_name': 'University of Michigan Press', 'publication_type': 'monograph', 'date_monograph_published_online': '2022', 'first_editor': '', 'access_type': 'openaccess', 'source_id': '20.500.12657/58040', 'source_id_type': 'File Handle'}
Record 460: {'title_id': 'https://library.oapen.org/handle/20.500.12657/58040', 'publication_title': 'While Waiting for Rain Community, Economy, and Law in a Time of Change', 'title_url': 'https://patron-academic.thepalaceproject.org/ucdavis/book/https%3A%2F%2Fcdl.edu.thepalaceproject.org%2F110644%2Fworks%2FURI%252Fhttps%253A%252F%252Flibrary.oapen.org%252Fhandle%252F20.500.12657%252F58040', 'first_author': 'Schlegel, John Henry', 'online_identifier': '', 'publisher_name': 'University of Michigan Press', 'publication_type': 'monograph', 'date_monograph_published_online': '2022', 'first_editor': '', 'access_type': 'openaccess', 'source_id': '20.500.12657/58040', 'source_id_type': 'File Handle'}
Record 461: {'title_id': 'https://library.oapen.org/handle/20.500.12657/61187', 'publication_title': 'Under the Radar Tracking Western Radio Listeners in the Soviet Union', 'title_url': 'https://patron-academic.thepalaceproject.org/ucdavis/book/https%3A%2F%2Fcdl.edu.thepalaceproject.org%2F110644%2Fworks%2FURI%252Fhttps%253A%252F%252Flibrary.oapen.org%252Fhandle%252F20.500.12657%252F61187', 'first_author': 'Parta, R. Eugene', 'online_identifier': '', 'publisher_name': 'Central European University Press', 'publication_type': 'monograph', 'date_monograph_published_online': '2022', 'first_editor': '', 'access_type': 'openaccess', 'source_id': '20.500.12657/61187', 'source_id_type': 'File Handle'}
Record 462: {'title_id': 'https://library.oapen.org/handle/20.500.12657/58077', 'publication_title': 'The Routledge Handbook of Religious Literacy, Pluralism, and Global Engagement', 'title_url': 'https://patron-academic.thepalaceproject.org/ucdavis/book/https%3A%2F%2Fcdl.edu.thepalaceproject.org%2F110644%2Fworks%2FURI%252Fhttps%253A%252F%252Flibrary.oapen.org%252Fhandle%252F20.500.12657%252F58077', 'first_author': '', 'online_identifier': '', 'publisher_name': 'Taylor & Francis', 'publication_type': 'monograph', 'date_monograph_published_online': '2022', 'first_editor': 'Hoover, Dennis R.', 'access_type': 'openaccess', 'source_id': '20.500.12657/58077', 'source_id_type': 'File Handle'}
Record 463: {'title_id': 'https://library.oapen.org/handle/20.500.12657/63274', 'publication_title': 'Libraries, Archives, and Museums in Transition Changes, Challenges, and Convergence in a Scandinavian Perspective', 'title_url': 'https://patron-academic.thepalaceproject.org/ucdavis/book/https%3A%2F%2Fcdl.edu.thepalaceproject.org%2F110644%2Fworks%2FURI%252Fhttps%253A%252F%252Flibrary.oapen.org%252Fhandle%252F20.500.12657%252F63274', 'first_author': '', 'online_identifier': '', 'publisher_name': '', 'publication_type': 'monograph', 'date_monograph_published_online': '', 'first_editor': 'Hvenegaard Rasmussen, Casper', 'access_type': 'openaccess', 'source_id': '20.500.12657/63274', 'source_id_type': 'File Handle'}
Record 464: {'title_id': 'https://library.oapen.org/handle/20.500.12657/62908', 'publication_title': 'Literary Studies and Well-Being Structures of Experience in the Worldly Work of Literature and Healthcare', 'title_url': 'https://patron-academic.thepalaceproject.org/ucdavis/book/https%3A%2F%2Fcdl.edu.thepalaceproject.org%2F110644%2Fworks%2FURI%252Fhttps%253A%252F%252Flibrary.oapen.org%252Fhandle%252F20.500.12657%252F62908', 'first_author': 'Schleifer, Ronald', 'online_identifier': '', 'publisher_name': 'Bloomsbury Academic', 'publication_type': 'monograph', 'date_monograph_published_online': '2022', 'first_editor': '', 'access_type': 'openaccess', 'source_id': '20.500.12657/62908', 'source_id_type': 'File Handle'}
Record 465: {'title_id': 'https://library.oapen.org/handle/20.500.12657/57799', 'publication_title': 'Experiments with Body Agent Architecture The 586-year-old Spiritello in Il Regno Digitale', 'title_url': 'https://patron-academic.thepalaceproject.org/ucdavis/book/https%3A%2F%2Fcdl.edu.thepalaceproject.org%2F110644%2Fworks%2FURI%252Fhttps%253A%252F%252Flibrary.oapen.org%252Fhandle%252F20.500.12657%252F57799', 'first_author': 'Ayuso, Alessandro', 'online_identifier': '', 'publisher_name': 'UCL Press', 'publication_type': 'monograph', 'date_monograph_published_online': '2022', 'first_editor': '', 'access_type': 'openaccess', 'source_id': '20.500.12657/57799', 'source_id_type': 'File Handle'}
Record 466: {'title_id': 'https://library.oapen.org/handle/20.500.12657/60278', 'publication_title': 'Polar Cousins Comparing Antarctic and Arctic Geostrategic Futures', 'title_url': 'https://patron-academic.thepalaceproject.org/ucdavis/book/https%3A%2F%2Fcdl.edu.thepalaceproject.org%2F110644%2Fworks%2FURI%252Fhttps%253A%252F%252Flibrary.oapen.org%252Fhandle%252F20.500.12657%252F60278', 'first_author': '', 'online_identifier': '', 'publisher_name': 'University of Calgary Press', 'publication_type': 'monograph', 'date_monograph_published_online': '2022', 'first_editor': 'Causey, Douglas', 'access_type': 'openaccess', 'source_id': '20.500.12657/60278', 'source_id_type': 'File Handle'}
Record 467: {'title_id': 'https://library.oapen.org/handle/20.500.12657/52428', 'publication_title': 'Annals of Scientific Society for Assembly, Handling and Industrial Robotics 2021', 'title_url': 'https://patron-academic.thepalaceproject.org/ucdavis/book/https%3A%2F%2Fcdl.edu.thepalaceproject.org%2F110644%2Fworks%2FURI%252Fhttps%253A%252F%252Flibrary.oapen.org%252Fhandle%252F20.500.12657%252F52428', 'first_author': '', 'online_identifier': '', 'publisher_name': 'Springer Nature', 'publication_type': 'monograph', 'date_monograph_published_online': '2022', 'first_editor': 'Raatz, Annika', 'access_type': 'openaccess', 'source_id': '20.500.12657/52428', 'source_id_type': 'File Handle'}
Record 468: {'title_id': 'https://library.oapen.org/handle/20.500.12657/62199', 'publication_title': 'The Audacious Raconteur Sovereignty and Storytelling in Colonial India', 'title_url': 'https://patron-academic.thepalaceproject.org/ucdavis/book/https%3A%2F%2Fcdl.edu.thepalaceproject.org%2F110644%2Fworks%2FURI%252Fhttps%253A%252F%252Flibrary.oapen.org%252Fhandle%252F20.500.12657%252F62199', 'first_author': 'Prasad, Leela', 'online_identifier': '', 'publisher_name': 'Cornell University Press', 'publication_type': 'monograph', 'date_monograph_published_online': '2022', 'first_editor': '', 'access_type': 'openaccess', 'source_id': '20.500.12657/62199', 'source_id_type': 'File Handle'}
Record 469: {'title_id': 'https://library.oapen.org/handle/20.500.12657/58361', 'publication_title': 'Axial Spondyloarthritis: Patient-Reported Impact in Europe', 'title_url': 'https://patron-academic.thepalaceproject.org/ucdavis/book/https%3A%2F%2Fcdl.edu.thepalaceproject.org%2F110644%2Fworks%2FURI%252Fhttps%253A%252F%252Flibrary.oapen.org%252Fhandle%252F20.500.12657%252F58361', 'first_author': '', 'online_identifier': '', 'publisher_name': 'Springer Nature', 'publication_type': 'monograph', 'date_monograph_published_online': '2022', 'first_editor': '', 'access_type': 'openaccess', 'source_id': '20.500.12657/58361', 'source_id_type': 'File Handle'}
Record 470: {'title_id': 'https://library.oapen.org/handle/20.500.12657/57345', 'publication_title': 'Crime and Safety in the Rural Lessons from research', 'title_url': 'https://patron-academic.thepalaceproject.org/ucdavis/book/https%3A%2F%2Fcdl.edu.thepalaceproject.org%2F110644%2Fworks%2FURI%252Fhttps%253A%252F%252Flibrary.oapen.org%252Fhandle%252F20.500.12657%252F57345', 'first_author': '', 'online_identifier': '', 'publisher_name': 'Springer Nature', 'publication_type': 'monograph', 'date_monograph_published_online': '2022', 'first_editor': '', 'access_type': 'openaccess', 'source_id': '20.500.12657/57345', 'source_id_type': 'File Handle'}
Record 471: {'title_id': 'https://library.oapen.org/handle/20.500.12657/58884', 'publication_title': 'Habitual Ethics?', 'title_url': 'https://patron-academic.thepalaceproject.org/ucdavis/book/https%3A%2F%2Fcdl.edu.thepalaceproject.org%2F110644%2Fworks%2FURI%252Fhttps%253A%252F%252Flibrary.oapen.org%252Fhandle%252F20.500.12657%252F58884', 'first_author': 'Delacroix, Sylvie', 'online_identifier': '', 'publisher_name': 'Bloomsbury Academic', 'publication_type': 'monograph', 'date_monograph_published_online': '2022', 'first_editor': '', 'access_type': 'openaccess', 'source_id': '20.500.12657/58884', 'source_id_type': 'File Handle'}
Record 472: {'title_id': 'https://library.oapen.org/handle/20.500.12657/52974', 'publication_title': 'Working Women in the Sandwich Generation Theories, Tools and Recommendations for Supporting Women’s Working Lives', 'title_url': 'https://patron-academic.thepalaceproject.org/ucdavis/book/https%3A%2F%2Fcdl.edu.thepalaceproject.org%2F110644%2Fworks%2FURI%252Fhttps%253A%252F%252Flibrary.oapen.org%252Fhandle%252F20.500.12657%252F52974', 'first_author': '', 'online_identifier': '', 'publisher_name': 'Emerald Publishing', 'publication_type': 'monograph', 'date_monograph_published_online': '2022', 'first_editor': '', 'access_type': 'openaccess', 'source_id': '20.500.12657/52974', 'source_id_type': 'File Handle'}
Record 473: {'title_id': 'https://library.oapen.org/handle/20.500.12657/57250', 'publication_title': 'Writing the Digital History of Nazi Germany Potentialities and Challenges of Digitally Researching and Presenting the History of the Third Reich, World War II, and the Holocaust', 'title_url': 'https://patron-academic.thepalaceproject.org/ucdavis/book/https%3A%2F%2Fcdl.edu.thepalaceproject.org%2F110644%2Fworks%2FURI%252Fhttps%253A%252F%252Flibrary.oapen.org%252Fhandle%252F20.500.12657%252F57250', 'first_author': '', 'online_identifier': '', 'publisher_name': 'De Gruyter', 'publication_type': 'monograph', 'date_monograph_published_online': '2022', 'first_editor': 'Buda, Frederike', 'access_type': 'openaccess', 'source_id': '20.500.12657/57250', 'source_id_type': 'File Handle'}
Record 474: {'title_id': 'https://library.oapen.org/handle/20.500.12657/55787', 'publication_title': 'Relational Passage of Time', 'title_url': 'https://patron-academic.thepalaceproject.org/ucdavis/book/https%3A%2F%2Fcdl.edu.thepalaceproject.org%2F110644%2Fworks%2FURI%252Fhttps%253A%252F%252Flibrary.oapen.org%252Fhandle%252F20.500.12657%252F55787', 'first_author': 'Slavov, Matias', 'online_identifier': '', 'publisher_name': 'Taylor & Francis', 'publication_type': 'monograph', 'date_monograph_published_online': '2022', 'first_editor': '', 'access_type': 'openaccess', 'source_id': '20.500.12657/55787', 'source_id_type': 'File Handle'}
Record 475: {'title_id': 'https://library.oapen.org/handle/20.500.12657/57603', 'publication_title': 'An Economic Philosophy of Production, Work and Consumption A Transhistorical Framework', 'title_url': 'https://patron-academic.thepalaceproject.org/ucdavis/book/https%3A%2F%2Fcdl.edu.thepalaceproject.org%2F110644%2Fworks%2FURI%252Fhttps%253A%252F%252Flibrary.oapen.org%252Fhandle%252F20.500.12657%252F57603', 'first_author': 'Edvinsson, Rodney', 'online_identifier': '', 'publisher_name': 'Taylor & Francis', 'publication_type': 'monograph', 'date_monograph_published_online': '2022', 'first_editor': '', 'access_type': 'openaccess', 'source_id': '20.500.12657/57603', 'source_id_type': 'File Handle'}
Record 476: {'title_id': 'https://library.oapen.org/handle/20.500.12657/61096', 'publication_title': 'China and the West Reconsidering Chinese Reverse Glass Painting', 'title_url': 'https://patron-academic.thepalaceproject.org/ucdavis/book/https%3A%2F%2Fcdl.edu.thepalaceproject.org%2F110644%2Fworks%2FURI%252Fhttps%253A%252F%252Flibrary.oapen.org%252Fhandle%252F20.500.12657%252F61096', 'first_author': '', 'online_identifier': '', 'publisher_name': 'De Gruyter', 'publication_type': 'monograph', 'date_monograph_published_online': '2022', 'first_editor': 'Ambrosio, Elisa', 'access_type': 'openaccess', 'source_id': '20.500.12657/61096', 'source_id_type': 'File Handle'}
Record 477: {'title_id': 'https://library.oapen.org/handle/20.500.12657/57556', 'publication_title': 'Walking with Asafo in Ghana An Ethnographic Account of Kormantse Bentsir Warrior Music', 'title_url': 'https://patron-academic.thepalaceproject.org/ucdavis/book/https%3A%2F%2Fcdl.edu.thepalaceproject.org%2F110644%2Fworks%2FURI%252Fhttps%253A%252F%252Flibrary.oapen.org%252Fhandle%252F20.500.12657%252F57556', 'first_author': 'Aduonum, Ama Oforiwaa', 'online_identifier': '', 'publisher_name': 'Boydell & Brewer', 'publication_type': 'monograph', 'date_monograph_published_online': '2022', 'first_editor': '', 'access_type': 'openaccess', 'source_id': '20.500.12657/57556', 'source_id_type': 'File Handle'}
Record 478: {'title_id': 'https://library.oapen.org/handle/20.500.12657/60317', 'publication_title': 'Wort – Satz – Korpus: Multimethodische digitale Forschung in der Linguistik', 'title_url': 'https://patron-academic.thepalaceproject.org/ucdavis/book/https%3A%2F%2Fcdl.edu.thepalaceproject.org%2F110644%2Fworks%2FURI%252Fhttps%253A%252F%252Flibrary.oapen.org%252Fhandle%252F20.500.12657%252F60317', 'first_author': '', 'online_identifier': '', 'publisher_name': 'innsbruck university press', 'publication_type': 'monograph', 'date_monograph_published_online': '2022', 'first_editor': 'Irschara, Karoline', 'access_type': 'openaccess', 'source_id': '20.500.12657/60317', 'source_id_type': 'File Handle'}
Record 479: {'title_id': 'https://library.oapen.org/handle/20.500.12657/57052', 'publication_title': 'Biodiversity-Health-Sustainability Nexus in Socio-Ecological Production Landscapes and Seascapes (SEPLS)', 'title_url': 'https://patron-academic.thepalaceproject.org/ucdavis/book/https%3A%2F%2Fcdl.edu.thepalaceproject.org%2F110644%2Fworks%2FURI%252Fhttps%253A%252F%252Flibrary.oapen.org%252Fhandle%252F20.500.12657%252F57052', 'first_author': '', 'online_identifier': '', 'publisher_name': 'Springer Nature', 'publication_type': 'monograph', 'date_monograph_published_online': '2022', 'first_editor': 'Gupta, Himangana', 'access_type': 'openaccess', 'source_id': '20.500.12657/57052', 'source_id_type': 'File Handle'}
Record 480: {'title_id': 'https://library.oapen.org/handle/20.500.12657/60177', 'publication_title': 'Doing Research: A New Researcher’s Guide', 'title_url': 'https://patron-academic.thepalaceproject.org/ucdavis/book/https%3A%2F%2Fcdl.edu.thepalaceproject.org%2F110644%2Fworks%2FURI%252Fhttps%253A%252F%252Flibrary.oapen.org%252Fhandle%252F20.500.12657%252F60177', 'first_author': '', 'online_identifier': '', 'publisher_name': 'Springer Nature', 'publication_type': 'monograph', 'date_monograph_published_online': '2022', 'first_editor': '', 'access_type': 'openaccess', 'source_id': '20.500.12657/60177', 'source_id_type': 'File Handle'}
Record 481: {'title_id': 'https://library.oapen.org/handle/20.500.12657/77106', 'publication_title': 'Writing Tamil Catholicism Literature, Persuasion and Devotion in the Eighteenth Century', 'title_url': 'https://patron-academic.thepalaceproject.org/ucdavis/book/https%3A%2F%2Fcdl.edu.thepalaceproject.org%2F110644%2Fworks%2FURI%252Fhttps%253A%252F%252Flibrary.oapen.org%252Fhandle%252F20.500.12657%252F77106', 'first_author': 'Trento, Margherita', 'online_identifier': '', 'publisher_name': 'Brill', 'publication_type': 'monograph', 'date_monograph_published_online': '2022', 'first_editor': '', 'access_type': 'openaccess', 'source_id': '20.500.12657/77106', 'source_id_type': 'File Handle'}
Record 482: {'title_id': 'https://library.oapen.org/handle/20.500.12657/57296', 'publication_title': "'The House of the Priest' A Palestinian Life (1885-1954)", 'title_url': 'https://patron-academic.thepalaceproject.org/ucdavis/book/https%3A%2F%2Fcdl.edu.thepalaceproject.org%2F110644%2Fworks%2FURI%252Fhttps%253A%252F%252Flibrary.oapen.org%252Fhandle%252F20.500.12657%252F57296', 'first_author': '', 'online_identifier': '', 'publisher_name': 'Brill', 'publication_type': 'monograph', 'date_monograph_published_online': '2022', 'first_editor': 'Irving, Sarah', 'access_type': 'openaccess', 'source_id': '20.500.12657/57296', 'source_id_type': 'File Handle'}
Record 483: {'title_id': 'https://library.oapen.org/handle/20.500.12657/52851', 'publication_title': 'Identifying Security Logics in the EU Policy Discourse The "Migration Crisis" and the EU', 'title_url': 'https://patron-academic.thepalaceproject.org/ucdavis/book/https%3A%2F%2Fcdl.edu.thepalaceproject.org%2F110644%2Fworks%2FURI%252Fhttps%253A%252F%252Flibrary.oapen.org%252Fhandle%252F20.500.12657%252F52851', 'first_author': 'Stępka, Maciej', 'online_identifier': '', 'publisher_name': 'Springer Nature', 'publication_type': 'monograph', 'date_monograph_published_online': '2022', 'first_editor': '', 'access_type': 'openaccess', 'source_id': '20.500.12657/52851', 'source_id_type': 'File Handle'}
Record 484: {'title_id': 'https://library.oapen.org/handle/20.500.12657/86595', 'publication_title': 'Digital Fashion Communication n (Inter)cultural Perspective', 'title_url': 'https://patron-academic.thepalaceproject.org/ucdavis/book/https%3A%2F%2Fcdl.edu.thepalaceproject.org%2F110644%2Fworks%2FURI%252Fhttps%253A%252F%252Flibrary.oapen.org%252Fhandle%252F20.500.12657%252F86595', 'first_author': '', 'online_identifier': '', 'publisher_name': 'Brill', 'publication_type': 'monograph', 'date_monograph_published_online': '2022', 'first_editor': '', 'access_type': 'openaccess', 'source_id': '20.500.12657/86595', 'source_id_type': 'File Handle'}
Record 485: {'title_id': 'https://library.oapen.org/handle/20.500.12657/58464', 'publication_title': 'The Dark Posthuman Dehumanization, Technology, and the Atlantic World', 'title_url': 'https://patron-academic.thepalaceproject.org/ucdavis/book/https%3A%2F%2Fcdl.edu.thepalaceproject.org%2F110644%2Fworks%2FURI%252Fhttps%253A%252F%252Flibrary.oapen.org%252Fhandle%252F20.500.12657%252F58464', 'first_author': 'Polsky, Stephanie', 'online_identifier': '', 'publisher_name': 'punctum books', 'publication_type': 'monograph', 'date_monograph_published_online': '2022', 'first_editor': '', 'access_type': 'openaccess', 'source_id': '20.500.12657/58464', 'source_id_type': 'File Handle'}
Record 486: {'title_id': 'https://library.oapen.org/handle/20.500.12657/52552', 'publication_title': 'Home-Based Work and Home-Based Workers (1800-2021)', 'title_url': 'https://patron-academic.thepalaceproject.org/ucdavis/book/https%3A%2F%2Fcdl.edu.thepalaceproject.org%2F110644%2Fworks%2FURI%252Fhttps%253A%252F%252Flibrary.oapen.org%252Fhandle%252F20.500.12657%252F52552', 'first_author': '', 'online_identifier': '', 'publisher_name': 'Brill', 'publication_type': 'monograph', 'date_monograph_published_online': '2022', 'first_editor': '', 'access_type': 'openaccess', 'source_id': '20.500.12657/52552', 'source_id_type': 'File Handle'}
Record 487: {'title_id': 'https://library.oapen.org/handle/20.500.12657/77183', 'publication_title': 'Vaccination Programmes Epidemiology, Monitoring, Evaluation', 'title_url': 'https://patron-academic.thepalaceproject.org/ucdavis/book/https%3A%2F%2Fcdl.edu.thepalaceproject.org%2F110644%2Fworks%2FURI%252Fhttps%253A%252F%252Flibrary.oapen.org%252Fhandle%252F20.500.12657%252F77183', 'first_author': '', 'online_identifier': '', 'publisher_name': 'Taylor & Francis', 'publication_type': 'monograph', 'date_monograph_published_online': '2022', 'first_editor': '', 'access_type': 'openaccess', 'source_id': '20.500.12657/77183', 'source_id_type': 'File Handle'}
Record 488: {'title_id': 'https://library.oapen.org/handle/20.500.12657/52836', 'publication_title': 'Japan’s Peacekeeping at a Crossroads Taking a Robust Stance or Remaining Hesitant?', 'title_url': 'https://patron-academic.thepalaceproject.org/ucdavis/book/https%3A%2F%2Fcdl.edu.thepalaceproject.org%2F110644%2Fworks%2FURI%252Fhttps%253A%252F%252Flibrary.oapen.org%252Fhandle%252F20.500.12657%252F52836', 'first_author': '', 'online_identifier': '', 'publisher_name': 'Springer Nature', 'publication_type': 'monograph', 'date_monograph_published_online': '2022', 'first_editor': '', 'access_type': 'openaccess', 'source_id': '20.500.12657/52836', 'source_id_type': 'File Handle'}
Record 489: {'title_id': 'https://library.oapen.org/handle/20.500.12657/57874', 'publication_title': 'Populism Origins and Alternative Policy Responses', 'title_url': 'https://patron-academic.thepalaceproject.org/ucdavis/book/https%3A%2F%2Fcdl.edu.thepalaceproject.org%2F110644%2Fworks%2FURI%252Fhttps%253A%252F%252Flibrary.oapen.org%252Fhandle%252F20.500.12657%252F57874', 'first_author': '', 'online_identifier': '', 'publisher_name': 'LSE Press', 'publication_type': 'monograph', 'date_monograph_published_online': '2022', 'first_editor': 'BUCELLI, IRENE', 'access_type': 'openaccess', 'source_id': '20.500.12657/57874', 'source_id_type': 'File Handle'}
Record 490: {'title_id': 'https://library.oapen.org/handle/20.500.12657/85995', 'publication_title': 'Coming Out', 'title_url': 'https://patron-academic.thepalaceproject.org/ucdavis/book/https%3A%2F%2Fcdl.edu.thepalaceproject.org%2F110644%2Fworks%2FURI%252Fhttps%253A%252F%252Flibrary.oapen.org%252Fhandle%252F20.500.12657%252F85995', 'first_author': 'Frackman, Kyle', 'online_identifier': '', 'publisher_name': 'Boydell & Brewer', 'publication_type': 'monograph', 'date_monograph_published_online': '2022', 'first_editor': '', 'access_type': 'openaccess', 'source_id': '20.500.12657/85995', 'source_id_type': 'File Handle'}
Record 491: {'title_id': 'https://library.oapen.org/handle/20.500.12657/53923', 'publication_title': 'Culture and Content in French Frameworks for Innovative Curricula', 'title_url': 'https://patron-academic.thepalaceproject.org/ucdavis/book/https%3A%2F%2Fcdl.edu.thepalaceproject.org%2F110644%2Fworks%2FURI%252Fhttps%253A%252F%252Flibrary.oapen.org%252Fhandle%252F20.500.12657%252F53923', 'first_author': '', 'online_identifier': '', 'publisher_name': 'Lever Press', 'publication_type': 'monograph', 'date_monograph_published_online': '2022', 'first_editor': 'Adair Corbin, Kathryne', 'access_type': 'openaccess', 'source_id': '20.500.12657/53923', 'source_id_type': 'File Handle'}
Record 492: {'title_id': 'https://library.oapen.org/handle/20.500.12657/62938', 'publication_title': 'Perspectives on comprehensive internationalisation of higher education', 'title_url': 'https://patron-academic.thepalaceproject.org/ucdavis/book/https%3A%2F%2Fcdl.edu.thepalaceproject.org%2F110644%2Fworks%2FURI%252Fhttps%253A%252F%252Flibrary.oapen.org%252Fhandle%252F20.500.12657%252F62938', 'first_author': '', 'online_identifier': '', 'publisher_name': 'AOSIS', 'publication_type': 'monograph', 'date_monograph_published_online': '2022', 'first_editor': 'Dorasamy, Nirmala', 'access_type': 'openaccess', 'source_id': '20.500.12657/62938', 'source_id_type': 'File Handle'}
Record 493: {'title_id': 'https://library.oapen.org/handle/20.500.12657/63051', 'publication_title': 'States of exclusion A critical systems theory reading of international law', 'title_url': 'https://patron-academic.thepalaceproject.org/ucdavis/book/https%3A%2F%2Fcdl.edu.thepalaceproject.org%2F110644%2Fworks%2FURI%252Fhttps%253A%252F%252Flibrary.oapen.org%252Fhandle%252F20.500.12657%252F63051', 'first_author': 'Buitendag, Nicolaas', 'online_identifier': '', 'publisher_name': 'AOSIS', 'publication_type': 'monograph', 'date_monograph_published_online': '2022', 'first_editor': '', 'access_type': 'openaccess', 'source_id': '20.500.12657/63051', 'source_id_type': 'File Handle'}
Record 494: {'title_id': 'https://library.oapen.org/handle/20.500.12657/86565', 'publication_title': 'Changing Subjects, Moving Objects Status, Mobility, and Social Transformation in Southeastern Europe, 1700–1850', 'title_url': 'https://patron-academic.thepalaceproject.org/ucdavis/book/https%3A%2F%2Fcdl.edu.thepalaceproject.org%2F110644%2Fworks%2FURI%252Fhttps%253A%252F%252Flibrary.oapen.org%252Fhandle%252F20.500.12657%252F86565', 'first_author': 'Vintilă, Constanţa', 'online_identifier': '', 'publisher_name': 'Brill', 'publication_type': 'monograph', 'date_monograph_published_online': '2022', 'first_editor': '', 'access_type': 'openaccess', 'source_id': '20.500.12657/86565', 'source_id_type': 'File Handle'}
Record 495: {'title_id': 'https://library.oapen.org/handle/20.500.12657/53346', 'publication_title': 'The Pandemic of Argumentation', 'title_url': 'https://patron-academic.thepalaceproject.org/ucdavis/book/https%3A%2F%2Fcdl.edu.thepalaceproject.org%2F110644%2Fworks%2FURI%252Fhttps%253A%252F%252Flibrary.oapen.org%252Fhandle%252F20.500.12657%252F53346', 'first_author': '', 'online_identifier': '', 'publisher_name': 'Springer Nature', 'publication_type': 'monograph', 'date_monograph_published_online': '2022', 'first_editor': 'Greco, Sara', 'access_type': 'openaccess', 'source_id': '20.500.12657/53346', 'source_id_type': 'File Handle'}
Record 496: {'title_id': 'https://library.oapen.org/handle/20.500.12657/60555', 'publication_title': 'Risky Futures Climate, Geopolitics and Local Realities in the Uncertain Circumpolar North', 'title_url': 'https://patron-academic.thepalaceproject.org/ucdavis/book/https%3A%2F%2Fcdl.edu.thepalaceproject.org%2F110644%2Fworks%2FURI%252Fhttps%253A%252F%252Flibrary.oapen.org%252Fhandle%252F20.500.12657%252F60555', 'first_author': 'Ulturgasheva, Olga', 'online_identifier': '', 'publisher_name': 'Berghahn Books', 'publication_type': 'monograph', 'date_monograph_published_online': '2022', 'first_editor': '', 'access_type': 'openaccess', 'source_id': '20.500.12657/60555', 'source_id_type': 'File Handle'}
Record 497: {'title_id': 'https://library.oapen.org/handle/20.500.12657/57280', 'publication_title': 'Locating the Mediterranean Connections and Separations across Space and Time', 'title_url': 'https://patron-academic.thepalaceproject.org/ucdavis/book/https%3A%2F%2Fcdl.edu.thepalaceproject.org%2F110644%2Fworks%2FURI%252Fhttps%253A%252F%252Flibrary.oapen.org%252Fhandle%252F20.500.12657%252F57280', 'first_author': '', 'online_identifier': '', 'publisher_name': 'Helsinki University Press', 'publication_type': 'monograph', 'date_monograph_published_online': '2022', 'first_editor': 'Rommel, Carl', 'access_type': 'openaccess', 'source_id': '20.500.12657/57280', 'source_id_type': 'File Handle'}
Record 498: {'title_id': 'https://library.oapen.org/handle/20.500.12657/60198', 'publication_title': 'Cyber Security 19th China Annual Conference, CNCERT 2022, Beijing, China, August 16–17, 2022, Revised Selected Papers', 'title_url': 'https://patron-academic.thepalaceproject.org/ucdavis/book/https%3A%2F%2Fcdl.edu.thepalaceproject.org%2F110644%2Fworks%2FURI%252Fhttps%253A%252F%252Flibrary.oapen.org%252Fhandle%252F20.500.12657%252F60198', 'first_author': '', 'online_identifier': '', 'publisher_name': 'Springer Nature', 'publication_type': 'monograph', 'date_monograph_published_online': '2022', 'first_editor': 'Li, Chao', 'access_type': 'openaccess', 'source_id': '20.500.12657/60198', 'source_id_type': 'File Handle'}
Record 499: {'title_id': 'https://library.oapen.org/handle/20.500.12657/58870', 'publication_title': 'Racism in Modern Russia From the Romanovs to Putin', 'title_url': 'https://patron-academic.thepalaceproject.org/ucdavis/book/https%3A%2F%2Fcdl.edu.thepalaceproject.org%2F110644%2Fworks%2FURI%252Fhttps%253A%252F%252Flibrary.oapen.org%252Fhandle%252F20.500.12657%252F58870', 'first_author': 'Avrutin, Eugene M.', 'online_identifier': '', 'publisher_name': 'Bloomsbury Academic', 'publication_type': 'monograph', 'date_monograph_published_online': '2022', 'first_editor': '', 'access_type': 'openaccess', 'source_id': '20.500.12657/58870', 'source_id_type': 'File Handle'}
Record 500: {'title_id': 'https://library.oapen.org/handle/20.500.12657/59681', 'publication_title': 'Music, Art and Emotion Depictions of the Night Inspired by Romantic Art Song', 'title_url': 'https://patron-academic.thepalaceproject.org/ucdavis/book/https%3A%2F%2Fcdl.edu.thepalaceproject.org%2F110644%2Fworks%2FURI%252Fhttps%253A%252F%252Flibrary.oapen.org%252Fhandle%252F20.500.12657%252F59681', 'first_author': '', 'online_identifier': '', 'publisher_name': 'AOSIS', 'publication_type': 'monograph', 'date_monograph_published_online': '2022', 'first_editor': 'Cupido, Conroy', 'access_type': 'openaccess', 'source_id': '20.500.12657/59681', 'source_id_type': 'File Handle'}
Record 501: {'title_id': 'https://library.oapen.org/handle/20.500.12657/60656', 'publication_title': 'Melvillean Parasites', 'title_url': 'https://patron-academic.thepalaceproject.org/ucdavis/book/https%3A%2F%2Fcdl.edu.thepalaceproject.org%2F110644%2Fworks%2FURI%252Fhttps%253A%252F%252Flibrary.oapen.org%252Fhandle%252F20.500.12657%252F60656', 'first_author': 'Gullestad, Anders Marcussen', 'online_identifier': '', 'publisher_name': 'Cappelen Damm Akademisk/NOASP (Nordic Open Access Scholarly Publishing)', 'publication_type': 'monograph', 'date_monograph_published_online': '2022', 'first_editor': '', 'access_type': 'openaccess', 'source_id': '20.500.12657/60656', 'source_id_type': 'File Handle'}
Record 502: {'title_id': 'https://library.oapen.org/handle/20.500.12657/56983', 'publication_title': 'Haptics: Science, Technology, Applications 13th International Conference on Human Haptic Sensing and Touch Enabled Computer Applications, EuroHaptics 2022, Hamburg, Germany, May 22–25, 2022, Proceedings', 'title_url': 'https://patron-academic.thepalaceproject.org/ucdavis/book/https%3A%2F%2Fcdl.edu.thepalaceproject.org%2F110644%2Fworks%2FURI%252Fhttps%253A%252F%252Flibrary.oapen.org%252Fhandle%252F20.500.12657%252F56983', 'first_author': '', 'online_identifier': '', 'publisher_name': 'Springer Nature', 'publication_type': 'monograph', 'date_monograph_published_online': '2022', 'first_editor': 'Abbasimoshaei, Alireza', 'access_type': 'openaccess', 'source_id': '20.500.12657/56983', 'source_id_type': 'File Handle'}
Record 503: {'title_id': 'https://library.oapen.org/handle/20.500.12657/56987', 'publication_title': 'Migration Between Mexico and the United States IMISCOE Regional Reader', 'title_url': 'https://patron-academic.thepalaceproject.org/ucdavis/book/https%3A%2F%2Fcdl.edu.thepalaceproject.org%2F110644%2Fworks%2FURI%252Fhttps%253A%252F%252Flibrary.oapen.org%252Fhandle%252F20.500.12657%252F56987', 'first_author': '', 'online_identifier': '', 'publisher_name': 'Springer Nature', 'publication_type': 'monograph', 'date_monograph_published_online': '2022', 'first_editor': 'Escobar Latapí, Agustín', 'access_type': 'openaccess', 'source_id': '20.500.12657/56987', 'source_id_type': 'File Handle'}
Record 504: {'title_id': 'https://library.oapen.org/handle/20.500.12657/59385', 'publication_title': 'Advanced Digital Auditing Theory and Practice of Auditing Complex Information Systems and Technologies', 'title_url': 'https://patron-academic.thepalaceproject.org/ucdavis/book/https%3A%2F%2Fcdl.edu.thepalaceproject.org%2F110644%2Fworks%2FURI%252Fhttps%253A%252F%252Flibrary.oapen.org%252Fhandle%252F20.500.12657%252F59385', 'first_author': '', 'online_identifier': '', 'publisher_name': 'Springer Nature', 'publication_type': 'monograph', 'date_monograph_published_online': '2022', 'first_editor': 'Berghout, Egon', 'access_type': 'openaccess', 'source_id': '20.500.12657/59385', 'source_id_type': 'File Handle'}
Record 505: {'title_id': 'https://library.oapen.org/handle/20.500.12657/57901', 'publication_title': 'Designing Data Spaces The Ecosystem Approach to Competitive Advantage', 'title_url': 'https://patron-academic.thepalaceproject.org/ucdavis/book/https%3A%2F%2Fcdl.edu.thepalaceproject.org%2F110644%2Fworks%2FURI%252Fhttps%253A%252F%252Flibrary.oapen.org%252Fhandle%252F20.500.12657%252F57901', 'first_author': '', 'online_identifier': '', 'publisher_name': 'Springer Nature', 'publication_type': 'monograph', 'date_monograph_published_online': '2022', 'first_editor': 'Otto, Boris', 'access_type': 'openaccess', 'source_id': '20.500.12657/57901', 'source_id_type': 'File Handle'}
Record 506: {'title_id': 'https://library.oapen.org/handle/20.500.12657/61945', 'publication_title': 'State-owned enterprises in Africa and the economics of public service delivery', 'title_url': 'https://patron-academic.thepalaceproject.org/ucdavis/book/https%3A%2F%2Fcdl.edu.thepalaceproject.org%2F110644%2Fworks%2FURI%252Fhttps%253A%252F%252Flibrary.oapen.org%252Fhandle%252F20.500.12657%252F61945', 'first_author': '', 'online_identifier': '', 'publisher_name': 'AOSIS', 'publication_type': 'monograph', 'date_monograph_published_online': '2022', 'first_editor': 'Dorasamy, Nirmala', 'access_type': 'openaccess', 'source_id': '20.500.12657/61945', 'source_id_type': 'File Handle'}
Record 507: {'title_id': 'https://library.oapen.org/handle/20.500.12657/54482', 'publication_title': 'Knowledge Resistance in High-Choice Information Environments', 'title_url': 'https://patron-academic.thepalaceproject.org/ucdavis/book/https%3A%2F%2Fcdl.edu.thepalaceproject.org%2F110644%2Fworks%2FURI%252Fhttps%253A%252F%252Flibrary.oapen.org%252Fhandle%252F20.500.12657%252F54482', 'first_author': '', 'online_identifier': '', 'publisher_name': 'Taylor & Francis', 'publication_type': 'monograph', 'date_monograph_published_online': '2022', 'first_editor': 'Glüer, Kathrin', 'access_type': 'openaccess', 'source_id': '20.500.12657/54482', 'source_id_type': 'File Handle'}
Record 508: {'title_id': 'https://library.oapen.org/handle/20.500.12657/53960', 'publication_title': 'Organizing for Societal Grand Challenges', 'title_url': 'https://patron-academic.thepalaceproject.org/ucdavis/book/https%3A%2F%2Fcdl.edu.thepalaceproject.org%2F110644%2Fworks%2FURI%252Fhttps%253A%252F%252Flibrary.oapen.org%252Fhandle%252F20.500.12657%252F53960', 'first_author': '', 'online_identifier': '', 'publisher_name': 'Emerald Publishing', 'publication_type': 'monograph', 'date_monograph_published_online': '2022', 'first_editor': 'Gümüsay, Ali Aslan', 'access_type': 'openaccess', 'source_id': '20.500.12657/53960', 'source_id_type': 'File Handle'}
Record 509: {'title_id': 'https://library.oapen.org/handle/20.500.12657/59349', 'publication_title': '21st Century Media and Female Mental Health Profitable Vulnerability and Sad Girl Culture', 'title_url': 'https://patron-academic.thepalaceproject.org/ucdavis/book/https%3A%2F%2Fcdl.edu.thepalaceproject.org%2F110644%2Fworks%2FURI%252Fhttps%253A%252F%252Flibrary.oapen.org%252Fhandle%252F20.500.12657%252F59349', 'first_author': 'Thelandersson, Fredrika', 'online_identifier': '', 'publisher_name': 'Springer Nature', 'publication_type': 'monograph', 'date_monograph_published_online': '2022', 'first_editor': '', 'access_type': 'openaccess', 'source_id': '20.500.12657/59349', 'source_id_type': 'File Handle'}
Record 510: {'title_id': 'https://library.oapen.org/handle/20.500.12657/52418', 'publication_title': 'Management by Missions Connecting People to Strategy through Purpose', 'title_url': 'https://patron-academic.thepalaceproject.org/ucdavis/book/https%3A%2F%2Fcdl.edu.thepalaceproject.org%2F110644%2Fworks%2FURI%252Fhttps%253A%252F%252Flibrary.oapen.org%252Fhandle%252F20.500.12657%252F52418', 'first_author': '', 'online_identifier': '', 'publisher_name': 'Springer Nature', 'publication_type': 'monograph', 'date_monograph_published_online': '2022', 'first_editor': '', 'access_type': 'openaccess', 'source_id': '20.500.12657/52418', 'source_id_type': 'File Handle'}
Record 511: {'title_id': 'https://library.oapen.org/handle/20.500.12657/57610', 'publication_title': 'Caste and Equality in India A Historical Anthropology of Diverse Society and Vernacular Democracy', 'title_url': 'https://patron-academic.thepalaceproject.org/ucdavis/book/https%3A%2F%2Fcdl.edu.thepalaceproject.org%2F110644%2Fworks%2FURI%252Fhttps%253A%252F%252Flibrary.oapen.org%252Fhandle%252F20.500.12657%252F57610', 'first_author': 'Tanabe, Akio', 'online_identifier': '', 'publisher_name': 'Taylor & Francis', 'publication_type': 'monograph', 'date_monograph_published_online': '2022', 'first_editor': '', 'access_type': 'openaccess', 'source_id': '20.500.12657/57610', 'source_id_type': 'File Handle'}
Record 512: {'title_id': 'https://library.oapen.org/handle/20.500.12657/57006', 'publication_title': 'Women in STEM in Higher Education Good Practices of Attraction, Access and Retainment in Higher Education', 'title_url': 'https://patron-academic.thepalaceproject.org/ucdavis/book/https%3A%2F%2Fcdl.edu.thepalaceproject.org%2F110644%2Fworks%2FURI%252Fhttps%253A%252F%252Flibrary.oapen.org%252Fhandle%252F20.500.12657%252F57006', 'first_author': '', 'online_identifier': '', 'publisher_name': 'Springer Nature', 'publication_type': 'monograph', 'date_monograph_published_online': '2022', 'first_editor': 'Dominguez, Angeles', 'access_type': 'openaccess', 'source_id': '20.500.12657/57006', 'source_id_type': 'File Handle'}
Record 513: {'title_id': 'https://library.oapen.org/handle/20.500.12657/57949', 'publication_title': 'Beyond Global Food Supply Chains Crisis, Disruption, Regeneration', 'title_url': 'https://patron-academic.thepalaceproject.org/ucdavis/book/https%3A%2F%2Fcdl.edu.thepalaceproject.org%2F110644%2Fworks%2FURI%252Fhttps%253A%252F%252Flibrary.oapen.org%252Fhandle%252F20.500.12657%252F57949', 'first_author': '', 'online_identifier': '', 'publisher_name': 'Springer Nature', 'publication_type': 'monograph', 'date_monograph_published_online': '2022', 'first_editor': 'Hinkson, Melinda', 'access_type': 'openaccess', 'source_id': '20.500.12657/57949', 'source_id_type': 'File Handle'}
Record 514: {'title_id': 'https://library.oapen.org/handle/20.500.12657/54092', 'publication_title': 'Rome and the Colonial City Rethinking the Grid', 'title_url': 'https://patron-academic.thepalaceproject.org/ucdavis/book/https%3A%2F%2Fcdl.edu.thepalaceproject.org%2F110644%2Fworks%2FURI%252Fhttps%253A%252F%252Flibrary.oapen.org%252Fhandle%252F20.500.12657%252F54092', 'first_author': '', 'online_identifier': '', 'publisher_name': 'Oxbow Books', 'publication_type': 'monograph', 'date_monograph_published_online': '2022', 'first_editor': 'Greaves, Sofia', 'access_type': 'openaccess', 'source_id': '20.500.12657/54092', 'source_id_type': 'File Handle'}
Record 515: {'title_id': 'https://library.oapen.org/handle/20.500.12657/77104', 'publication_title': 'Handbook of Research on the Global View of Open Access and Scholarly Communications', 'title_url': 'https://patron-academic.thepalaceproject.org/ucdavis/book/https%3A%2F%2Fcdl.edu.thepalaceproject.org%2F110644%2Fworks%2FURI%252Fhttps%253A%252F%252Flibrary.oapen.org%252Fhandle%252F20.500.12657%252F77104', 'first_author': 'Alemneh, Daniel', 'online_identifier': '', 'publisher_name': 'IGI Global', 'publication_type': 'monograph', 'date_monograph_published_online': '2022', 'first_editor': '', 'access_type': 'openaccess', 'source_id': '20.500.12657/77104', 'source_id_type': 'File Handle'}
Record 516: {'title_id': 'https://library.oapen.org/handle/20.500.12657/57016', 'publication_title': 'From Decoding Turbulence to Unveiling the Fingerprint of Climate Change Klaus Hasselmann—Nobel Prize Winner in Physics 2021', 'title_url': 'https://patron-academic.thepalaceproject.org/ucdavis/book/https%3A%2F%2Fcdl.edu.thepalaceproject.org%2F110644%2Fworks%2FURI%252Fhttps%253A%252F%252Flibrary.oapen.org%252Fhandle%252F20.500.12657%252F57016', 'first_author': 'von Storch, Hans', 'online_identifier': '', 'publisher_name': 'Springer Nature', 'publication_type': 'monograph', 'date_monograph_published_online': '2022', 'first_editor': '', 'access_type': 'openaccess', 'source_id': '20.500.12657/57016', 'source_id_type': 'File Handle'}
Record 517: {'title_id': 'https://library.oapen.org/handle/20.500.12657/54202', 'publication_title': 'EIB Working Paper 2022/03 Estimating conditional treatment effects of EIB lending to SMEs in Europe', 'title_url': 'https://patron-academic.thepalaceproject.org/ucdavis/book/https%3A%2F%2Fcdl.edu.thepalaceproject.org%2F110644%2Fworks%2FURI%252Fhttps%253A%252F%252Flibrary.oapen.org%252Fhandle%252F20.500.12657%252F54202', 'first_author': '', 'online_identifier': '', 'publisher_name': 'European Investment Bank', 'publication_type': 'monograph', 'date_monograph_published_online': '2022', 'first_editor': '', 'access_type': 'openaccess', 'source_id': '20.500.12657/54202', 'source_id_type': 'File Handle'}
Record 518: {'title_id': 'https://library.oapen.org/handle/20.500.12657/89606', 'publication_title': 'Embodied Violence and Agency in Refugee Regimes Anthropological Perspectives', 'title_url': 'https://patron-academic.thepalaceproject.org/ucdavis/book/https%3A%2F%2Fcdl.edu.thepalaceproject.org%2F110644%2Fworks%2FURI%252Fhttps%253A%252F%252Flibrary.oapen.org%252Fhandle%252F20.500.12657%252F89606', 'first_author': '', 'online_identifier': '', 'publisher_name': 'transcript Verlag', 'publication_type': 'monograph', 'date_monograph_published_online': '2022', 'first_editor': 'Bauer-Amin, Sabine', 'access_type': 'openaccess', 'source_id': '20.500.12657/89606', 'source_id_type': 'File Handle'}
Record 519: {'title_id': 'https://library.oapen.org/handle/20.500.12657/59633', 'publication_title': 'Acetylsalicylic Acid', 'title_url': 'https://patron-academic.thepalaceproject.org/ucdavis/book/https%3A%2F%2Fcdl.edu.thepalaceproject.org%2F110644%2Fworks%2FURI%252Fhttps%253A%252F%252Flibrary.oapen.org%252Fhandle%252F20.500.12657%252F59633', 'first_author': 'Schrör, Karsten', 'online_identifier': '', 'publisher_name': 'De Gruyter', 'publication_type': 'monograph', 'date_monograph_published_online': '2022', 'first_editor': '', 'access_type': 'openaccess', 'source_id': '20.500.12657/59633', 'source_id_type': 'File Handle'}
Record 520: {'title_id': 'https://library.oapen.org/handle/20.500.12657/52828', 'publication_title': 'Relational Anthropology for Contemporary Economics A Multidisciplinary Approach', 'title_url': 'https://patron-academic.thepalaceproject.org/ucdavis/book/https%3A%2F%2Fcdl.edu.thepalaceproject.org%2F110644%2Fworks%2FURI%252Fhttps%253A%252F%252Flibrary.oapen.org%252Fhandle%252F20.500.12657%252F52828', 'first_author': '', 'online_identifier': '', 'publisher_name': 'Springer Nature', 'publication_type': 'monograph', 'date_monograph_published_online': '2022', 'first_editor': 'Nullens, Patrick', 'access_type': 'openaccess', 'source_id': '20.500.12657/52828', 'source_id_type': 'File Handle'}
Record 521: {'title_id': 'https://library.oapen.org/handle/20.500.12657/52828', 'publication_title': 'Relational Anthropology for Contemporary Economics A Multidisciplinary Approach', 'title_url': 'https://patron-academic.thepalaceproject.org/ucdavis/book/https%3A%2F%2Fcdl.edu.thepalaceproject.org%2F110644%2Fworks%2FURI%252Fhttps%253A%252F%252Flibrary.oapen.org%252Fhandle%252F20.500.12657%252F52828', 'first_author': '', 'online_identifier': '', 'publisher_name': 'Springer Nature', 'publication_type': 'monograph', 'date_monograph_published_online': '2022', 'first_editor': 'Nullens, Patrick', 'access_type': 'openaccess', 'source_id': '20.500.12657/52828', 'source_id_type': 'File Handle'}
Record 522: {'title_id': 'https://library.oapen.org/handle/20.500.12657/53928', 'publication_title': 'Campus Medius: Digital Mapping in Cultural and Media Studies', 'title_url': 'https://patron-academic.thepalaceproject.org/ucdavis/book/https%3A%2F%2Fcdl.edu.thepalaceproject.org%2F110644%2Fworks%2FURI%252Fhttps%253A%252F%252Flibrary.oapen.org%252Fhandle%252F20.500.12657%252F53928', 'first_author': 'Ganahl, Simon', 'online_identifier': '', 'publisher_name': 'transcript Verlag', 'publication_type': 'monograph', 'date_monograph_published_online': '2022', 'first_editor': '', 'access_type': 'openaccess', 'source_id': '20.500.12657/53928', 'source_id_type': 'File Handle'}
Record 523: {'title_id': 'https://library.oapen.org/handle/20.500.12657/62258', 'publication_title': 'The Social City Urban development and housing projects in Berlin and Naples in the post-war era – A comparison: Theoretical models, implemented projects, social and political impacts today', 'title_url': 'https://patron-academic.thepalaceproject.org/ucdavis/book/https%3A%2F%2Fcdl.edu.thepalaceproject.org%2F110644%2Fworks%2FURI%252Fhttps%253A%252F%252Flibrary.oapen.org%252Fhandle%252F20.500.12657%252F62258', 'first_author': 'Scopacasa, Antonello', 'online_identifier': '', 'publisher_name': 'Universitätsverlag der Technischen Universität Berlin', 'publication_type': 'monograph', 'date_monograph_published_online': '2022', 'first_editor': '', 'access_type': 'openaccess', 'source_id': '20.500.12657/62258', 'source_id_type': 'File Handle'}
Record 524: {'title_id': 'https://library.oapen.org/handle/20.500.12657/57820', 'publication_title': 'EIB Working Paper 2022/08 - Are EU firms climate-ready?', 'title_url': 'https://patron-academic.thepalaceproject.org/ucdavis/book/https%3A%2F%2Fcdl.edu.thepalaceproject.org%2F110644%2Fworks%2FURI%252Fhttps%253A%252F%252Flibrary.oapen.org%252Fhandle%252F20.500.12657%252F57820', 'first_author': 'Bank, European Investment', 'online_identifier': '', 'publisher_name': '', 'publication_type': 'monograph', 'date_monograph_published_online': '', 'first_editor': '', 'access_type': 'openaccess', 'source_id': '20.500.12657/57820', 'source_id_type': 'File Handle'}
Record 525: {'title_id': 'https://library.oapen.org/handle/20.500.12657/52664', 'publication_title': 'Education for Sustainable Development in Foreign Language Learning Content-Based Instruction in College-Level Curricula', 'title_url': 'https://patron-academic.thepalaceproject.org/ucdavis/book/https%3A%2F%2Fcdl.edu.thepalaceproject.org%2F110644%2Fworks%2FURI%252Fhttps%253A%252F%252Flibrary.oapen.org%252Fhandle%252F20.500.12657%252F52664', 'first_author': 'de la Fuente, María J.', 'online_identifier': '', 'publisher_name': 'Taylor & Francis', 'publication_type': 'monograph', 'date_monograph_published_online': '2022', 'first_editor': '', 'access_type': 'openaccess', 'source_id': '20.500.12657/52664', 'source_id_type': 'File Handle'}
Record 526: {'title_id': 'https://library.oapen.org/handle/20.500.12657/76567', 'publication_title': 'Accessibility – Health Literacy – Health Information Interdisciplinary Approaches to an Emerging Field of Communication', 'title_url': 'https://patron-academic.thepalaceproject.org/ucdavis/book/https%3A%2F%2Fcdl.edu.thepalaceproject.org%2F110644%2Fworks%2FURI%252Fhttps%253A%252F%252Flibrary.oapen.org%252Fhandle%252F20.500.12657%252F76567', 'first_author': '', 'online_identifier': '', 'publisher_name': 'Frank & Timme', 'publication_type': 'monograph', 'date_monograph_published_online': '2022', 'first_editor': 'Ahrens, Sarah', 'access_type': 'openaccess', 'source_id': '20.500.12657/76567', 'source_id_type': 'File Handle'}
Record 527: {'title_id': 'https://library.oapen.org/handle/20.500.12657/52488', 'publication_title': 'Northern Crossings Translation, Circulation and the Literary Semi-periphery', 'title_url': 'https://patron-academic.thepalaceproject.org/ucdavis/book/https%3A%2F%2Fcdl.edu.thepalaceproject.org%2F110644%2Fworks%2FURI%252Fhttps%253A%252F%252Flibrary.oapen.org%252Fhandle%252F20.500.12657%252F52488', 'first_author': '', 'online_identifier': '', 'publisher_name': 'Bloomsbury Academic', 'publication_type': 'monograph', 'date_monograph_published_online': '2022', 'first_editor': '', 'access_type': 'openaccess', 'source_id': '20.500.12657/52488', 'source_id_type': 'File Handle'}
Record 528: {'title_id': 'https://library.oapen.org/handle/20.500.12657/62545', 'publication_title': 'Black Disability Politics', 'title_url': 'https://patron-academic.thepalaceproject.org/ucdavis/book/https%3A%2F%2Fcdl.edu.thepalaceproject.org%2F110644%2Fworks%2FURI%252Fhttps%253A%252F%252Flibrary.oapen.org%252Fhandle%252F20.500.12657%252F62545', 'first_author': 'Schalk, Sami', 'online_identifier': '', 'publisher_name': 'Duke University Press', 'publication_type': 'monograph', 'date_monograph_published_online': '2022', 'first_editor': '', 'access_type': 'openaccess', 'source_id': '20.500.12657/62545', 'source_id_type': 'File Handle'}
Record 529: {'title_id': 'https://library.oapen.org/handle/20.500.12657/89627', 'publication_title': 'The Post-Socialist Internet How Labor, Geopolitics and Critique Produce the Internet in Lithuania', 'title_url': 'https://patron-academic.thepalaceproject.org/ucdavis/book/https%3A%2F%2Fcdl.edu.thepalaceproject.org%2F110644%2Fworks%2FURI%252Fhttps%253A%252F%252Flibrary.oapen.org%252Fhandle%252F20.500.12657%252F89627', 'first_author': 'Bareikyte, Migle', 'online_identifier': '', 'publisher_name': 'transcript Verlag', 'publication_type': 'monograph', 'date_monograph_published_online': '2022', 'first_editor': '', 'access_type': 'openaccess', 'source_id': '20.500.12657/89627', 'source_id_type': 'File Handle'}
Record 530: {'title_id': 'https://library.oapen.org/handle/20.500.12657/60486', 'publication_title': 'Finnish Settler Colonialism in North America Rethinking Finnish Experiences in Transnational Spaces', 'title_url': 'https://patron-academic.thepalaceproject.org/ucdavis/book/https%3A%2F%2Fcdl.edu.thepalaceproject.org%2F110644%2Fworks%2FURI%252Fhttps%253A%252F%252Flibrary.oapen.org%252Fhandle%252F20.500.12657%252F60486', 'first_author': '', 'online_identifier': '', 'publisher_name': 'Helsinki University Press', 'publication_type': 'monograph', 'date_monograph_published_online': '2022', 'first_editor': 'Andersson, Rani-Henrik', 'access_type': 'openaccess', 'source_id': '20.500.12657/60486', 'source_id_type': 'File Handle'}
Record 531: {'title_id': 'https://library.oapen.org/handle/20.500.12657/52431', 'publication_title': 'Special Topics in Information Technology', 'title_url': 'https://patron-academic.thepalaceproject.org/ucdavis/book/https%3A%2F%2Fcdl.edu.thepalaceproject.org%2F110644%2Fworks%2FURI%252Fhttps%253A%252F%252Flibrary.oapen.org%252Fhandle%252F20.500.12657%252F52431', 'first_author': 'Piroddi, Luigi', 'online_identifier': '', 'publisher_name': 'Springer Nature', 'publication_type': 'monograph', 'date_monograph_published_online': '2022', 'first_editor': '', 'access_type': 'openaccess', 'source_id': '20.500.12657/52431', 'source_id_type': 'File Handle'}
Record 532: {'title_id': 'https://library.oapen.org/handle/20.500.12657/57551', 'publication_title': 'Growing in the Shadow of Antifascism Remembering the Holocaust in State-Socialist Eastern Europe', 'title_url': 'https://patron-academic.thepalaceproject.org/ucdavis/book/https%3A%2F%2Fcdl.edu.thepalaceproject.org%2F110644%2Fworks%2FURI%252Fhttps%253A%252F%252Flibrary.oapen.org%252Fhandle%252F20.500.12657%252F57551', 'first_author': '', 'online_identifier': '', 'publisher_name': 'Central European University Press', 'publication_type': 'monograph', 'date_monograph_published_online': '2022', 'first_editor': 'Bohus, Kata', 'access_type': 'openaccess', 'source_id': '20.500.12657/57551', 'source_id_type': 'File Handle'}
Record 533: {'title_id': 'https://library.oapen.org/handle/20.500.12657/59115', 'publication_title': '‘Fragile States’ in an Unequal World The Role of the g7+ in International Diplomacy and Development Cooperation', 'title_url': 'https://patron-academic.thepalaceproject.org/ucdavis/book/https%3A%2F%2Fcdl.edu.thepalaceproject.org%2F110644%2Fworks%2FURI%252Fhttps%253A%252F%252Flibrary.oapen.org%252Fhandle%252F20.500.12657%252F59115', 'first_author': 'Rocha de Siqueira, Isabel', 'online_identifier': '', 'publisher_name': 'Open Book Publishers', 'publication_type': 'monograph', 'date_monograph_published_online': '2022', 'first_editor': '', 'access_type': 'openaccess', 'source_id': '20.500.12657/59115', 'source_id_type': 'File Handle'}
Record 534: {'title_id': 'https://library.oapen.org/handle/20.500.12657/57170', 'publication_title': 'In the Balance The Case for a Universal Basic Income in South Africa and Beyond', 'title_url': 'https://patron-academic.thepalaceproject.org/ucdavis/book/https%3A%2F%2Fcdl.edu.thepalaceproject.org%2F110644%2Fworks%2FURI%252Fhttps%253A%252F%252Flibrary.oapen.org%252Fhandle%252F20.500.12657%252F57170', 'first_author': 'Marais, Hein', 'online_identifier': '', 'publisher_name': 'Wits University Press', 'publication_type': 'monograph', 'date_monograph_published_online': '2022', 'first_editor': '', 'access_type': 'openaccess', 'source_id': '20.500.12657/57170', 'source_id_type': 'File Handle'}
Record 535: {'title_id': 'https://library.oapen.org/handle/20.500.12657/53120', 'publication_title': 'Universities and Regional Engagement From the Exceptional to the Everyday', 'title_url': 'https://patron-academic.thepalaceproject.org/ucdavis/book/https%3A%2F%2Fcdl.edu.thepalaceproject.org%2F110644%2Fworks%2FURI%252Fhttps%253A%252F%252Flibrary.oapen.org%252Fhandle%252F20.500.12657%252F53120', 'first_author': '', 'online_identifier': '', 'publisher_name': 'Taylor & Francis', 'publication_type': 'monograph', 'date_monograph_published_online': '2022', 'first_editor': 'Benneworth, Paul', 'access_type': 'openaccess', 'source_id': '20.500.12657/53120', 'source_id_type': 'File Handle'}
Record 536: {'title_id': 'https://library.oapen.org/handle/20.500.12657/61296', 'publication_title': 'Algorithms for Big Data DFG Priority Program 1736', 'title_url': 'https://patron-academic.thepalaceproject.org/ucdavis/book/https%3A%2F%2Fcdl.edu.thepalaceproject.org%2F110644%2Fworks%2FURI%252Fhttps%253A%252F%252Flibrary.oapen.org%252Fhandle%252F20.500.12657%252F61296', 'first_author': '', 'online_identifier': '', 'publisher_name': 'Springer Nature', 'publication_type': 'monograph', 'date_monograph_published_online': '2022', 'first_editor': 'Bast, Hannah', 'access_type': 'openaccess', 'source_id': '20.500.12657/61296', 'source_id_type': 'File Handle'}
Record 537: {'title_id': 'https://library.oapen.org/handle/20.500.12657/59380', 'publication_title': 'Figure Concept and Method', 'title_url': 'https://patron-academic.thepalaceproject.org/ucdavis/book/https%3A%2F%2Fcdl.edu.thepalaceproject.org%2F110644%2Fworks%2FURI%252Fhttps%253A%252F%252Flibrary.oapen.org%252Fhandle%252F20.500.12657%252F59380', 'first_author': '', 'online_identifier': '', 'publisher_name': 'Springer Nature', 'publication_type': 'monograph', 'date_monograph_published_online': '2022', 'first_editor': 'Lury, Celia', 'access_type': 'openaccess', 'source_id': '20.500.12657/59380', 'source_id_type': 'File Handle'}
Record 538: {'title_id': 'https://library.oapen.org/handle/20.500.12657/58431', 'publication_title': 'Changing Time - Shaping World Changemakers in Arts & Education', 'title_url': 'https://patron-academic.thepalaceproject.org/ucdavis/book/https%3A%2F%2Fcdl.edu.thepalaceproject.org%2F110644%2Fworks%2FURI%252Fhttps%253A%252F%252Flibrary.oapen.org%252Fhandle%252F20.500.12657%252F58431', 'first_author': '', 'online_identifier': '', 'publisher_name': 'transcript Verlag', 'publication_type': 'monograph', 'date_monograph_published_online': '2022', 'first_editor': 'Axelsson, Charlotte', 'access_type': 'openaccess', 'source_id': '20.500.12657/58431', 'source_id_type': 'File Handle'}
Record 539: {'title_id': 'https://library.oapen.org/handle/20.500.12657/57416', 'publication_title': 'Academics in Exile Networks, Knowledge Exchange and New Forms of Internationalization', 'title_url': 'https://patron-academic.thepalaceproject.org/ucdavis/book/https%3A%2F%2Fcdl.edu.thepalaceproject.org%2F110644%2Fworks%2FURI%252Fhttps%253A%252F%252Flibrary.oapen.org%252Fhandle%252F20.500.12657%252F57416', 'first_author': '', 'online_identifier': '', 'publisher_name': 'transcript Verlag', 'publication_type': 'monograph', 'date_monograph_published_online': '2022', 'first_editor': 'Axyonova, Vera', 'access_type': 'openaccess', 'source_id': '20.500.12657/57416', 'source_id_type': 'File Handle'}
Record 540: {'title_id': 'https://library.oapen.org/handle/20.500.12657/58592', 'publication_title': 'What is Europe? Second Edition', 'title_url': 'https://patron-academic.thepalaceproject.org/ucdavis/book/https%3A%2F%2Fcdl.edu.thepalaceproject.org%2F110644%2Fworks%2FURI%252Fhttps%253A%252F%252Flibrary.oapen.org%252Fhandle%252F20.500.12657%252F58592', 'first_author': '', 'online_identifier': '', 'publisher_name': 'Taylor & Francis', 'publication_type': 'monograph', 'date_monograph_published_online': '2022', 'first_editor': '', 'access_type': 'openaccess', 'source_id': '20.500.12657/58592', 'source_id_type': 'File Handle'}
Record 541: {'title_id': 'https://library.oapen.org/handle/20.500.12657/54441', 'publication_title': 'Mobile Forensics – The File Format Handbook Common File Formats and File Systems Used in Mobile Devices', 'title_url': 'https://patron-academic.thepalaceproject.org/ucdavis/book/https%3A%2F%2Fcdl.edu.thepalaceproject.org%2F110644%2Fworks%2FURI%252Fhttps%253A%252F%252Flibrary.oapen.org%252Fhandle%252F20.500.12657%252F54441', 'first_author': '', 'online_identifier': '', 'publisher_name': 'Springer Nature', 'publication_type': 'monograph', 'date_monograph_published_online': '2022', 'first_editor': 'Hummert, Christian', 'access_type': 'openaccess', 'source_id': '20.500.12657/54441', 'source_id_type': 'File Handle'}
Record 542: {'title_id': 'https://library.oapen.org/handle/20.500.12657/59829', 'publication_title': 'Hidden Depths The Origins of Human Connection', 'title_url': 'https://patron-academic.thepalaceproject.org/ucdavis/book/https%3A%2F%2Fcdl.edu.thepalaceproject.org%2F110644%2Fworks%2FURI%252Fhttps%253A%252F%252Flibrary.oapen.org%252Fhandle%252F20.500.12657%252F59829', 'first_author': 'Spikins, Penny', 'online_identifier': '', 'publisher_name': 'White Rose University Press', 'publication_type': 'monograph', 'date_monograph_published_online': '2022', 'first_editor': '', 'access_type': 'openaccess', 'source_id': '20.500.12657/59829', 'source_id_type': 'File Handle'}
Record 543: {'title_id': 'https://library.oapen.org/handle/20.500.12657/59829', 'publication_title': 'Hidden Depths The Origins of Human Connection', 'title_url': 'https://patron-academic.thepalaceproject.org/ucdavis/book/https%3A%2F%2Fcdl.edu.thepalaceproject.org%2F110644%2Fworks%2FURI%252Fhttps%253A%252F%252Flibrary.oapen.org%252Fhandle%252F20.500.12657%252F59829', 'first_author': 'Spikins, Penny', 'online_identifier': '', 'publisher_name': 'White Rose University Press', 'publication_type': 'monograph', 'date_monograph_published_online': '2022', 'first_editor': '', 'access_type': 'openaccess', 'source_id': '20.500.12657/59829', 'source_id_type': 'File Handle'}
Record 544: {'title_id': 'https://library.oapen.org/handle/20.500.12657/58012', 'publication_title': 'Rethinking Social Media and Extremism', 'title_url': 'https://patron-academic.thepalaceproject.org/ucdavis/book/https%3A%2F%2Fcdl.edu.thepalaceproject.org%2F110644%2Fworks%2FURI%252Fhttps%253A%252F%252Flibrary.oapen.org%252Fhandle%252F20.500.12657%252F58012', 'first_author': '', 'online_identifier': '', 'publisher_name': 'ANU Press', 'publication_type': 'monograph', 'date_monograph_published_online': '2022', 'first_editor': 'Leitch, Shirley', 'access_type': 'openaccess', 'source_id': '20.500.12657/58012', 'source_id_type': 'File Handle'}
Record 545: {'title_id': 'https://library.oapen.org/handle/20.500.12657/58644', 'publication_title': 'Social Science Research in the Arab World and Beyond A Guide for Students, Instructors and Researchers', 'title_url': 'https://patron-academic.thepalaceproject.org/ucdavis/book/https%3A%2F%2Fcdl.edu.thepalaceproject.org%2F110644%2Fworks%2FURI%252Fhttps%253A%252F%252Flibrary.oapen.org%252Fhandle%252F20.500.12657%252F58644', 'first_author': 'Tessler, Mark', 'online_identifier': '', 'publisher_name': 'Springer Nature', 'publication_type': 'monograph', 'date_monograph_published_online': '2022', 'first_editor': '', 'access_type': 'openaccess', 'source_id': '20.500.12657/58644', 'source_id_type': 'File Handle'}
Record 546: {'title_id': 'https://library.oapen.org/handle/20.500.12657/61561', 'publication_title': 'Parliament: A Question of Management', 'title_url': 'https://patron-academic.thepalaceproject.org/ucdavis/book/https%3A%2F%2Fcdl.edu.thepalaceproject.org%2F110644%2Fworks%2FURI%252Fhttps%253A%252F%252Flibrary.oapen.org%252Fhandle%252F20.500.12657%252F61561', 'first_author': 'Barrett, V M', 'online_identifier': '', 'publisher_name': 'ANU Press', 'publication_type': 'monograph', 'date_monograph_published_online': '2022', 'first_editor': '', 'access_type': 'openaccess', 'source_id': '20.500.12657/61561', 'source_id_type': 'File Handle'}
Record 547: {'title_id': 'https://library.oapen.org/handle/20.500.12657/59348', 'publication_title': 'Nordic Media Histories of Propaganda and Persuasion', 'title_url': 'https://patron-academic.thepalaceproject.org/ucdavis/book/https%3A%2F%2Fcdl.edu.thepalaceproject.org%2F110644%2Fworks%2FURI%252Fhttps%253A%252F%252Flibrary.oapen.org%252Fhandle%252F20.500.12657%252F59348', 'first_author': '', 'online_identifier': '', 'publisher_name': 'Springer Nature', 'publication_type': 'monograph', 'date_monograph_published_online': '2022', 'first_editor': 'Norén, Fredrik', 'access_type': 'openaccess', 'source_id': '20.500.12657/59348', 'source_id_type': 'File Handle'}
Record 548: {'title_id': 'https://library.oapen.org/handle/20.500.12657/52365', 'publication_title': 'Understanding Drugs Markets An Analysis of Medicines, Regulations and Pharmaceutical Systems in the Global South', 'title_url': 'https://patron-academic.thepalaceproject.org/ucdavis/book/https%3A%2F%2Fcdl.edu.thepalaceproject.org%2F110644%2Fworks%2FURI%252Fhttps%253A%252F%252Flibrary.oapen.org%252Fhandle%252F20.500.12657%252F52365', 'first_author': '', 'online_identifier': '', 'publisher_name': 'Taylor & Francis', 'publication_type': 'monograph', 'date_monograph_published_online': '2022', 'first_editor': 'Baxerres, Carine', 'access_type': 'openaccess', 'source_id': '20.500.12657/52365', 'source_id_type': 'File Handle'}
Record 549: {'title_id': 'https://library.oapen.org/handle/20.500.12657/54415', 'publication_title': 'Technologies and Applications for Big Data Value', 'title_url': 'https://patron-academic.thepalaceproject.org/ucdavis/book/https%3A%2F%2Fcdl.edu.thepalaceproject.org%2F110644%2Fworks%2FURI%252Fhttps%253A%252F%252Flibrary.oapen.org%252Fhandle%252F20.500.12657%252F54415', 'first_author': '', 'online_identifier': '', 'publisher_name': 'Springer Nature', 'publication_type': 'monograph', 'date_monograph_published_online': '2022', 'first_editor': 'Auer, Sören', 'access_type': 'openaccess', 'source_id': '20.500.12657/54415', 'source_id_type': 'File Handle'}
Record 550: {'title_id': 'https://library.oapen.org/handle/20.500.12657/58079', 'publication_title': 'The Motorcycle Diaries Youth, Travel and Politics in Latin America', 'title_url': 'https://patron-academic.thepalaceproject.org/ucdavis/book/https%3A%2F%2Fcdl.edu.thepalaceproject.org%2F110644%2Fworks%2FURI%252Fhttps%253A%252F%252Flibrary.oapen.org%252Fhandle%252F20.500.12657%252F58079', 'first_author': 'LIE, Nadia', 'online_identifier': '', 'publisher_name': 'Taylor & Francis', 'publication_type': 'monograph', 'date_monograph_published_online': '2022', 'first_editor': '', 'access_type': 'openaccess', 'source_id': '20.500.12657/58079', 'source_id_type': 'File Handle'}
Record 551: {'title_id': 'https://library.oapen.org/handle/20.500.12657/58150', 'publication_title': 'Second Chance My Life in Things', 'title_url': 'https://patron-academic.thepalaceproject.org/ucdavis/book/https%3A%2F%2Fcdl.edu.thepalaceproject.org%2F110644%2Fworks%2FURI%252Fhttps%253A%252F%252Flibrary.oapen.org%252Fhandle%252F20.500.12657%252F58150', 'first_author': 'Rosengarten, Ruth', 'online_identifier': '', 'publisher_name': 'Open Book Publishers', 'publication_type': 'monograph', 'date_monograph_published_online': '2022', 'first_editor': '', 'access_type': 'openaccess', 'source_id': '20.500.12657/58150', 'source_id_type': 'File Handle'}
Record 552: {'title_id': 'https://library.oapen.org/handle/20.500.12657/57931', 'publication_title': 'Computer Aided Verification 34th International Conference, CAV 2022, Haifa, Israel, August 7–10, 2022, Proceedings, Part II', 'title_url': 'https://patron-academic.thepalaceproject.org/ucdavis/book/https%3A%2F%2Fcdl.edu.thepalaceproject.org%2F110644%2Fworks%2FURI%252Fhttps%253A%252F%252Flibrary.oapen.org%252Fhandle%252F20.500.12657%252F57931', 'first_author': '', 'online_identifier': '', 'publisher_name': 'Springer Nature', 'publication_type': 'monograph', 'date_monograph_published_online': '2022', 'first_editor': 'Shoham, Sharon', 'access_type': 'openaccess', 'source_id': '20.500.12657/57931', 'source_id_type': 'File Handle'}
Record 553: {'title_id': 'https://library.oapen.org/handle/20.500.12657/57931', 'publication_title': 'Computer Aided Verification 34th International Conference, CAV 2022, Haifa, Israel, August 7–10, 2022, Proceedings, Part II', 'title_url': 'https://patron-academic.thepalaceproject.org/ucdavis/book/https%3A%2F%2Fcdl.edu.thepalaceproject.org%2F110644%2Fworks%2FURI%252Fhttps%253A%252F%252Flibrary.oapen.org%252Fhandle%252F20.500.12657%252F57931', 'first_author': '', 'online_identifier': '', 'publisher_name': 'Springer Nature', 'publication_type': 'monograph', 'date_monograph_published_online': '2022', 'first_editor': 'Shoham, Sharon', 'access_type': 'openaccess', 'source_id': '20.500.12657/57931', 'source_id_type': 'File Handle'}
Record 554: {'title_id': 'https://library.oapen.org/handle/20.500.12657/89771', 'publication_title': 'Great and Small Games in Central Asia and the South Caucasus', 'title_url': 'https://patron-academic.thepalaceproject.org/ucdavis/book/https%3A%2F%2Fcdl.edu.thepalaceproject.org%2F110644%2Fworks%2FURI%252Fhttps%253A%252F%252Flibrary.oapen.org%252Fhandle%252F20.500.12657%252F89771', 'first_author': '', 'online_identifier': '', 'publisher_name': 'Peter Lang International Academic Publishers', 'publication_type': 'monograph', 'date_monograph_published_online': '2022', 'first_editor': 'Grabowski, Marcin', 'access_type': 'openaccess', 'source_id': '20.500.12657/89771', 'source_id_type': 'File Handle'}
Record 555: {'title_id': 'https://library.oapen.org/handle/20.500.12657/57804', 'publication_title': 'Ageing with Smartphones in Urban Brazil A work in progress', 'title_url': 'https://patron-academic.thepalaceproject.org/ucdavis/book/https%3A%2F%2Fcdl.edu.thepalaceproject.org%2F110644%2Fworks%2FURI%252Fhttps%253A%252F%252Flibrary.oapen.org%252Fhandle%252F20.500.12657%252F57804', 'first_author': 'Duque, Marília', 'online_identifier': '', 'publisher_name': 'UCL Press', 'publication_type': 'monograph', 'date_monograph_published_online': '2022', 'first_editor': '', 'access_type': 'openaccess', 'source_id': '20.500.12657/57804', 'source_id_type': 'File Handle'}
Record 556: {'title_id': 'https://library.oapen.org/handle/20.500.12657/62304', 'publication_title': 'Connectivity Matters! Social, Environmental and Cultural Connectivity in Past Societies', 'title_url': 'https://patron-academic.thepalaceproject.org/ucdavis/book/https%3A%2F%2Fcdl.edu.thepalaceproject.org%2F110644%2Fworks%2FURI%252Fhttps%253A%252F%252Flibrary.oapen.org%252Fhandle%252F20.500.12657%252F62304', 'first_author': 'Müller, Johannes', 'online_identifier': '', 'publisher_name': 'Sidestone Press', 'publication_type': 'monograph', 'date_monograph_published_online': '2022', 'first_editor': '', 'access_type': 'openaccess', 'source_id': '20.500.12657/62304', 'source_id_type': 'File Handle'}
Record 557: {'title_id': 'https://library.oapen.org/handle/20.500.12657/59689', 'publication_title': 'Ideology and Holy Landscape in the Baltic Crusades', 'title_url': 'https://patron-academic.thepalaceproject.org/ucdavis/book/https%3A%2F%2Fcdl.edu.thepalaceproject.org%2F110644%2Fworks%2FURI%252Fhttps%253A%252F%252Flibrary.oapen.org%252Fhandle%252F20.500.12657%252F59689', 'first_author': 'Leighton, Gregory', 'online_identifier': '', 'publisher_name': 'Arc Humanities Press', 'publication_type': 'monograph', 'date_monograph_published_online': '2022', 'first_editor': '', 'access_type': 'openaccess', 'source_id': '20.500.12657/59689', 'source_id_type': 'File Handle'}
Record 558: {'title_id': 'https://library.oapen.org/handle/20.500.12657/57714', 'publication_title': 'Inventing Origins? Aetiological Thinking in Greek and Roman Antiquity', 'title_url': 'https://patron-academic.thepalaceproject.org/ucdavis/book/https%3A%2F%2Fcdl.edu.thepalaceproject.org%2F110644%2Fworks%2FURI%252Fhttps%253A%252F%252Flibrary.oapen.org%252Fhandle%252F20.500.12657%252F57714', 'first_author': '', 'online_identifier': '', 'publisher_name': 'Brill', 'publication_type': 'monograph', 'date_monograph_published_online': '2022', 'first_editor': 'Klooster, J.J.H.', 'access_type': 'openaccess', 'source_id': '20.500.12657/57714', 'source_id_type': 'File Handle'}
Record 559: {'title_id': 'https://library.oapen.org/handle/20.500.12657/59650', 'publication_title': 'Digital History Konzepte, Methoden und Kritiken Digitaler Geschichtswissenschaft', 'title_url': 'https://patron-academic.thepalaceproject.org/ucdavis/book/https%3A%2F%2Fcdl.edu.thepalaceproject.org%2F110644%2Fworks%2FURI%252Fhttps%253A%252F%252Flibrary.oapen.org%252Fhandle%252F20.500.12657%252F59650', 'first_author': '', 'online_identifier': '', 'publisher_name': 'De Gruyter', 'publication_type': 'monograph', 'date_monograph_published_online': '2022', 'first_editor': 'Döring, Karoline Dominika', 'access_type': 'openaccess', 'source_id': '20.500.12657/59650', 'source_id_type': 'File Handle'}
Record 560: {'title_id': 'https://library.oapen.org/handle/20.500.12657/53657', 'publication_title': 'Papua New Guinea Government, Economy and Society', 'title_url': 'https://patron-academic.thepalaceproject.org/ucdavis/book/https%3A%2F%2Fcdl.edu.thepalaceproject.org%2F110644%2Fworks%2FURI%252Fhttps%253A%252F%252Flibrary.oapen.org%252Fhandle%252F20.500.12657%252F53657', 'first_author': '', 'online_identifier': '', 'publisher_name': 'ANU Press', 'publication_type': 'monograph', 'date_monograph_published_online': '2022', 'first_editor': 'Howes, Stephen', 'access_type': 'openaccess', 'source_id': '20.500.12657/53657', 'source_id_type': 'File Handle'}
Record 561: {'title_id': 'https://library.oapen.org/handle/20.500.12657/54321', 'publication_title': 'Mobilising the Masses Populist Conservative Movements in Australia and New Zealand During the Great Depression', 'title_url': 'https://patron-academic.thepalaceproject.org/ucdavis/book/https%3A%2F%2Fcdl.edu.thepalaceproject.org%2F110644%2Fworks%2FURI%252Fhttps%253A%252F%252Flibrary.oapen.org%252Fhandle%252F20.500.12657%252F54321', 'first_author': 'Cunningham, Matthew', 'online_identifier': '', 'publisher_name': 'ANU Press', 'publication_type': 'monograph', 'date_monograph_published_online': '2022', 'first_editor': '', 'access_type': 'openaccess', 'source_id': '20.500.12657/54321', 'source_id_type': 'File Handle'}
Record 562: {'title_id': 'https://library.oapen.org/handle/20.500.12657/57055', 'publication_title': 'Education Policies in the 21st Century Comparative Perspectives', 'title_url': 'https://patron-academic.thepalaceproject.org/ucdavis/book/https%3A%2F%2Fcdl.edu.thepalaceproject.org%2F110644%2Fworks%2FURI%252Fhttps%253A%252F%252Flibrary.oapen.org%252Fhandle%252F20.500.12657%252F57055', 'first_author': '', 'online_identifier': '', 'publisher_name': 'Springer Nature', 'publication_type': 'monograph', 'date_monograph_published_online': '2022', 'first_editor': 'Akgün, Birol', 'access_type': 'openaccess', 'source_id': '20.500.12657/57055', 'source_id_type': 'File Handle'}
Record 563: {'title_id': 'https://library.oapen.org/handle/20.500.12657/58639', 'publication_title': 'The Ethical Spirit of EU Values Status Quo of the Union of Values and Future Direction of Travel', 'title_url': 'https://patron-academic.thepalaceproject.org/ucdavis/book/https%3A%2F%2Fcdl.edu.thepalaceproject.org%2F110644%2Fworks%2FURI%252Fhttps%253A%252F%252Flibrary.oapen.org%252Fhandle%252F20.500.12657%252F58639', 'first_author': 'Frischhut, Markus', 'online_identifier': '', 'publisher_name': 'Springer Nature', 'publication_type': 'monograph', 'date_monograph_published_online': '2022', 'first_editor': '', 'access_type': 'openaccess', 'source_id': '20.500.12657/58639', 'source_id_type': 'File Handle'}
Record 564: {'title_id': 'https://library.oapen.org/handle/20.500.12657/58639', 'publication_title': 'The Ethical Spirit of EU Values Status Quo of the Union of Values and Future Direction of Travel', 'title_url': 'https://patron-academic.thepalaceproject.org/ucdavis/book/https%3A%2F%2Fcdl.edu.thepalaceproject.org%2F110644%2Fworks%2FURI%252Fhttps%253A%252F%252Flibrary.oapen.org%252Fhandle%252F20.500.12657%252F58639', 'first_author': 'Frischhut, Markus', 'online_identifier': '', 'publisher_name': 'Springer Nature', 'publication_type': 'monograph', 'date_monograph_published_online': '2022', 'first_editor': '', 'access_type': 'openaccess', 'source_id': '20.500.12657/58639', 'source_id_type': 'File Handle'}
Record 565: {'title_id': 'https://library.oapen.org/handle/20.500.12657/60494', 'publication_title': 'Artificial Intelligence-based Cybersecurity for Connected and Automated Vehicles', 'title_url': 'https://patron-academic.thepalaceproject.org/ucdavis/book/https%3A%2F%2Fcdl.edu.thepalaceproject.org%2F110644%2Fworks%2FURI%252Fhttps%253A%252F%252Flibrary.oapen.org%252Fhandle%252F20.500.12657%252F60494', 'first_author': '', 'online_identifier': '', 'publisher_name': 'Now Publishers', 'publication_type': 'monograph', 'date_monograph_published_online': '2022', 'first_editor': '', 'access_type': 'openaccess', 'source_id': '20.500.12657/60494', 'source_id_type': 'File Handle'}
Record 566: {'title_id': 'https://library.oapen.org/handle/20.500.12657/58907', 'publication_title': 'Scales of Captivity', 'title_url': 'https://patron-academic.thepalaceproject.org/ucdavis/book/https%3A%2F%2Fcdl.edu.thepalaceproject.org%2F110644%2Fworks%2FURI%252Fhttps%253A%252F%252Flibrary.oapen.org%252Fhandle%252F20.500.12657%252F58907', 'first_author': 'Brady, Mary Pat', 'online_identifier': '', 'publisher_name': 'Duke University Press', 'publication_type': 'monograph', 'date_monograph_published_online': '2022', 'first_editor': '', 'access_type': 'openaccess', 'source_id': '20.500.12657/58907', 'source_id_type': 'File Handle'}
Record 567: {'title_id': 'https://library.oapen.org/handle/20.500.12657/52422', 'publication_title': 'Nuclear Law The Global Debate', 'title_url': 'https://patron-academic.thepalaceproject.org/ucdavis/book/https%3A%2F%2Fcdl.edu.thepalaceproject.org%2F110644%2Fworks%2FURI%252Fhttps%253A%252F%252Flibrary.oapen.org%252Fhandle%252F20.500.12657%252F52422', 'first_author': '', 'online_identifier': '', 'publisher_name': 'Springer Nature', 'publication_type': 'monograph', 'date_monograph_published_online': '2022', 'first_editor': '', 'access_type': 'openaccess', 'source_id': '20.500.12657/52422', 'source_id_type': 'File Handle'}
Record 568: {'title_id': 'https://library.oapen.org/handle/20.500.12657/59202', 'publication_title': 'Fascism, Vulnerability, and the Escape from Freedom Readings to Repair Democracy', 'title_url': 'https://patron-academic.thepalaceproject.org/ucdavis/book/https%3A%2F%2Fcdl.edu.thepalaceproject.org%2F110644%2Fworks%2FURI%252Fhttps%253A%252F%252Flibrary.oapen.org%252Fhandle%252F20.500.12657%252F59202', 'first_author': 'Delogu, C. Jon', 'online_identifier': '', 'publisher_name': 'punctum books', 'publication_type': 'monograph', 'date_monograph_published_online': '2022', 'first_editor': '', 'access_type': 'openaccess', 'source_id': '20.500.12657/59202', 'source_id_type': 'File Handle'}
Record 569: {'title_id': 'https://library.oapen.org/handle/20.500.12657/60142', 'publication_title': 'Exhibiting Creative Geographies Bringing Research Findings to Life', 'title_url': 'https://patron-academic.thepalaceproject.org/ucdavis/book/https%3A%2F%2Fcdl.edu.thepalaceproject.org%2F110644%2Fworks%2FURI%252Fhttps%253A%252F%252Flibrary.oapen.org%252Fhandle%252F20.500.12657%252F60142', 'first_author': 'Boyd, Candice P.', 'online_identifier': '', 'publisher_name': 'Springer Nature', 'publication_type': 'monograph', 'date_monograph_published_online': '2022', 'first_editor': '', 'access_type': 'openaccess', 'source_id': '20.500.12657/60142', 'source_id_type': 'File Handle'}
Record 570: {'title_id': 'https://library.oapen.org/handle/20.500.12657/60692', 'publication_title': 'Contemporary Issues in Digital Marketing', 'title_url': 'https://patron-academic.thepalaceproject.org/ucdavis/book/https%3A%2F%2Fcdl.edu.thepalaceproject.org%2F110644%2Fworks%2FURI%252Fhttps%253A%252F%252Flibrary.oapen.org%252Fhandle%252F20.500.12657%252F60692', 'first_author': 'Niininen, Outi', 'online_identifier': '', 'publisher_name': 'Taylor & Francis', 'publication_type': 'monograph', 'date_monograph_published_online': '2022', 'first_editor': '', 'access_type': 'openaccess', 'source_id': '20.500.12657/60692', 'source_id_type': 'File Handle'}
Record 571: {'title_id': 'https://library.oapen.org/handle/20.500.12657/59248', 'publication_title': 'The Regulation of Megabanks Legal frameworks of the USA and EU', 'title_url': 'https://patron-academic.thepalaceproject.org/ucdavis/book/https%3A%2F%2Fcdl.edu.thepalaceproject.org%2F110644%2Fworks%2FURI%252Fhttps%253A%252F%252Flibrary.oapen.org%252Fhandle%252F20.500.12657%252F59248', 'first_author': 'Parchimowicz, Katarzyna', 'online_identifier': '', 'publisher_name': 'Taylor & Francis', 'publication_type': 'monograph', 'date_monograph_published_online': '2022', 'first_editor': '', 'access_type': 'openaccess', 'source_id': '20.500.12657/59248', 'source_id_type': 'File Handle'}
Record 572: {'title_id': 'https://library.oapen.org/handle/20.500.12657/60890', 'publication_title': 'Proceedings Of The 18th Annual Meeting Of The Asia Oceania Geosciences Society (Aogs 2021) Singapore, 01 – 06 August 2021', 'title_url': 'https://patron-academic.thepalaceproject.org/ucdavis/book/https%3A%2F%2Fcdl.edu.thepalaceproject.org%2F110644%2Fworks%2FURI%252Fhttps%253A%252F%252Flibrary.oapen.org%252Fhandle%252F20.500.12657%252F60890', 'first_author': '', 'online_identifier': '', 'publisher_name': 'World Scientific Publishing Company', 'publication_type': 'monograph', 'date_monograph_published_online': '2022', 'first_editor': 'Liong, Shie-Yui', 'access_type': 'openaccess', 'source_id': '20.500.12657/60890', 'source_id_type': 'File Handle'}
Record 573: {'title_id': 'https://library.oapen.org/handle/20.500.12657/53942', 'publication_title': 'Affective Worldmaking Narrative Counterpublics of Gender and Sexuality', 'title_url': 'https://patron-academic.thepalaceproject.org/ucdavis/book/https%3A%2F%2Fcdl.edu.thepalaceproject.org%2F110644%2Fworks%2FURI%252Fhttps%253A%252F%252Flibrary.oapen.org%252Fhandle%252F20.500.12657%252F53942', 'first_author': '', 'online_identifier': '', 'publisher_name': 'transcript Verlag', 'publication_type': 'monograph', 'date_monograph_published_online': '2022', 'first_editor': 'Aresin, Jana', 'access_type': 'openaccess', 'source_id': '20.500.12657/53942', 'source_id_type': 'File Handle'}
Record 574: {'title_id': 'https://library.oapen.org/handle/20.500.12657/55770', 'publication_title': 'Freedom Seekers Escaping from Slavery in Restoration London', 'title_url': 'https://patron-academic.thepalaceproject.org/ucdavis/book/https%3A%2F%2Fcdl.edu.thepalaceproject.org%2F110644%2Fworks%2FURI%252Fhttps%253A%252F%252Flibrary.oapen.org%252Fhandle%252F20.500.12657%252F55770', 'first_author': 'Newman, Simon P.', 'online_identifier': '', 'publisher_name': 'University of London Press', 'publication_type': 'monograph', 'date_monograph_published_online': '2022', 'first_editor': '', 'access_type': 'openaccess', 'source_id': '20.500.12657/55770', 'source_id_type': 'File Handle'}
Record 575: {'title_id': 'https://library.oapen.org/handle/20.500.12657/59831', 'publication_title': 'Consensus on Environmentally Sustainable Oral Healthcare A Joint Stakeholder Statement', 'title_url': 'https://patron-academic.thepalaceproject.org/ucdavis/book/https%3A%2F%2Fcdl.edu.thepalaceproject.org%2F110644%2Fworks%2FURI%252Fhttps%253A%252F%252Flibrary.oapen.org%252Fhandle%252F20.500.12657%252F59831', 'first_author': '', 'online_identifier': '', 'publisher_name': 'White Rose University Press', 'publication_type': 'monograph', 'date_monograph_published_online': '2022', 'first_editor': '', 'access_type': 'openaccess', 'source_id': '20.500.12657/59831', 'source_id_type': 'File Handle'}
Record 576: {'title_id': 'https://library.oapen.org/handle/20.500.12657/60195', 'publication_title': 'Modern Cryptography Volume 2 A Classical Introduction to Informational and Mathematical Principle', 'title_url': 'https://patron-academic.thepalaceproject.org/ucdavis/book/https%3A%2F%2Fcdl.edu.thepalaceproject.org%2F110644%2Fworks%2FURI%252Fhttps%253A%252F%252Flibrary.oapen.org%252Fhandle%252F20.500.12657%252F60195', 'first_author': '', 'online_identifier': '', 'publisher_name': 'Springer Nature', 'publication_type': 'monograph', 'date_monograph_published_online': '2022', 'first_editor': '', 'access_type': 'openaccess', 'source_id': '20.500.12657/60195', 'source_id_type': 'File Handle'}
Record 577: {'title_id': 'https://library.oapen.org/handle/20.500.12657/54419', 'publication_title': 'Publishing Sacrobosco’s De sphaera in Early Modern Europe Modes of Material and Scientific Exchange', 'title_url': 'https://patron-academic.thepalaceproject.org/ucdavis/book/https%3A%2F%2Fcdl.edu.thepalaceproject.org%2F110644%2Fworks%2FURI%252Fhttps%253A%252F%252Flibrary.oapen.org%252Fhandle%252F20.500.12657%252F54419', 'first_author': '', 'online_identifier': '', 'publisher_name': 'Springer Nature', 'publication_type': 'monograph', 'date_monograph_published_online': '2022', 'first_editor': 'Ottone, Andrea', 'access_type': 'openaccess', 'source_id': '20.500.12657/54419', 'source_id_type': 'File Handle'}
Record 578: {'title_id': 'https://library.oapen.org/handle/20.500.12657/58008', 'publication_title': 'Contradiction', 'title_url': 'https://patron-academic.thepalaceproject.org/ucdavis/book/https%3A%2F%2Fcdl.edu.thepalaceproject.org%2F110644%2Fworks%2FURI%252Fhttps%253A%252F%252Flibrary.oapen.org%252Fhandle%252F20.500.12657%252F58008', 'first_author': '', 'online_identifier': '', 'publisher_name': 'ANU Press', 'publication_type': 'monograph', 'date_monograph_published_online': '2022', 'first_editor': 'Jaivin, Linda', 'access_type': 'openaccess', 'source_id': '20.500.12657/58008', 'source_id_type': 'File Handle'}
Record 579: {'title_id': 'https://library.oapen.org/handle/20.500.12657/59674', 'publication_title': 'Migration and Diaspora Formation New Perspectives on a Global History of Christianity', 'title_url': 'https://patron-academic.thepalaceproject.org/ucdavis/book/https%3A%2F%2Fcdl.edu.thepalaceproject.org%2F110644%2Fworks%2FURI%252Fhttps%253A%252F%252Flibrary.oapen.org%252Fhandle%252F20.500.12657%252F59674', 'first_author': 'Burlăcioiu, Ciprian', 'online_identifier': '', 'publisher_name': 'De Gruyter', 'publication_type': 'monograph', 'date_monograph_published_online': '2022', 'first_editor': '', 'access_type': 'openaccess', 'source_id': '20.500.12657/59674', 'source_id_type': 'File Handle'}
Record 580: {'title_id': 'https://library.oapen.org/handle/20.500.12657/89685', 'publication_title': 'Programming Creativity Semantics and Organisation of Creativity Within IT Enterprises', 'title_url': 'https://patron-academic.thepalaceproject.org/ucdavis/book/https%3A%2F%2Fcdl.edu.thepalaceproject.org%2F110644%2Fworks%2FURI%252Fhttps%253A%252F%252Flibrary.oapen.org%252Fhandle%252F20.500.12657%252F89685', 'first_author': 'Zipp, Jan Sebastian', 'online_identifier': '', 'publisher_name': 'transcript Verlag', 'publication_type': 'monograph', 'date_monograph_published_online': '2022', 'first_editor': '', 'access_type': 'openaccess', 'source_id': '20.500.12657/89685', 'source_id_type': 'File Handle'}
Record 581: {'title_id': 'https://library.oapen.org/handle/20.500.12657/85996', 'publication_title': 'Contested Sustainability The Political Ecology of Conservation and Development in Tanzania', 'title_url': 'https://patron-academic.thepalaceproject.org/ucdavis/book/https%3A%2F%2Fcdl.edu.thepalaceproject.org%2F110644%2Fworks%2FURI%252Fhttps%253A%252F%252Flibrary.oapen.org%252Fhandle%252F20.500.12657%252F85996', 'first_author': '', 'online_identifier': '', 'publisher_name': 'Boydell & Brewer', 'publication_type': 'monograph', 'date_monograph_published_online': '2022', 'first_editor': 'Brockington, Dan', 'access_type': 'openaccess', 'source_id': '20.500.12657/85996', 'source_id_type': 'File Handle'}
Record 582: {'title_id': 'https://library.oapen.org/handle/20.500.12657/58420', 'publication_title': 'Playful Materialities The Stuff That Games Are Made Of', 'title_url': 'https://patron-academic.thepalaceproject.org/ucdavis/book/https%3A%2F%2Fcdl.edu.thepalaceproject.org%2F110644%2Fworks%2FURI%252Fhttps%253A%252F%252Flibrary.oapen.org%252Fhandle%252F20.500.12657%252F58420', 'first_author': '', 'online_identifier': '', 'publisher_name': 'transcript Verlag', 'publication_type': 'monograph', 'date_monograph_published_online': '2022', 'first_editor': 'Beil, Benjamin', 'access_type': 'openaccess', 'source_id': '20.500.12657/58420', 'source_id_type': 'File Handle'}
Record 583: {'title_id': 'https://library.oapen.org/handle/20.500.12657/57838', 'publication_title': 'EIB Complaints Mechanism Report 2021', 'title_url': 'https://patron-academic.thepalaceproject.org/ucdavis/book/https%3A%2F%2Fcdl.edu.thepalaceproject.org%2F110644%2Fworks%2FURI%252Fhttps%253A%252F%252Flibrary.oapen.org%252Fhandle%252F20.500.12657%252F57838', 'first_author': 'Bank, European Investment', 'online_identifier': '', 'publisher_name': '', 'publication_type': 'monograph', 'date_monograph_published_online': '', 'first_editor': '', 'access_type': 'openaccess', 'source_id': '20.500.12657/57838', 'source_id_type': 'File Handle'}
Record 584: {'title_id': 'https://library.oapen.org/handle/20.500.12657/52430', 'publication_title': 'Agricultural Value Chains in India Ensuring Competitiveness, Inclusiveness, Sustainability, Scalability, and Improved Finance', 'title_url': 'https://patron-academic.thepalaceproject.org/ucdavis/book/https%3A%2F%2Fcdl.edu.thepalaceproject.org%2F110644%2Fworks%2FURI%252Fhttps%253A%252F%252Flibrary.oapen.org%252Fhandle%252F20.500.12657%252F52430', 'first_author': '', 'online_identifier': '', 'publisher_name': 'Springer Nature', 'publication_type': 'monograph', 'date_monograph_published_online': '2022', 'first_editor': 'Ganguly, Kavery', 'access_type': 'openaccess', 'source_id': '20.500.12657/52430', 'source_id_type': 'File Handle'}
Record 585: {'title_id': 'https://library.oapen.org/handle/20.500.12657/53661', 'publication_title': 'Connecting Africa and Asia Afrasia as a Benign Community', 'title_url': 'https://patron-academic.thepalaceproject.org/ucdavis/book/https%3A%2F%2Fcdl.edu.thepalaceproject.org%2F110644%2Fworks%2FURI%252Fhttps%253A%252F%252Flibrary.oapen.org%252Fhandle%252F20.500.12657%252F53661', 'first_author': 'Mine, Yoichi', 'online_identifier': '', 'publisher_name': 'Taylor & Francis', 'publication_type': 'monograph', 'date_monograph_published_online': '2022', 'first_editor': '', 'access_type': 'openaccess', 'source_id': '20.500.12657/53661', 'source_id_type': 'File Handle'}
Record 586: {'title_id': 'https://library.oapen.org/handle/20.500.12657/54045', 'publication_title': 'R&D Management Practices and Innovation: Evidence from a Firm Survey', 'title_url': 'https://patron-academic.thepalaceproject.org/ucdavis/book/https%3A%2F%2Fcdl.edu.thepalaceproject.org%2F110644%2Fworks%2FURI%252Fhttps%253A%252F%252Flibrary.oapen.org%252Fhandle%252F20.500.12657%252F54045', 'first_author': '', 'online_identifier': '', 'publisher_name': 'Springer Nature', 'publication_type': 'monograph', 'date_monograph_published_online': '2022', 'first_editor': '', 'access_type': 'openaccess', 'source_id': '20.500.12657/54045', 'source_id_type': 'File Handle'}
Record 587: {'title_id': 'https://library.oapen.org/handle/20.500.12657/57805', 'publication_title': 'Co-curating the City Universities and urban heritage past and future', 'title_url': 'https://patron-academic.thepalaceproject.org/ucdavis/book/https%3A%2F%2Fcdl.edu.thepalaceproject.org%2F110644%2Fworks%2FURI%252Fhttps%253A%252F%252Flibrary.oapen.org%252Fhandle%252F20.500.12657%252F57805', 'first_author': '', 'online_identifier': '', 'publisher_name': 'UCL Press', 'publication_type': 'monograph', 'date_monograph_published_online': '2022', 'first_editor': 'Benesch, Henri', 'access_type': 'openaccess', 'source_id': '20.500.12657/57805', 'source_id_type': 'File Handle'}
Record 588: {'title_id': 'https://library.oapen.org/handle/20.500.12657/58365', 'publication_title': 'Making Sense of Immigrant Work Integration An Organizing Framework', 'title_url': 'https://patron-academic.thepalaceproject.org/ucdavis/book/https%3A%2F%2Fcdl.edu.thepalaceproject.org%2F110644%2Fworks%2FURI%252Fhttps%253A%252F%252Flibrary.oapen.org%252Fhandle%252F20.500.12657%252F58365', 'first_author': '', 'online_identifier': '', 'publisher_name': 'Springer Nature', 'publication_type': 'monograph', 'date_monograph_published_online': '2022', 'first_editor': '', 'access_type': 'openaccess', 'source_id': '20.500.12657/58365', 'source_id_type': 'File Handle'}
Record 589: {'title_id': 'https://library.oapen.org/handle/20.500.12657/58339', 'publication_title': 'Electronic Voting 7th International Joint Conference, E-Vote-ID 2022, Bregenz, Austria, October 4–7, 2022, Proceedings', 'title_url': 'https://patron-academic.thepalaceproject.org/ucdavis/book/https%3A%2F%2Fcdl.edu.thepalaceproject.org%2F110644%2Fworks%2FURI%252Fhttps%253A%252F%252Flibrary.oapen.org%252Fhandle%252F20.500.12657%252F58339', 'first_author': '', 'online_identifier': '', 'publisher_name': 'Springer Nature', 'publication_type': 'monograph', 'date_monograph_published_online': '2022', 'first_editor': 'Duenas-Cid, David', 'access_type': 'openaccess', 'source_id': '20.500.12657/58339', 'source_id_type': 'File Handle'}
Record 590: {'title_id': 'https://library.oapen.org/handle/20.500.12657/59252', 'publication_title': 'Women and Migration(s) II', 'title_url': 'https://patron-academic.thepalaceproject.org/ucdavis/book/https%3A%2F%2Fcdl.edu.thepalaceproject.org%2F110644%2Fworks%2FURI%252Fhttps%253A%252F%252Flibrary.oapen.org%252Fhandle%252F20.500.12657%252F59252', 'first_author': '', 'online_identifier': '', 'publisher_name': 'Open Book Publishers', 'publication_type': 'monograph', 'date_monograph_published_online': '2022', 'first_editor': 'Brooks, Kalia', 'access_type': 'openaccess', 'source_id': '20.500.12657/59252', 'source_id_type': 'File Handle'}
Record 591: {'title_id': 'https://library.oapen.org/handle/20.500.12657/57911', 'publication_title': 'Innopolis University - From Zero to Hero Ten Years of Challenges and Victories', 'title_url': 'https://patron-academic.thepalaceproject.org/ucdavis/book/https%3A%2F%2Fcdl.edu.thepalaceproject.org%2F110644%2Fworks%2FURI%252Fhttps%253A%252F%252Flibrary.oapen.org%252Fhandle%252F20.500.12657%252F57911', 'first_author': '', 'online_identifier': '', 'publisher_name': 'Springer Nature', 'publication_type': 'monograph', 'date_monograph_published_online': '2022', 'first_editor': '', 'access_type': 'openaccess', 'source_id': '20.500.12657/57911', 'source_id_type': 'File Handle'}
Record 592: {'title_id': 'https://library.oapen.org/handle/20.500.12657/53336', 'publication_title': 'Public Support for the Euro Essays on Labor Productivity, Monetary Economics, and Political Economy, Vol. 2', 'title_url': 'https://patron-academic.thepalaceproject.org/ucdavis/book/https%3A%2F%2Fcdl.edu.thepalaceproject.org%2F110644%2Fworks%2FURI%252Fhttps%253A%252F%252Flibrary.oapen.org%252Fhandle%252F20.500.12657%252F53336', 'first_author': 'Roth, Felix', 'online_identifier': '', 'publisher_name': 'Springer Nature', 'publication_type': 'monograph', 'date_monograph_published_online': '2022', 'first_editor': '', 'access_type': 'openaccess', 'source_id': '20.500.12657/53336', 'source_id_type': 'File Handle'}
Record 593: {'title_id': 'https://library.oapen.org/handle/20.500.12657/52526', 'publication_title': 'Africa, the Cradle of Human Diversity Cultural and Biological Approaches to Uncover African Diversity', 'title_url': 'https://patron-academic.thepalaceproject.org/ucdavis/book/https%3A%2F%2Fcdl.edu.thepalaceproject.org%2F110644%2Fworks%2FURI%252Fhttps%253A%252F%252Flibrary.oapen.org%252Fhandle%252F20.500.12657%252F52526', 'first_author': '', 'online_identifier': '', 'publisher_name': 'Brill', 'publication_type': 'monograph', 'date_monograph_published_online': '2022', 'first_editor': 'Fortes-Lima, Cesar', 'access_type': 'openaccess', 'source_id': '20.500.12657/52526', 'source_id_type': 'File Handle'}
Record 594: {'title_id': 'https://library.oapen.org/handle/20.500.12657/56989', 'publication_title': 'Introduction to Migration Studies An Interactive Guide to the Literatures on Migration and Diversity', 'title_url': 'https://patron-academic.thepalaceproject.org/ucdavis/book/https%3A%2F%2Fcdl.edu.thepalaceproject.org%2F110644%2Fworks%2FURI%252Fhttps%253A%252F%252Flibrary.oapen.org%252Fhandle%252F20.500.12657%252F56989', 'first_author': 'Scholten, Peter', 'online_identifier': '', 'publisher_name': 'Springer Nature', 'publication_type': 'monograph', 'date_monograph_published_online': '2022', 'first_editor': '', 'access_type': 'openaccess', 'source_id': '20.500.12657/56989', 'source_id_type': 'File Handle'}
Record 595: {'title_id': 'https://library.oapen.org/handle/20.500.12657/52845', 'publication_title': 'Contracting and Safety Exploring Outsourcing Practices in High-Hazard Industries', 'title_url': 'https://patron-academic.thepalaceproject.org/ucdavis/book/https%3A%2F%2Fcdl.edu.thepalaceproject.org%2F110644%2Fworks%2FURI%252Fhttps%253A%252F%252Flibrary.oapen.org%252Fhandle%252F20.500.12657%252F52845', 'first_author': '', 'online_identifier': '', 'publisher_name': 'Springer Nature', 'publication_type': 'monograph', 'date_monograph_published_online': '2022', 'first_editor': 'Hayes, Jan', 'access_type': 'openaccess', 'source_id': '20.500.12657/52845', 'source_id_type': 'File Handle'}
Record 596: {'title_id': 'https://library.oapen.org/handle/20.500.12657/61186', 'publication_title': 'The Triumph of Uncertainty Science and Self in the Postmodern Age', 'title_url': 'https://patron-academic.thepalaceproject.org/ucdavis/book/https%3A%2F%2Fcdl.edu.thepalaceproject.org%2F110644%2Fworks%2FURI%252Fhttps%253A%252F%252Flibrary.oapen.org%252Fhandle%252F20.500.12657%252F61186', 'first_author': 'Tauber, Alfred I.', 'online_identifier': '', 'publisher_name': 'Central European University Press', 'publication_type': 'monograph', 'date_monograph_published_online': '2022', 'first_editor': '', 'access_type': 'openaccess', 'source_id': '20.500.12657/61186', 'source_id_type': 'File Handle'}
Record 597: {'title_id': 'https://library.oapen.org/handle/20.500.12657/86587', 'publication_title': 'Does the UN Model Still Work? Challenges and Prospects for the Future of Multilateralism', 'title_url': 'https://patron-academic.thepalaceproject.org/ucdavis/book/https%3A%2F%2Fcdl.edu.thepalaceproject.org%2F110644%2Fworks%2FURI%252Fhttps%253A%252F%252Flibrary.oapen.org%252Fhandle%252F20.500.12657%252F86587', 'first_author': '', 'online_identifier': '', 'publisher_name': 'Brill', 'publication_type': 'monograph', 'date_monograph_published_online': '2022', 'first_editor': 'Eschborn, Norbert', 'access_type': 'openaccess', 'source_id': '20.500.12657/86587', 'source_id_type': 'File Handle'}
Record 598: {'title_id': 'https://library.oapen.org/handle/20.500.12657/53509', 'publication_title': 'Multiscale X-ray Structural Analysis of Cardiac Cells and Tissues', 'title_url': 'https://patron-academic.thepalaceproject.org/ucdavis/book/https%3A%2F%2Fcdl.edu.thepalaceproject.org%2F110644%2Fworks%2FURI%252Fhttps%253A%252F%252Flibrary.oapen.org%252Fhandle%252F20.500.12657%252F53509', 'first_author': 'Reichardt, Marius', 'online_identifier': '', 'publisher_name': 'Universitätsverlag Göttingen', 'publication_type': 'monograph', 'date_monograph_published_online': '2022', 'first_editor': '', 'access_type': 'openaccess', 'source_id': '20.500.12657/53509', 'source_id_type': 'File Handle'}
Record 599: {'title_id': 'https://library.oapen.org/handle/20.500.12657/58076', 'publication_title': 'Framing Social Theory Reassembling the Lexicon of Contemporary Social Sciences', 'title_url': 'https://patron-academic.thepalaceproject.org/ucdavis/book/https%3A%2F%2Fcdl.edu.thepalaceproject.org%2F110644%2Fworks%2FURI%252Fhttps%253A%252F%252Flibrary.oapen.org%252Fhandle%252F20.500.12657%252F58076', 'first_author': '', 'online_identifier': '', 'publisher_name': 'Taylor & Francis', 'publication_type': 'monograph', 'date_monograph_published_online': '2022', 'first_editor': 'Rebughini, Paola', 'access_type': 'openaccess', 'source_id': '20.500.12657/58076', 'source_id_type': 'File Handle'}
Record 600: {'title_id': 'https://library.oapen.org/handle/20.500.12657/59365', 'publication_title': 'Design of Heuristic Algorithms for Hard Optimization With Python Codes for the Travelling Salesman Problem', 'title_url': 'https://patron-academic.thepalaceproject.org/ucdavis/book/https%3A%2F%2Fcdl.edu.thepalaceproject.org%2F110644%2Fworks%2FURI%252Fhttps%253A%252F%252Flibrary.oapen.org%252Fhandle%252F20.500.12657%252F59365', 'first_author': 'Taillard, Éric D.', 'online_identifier': '', 'publisher_name': 'Springer Nature', 'publication_type': 'monograph', 'date_monograph_published_online': '2022', 'first_editor': '', 'access_type': 'openaccess', 'source_id': '20.500.12657/59365', 'source_id_type': 'File Handle'}
Record 601: {'title_id': 'https://library.oapen.org/handle/20.500.12657/57806', 'publication_title': 'A Contemporary Archaeology of London’s Mega Events From the Great Exhibition to London 2012', 'title_url': 'https://patron-academic.thepalaceproject.org/ucdavis/book/https%3A%2F%2Fcdl.edu.thepalaceproject.org%2F110644%2Fworks%2FURI%252Fhttps%253A%252F%252Flibrary.oapen.org%252Fhandle%252F20.500.12657%252F57806', 'first_author': 'Gardner, Jonathan', 'online_identifier': '', 'publisher_name': 'UCL Press', 'publication_type': 'monograph', 'date_monograph_published_online': '2022', 'first_editor': '', 'access_type': 'openaccess', 'source_id': '20.500.12657/57806', 'source_id_type': 'File Handle'}
Record 602: {'title_id': 'https://library.oapen.org/handle/20.500.12657/62513', 'publication_title': 'Higher education for public good Perspectives in the new academic landscape in South Africa', 'title_url': 'https://patron-academic.thepalaceproject.org/ucdavis/book/https%3A%2F%2Fcdl.edu.thepalaceproject.org%2F110644%2Fworks%2FURI%252Fhttps%253A%252F%252Flibrary.oapen.org%252Fhandle%252F20.500.12657%252F62513', 'first_author': '', 'online_identifier': '', 'publisher_name': 'AOSIS', 'publication_type': 'monograph', 'date_monograph_published_online': '2022', 'first_editor': 'Matsiliza, Noluthando S.', 'access_type': 'openaccess', 'source_id': '20.500.12657/62513', 'source_id_type': 'File Handle'}
Record 603: {'title_id': 'https://library.oapen.org/handle/20.500.12657/60123', 'publication_title': 'Powertrain Systems for Net-Zero Transport', 'title_url': 'https://patron-academic.thepalaceproject.org/ucdavis/book/https%3A%2F%2Fcdl.edu.thepalaceproject.org%2F110644%2Fworks%2FURI%252Fhttps%253A%252F%252Flibrary.oapen.org%252Fhandle%252F20.500.12657%252F60123', 'first_author': '(IMe, Institution of Mechanical Engineers', 'online_identifier': '', 'publisher_name': 'Taylor & Francis', 'publication_type': 'monograph', 'date_monograph_published_online': '2022', 'first_editor': '', 'access_type': 'openaccess', 'source_id': '20.500.12657/60123', 'source_id_type': 'File Handle'}
Record 604: {'title_id': 'https://library.oapen.org/handle/20.500.12657/59165', 'publication_title': 'Dangerous Love Sex Work, Drug Use, and the Pursuit of Intimacy in Tijuana, Mexico', 'title_url': 'https://patron-academic.thepalaceproject.org/ucdavis/book/https%3A%2F%2Fcdl.edu.thepalaceproject.org%2F110644%2Fworks%2FURI%252Fhttps%253A%252F%252Flibrary.oapen.org%252Fhandle%252F20.500.12657%252F59165', 'first_author': 'Syvertsen, Jennifer Leigh', 'online_identifier': '', 'publisher_name': 'University of California Press', 'publication_type': 'monograph', 'date_monograph_published_online': '2022', 'first_editor': '', 'access_type': 'openaccess', 'source_id': '20.500.12657/59165', 'source_id_type': 'File Handle'}
Record 605: {'title_id': 'https://library.oapen.org/handle/20.500.12657/60265', 'publication_title': 'EIB Working Paper 2022/14 - The scarring effects of major economic downturns The role of fiscal policy and government investment', 'title_url': 'https://patron-academic.thepalaceproject.org/ucdavis/book/https%3A%2F%2Fcdl.edu.thepalaceproject.org%2F110644%2Fworks%2FURI%252Fhttps%253A%252F%252Flibrary.oapen.org%252Fhandle%252F20.500.12657%252F60265', 'first_author': 'Bank, European Investment', 'online_identifier': '', 'publisher_name': 'European Investment Bank', 'publication_type': 'monograph', 'date_monograph_published_online': '2022', 'first_editor': '', 'access_type': 'openaccess', 'source_id': '20.500.12657/60265', 'source_id_type': 'File Handle'}
Record 606: {'title_id': 'https://library.oapen.org/handle/20.500.12657/53376', 'publication_title': 'The Vortex and The Jet A Journey into the Beauty and Mystery of Flight', 'title_url': 'https://patron-academic.thepalaceproject.org/ucdavis/book/https%3A%2F%2Fcdl.edu.thepalaceproject.org%2F110644%2Fworks%2FURI%252Fhttps%253A%252F%252Flibrary.oapen.org%252Fhandle%252F20.500.12657%252F53376', 'first_author': 'Decher, Reiner', 'online_identifier': '', 'publisher_name': 'Springer Nature', 'publication_type': 'monograph', 'date_monograph_published_online': '2022', 'first_editor': '', 'access_type': 'openaccess', 'source_id': '20.500.12657/53376', 'source_id_type': 'File Handle'}
Record 607: {'title_id': 'https://library.oapen.org/handle/20.500.12657/53381', 'publication_title': 'Guidebook to Carbon Neutrality in China Macro and Industry Trends under New Constraints', 'title_url': 'https://patron-academic.thepalaceproject.org/ucdavis/book/https%3A%2F%2Fcdl.edu.thepalaceproject.org%2F110644%2Fworks%2FURI%252Fhttps%253A%252F%252Flibrary.oapen.org%252Fhandle%252F20.500.12657%252F53381', 'first_author': '', 'online_identifier': '', 'publisher_name': 'Springer Nature', 'publication_type': 'monograph', 'date_monograph_published_online': '2022', 'first_editor': '', 'access_type': 'openaccess', 'source_id': '20.500.12657/53381', 'source_id_type': 'File Handle'}
Record 608: {'title_id': 'https://library.oapen.org/handle/20.500.12657/54011', 'publication_title': 'The Governance of Insurance Undertakings Corporate Law and Insurance Regulation', 'title_url': 'https://patron-academic.thepalaceproject.org/ucdavis/book/https%3A%2F%2Fcdl.edu.thepalaceproject.org%2F110644%2Fworks%2FURI%252Fhttps%253A%252F%252Flibrary.oapen.org%252Fhandle%252F20.500.12657%252F54011', 'first_author': '', 'online_identifier': '', 'publisher_name': 'Springer Nature', 'publication_type': 'monograph', 'date_monograph_published_online': '2022', 'first_editor': 'Marano, Pierpaolo', 'access_type': 'openaccess', 'source_id': '20.500.12657/54011', 'source_id_type': 'File Handle'}
Record 609: {'title_id': 'https://library.oapen.org/handle/20.500.12657/62322', 'publication_title': 'Leading Change in Gender and Diversity in Higher Education from Margins to Mainstream (Edition 1)', 'title_url': 'https://patron-academic.thepalaceproject.org/ucdavis/book/https%3A%2F%2Fcdl.edu.thepalaceproject.org%2F110644%2Fworks%2FURI%252Fhttps%253A%252F%252Flibrary.oapen.org%252Fhandle%252F20.500.12657%252F62322', 'first_author': '', 'online_identifier': '', 'publisher_name': '', 'publication_type': 'monograph', 'date_monograph_published_online': '', 'first_editor': 'CohenMiller, Anna', 'access_type': 'openaccess', 'source_id': '20.500.12657/62322', 'source_id_type': 'File Handle'}
Record 610: {'title_id': 'https://library.oapen.org/handle/20.500.12657/61089', 'publication_title': 'History of Intellectual Culture 1/2022 Participatory Knowledge', 'title_url': 'https://patron-academic.thepalaceproject.org/ucdavis/book/https%3A%2F%2Fcdl.edu.thepalaceproject.org%2F110644%2Fworks%2FURI%252Fhttps%253A%252F%252Flibrary.oapen.org%252Fhandle%252F20.500.12657%252F61089', 'first_author': '', 'online_identifier': '', 'publisher_name': 'De Gruyter', 'publication_type': 'monograph', 'date_monograph_published_online': '2022', 'first_editor': 'Lerg, Charlotte A.', 'access_type': 'openaccess', 'source_id': '20.500.12657/61089', 'source_id_type': 'File Handle'}
Record 611: {'title_id': 'https://library.oapen.org/handle/20.500.12657/57711', 'publication_title': 'Amphibious Subjects Sasso and the Contested Politics of Queer Self-Making in Neoliberal Ghana', 'title_url': 'https://patron-academic.thepalaceproject.org/ucdavis/book/https%3A%2F%2Fcdl.edu.thepalaceproject.org%2F110644%2Fworks%2FURI%252Fhttps%253A%252F%252Flibrary.oapen.org%252Fhandle%252F20.500.12657%252F57711', 'first_author': 'Otu, Kwame Edwin', 'online_identifier': '', 'publisher_name': 'University of California Press', 'publication_type': 'monograph', 'date_monograph_published_online': '2022', 'first_editor': '', 'access_type': 'openaccess', 'source_id': '20.500.12657/57711', 'source_id_type': 'File Handle'}
Record 612: {'title_id': 'https://library.oapen.org/handle/20.500.12657/55799', 'publication_title': 'Wellbeing Alternative Policy Perspectives', 'title_url': 'https://patron-academic.thepalaceproject.org/ucdavis/book/https%3A%2F%2Fcdl.edu.thepalaceproject.org%2F110644%2Fworks%2FURI%252Fhttps%253A%252F%252Flibrary.oapen.org%252Fhandle%252F20.500.12657%252F55799', 'first_author': '', 'online_identifier': '', 'publisher_name': 'LSE Press', 'publication_type': 'monograph', 'date_monograph_published_online': '2022', 'first_editor': 'BUCELLI, IRENE', 'access_type': 'openaccess', 'source_id': '20.500.12657/55799', 'source_id_type': 'File Handle'}
Record 613: {'title_id': 'https://library.oapen.org/handle/20.500.12657/61160', 'publication_title': 'Cooking with plants in ancient Europe and beyond Interdisciplinary approaches to the archaeology of plant foods', 'title_url': 'https://patron-academic.thepalaceproject.org/ucdavis/book/https%3A%2F%2Fcdl.edu.thepalaceproject.org%2F110644%2Fworks%2FURI%252Fhttps%253A%252F%252Flibrary.oapen.org%252Fhandle%252F20.500.12657%252F61160', 'first_author': '', 'online_identifier': '', 'publisher_name': 'Sidestone Press', 'publication_type': 'monograph', 'date_monograph_published_online': '2022', 'first_editor': 'Dimoula, Anastasia', 'access_type': 'openaccess', 'source_id': '20.500.12657/61160', 'source_id_type': 'File Handle'}
Record 614: {'title_id': 'https://library.oapen.org/handle/20.500.12657/60892', 'publication_title': 'The Fifteenth Marcel Grossmann Meeting On Recent Developments In Theoretical And Experimental General Relativity, Astrophysics, And Relativistic Field Theories - Proceedings Of The Mg15 Meeting On General Relativity (In 3 Volumes)', 'title_url': 'https://patron-academic.thepalaceproject.org/ucdavis/book/https%3A%2F%2Fcdl.edu.thepalaceproject.org%2F110644%2Fworks%2FURI%252Fhttps%253A%252F%252Flibrary.oapen.org%252Fhandle%252F20.500.12657%252F60892', 'first_author': '', 'online_identifier': '', 'publisher_name': 'World Scientific Publishing Company', 'publication_type': 'monograph', 'date_monograph_published_online': '2022', 'first_editor': 'Battistelli, Elia S.', 'access_type': 'openaccess', 'source_id': '20.500.12657/60892', 'source_id_type': 'File Handle'}
Record 615: {'title_id': 'https://library.oapen.org/handle/20.500.12657/52575', 'publication_title': 'Energy Transition in the Baltic Sea Region Understanding Stakeholder Engagement and Community Acceptance', 'title_url': 'https://patron-academic.thepalaceproject.org/ucdavis/book/https%3A%2F%2Fcdl.edu.thepalaceproject.org%2F110644%2Fworks%2FURI%252Fhttps%253A%252F%252Flibrary.oapen.org%252Fhandle%252F20.500.12657%252F52575', 'first_author': '', 'online_identifier': '', 'publisher_name': 'Taylor & Francis', 'publication_type': 'monograph', 'date_monograph_published_online': '2022', 'first_editor': 'Karimi, Farid', 'access_type': 'openaccess', 'source_id': '20.500.12657/52575', 'source_id_type': 'File Handle'}
Record 616: {'title_id': 'https://library.oapen.org/handle/20.500.12657/52426', 'publication_title': 'A Climate of Justice: An Ethical Foundation for Environmentalism', 'title_url': 'https://patron-academic.thepalaceproject.org/ucdavis/book/https%3A%2F%2Fcdl.edu.thepalaceproject.org%2F110644%2Fworks%2FURI%252Fhttps%253A%252F%252Flibrary.oapen.org%252Fhandle%252F20.500.12657%252F52426', 'first_author': 'Brown, Marvin T.', 'online_identifier': '', 'publisher_name': 'Springer Nature', 'publication_type': 'monograph', 'date_monograph_published_online': '2022', 'first_editor': '', 'access_type': 'openaccess', 'source_id': '20.500.12657/52426', 'source_id_type': 'File Handle'}
Record 617: {'title_id': 'https://library.oapen.org/handle/20.500.12657/52659', 'publication_title': 'Climate Adaptation and Resilience Across Scales From Buildings to Cities', 'title_url': 'https://patron-academic.thepalaceproject.org/ucdavis/book/https%3A%2F%2Fcdl.edu.thepalaceproject.org%2F110644%2Fworks%2FURI%252Fhttps%253A%252F%252Flibrary.oapen.org%252Fhandle%252F20.500.12657%252F52659', 'first_author': '', 'online_identifier': '', 'publisher_name': 'Taylor & Francis', 'publication_type': 'monograph', 'date_monograph_published_online': '2022', 'first_editor': 'Holmes, Seth H.', 'access_type': 'openaccess', 'source_id': '20.500.12657/52659', 'source_id_type': 'File Handle'}
Record 618: {'title_id': 'https://library.oapen.org/handle/20.500.12657/53711', 'publication_title': 'Rethinking Islam in Europe Contemporary Approaches in Islamic Religious Education and Theology', 'title_url': 'https://patron-academic.thepalaceproject.org/ucdavis/book/https%3A%2F%2Fcdl.edu.thepalaceproject.org%2F110644%2Fworks%2FURI%252Fhttps%253A%252F%252Flibrary.oapen.org%252Fhandle%252F20.500.12657%252F53711', 'first_author': 'Sejdini, Zekirija', 'online_identifier': '', 'publisher_name': 'De Gruyter', 'publication_type': 'monograph', 'date_monograph_published_online': '2022', 'first_editor': '', 'access_type': 'openaccess', 'source_id': '20.500.12657/53711', 'source_id_type': 'File Handle'}
Record 619: {'title_id': 'https://library.oapen.org/handle/20.500.12657/53329', 'publication_title': 'Interlocal Adaptations to Climate Change in East and Southeast Asia Sharing Lessons of Agriculture, Disaster Risk Reduction, and Resource Management', 'title_url': 'https://patron-academic.thepalaceproject.org/ucdavis/book/https%3A%2F%2Fcdl.edu.thepalaceproject.org%2F110644%2Fworks%2FURI%252Fhttps%253A%252F%252Flibrary.oapen.org%252Fhandle%252F20.500.12657%252F53329', 'first_author': '', 'online_identifier': '', 'publisher_name': 'Springer Nature', 'publication_type': 'monograph', 'date_monograph_published_online': '2022', 'first_editor': 'Ishikawa-Ishiwata, Yuki', 'access_type': 'openaccess', 'source_id': '20.500.12657/53329', 'source_id_type': 'File Handle'}
Record 620: {'title_id': 'https://library.oapen.org/handle/20.500.12657/54020', 'publication_title': 'Organizational, Motivational, and Cultural Contexts of Volunteering The European View', 'title_url': 'https://patron-academic.thepalaceproject.org/ucdavis/book/https%3A%2F%2Fcdl.edu.thepalaceproject.org%2F110644%2Fworks%2FURI%252Fhttps%253A%252F%252Flibrary.oapen.org%252Fhandle%252F20.500.12657%252F54020', 'first_author': '', 'online_identifier': '', 'publisher_name': 'Springer Nature', 'publication_type': 'monograph', 'date_monograph_published_online': '2022', 'first_editor': '', 'access_type': 'openaccess', 'source_id': '20.500.12657/54020', 'source_id_type': 'File Handle'}
Record 621: {'title_id': 'https://library.oapen.org/handle/20.500.12657/54455', 'publication_title': 'IAEA Atlas of Cardiac PET/CT A Case-Study Approach', 'title_url': 'https://patron-academic.thepalaceproject.org/ucdavis/book/https%3A%2F%2Fcdl.edu.thepalaceproject.org%2F110644%2Fworks%2FURI%252Fhttps%253A%252F%252Flibrary.oapen.org%252Fhandle%252F20.500.12657%252F54455', 'first_author': '', 'online_identifier': '', 'publisher_name': 'Springer Nature', 'publication_type': 'monograph', 'date_monograph_published_online': '2022', 'first_editor': 'Di Carli, Marcelo F.', 'access_type': 'openaccess', 'source_id': '20.500.12657/54455', 'source_id_type': 'File Handle'}
Record 622: {'title_id': 'https://library.oapen.org/handle/20.500.12657/57661', 'publication_title': 'In the borderland between song and speech Vocal expressions in oral cultures', 'title_url': 'https://patron-academic.thepalaceproject.org/ucdavis/book/https%3A%2F%2Fcdl.edu.thepalaceproject.org%2F110644%2Fworks%2FURI%252Fhttps%253A%252F%252Flibrary.oapen.org%252Fhandle%252F20.500.12657%252F57661', 'first_author': '', 'online_identifier': '', 'publisher_name': 'Lund University Press', 'publication_type': 'monograph', 'date_monograph_published_online': '2022', 'first_editor': 'Lundström, Håkan', 'access_type': 'openaccess', 'source_id': '20.500.12657/57661', 'source_id_type': 'File Handle'}
Record 623: {'title_id': 'https://library.oapen.org/handle/20.500.12657/60700', 'publication_title': 'Cultures in Mountain Areas / Culture in aree di montagna / Kulturen in Gebirgsregionen Comparative Perspectives / Prospettive comparative / Vergleichende Perspektiven', 'title_url': 'https://patron-academic.thepalaceproject.org/ucdavis/book/https%3A%2F%2Fcdl.edu.thepalaceproject.org%2F110644%2Fworks%2FURI%252Fhttps%253A%252F%252Flibrary.oapen.org%252Fhandle%252F20.500.12657%252F60700', 'first_author': '', 'online_identifier': '', 'publisher_name': 'bu,press', 'publication_type': 'monograph', 'date_monograph_published_online': '2022', 'first_editor': 'Boos, Tobias', 'access_type': 'openaccess', 'source_id': '20.500.12657/60700', 'source_id_type': 'File Handle'}
Record 624: {'title_id': 'https://library.oapen.org/handle/20.500.12657/54213', 'publication_title': 'European Investment Bank Activity Report 2021 The innovation response', 'title_url': 'https://patron-academic.thepalaceproject.org/ucdavis/book/https%3A%2F%2Fcdl.edu.thepalaceproject.org%2F110644%2Fworks%2FURI%252Fhttps%253A%252F%252Flibrary.oapen.org%252Fhandle%252F20.500.12657%252F54213', 'first_author': 'Bank, European Investment', 'online_identifier': '', 'publisher_name': 'European Investment Bank', 'publication_type': 'monograph', 'date_monograph_published_online': '2022', 'first_editor': '', 'access_type': 'openaccess', 'source_id': '20.500.12657/54213', 'source_id_type': 'File Handle'}
Record 625: {'title_id': 'https://library.oapen.org/handle/20.500.12657/52953', 'publication_title': 'NMR micro-detectors tailored for multinuclear and electrochemistry lab-on-a-chip applications', 'title_url': 'https://patron-academic.thepalaceproject.org/ucdavis/book/https%3A%2F%2Fcdl.edu.thepalaceproject.org%2F110644%2Fworks%2FURI%252Fhttps%253A%252F%252Flibrary.oapen.org%252Fhandle%252F20.500.12657%252F52953', 'first_author': 'Davoodi, Hossein', 'online_identifier': '', 'publisher_name': 'KIT Scientific Publishing', 'publication_type': 'monograph', 'date_monograph_published_online': '2022', 'first_editor': '', 'access_type': 'openaccess', 'source_id': '20.500.12657/52953', 'source_id_type': 'File Handle'}
Record 626: {'title_id': 'https://library.oapen.org/handle/20.500.12657/52449', 'publication_title': 'Die explorative Tympanoskopie mit Obliteration des runden/ovalen Fensters in der Behandlung des Hörsturzes State of the Art', 'title_url': 'https://patron-academic.thepalaceproject.org/ucdavis/book/https%3A%2F%2Fcdl.edu.thepalaceproject.org%2F110644%2Fworks%2FURI%252Fhttps%253A%252F%252Flibrary.oapen.org%252Fhandle%252F20.500.12657%252F52449', 'first_author': 'Eichhorn, Thomas', 'online_identifier': '', 'publisher_name': 'Springer Nature', 'publication_type': 'monograph', 'date_monograph_published_online': '2022', 'first_editor': '', 'access_type': 'openaccess', 'source_id': '20.500.12657/52449', 'source_id_type': 'File Handle'}
Record 627: {'title_id': 'https://library.oapen.org/handle/20.500.12657/59685', 'publication_title': 'Topics of Thought The Logic of Knowledge, Belief, Imagination', 'title_url': 'https://patron-academic.thepalaceproject.org/ucdavis/book/https%3A%2F%2Fcdl.edu.thepalaceproject.org%2F110644%2Fworks%2FURI%252Fhttps%253A%252F%252Flibrary.oapen.org%252Fhandle%252F20.500.12657%252F59685', 'first_author': 'Berto, Francesco', 'online_identifier': '', 'publisher_name': 'Oxford University Press', 'publication_type': 'monograph', 'date_monograph_published_online': '2022', 'first_editor': '', 'access_type': 'openaccess', 'source_id': '20.500.12657/59685', 'source_id_type': 'File Handle'}
Record 628: {'title_id': 'https://library.oapen.org/handle/20.500.12657/54028', 'publication_title': 'Programming Languages and Systems 31st European Symposium on Programming, ESOP 2022, Held as Part of the European Joint Conferences on Theory and Practice of Software, ETAPS 2022, Munich, Germany, April 2–7, 2022, Proceedings', 'title_url': 'https://patron-academic.thepalaceproject.org/ucdavis/book/https%3A%2F%2Fcdl.edu.thepalaceproject.org%2F110644%2Fworks%2FURI%252Fhttps%253A%252F%252Flibrary.oapen.org%252Fhandle%252F20.500.12657%252F54028', 'first_author': 'Sergey, Ilya', 'online_identifier': '', 'publisher_name': 'Springer Nature', 'publication_type': 'monograph', 'date_monograph_published_online': '2022', 'first_editor': '', 'access_type': 'openaccess', 'source_id': '20.500.12657/54028', 'source_id_type': 'File Handle'}
Record 629: {'title_id': 'https://library.oapen.org/handle/20.500.12657/56948', 'publication_title': 'The Notion of »holy« in Ancient Armenian Texts from the Fifth Century CE A Comparative Approach Using Digital Tools and Methods', 'title_url': 'https://patron-academic.thepalaceproject.org/ucdavis/book/https%3A%2F%2Fcdl.edu.thepalaceproject.org%2F110644%2Fworks%2FURI%252Fhttps%253A%252F%252Flibrary.oapen.org%252Fhandle%252F20.500.12657%252F56948', 'first_author': 'Jurczyk, Thomas', 'online_identifier': '', 'publisher_name': 'Bielefeld University Press', 'publication_type': 'monograph', 'date_monograph_published_online': '2022', 'first_editor': '', 'access_type': 'openaccess', 'source_id': '20.500.12657/56948', 'source_id_type': 'File Handle'}
Record 630: {'title_id': 'https://library.oapen.org/handle/20.500.12657/56948', 'publication_title': 'The Notion of »holy« in Ancient Armenian Texts from the Fifth Century CE A Comparative Approach Using Digital Tools and Methods', 'title_url': 'https://patron-academic.thepalaceproject.org/ucdavis/book/https%3A%2F%2Fcdl.edu.thepalaceproject.org%2F110644%2Fworks%2FURI%252Fhttps%253A%252F%252Flibrary.oapen.org%252Fhandle%252F20.500.12657%252F56948', 'first_author': 'Jurczyk, Thomas', 'online_identifier': '', 'publisher_name': 'Bielefeld University Press', 'publication_type': 'monograph', 'date_monograph_published_online': '2022', 'first_editor': '', 'access_type': 'openaccess', 'source_id': '20.500.12657/56948', 'source_id_type': 'File Handle'}
Record 631: {'title_id': 'https://library.oapen.org/handle/20.500.12657/53094', 'publication_title': 'Claiming Home Migration Biographies and Everyday Lives of Queer Migrant Women in Switzerland', 'title_url': 'https://patron-academic.thepalaceproject.org/ucdavis/book/https%3A%2F%2Fcdl.edu.thepalaceproject.org%2F110644%2Fworks%2FURI%252Fhttps%253A%252F%252Flibrary.oapen.org%252Fhandle%252F20.500.12657%252F53094', 'first_author': 'Büchler, Tina', 'online_identifier': '', 'publisher_name': 'transcript Verlag', 'publication_type': 'monograph', 'date_monograph_published_online': '2022', 'first_editor': '', 'access_type': 'openaccess', 'source_id': '20.500.12657/53094', 'source_id_type': 'File Handle'}
Record 632: {'title_id': 'https://library.oapen.org/handle/20.500.12657/58544', 'publication_title': 'Working for Canada A Pilgrimage in Foreign Affairs from the New World Order to the Rise of Populism', 'title_url': 'https://patron-academic.thepalaceproject.org/ucdavis/book/https%3A%2F%2Fcdl.edu.thepalaceproject.org%2F110644%2Fworks%2FURI%252Fhttps%253A%252F%252Flibrary.oapen.org%252Fhandle%252F20.500.12657%252F58544', 'first_author': 'White, Geoff', 'online_identifier': '', 'publisher_name': 'University of Calgary Press', 'publication_type': 'monograph', 'date_monograph_published_online': '2022', 'first_editor': '', 'access_type': 'openaccess', 'source_id': '20.500.12657/58544', 'source_id_type': 'File Handle'}
Record 633: {'title_id': 'https://library.oapen.org/handle/20.500.12657/57810', 'publication_title': 'Jeremy Bentham and Australia Convicts, utility and empire', 'title_url': 'https://patron-academic.thepalaceproject.org/ucdavis/book/https%3A%2F%2Fcdl.edu.thepalaceproject.org%2F110644%2Fworks%2FURI%252Fhttps%253A%252F%252Flibrary.oapen.org%252Fhandle%252F20.500.12657%252F57810', 'first_author': '', 'online_identifier': '', 'publisher_name': 'UCL Press', 'publication_type': 'monograph', 'date_monograph_published_online': '2022', 'first_editor': 'Causer, Tim', 'access_type': 'openaccess', 'source_id': '20.500.12657/57810', 'source_id_type': 'File Handle'}
Record 634: {'title_id': 'https://library.oapen.org/handle/20.500.12657/57299', 'publication_title': 'Governing the Sustainable Development Goals Quantification in Global Public Policy', 'title_url': 'https://patron-academic.thepalaceproject.org/ucdavis/book/https%3A%2F%2Fcdl.edu.thepalaceproject.org%2F110644%2Fworks%2FURI%252Fhttps%253A%252F%252Flibrary.oapen.org%252Fhandle%252F20.500.12657%252F57299', 'first_author': '', 'online_identifier': '', 'publisher_name': 'Springer Nature', 'publication_type': 'monograph', 'date_monograph_published_online': '2022', 'first_editor': '', 'access_type': 'openaccess', 'source_id': '20.500.12657/57299', 'source_id_type': 'File Handle'}
Record 635: {'title_id': 'https://library.oapen.org/handle/20.500.12657/87100', 'publication_title': 'The Chronographia of George the Synkellos and Theophanes The Ends of Time in Ninth-Century Constantinople', 'title_url': 'https://patron-academic.thepalaceproject.org/ucdavis/book/https%3A%2F%2Fcdl.edu.thepalaceproject.org%2F110644%2Fworks%2FURI%252Fhttps%253A%252F%252Flibrary.oapen.org%252Fhandle%252F20.500.12657%252F87100', 'first_author': 'Torgerson, Jesse W.', 'online_identifier': '', 'publisher_name': 'Brill', 'publication_type': 'monograph', 'date_monograph_published_online': '2022', 'first_editor': '', 'access_type': 'openaccess', 'source_id': '20.500.12657/87100', 'source_id_type': 'File Handle'}
Record 636: {'title_id': 'https://library.oapen.org/handle/20.500.12657/58350', 'publication_title': 'Kommunikation und Bildverarbeitung in der Automation Ausgewählte Beiträge der Jahreskolloquien KommA und BVAu 2020', 'title_url': 'https://patron-academic.thepalaceproject.org/ucdavis/book/https%3A%2F%2Fcdl.edu.thepalaceproject.org%2F110644%2Fworks%2FURI%252Fhttps%253A%252F%252Flibrary.oapen.org%252Fhandle%252F20.500.12657%252F58350', 'first_author': '', 'online_identifier': '', 'publisher_name': 'Springer Nature', 'publication_type': 'monograph', 'date_monograph_published_online': '2022', 'first_editor': 'Jasperneite, Jürgen', 'access_type': 'openaccess', 'source_id': '20.500.12657/58350', 'source_id_type': 'File Handle'}
Record 637: {'title_id': 'https://library.oapen.org/handle/20.500.12657/54155', 'publication_title': 'Photocatalytic Water and Wastewater Treatment', 'title_url': 'https://patron-academic.thepalaceproject.org/ucdavis/book/https%3A%2F%2Fcdl.edu.thepalaceproject.org%2F110644%2Fworks%2FURI%252Fhttps%253A%252F%252Flibrary.oapen.org%252Fhandle%252F20.500.12657%252F54155', 'first_author': 'Barzagan, Alireza', 'online_identifier': '', 'publisher_name': 'IWA Publishing', 'publication_type': 'monograph', 'date_monograph_published_online': '2022', 'first_editor': '', 'access_type': 'openaccess', 'source_id': '20.500.12657/54155', 'source_id_type': 'File Handle'}
Record 638: {'title_id': 'https://library.oapen.org/handle/20.500.12657/53079', 'publication_title': 'Climate Crisis Economics', 'title_url': 'https://patron-academic.thepalaceproject.org/ucdavis/book/https%3A%2F%2Fcdl.edu.thepalaceproject.org%2F110644%2Fworks%2FURI%252Fhttps%253A%252F%252Flibrary.oapen.org%252Fhandle%252F20.500.12657%252F53079', 'first_author': 'Mackintosh, Stuart P. M.', 'online_identifier': '', 'publisher_name': 'Taylor & Francis', 'publication_type': 'monograph', 'date_monograph_published_online': '2022', 'first_editor': '', 'access_type': 'openaccess', 'source_id': '20.500.12657/53079', 'source_id_type': 'File Handle'}
Record 639: {'title_id': 'https://library.oapen.org/handle/20.500.12657/59665', 'publication_title': 'Unruly Narrative Private Property, Self-Making, and Toni Morrison’s ›A Mercy‹', 'title_url': 'https://patron-academic.thepalaceproject.org/ucdavis/book/https%3A%2F%2Fcdl.edu.thepalaceproject.org%2F110644%2Fworks%2FURI%252Fhttps%253A%252F%252Flibrary.oapen.org%252Fhandle%252F20.500.12657%252F59665', 'first_author': 'Spatzek, Samira', 'online_identifier': '', 'publisher_name': 'De Gruyter', 'publication_type': 'monograph', 'date_monograph_published_online': '2022', 'first_editor': '', 'access_type': 'openaccess', 'source_id': '20.500.12657/59665', 'source_id_type': 'File Handle'}
Record 640: {'title_id': 'https://library.oapen.org/handle/20.500.12657/57076', 'publication_title': 'Virtual Reality Methods A Guide for Researchers in the Social Sciences and Humanities', 'title_url': 'https://patron-academic.thepalaceproject.org/ucdavis/book/https%3A%2F%2Fcdl.edu.thepalaceproject.org%2F110644%2Fworks%2FURI%252Fhttps%253A%252F%252Flibrary.oapen.org%252Fhandle%252F20.500.12657%252F57076', 'first_author': '', 'online_identifier': '', 'publisher_name': 'Policy Press', 'publication_type': 'monograph', 'date_monograph_published_online': '2022', 'first_editor': '', 'access_type': 'openaccess', 'source_id': '20.500.12657/57076', 'source_id_type': 'File Handle'}
Record 641: {'title_id': 'https://library.oapen.org/handle/20.500.12657/52654', 'publication_title': "Honouring a Nation A History of Australia's Honours System", 'title_url': 'https://patron-academic.thepalaceproject.org/ucdavis/book/https%3A%2F%2Fcdl.edu.thepalaceproject.org%2F110644%2Fworks%2FURI%252Fhttps%253A%252F%252Flibrary.oapen.org%252Fhandle%252F20.500.12657%252F52654', 'first_author': 'Fox, Karen', 'online_identifier': '', 'publisher_name': 'ANU Press', 'publication_type': 'monograph', 'date_monograph_published_online': '2022', 'first_editor': '', 'access_type': 'openaccess', 'source_id': '20.500.12657/52654', 'source_id_type': 'File Handle'}
Record 642: {'title_id': 'https://library.oapen.org/handle/20.500.12657/89679', 'publication_title': 'The Poetics and Politics of Invective Humor Disparagement in Contemporary Female-Led US Sitcoms', 'title_url': 'https://patron-academic.thepalaceproject.org/ucdavis/book/https%3A%2F%2Fcdl.edu.thepalaceproject.org%2F110644%2Fworks%2FURI%252Fhttps%253A%252F%252Flibrary.oapen.org%252Fhandle%252F20.500.12657%252F89679', 'first_author': 'Schulze, Katja', 'online_identifier': '', 'publisher_name': 'transcript Verlag', 'publication_type': 'monograph', 'date_monograph_published_online': '2022', 'first_editor': '', 'access_type': 'openaccess', 'source_id': '20.500.12657/89679', 'source_id_type': 'File Handle'}
Record 643: {'title_id': 'https://library.oapen.org/handle/20.500.12657/54412', 'publication_title': 'Jesuit and English Experiences at the Mughal Court, c. 1580–1615', 'title_url': 'https://patron-academic.thepalaceproject.org/ucdavis/book/https%3A%2F%2Fcdl.edu.thepalaceproject.org%2F110644%2Fworks%2FURI%252Fhttps%253A%252F%252Flibrary.oapen.org%252Fhandle%252F20.500.12657%252F54412', 'first_author': 'Melo, João Vicente', 'online_identifier': '', 'publisher_name': 'Springer Nature', 'publication_type': 'monograph', 'date_monograph_published_online': '2022', 'first_editor': '', 'access_type': 'openaccess', 'source_id': '20.500.12657/54412', 'source_id_type': 'File Handle'}
Record 644: {'title_id': 'https://library.oapen.org/handle/20.500.12657/59695', 'publication_title': 'Passages Moving beyond liminality in the study of literature and culture', 'title_url': 'https://patron-academic.thepalaceproject.org/ucdavis/book/https%3A%2F%2Fcdl.edu.thepalaceproject.org%2F110644%2Fworks%2FURI%252Fhttps%253A%252F%252Flibrary.oapen.org%252Fhandle%252F20.500.12657%252F59695', 'first_author': '', 'online_identifier': '', 'publisher_name': 'UCL Press', 'publication_type': 'monograph', 'date_monograph_published_online': '2022', 'first_editor': 'Kovach, Elizabeth', 'access_type': 'openaccess', 'source_id': '20.500.12657/59695', 'source_id_type': 'File Handle'}
Record 645: {'title_id': 'https://library.oapen.org/handle/20.500.12657/58873', 'publication_title': 'Street Football, Gender and Muslim Youth in the Netherlands Girls Who Kick Back', 'title_url': 'https://patron-academic.thepalaceproject.org/ucdavis/book/https%3A%2F%2Fcdl.edu.thepalaceproject.org%2F110644%2Fworks%2FURI%252Fhttps%253A%252F%252Flibrary.oapen.org%252Fhandle%252F20.500.12657%252F58873', 'first_author': 'Bogert, Kathrine van den', 'online_identifier': '', 'publisher_name': 'Bloomsbury Academic', 'publication_type': 'monograph', 'date_monograph_published_online': '2022', 'first_editor': '', 'access_type': 'openaccess', 'source_id': '20.500.12657/58873', 'source_id_type': 'File Handle'}
Record 646: {'title_id': 'https://library.oapen.org/handle/20.500.12657/61129', 'publication_title': 'Mapping the Sensible Distribution, Inscription, Cinematic Thinking', 'title_url': 'https://patron-academic.thepalaceproject.org/ucdavis/book/https%3A%2F%2Fcdl.edu.thepalaceproject.org%2F110644%2Fworks%2FURI%252Fhttps%253A%252F%252Flibrary.oapen.org%252Fhandle%252F20.500.12657%252F61129', 'first_author': '', 'online_identifier': '', 'publisher_name': 'De Gruyter', 'publication_type': 'monograph', 'date_monograph_published_online': '2022', 'first_editor': '', 'access_type': 'openaccess', 'source_id': '20.500.12657/61129', 'source_id_type': 'File Handle'}
Record 647: {'title_id': 'https://library.oapen.org/handle/20.500.12657/58615', 'publication_title': 'Bioimage Data Analysis Workflows ‒ Advanced Components and Methods', 'title_url': 'https://patron-academic.thepalaceproject.org/ucdavis/book/https%3A%2F%2Fcdl.edu.thepalaceproject.org%2F110644%2Fworks%2FURI%252Fhttps%253A%252F%252Flibrary.oapen.org%252Fhandle%252F20.500.12657%252F58615', 'first_author': '', 'online_identifier': '', 'publisher_name': 'Springer Nature', 'publication_type': 'monograph', 'date_monograph_published_online': '2022', 'first_editor': 'Miura, Kota', 'access_type': 'openaccess', 'source_id': '20.500.12657/58615', 'source_id_type': 'File Handle'}
Record 648: {'title_id': 'https://library.oapen.org/handle/20.500.12657/58006', 'publication_title': 'Contesting Cosmopolitan Europe Euroscepticism, Crisis and Borders', 'title_url': 'https://patron-academic.thepalaceproject.org/ucdavis/book/https%3A%2F%2Fcdl.edu.thepalaceproject.org%2F110644%2Fworks%2FURI%252Fhttps%253A%252F%252Flibrary.oapen.org%252Fhandle%252F20.500.12657%252F58006', 'first_author': '', 'online_identifier': '', 'publisher_name': 'Amsterdam University Press', 'publication_type': 'monograph', 'date_monograph_published_online': '2022', 'first_editor': 'Foley, James', 'access_type': 'openaccess', 'source_id': '20.500.12657/58006', 'source_id_type': 'File Handle'}
Record 649: {'title_id': 'https://library.oapen.org/handle/20.500.12657/58007', 'publication_title': 'Persons of Interest An Intimate Account of Cecily and John Burton', 'title_url': 'https://patron-academic.thepalaceproject.org/ucdavis/book/https%3A%2F%2Fcdl.edu.thepalaceproject.org%2F110644%2Fworks%2FURI%252Fhttps%253A%252F%252Flibrary.oapen.org%252Fhandle%252F20.500.12657%252F58007', 'first_author': '', 'online_identifier': '', 'publisher_name': 'ANU Press', 'publication_type': 'monograph', 'date_monograph_published_online': '2022', 'first_editor': '', 'access_type': 'openaccess', 'source_id': '20.500.12657/58007', 'source_id_type': 'File Handle'}
Record 650: {'title_id': 'https://library.oapen.org/handle/20.500.12657/53117', 'publication_title': 'Macrocriminology and Freedom', 'title_url': 'https://patron-academic.thepalaceproject.org/ucdavis/book/https%3A%2F%2Fcdl.edu.thepalaceproject.org%2F110644%2Fworks%2FURI%252Fhttps%253A%252F%252Flibrary.oapen.org%252Fhandle%252F20.500.12657%252F53117', 'first_author': 'Braithwaite, John', 'online_identifier': '', 'publisher_name': 'ANU Press', 'publication_type': 'monograph', 'date_monograph_published_online': '2022', 'first_editor': '', 'access_type': 'openaccess', 'source_id': '20.500.12657/53117', 'source_id_type': 'File Handle'}
Record 651: {'title_id': 'https://library.oapen.org/handle/20.500.12657/57206', 'publication_title': "The World's First Full Press Freedom The Radical Experiment of Denmark-Norway 1770–1773", 'title_url': 'https://patron-academic.thepalaceproject.org/ucdavis/book/https%3A%2F%2Fcdl.edu.thepalaceproject.org%2F110644%2Fworks%2FURI%252Fhttps%253A%252F%252Flibrary.oapen.org%252Fhandle%252F20.500.12657%252F57206', 'first_author': '', 'online_identifier': '', 'publisher_name': 'De Gruyter', 'publication_type': 'monograph', 'date_monograph_published_online': '2022', 'first_editor': '', 'access_type': 'openaccess', 'source_id': '20.500.12657/57206', 'source_id_type': 'File Handle'}
Record 652: {'title_id': 'https://library.oapen.org/handle/20.500.12657/53189', 'publication_title': 'Learning, Marginalization, and Improving the Quality of Education in Low-income Countries', 'title_url': 'https://patron-academic.thepalaceproject.org/ucdavis/book/https%3A%2F%2Fcdl.edu.thepalaceproject.org%2F110644%2Fworks%2FURI%252Fhttps%253A%252F%252Flibrary.oapen.org%252Fhandle%252F20.500.12657%252F53189', 'first_author': '', 'online_identifier': '', 'publisher_name': 'Open Book Publishers', 'publication_type': 'monograph', 'date_monograph_published_online': '2022', 'first_editor': 'Castillo, Nathan', 'access_type': 'openaccess', 'source_id': '20.500.12657/53189', 'source_id_type': 'File Handle'}
Record 653: {'title_id': 'https://library.oapen.org/handle/20.500.12657/59874', 'publication_title': 'Sweden’s Pandemic Experiment', 'title_url': 'https://patron-academic.thepalaceproject.org/ucdavis/book/https%3A%2F%2Fcdl.edu.thepalaceproject.org%2F110644%2Fworks%2FURI%252Fhttps%253A%252F%252Flibrary.oapen.org%252Fhandle%252F20.500.12657%252F59874', 'first_author': '', 'online_identifier': '', 'publisher_name': 'Taylor & Francis', 'publication_type': 'monograph', 'date_monograph_published_online': '2022', 'first_editor': 'Bergmann, Sigurd', 'access_type': 'openaccess', 'source_id': '20.500.12657/59874', 'source_id_type': 'File Handle'}
Record 654: {'title_id': 'https://library.oapen.org/handle/20.500.12657/61946', 'publication_title': 'Students’ participation in university governance in South Africa', 'title_url': 'https://patron-academic.thepalaceproject.org/ucdavis/book/https%3A%2F%2Fcdl.edu.thepalaceproject.org%2F110644%2Fworks%2FURI%252Fhttps%253A%252F%252Flibrary.oapen.org%252Fhandle%252F20.500.12657%252F61946', 'first_author': 'Mthethwa, Vuyo', 'online_identifier': '', 'publisher_name': 'AOSIS', 'publication_type': 'monograph', 'date_monograph_published_online': '2022', 'first_editor': '', 'access_type': 'openaccess', 'source_id': '20.500.12657/61946', 'source_id_type': 'File Handle'}
Record 655: {'title_id': 'https://library.oapen.org/handle/20.500.12657/60600', 'publication_title': 'Linguística clínica Modelos, avaliação e intervenção', 'title_url': 'https://patron-academic.thepalaceproject.org/ucdavis/book/https%3A%2F%2Fcdl.edu.thepalaceproject.org%2F110644%2Fworks%2FURI%252Fhttps%253A%252F%252Flibrary.oapen.org%252Fhandle%252F20.500.12657%252F60600', 'first_author': '', 'online_identifier': '', 'publisher_name': 'Language Science Press', 'publication_type': 'monograph', 'date_monograph_published_online': '2022', 'first_editor': 'Alves, Dina Caetano', 'access_type': 'openaccess', 'source_id': '20.500.12657/60600', 'source_id_type': 'File Handle'}
Record 656: {'title_id': 'https://library.oapen.org/handle/20.500.12657/53302', 'publication_title': 'Covid, Crisis, Care, and Change? International Gender Perspectives on Re/Production, State and Feminist Transitions', 'title_url': 'https://patron-academic.thepalaceproject.org/ucdavis/book/https%3A%2F%2Fcdl.edu.thepalaceproject.org%2F110644%2Fworks%2FURI%252Fhttps%253A%252F%252Flibrary.oapen.org%252Fhandle%252F20.500.12657%252F53302', 'first_author': '', 'online_identifier': '', 'publisher_name': 'Verlag Barbara Budrich', 'publication_type': 'monograph', 'date_monograph_published_online': '2022', 'first_editor': 'Kupfer, Antonia', 'access_type': 'openaccess', 'source_id': '20.500.12657/53302', 'source_id_type': 'File Handle'}
Record 657: {'title_id': 'https://library.oapen.org/handle/20.500.12657/64086', 'publication_title': 'Out of Place An Autoethnography of Postcolonial Citizenship', 'title_url': 'https://patron-academic.thepalaceproject.org/ucdavis/book/https%3A%2F%2Fcdl.edu.thepalaceproject.org%2F110644%2Fworks%2FURI%252Fhttps%253A%252F%252Flibrary.oapen.org%252Fhandle%252F20.500.12657%252F64086', 'first_author': 'Davids, Nuraan', 'online_identifier': '', 'publisher_name': 'African Minds', 'publication_type': 'monograph', 'date_monograph_published_online': '2022', 'first_editor': '', 'access_type': 'openaccess', 'source_id': '20.500.12657/64086', 'source_id_type': 'File Handle'}
Record 658: {'title_id': 'https://library.oapen.org/handle/20.500.12657/60128', 'publication_title': 'Civic Continuities in an Age of Revolutionary Change, c.1750–1850 Europe and the Americas', 'title_url': 'https://patron-academic.thepalaceproject.org/ucdavis/book/https%3A%2F%2Fcdl.edu.thepalaceproject.org%2F110644%2Fworks%2FURI%252Fhttps%253A%252F%252Flibrary.oapen.org%252Fhandle%252F20.500.12657%252F60128', 'first_author': '', 'online_identifier': '', 'publisher_name': 'Springer Nature', 'publication_type': 'monograph', 'date_monograph_published_online': '2022', 'first_editor': 'Pollmann, Judith', 'access_type': 'openaccess', 'source_id': '20.500.12657/60128', 'source_id_type': 'File Handle'}
Record 659: {'title_id': 'https://library.oapen.org/handle/20.500.12657/53680', 'publication_title': 'Everyday Automation Experiencing and Anticipating Emerging Technologies', 'title_url': 'https://patron-academic.thepalaceproject.org/ucdavis/book/https%3A%2F%2Fcdl.edu.thepalaceproject.org%2F110644%2Fworks%2FURI%252Fhttps%253A%252F%252Flibrary.oapen.org%252Fhandle%252F20.500.12657%252F53680', 'first_author': '', 'online_identifier': '', 'publisher_name': 'Taylor & Francis', 'publication_type': 'monograph', 'date_monograph_published_online': '2022', 'first_editor': 'Berg, Martin', 'access_type': 'openaccess', 'source_id': '20.500.12657/53680', 'source_id_type': 'File Handle'}
Record 660: {'title_id': 'https://library.oapen.org/handle/20.500.12657/53679', 'publication_title': 'Biocultural Rights, Indigenous Peoples and Local Communities Protecting Culture and the Environment', 'title_url': 'https://patron-academic.thepalaceproject.org/ucdavis/book/https%3A%2F%2Fcdl.edu.thepalaceproject.org%2F110644%2Fworks%2FURI%252Fhttps%253A%252F%252Flibrary.oapen.org%252Fhandle%252F20.500.12657%252F53679', 'first_author': '', 'online_identifier': '', 'publisher_name': 'Taylor & Francis', 'publication_type': 'monograph', 'date_monograph_published_online': '2022', 'first_editor': 'Frison, Christine', 'access_type': 'openaccess', 'source_id': '20.500.12657/53679', 'source_id_type': 'File Handle'}
Record 661: {'title_id': 'https://library.oapen.org/handle/20.500.12657/52186', 'publication_title': 'Sociology of Law as the Science of Norms', 'title_url': 'https://patron-academic.thepalaceproject.org/ucdavis/book/https%3A%2F%2Fcdl.edu.thepalaceproject.org%2F110644%2Fworks%2FURI%252Fhttps%253A%252F%252Flibrary.oapen.org%252Fhandle%252F20.500.12657%252F52186', 'first_author': 'Hydén, Håkan', 'online_identifier': '', 'publisher_name': 'Taylor & Francis', 'publication_type': 'monograph', 'date_monograph_published_online': '2022', 'first_editor': '', 'access_type': 'openaccess', 'source_id': '20.500.12657/52186', 'source_id_type': 'File Handle'}
Record 662: {'title_id': 'https://library.oapen.org/handle/20.500.12657/62026', 'publication_title': 'Spatial Revolution Architecture and Planning in the Early Soviet Union', 'title_url': 'https://patron-academic.thepalaceproject.org/ucdavis/book/https%3A%2F%2Fcdl.edu.thepalaceproject.org%2F110644%2Fworks%2FURI%252Fhttps%253A%252F%252Flibrary.oapen.org%252Fhandle%252F20.500.12657%252F62026', 'first_author': 'Crawford, Christina E.', 'online_identifier': '', 'publisher_name': 'Cornell University Press', 'publication_type': 'monograph', 'date_monograph_published_online': '2022', 'first_editor': '', 'access_type': 'openaccess', 'source_id': '20.500.12657/62026', 'source_id_type': 'File Handle'}
Record 663: {'title_id': 'https://library.oapen.org/handle/20.500.12657/53016', 'publication_title': 'Translation and Social Media Communication in the Age of the Pandemic', 'title_url': 'https://patron-academic.thepalaceproject.org/ucdavis/book/https%3A%2F%2Fcdl.edu.thepalaceproject.org%2F110644%2Fworks%2FURI%252Fhttps%253A%252F%252Flibrary.oapen.org%252Fhandle%252F20.500.12657%252F53016', 'first_author': '', 'online_identifier': '', 'publisher_name': 'Taylor & Francis', 'publication_type': 'monograph', 'date_monograph_published_online': '2022', 'first_editor': 'Lee, Tong King', 'access_type': 'openaccess', 'source_id': '20.500.12657/53016', 'source_id_type': 'File Handle'}
Record 664: {'title_id': 'https://library.oapen.org/handle/20.500.12657/61188', 'publication_title': 'The Historical Construction of National Consciousness Selected Writings', 'title_url': 'https://patron-academic.thepalaceproject.org/ucdavis/book/https%3A%2F%2Fcdl.edu.thepalaceproject.org%2F110644%2Fworks%2FURI%252Fhttps%253A%252F%252Flibrary.oapen.org%252Fhandle%252F20.500.12657%252F61188', 'first_author': '', 'online_identifier': '', 'publisher_name': 'Central European University Press', 'publication_type': 'monograph', 'date_monograph_published_online': '2022', 'first_editor': 'Gyáni, Gábor', 'access_type': 'openaccess', 'source_id': '20.500.12657/61188', 'source_id_type': 'File Handle'}
Record 665: {'title_id': 'https://library.oapen.org/handle/20.500.12657/62198', 'publication_title': 'Advancing Equity Planning Now', 'title_url': 'https://patron-academic.thepalaceproject.org/ucdavis/book/https%3A%2F%2Fcdl.edu.thepalaceproject.org%2F110644%2Fworks%2FURI%252Fhttps%253A%252F%252Flibrary.oapen.org%252Fhandle%252F20.500.12657%252F62198', 'first_author': '', 'online_identifier': '', 'publisher_name': 'Cornell University Press', 'publication_type': 'monograph', 'date_monograph_published_online': '2022', 'first_editor': 'Hexter, Kathryn Wertheim', 'access_type': 'openaccess', 'source_id': '20.500.12657/62198', 'source_id_type': 'File Handle'}
Record 666: {'title_id': 'https://library.oapen.org/handle/20.500.12657/57564', 'publication_title': 'Reducing the Greenhouse Gas Emissions of Water and Sanitation Services Overview of emissions and their potential reduction illustrated by utility know-how', 'title_url': 'https://patron-academic.thepalaceproject.org/ucdavis/book/https%3A%2F%2Fcdl.edu.thepalaceproject.org%2F110644%2Fworks%2FURI%252Fhttps%253A%252F%252Flibrary.oapen.org%252Fhandle%252F20.500.12657%252F57564', 'first_author': '', 'online_identifier': '', 'publisher_name': 'IWA Publishing', 'publication_type': 'monograph', 'date_monograph_published_online': '2022', 'first_editor': 'Alix, Alexandre', 'access_type': 'openaccess', 'source_id': '20.500.12657/57564', 'source_id_type': 'File Handle'}
Record 667: {'title_id': 'https://library.oapen.org/handle/20.500.12657/60289', 'publication_title': 'Cultural China 2021 The Contemporary China Centre Review', 'title_url': 'https://patron-academic.thepalaceproject.org/ucdavis/book/https%3A%2F%2Fcdl.edu.thepalaceproject.org%2F110644%2Fworks%2FURI%252Fhttps%253A%252F%252Flibrary.oapen.org%252Fhandle%252F20.500.12657%252F60289', 'first_author': '', 'online_identifier': '', 'publisher_name': 'University of Westminster Press', 'publication_type': 'monograph', 'date_monograph_published_online': '2022', 'first_editor': 'Kehoe, Séagh', 'access_type': 'openaccess', 'source_id': '20.500.12657/60289', 'source_id_type': 'File Handle'}
Record 668: {'title_id': 'https://library.oapen.org/handle/20.500.12657/52444', 'publication_title': 'Opportunities and Challenges for New and Peripheral Political Science Communities A Consolidated Discipline?', 'title_url': 'https://patron-academic.thepalaceproject.org/ucdavis/book/https%3A%2F%2Fcdl.edu.thepalaceproject.org%2F110644%2Fworks%2FURI%252Fhttps%253A%252F%252Flibrary.oapen.org%252Fhandle%252F20.500.12657%252F52444', 'first_author': '', 'online_identifier': '', 'publisher_name': 'Springer Nature', 'publication_type': 'monograph', 'date_monograph_published_online': '2022', 'first_editor': 'Ilonszki, Gabriella', 'access_type': 'openaccess', 'source_id': '20.500.12657/52444', 'source_id_type': 'File Handle'}
Record 669: {'title_id': 'https://library.oapen.org/handle/20.500.12657/57070', 'publication_title': 'The Philosophy of Online Manipulation', 'title_url': 'https://patron-academic.thepalaceproject.org/ucdavis/book/https%3A%2F%2Fcdl.edu.thepalaceproject.org%2F110644%2Fworks%2FURI%252Fhttps%253A%252F%252Flibrary.oapen.org%252Fhandle%252F20.500.12657%252F57070', 'first_author': '', 'online_identifier': '', 'publisher_name': 'Taylor & Francis', 'publication_type': 'monograph', 'date_monograph_published_online': '2022', 'first_editor': 'Jongepier, Fleur', 'access_type': 'openaccess', 'source_id': '20.500.12657/57070', 'source_id_type': 'File Handle'}
Record 670: {'title_id': 'https://library.oapen.org/handle/20.500.12657/57749', 'publication_title': 'Worked to the Bone A Study of Gilded-Age Transatlantic Scientific Networks in Paleontology', 'title_url': 'https://patron-academic.thepalaceproject.org/ucdavis/book/https%3A%2F%2Fcdl.edu.thepalaceproject.org%2F110644%2Fworks%2FURI%252Fhttps%253A%252F%252Flibrary.oapen.org%252Fhandle%252F20.500.12657%252F57749', 'first_author': 'Wendler, Philipp', 'online_identifier': '', 'publisher_name': 'Hamburg University Press', 'publication_type': 'monograph', 'date_monograph_published_online': '2022', 'first_editor': '', 'access_type': 'openaccess', 'source_id': '20.500.12657/57749', 'source_id_type': 'File Handle'}
Record 671: {'title_id': 'https://library.oapen.org/handle/20.500.12657/52441', 'publication_title': 'Collapsing Structures and Public Mismanagement', 'title_url': 'https://patron-academic.thepalaceproject.org/ucdavis/book/https%3A%2F%2Fcdl.edu.thepalaceproject.org%2F110644%2Fworks%2FURI%252Fhttps%253A%252F%252Flibrary.oapen.org%252Fhandle%252F20.500.12657%252F52441', 'first_author': 'Seibel, Wolfgang', 'online_identifier': '', 'publisher_name': 'Springer Nature', 'publication_type': 'monograph', 'date_monograph_published_online': '2022', 'first_editor': '', 'access_type': 'openaccess', 'source_id': '20.500.12657/52441', 'source_id_type': 'File Handle'}
Record 672: {'title_id': 'https://library.oapen.org/handle/20.500.12657/57364', 'publication_title': 'Longer-Term Psychiatric Inpatient Care for Adolescents A Multidisciplinary Treatment Approach', 'title_url': 'https://patron-academic.thepalaceproject.org/ucdavis/book/https%3A%2F%2Fcdl.edu.thepalaceproject.org%2F110644%2Fworks%2FURI%252Fhttps%253A%252F%252Flibrary.oapen.org%252Fhandle%252F20.500.12657%252F57364', 'first_author': 'Hazell, Philip', 'online_identifier': '', 'publisher_name': 'Springer Nature', 'publication_type': 'monograph', 'date_monograph_published_online': '2022', 'first_editor': '', 'access_type': 'openaccess', 'source_id': '20.500.12657/57364', 'source_id_type': 'File Handle'}
Record 673: {'title_id': 'https://library.oapen.org/handle/20.500.12657/53660', 'publication_title': 'Public and Private Welfare in Modern Europe Productive Entanglements', 'title_url': 'https://patron-academic.thepalaceproject.org/ucdavis/book/https%3A%2F%2Fcdl.edu.thepalaceproject.org%2F110644%2Fworks%2FURI%252Fhttps%253A%252F%252Flibrary.oapen.org%252Fhandle%252F20.500.12657%252F53660', 'first_author': '', 'online_identifier': '', 'publisher_name': 'Taylor & Francis', 'publication_type': 'monograph', 'date_monograph_published_online': '2022', 'first_editor': 'Giomi, Fabio', 'access_type': 'openaccess', 'source_id': '20.500.12657/53660', 'source_id_type': 'File Handle'}
Record 674: {'title_id': 'https://library.oapen.org/handle/20.500.12657/57073', 'publication_title': 'Social Movements and Politics during COVID-19 Crisis, Solidarity and Change in a Global Pandemic', 'title_url': 'https://patron-academic.thepalaceproject.org/ucdavis/book/https%3A%2F%2Fcdl.edu.thepalaceproject.org%2F110644%2Fworks%2FURI%252Fhttps%253A%252F%252Flibrary.oapen.org%252Fhandle%252F20.500.12657%252F57073', 'first_author': '', 'online_identifier': '', 'publisher_name': 'Bristol University Press', 'publication_type': 'monograph', 'date_monograph_published_online': '2022', 'first_editor': 'Bringel, Breno', 'access_type': 'openaccess', 'source_id': '20.500.12657/57073', 'source_id_type': 'File Handle'}
Record 675: {'title_id': 'https://library.oapen.org/handle/20.500.12657/86447', 'publication_title': 'A Handbook of the Aramaic Scrolls from the Qumran Caves Manuscripts, Language, and Scribal Practices', 'title_url': 'https://patron-academic.thepalaceproject.org/ucdavis/book/https%3A%2F%2Fcdl.edu.thepalaceproject.org%2F110644%2Fworks%2FURI%252Fhttps%253A%252F%252Flibrary.oapen.org%252Fhandle%252F20.500.12657%252F86447', 'first_author': 'Machiela, Daniel', 'online_identifier': '', 'publisher_name': 'Brill', 'publication_type': 'monograph', 'date_monograph_published_online': '2022', 'first_editor': '', 'access_type': 'openaccess', 'source_id': '20.500.12657/86447', 'source_id_type': 'File Handle'}
Record 676: {'title_id': 'https://library.oapen.org/handle/20.500.12657/59686', 'publication_title': 'Sick Note A History of the British Welfare State', 'title_url': 'https://patron-academic.thepalaceproject.org/ucdavis/book/https%3A%2F%2Fcdl.edu.thepalaceproject.org%2F110644%2Fworks%2FURI%252Fhttps%253A%252F%252Flibrary.oapen.org%252Fhandle%252F20.500.12657%252F59686', 'first_author': 'Millward, Gareth', 'online_identifier': '', 'publisher_name': 'Oxford University Press', 'publication_type': 'monograph', 'date_monograph_published_online': '2022', 'first_editor': '', 'access_type': 'openaccess', 'source_id': '20.500.12657/59686', 'source_id_type': 'File Handle'}
Record 677: {'title_id': 'https://library.oapen.org/handle/20.500.12657/54460', 'publication_title': 'How to be FAIR with your data A teaching and training handbook for higher education institutions', 'title_url': 'https://patron-academic.thepalaceproject.org/ucdavis/book/https%3A%2F%2Fcdl.edu.thepalaceproject.org%2F110644%2Fworks%2FURI%252Fhttps%253A%252F%252Flibrary.oapen.org%252Fhandle%252F20.500.12657%252F54460', 'first_author': 'Engelhardt, Claudia', 'online_identifier': '', 'publisher_name': 'Universitätsverlag Göttingen', 'publication_type': 'monograph', 'date_monograph_published_online': '2022', 'first_editor': '', 'access_type': 'openaccess', 'source_id': '20.500.12657/54460', 'source_id_type': 'File Handle'}
Record 678: {'title_id': 'https://library.oapen.org/handle/20.500.12657/60223', 'publication_title': 'Landscapes of Investigation Contributions to Critical Mathematics Education', 'title_url': 'https://patron-academic.thepalaceproject.org/ucdavis/book/https%3A%2F%2Fcdl.edu.thepalaceproject.org%2F110644%2Fworks%2FURI%252Fhttps%253A%252F%252Flibrary.oapen.org%252Fhandle%252F20.500.12657%252F60223', 'first_author': '', 'online_identifier': '', 'publisher_name': 'Open Book Publishers', 'publication_type': 'monograph', 'date_monograph_published_online': '2022', 'first_editor': 'Penteado, Miriam Godoy', 'access_type': 'openaccess', 'source_id': '20.500.12657/60223', 'source_id_type': 'File Handle'}
Record 679: {'title_id': 'https://library.oapen.org/handle/20.500.12657/60657', 'publication_title': 'Musikk og religion Tekster om musikk i religion og religion i musikk', 'title_url': 'https://patron-academic.thepalaceproject.org/ucdavis/book/https%3A%2F%2Fcdl.edu.thepalaceproject.org%2F110644%2Fworks%2FURI%252Fhttps%253A%252F%252Flibrary.oapen.org%252Fhandle%252F20.500.12657%252F60657', 'first_author': '', 'online_identifier': '', 'publisher_name': 'Cappelen Damm Akademisk/NOASP (Nordic Open Access Scholarly Publishing)', 'publication_type': 'monograph', 'date_monograph_published_online': '2022', 'first_editor': 'Holm, Henrik', 'access_type': 'openaccess', 'source_id': '20.500.12657/60657', 'source_id_type': 'File Handle'}
Record 680: {'title_id': 'https://library.oapen.org/handle/20.500.12657/57385', 'publication_title': 'Supercomputing Frontiers 7th Asian Conference, SCFA 2022, Singapore, March 1–3, 2022, Proceedings', 'title_url': 'https://patron-academic.thepalaceproject.org/ucdavis/book/https%3A%2F%2Fcdl.edu.thepalaceproject.org%2F110644%2Fworks%2FURI%252Fhttps%253A%252F%252Flibrary.oapen.org%252Fhandle%252F20.500.12657%252F57385', 'first_author': '', 'online_identifier': '', 'publisher_name': 'Springer Nature', 'publication_type': 'monograph', 'date_monograph_published_online': '2022', 'first_editor': 'Panda, Dhabaleswar K.', 'access_type': 'openaccess', 'source_id': '20.500.12657/57385', 'source_id_type': 'File Handle'}
Record 681: {'title_id': 'https://library.oapen.org/handle/20.500.12657/57828', 'publication_title': 'EIB Working Paper 2022/07 - Corporate training and skill gaps', 'title_url': 'https://patron-academic.thepalaceproject.org/ucdavis/book/https%3A%2F%2Fcdl.edu.thepalaceproject.org%2F110644%2Fworks%2FURI%252Fhttps%253A%252F%252Flibrary.oapen.org%252Fhandle%252F20.500.12657%252F57828', 'first_author': 'Bank, European Investment', 'online_identifier': '', 'publisher_name': '', 'publication_type': 'monograph', 'date_monograph_published_online': '', 'first_editor': '', 'access_type': 'openaccess', 'source_id': '20.500.12657/57828', 'source_id_type': 'File Handle'}
Record 682: {'title_id': 'https://library.oapen.org/handle/20.500.12657/54117', 'publication_title': 'Cooling Down Local Responses to Global Climate Change', 'title_url': 'https://patron-academic.thepalaceproject.org/ucdavis/book/https%3A%2F%2Fcdl.edu.thepalaceproject.org%2F110644%2Fworks%2FURI%252Fhttps%253A%252F%252Flibrary.oapen.org%252Fhandle%252F20.500.12657%252F54117', 'first_author': '', 'online_identifier': '', 'publisher_name': 'Berghahn Books', 'publication_type': 'monograph', 'date_monograph_published_online': '2022', 'first_editor': 'Eriksen, Thomas Hylland', 'access_type': 'openaccess', 'source_id': '20.500.12657/54117', 'source_id_type': 'File Handle'}
Record 683: {'title_id': 'https://library.oapen.org/handle/20.500.12657/52407', 'publication_title': 'The Handbook of Salutogenesis', 'title_url': 'https://patron-academic.thepalaceproject.org/ucdavis/book/https%3A%2F%2Fcdl.edu.thepalaceproject.org%2F110644%2Fworks%2FURI%252Fhttps%253A%252F%252Flibrary.oapen.org%252Fhandle%252F20.500.12657%252F52407', 'first_author': '', 'online_identifier': '', 'publisher_name': 'Springer Nature', 'publication_type': 'monograph', 'date_monograph_published_online': '2022', 'first_editor': 'Bauer, Georg F.', 'access_type': 'openaccess', 'source_id': '20.500.12657/52407', 'source_id_type': 'File Handle'}
Record 684: {'title_id': 'https://library.oapen.org/handle/20.500.12657/59051', 'publication_title': 'Child-directed Speech in Qaqet A Language of East New Britain, Papua New Guinea', 'title_url': 'https://patron-academic.thepalaceproject.org/ucdavis/book/https%3A%2F%2Fcdl.edu.thepalaceproject.org%2F110644%2Fworks%2FURI%252Fhttps%253A%252F%252Flibrary.oapen.org%252Fhandle%252F20.500.12657%252F59051', 'first_author': 'Frye, Henrike', 'online_identifier': '', 'publisher_name': 'ANU Press', 'publication_type': 'monograph', 'date_monograph_published_online': '2022', 'first_editor': '', 'access_type': 'openaccess', 'source_id': '20.500.12657/59051', 'source_id_type': 'File Handle'}
Record 685: {'title_id': 'https://library.oapen.org/handle/20.500.12657/52534', 'publication_title': 'The Impact of the Roman Empire on Landscapes Proceedings of the Fourteenth Workshop of the International Network Impact of Empire (Mainz, June 12-15, 2019)', 'title_url': 'https://patron-academic.thepalaceproject.org/ucdavis/book/https%3A%2F%2Fcdl.edu.thepalaceproject.org%2F110644%2Fworks%2FURI%252Fhttps%253A%252F%252Flibrary.oapen.org%252Fhandle%252F20.500.12657%252F52534', 'first_author': '', 'online_identifier': '', 'publisher_name': 'Brill', 'publication_type': 'monograph', 'date_monograph_published_online': '2022', 'first_editor': 'Horster, Marietta', 'access_type': 'openaccess', 'source_id': '20.500.12657/52534', 'source_id_type': 'File Handle'}
Record 686: {'title_id': 'https://library.oapen.org/handle/20.500.12657/53321', 'publication_title': 'Equity Policies in Global Higher Education Reducing Inequality and Increasing Participation and Attainment', 'title_url': 'https://patron-academic.thepalaceproject.org/ucdavis/book/https%3A%2F%2Fcdl.edu.thepalaceproject.org%2F110644%2Fworks%2FURI%252Fhttps%253A%252F%252Flibrary.oapen.org%252Fhandle%252F20.500.12657%252F53321', 'first_author': '', 'online_identifier': '', 'publisher_name': 'Springer Nature', 'publication_type': 'monograph', 'date_monograph_published_online': '2022', 'first_editor': 'Amaral, Alberto', 'access_type': 'openaccess', 'source_id': '20.500.12657/53321', 'source_id_type': 'File Handle'}
Record 687: {'title_id': 'https://library.oapen.org/handle/20.500.12657/57360', 'publication_title': 'Emerging Technologies Value Creation for Sustainable Development', 'title_url': 'https://patron-academic.thepalaceproject.org/ucdavis/book/https%3A%2F%2Fcdl.edu.thepalaceproject.org%2F110644%2Fworks%2FURI%252Fhttps%253A%252F%252Flibrary.oapen.org%252Fhandle%252F20.500.12657%252F57360', 'first_author': 'Küfeoğlu, Sinan', 'online_identifier': '', 'publisher_name': 'Springer Nature', 'publication_type': 'monograph', 'date_monograph_published_online': '2022', 'first_editor': '', 'access_type': 'openaccess', 'source_id': '20.500.12657/57360', 'source_id_type': 'File Handle'}
Record 688: {'title_id': 'https://library.oapen.org/handle/20.500.12657/57118', 'publication_title': 'Autofiction(s) et scandale', 'title_url': 'https://patron-academic.thepalaceproject.org/ucdavis/book/https%3A%2F%2Fcdl.edu.thepalaceproject.org%2F110644%2Fworks%2FURI%252Fhttps%253A%252F%252Flibrary.oapen.org%252Fhandle%252F20.500.12657%252F57118', 'first_author': '', 'online_identifier': '', 'publisher_name': 'Akademische Verlagsgemeinschaft München (AVM)', 'publication_type': 'monograph', 'date_monograph_published_online': '2022', 'first_editor': 'Jacobi, Claudia', 'access_type': 'openaccess', 'source_id': '20.500.12657/57118', 'source_id_type': 'File Handle'}
Record 689: {'title_id': 'https://library.oapen.org/handle/20.500.12657/89682', 'publication_title': 'Extraordinary Forms of Aging Life Narratives of Centenarians and Children with Progeria', 'title_url': 'https://patron-academic.thepalaceproject.org/ucdavis/book/https%3A%2F%2Fcdl.edu.thepalaceproject.org%2F110644%2Fworks%2FURI%252Fhttps%253A%252F%252Flibrary.oapen.org%252Fhandle%252F20.500.12657%252F89682', 'first_author': 'Velten, Julia', 'online_identifier': '', 'publisher_name': 'transcript Verlag', 'publication_type': 'monograph', 'date_monograph_published_online': '2022', 'first_editor': '', 'access_type': 'openaccess', 'source_id': '20.500.12657/89682', 'source_id_type': 'File Handle'}
Record 690: {'title_id': 'https://library.oapen.org/handle/20.500.12657/57553', 'publication_title': 'Policemen of the Tsar Local Police in an Age of Upheaval', 'title_url': 'https://patron-academic.thepalaceproject.org/ucdavis/book/https%3A%2F%2Fcdl.edu.thepalaceproject.org%2F110644%2Fworks%2FURI%252Fhttps%253A%252F%252Flibrary.oapen.org%252Fhandle%252F20.500.12657%252F57553', 'first_author': 'Abbott, Robert J.', 'online_identifier': '', 'publisher_name': 'Central European University Press', 'publication_type': 'monograph', 'date_monograph_published_online': '2022', 'first_editor': '', 'access_type': 'openaccess', 'source_id': '20.500.12657/57553', 'source_id_type': 'File Handle'}
Record 691: {'title_id': 'https://library.oapen.org/handle/20.500.12657/59315', 'publication_title': 'Ethics of Artificial Intelligence Case Studies and Options for Addressing Ethical Challenges', 'title_url': 'https://patron-academic.thepalaceproject.org/ucdavis/book/https%3A%2F%2Fcdl.edu.thepalaceproject.org%2F110644%2Fworks%2FURI%252Fhttps%253A%252F%252Flibrary.oapen.org%252Fhandle%252F20.500.12657%252F59315', 'first_author': '', 'online_identifier': '', 'publisher_name': 'Springer Nature', 'publication_type': 'monograph', 'date_monograph_published_online': '2022', 'first_editor': '', 'access_type': 'openaccess', 'source_id': '20.500.12657/59315', 'source_id_type': 'File Handle'}
Record 692: {'title_id': 'https://library.oapen.org/handle/20.500.12657/53330', 'publication_title': 'Modes of Esports Engagement in Overwatch', 'title_url': 'https://patron-academic.thepalaceproject.org/ucdavis/book/https%3A%2F%2Fcdl.edu.thepalaceproject.org%2F110644%2Fworks%2FURI%252Fhttps%253A%252F%252Flibrary.oapen.org%252Fhandle%252F20.500.12657%252F53330', 'first_author': '', 'online_identifier': '', 'publisher_name': 'Springer Nature', 'publication_type': 'monograph', 'date_monograph_published_online': '2022', 'first_editor': 'Karhulahti, Veli-Matti', 'access_type': 'openaccess', 'source_id': '20.500.12657/53330', 'source_id_type': 'File Handle'}
Record 693: {'title_id': 'https://library.oapen.org/handle/20.500.12657/53676', 'publication_title': 'War in Film Semiotics and Conflict Related Sign Constructions on the Screen', 'title_url': 'https://patron-academic.thepalaceproject.org/ucdavis/book/https%3A%2F%2Fcdl.edu.thepalaceproject.org%2F110644%2Fworks%2FURI%252Fhttps%253A%252F%252Flibrary.oapen.org%252Fhandle%252F20.500.12657%252F53676', 'first_author': 'Jacob, Frank', 'online_identifier': '', 'publisher_name': 'Büchner-Verlag', 'publication_type': 'monograph', 'date_monograph_published_online': '2022', 'first_editor': '', 'access_type': 'openaccess', 'source_id': '20.500.12657/53676', 'source_id_type': 'File Handle'}
Record 694: {'title_id': 'https://library.oapen.org/handle/20.500.12657/57356', 'publication_title': 'Process Mining Handbook', 'title_url': 'https://patron-academic.thepalaceproject.org/ucdavis/book/https%3A%2F%2Fcdl.edu.thepalaceproject.org%2F110644%2Fworks%2FURI%252Fhttps%253A%252F%252Flibrary.oapen.org%252Fhandle%252F20.500.12657%252F57356', 'first_author': '', 'online_identifier': '', 'publisher_name': 'Springer Nature', 'publication_type': 'monograph', 'date_monograph_published_online': '2022', 'first_editor': 'Carmona, Josep', 'access_type': 'openaccess', 'source_id': '20.500.12657/57356', 'source_id_type': 'File Handle'}
Record 695: {'title_id': 'https://library.oapen.org/handle/20.500.12657/54158', 'publication_title': 'June 1967 in Personal Stories of Palestinians and Israelis', 'title_url': 'https://patron-academic.thepalaceproject.org/ucdavis/book/https%3A%2F%2Fcdl.edu.thepalaceproject.org%2F110644%2Fworks%2FURI%252Fhttps%253A%252F%252Flibrary.oapen.org%252Fhandle%252F20.500.12657%252F54158', 'first_author': '', 'online_identifier': '', 'publisher_name': 'Universitätsverlag Göttingen', 'publication_type': 'monograph', 'date_monograph_published_online': '2022', 'first_editor': 'Bendix, Regina F.', 'access_type': 'openaccess', 'source_id': '20.500.12657/54158', 'source_id_type': 'File Handle'}
Record 696: {'title_id': 'https://library.oapen.org/handle/20.500.12657/76323', 'publication_title': 'Peaceful Maritime Engagement in East Asia and the Pacific Region', 'title_url': 'https://patron-academic.thepalaceproject.org/ucdavis/book/https%3A%2F%2Fcdl.edu.thepalaceproject.org%2F110644%2Fworks%2FURI%252Fhttps%253A%252F%252Flibrary.oapen.org%252Fhandle%252F20.500.12657%252F76323', 'first_author': '', 'online_identifier': '', 'publisher_name': 'Brill', 'publication_type': 'monograph', 'date_monograph_published_online': '2022', 'first_editor': 'Kraska, James', 'access_type': 'openaccess', 'source_id': '20.500.12657/76323', 'source_id_type': 'File Handle'}
Record 697: {'title_id': 'https://library.oapen.org/handle/20.500.12657/53683', 'publication_title': 'Music Worlding in Palau Chanting, Atmospheres, and Meaningfulness', 'title_url': 'https://patron-academic.thepalaceproject.org/ucdavis/book/https%3A%2F%2Fcdl.edu.thepalaceproject.org%2F110644%2Fworks%2FURI%252Fhttps%253A%252F%252Flibrary.oapen.org%252Fhandle%252F20.500.12657%252F53683', 'first_author': 'Abels, Birgit', 'online_identifier': '', 'publisher_name': 'Amsterdam University Press', 'publication_type': 'monograph', 'date_monograph_published_online': '2022', 'first_editor': '', 'access_type': 'openaccess', 'source_id': '20.500.12657/53683', 'source_id_type': 'File Handle'}
Record 698: {'title_id': 'https://library.oapen.org/handle/20.500.12657/52841', 'publication_title': "Evolutionary Equations Picard's Theorem for Partial Differential Equations, and Applications", 'title_url': 'https://patron-academic.thepalaceproject.org/ucdavis/book/https%3A%2F%2Fcdl.edu.thepalaceproject.org%2F110644%2Fworks%2FURI%252Fhttps%253A%252F%252Flibrary.oapen.org%252Fhandle%252F20.500.12657%252F52841', 'first_author': '', 'online_identifier': '', 'publisher_name': 'Springer Nature', 'publication_type': 'monograph', 'date_monograph_published_online': '2022', 'first_editor': '', 'access_type': 'openaccess', 'source_id': '20.500.12657/52841', 'source_id_type': 'File Handle'}
Record 699: {'title_id': 'https://library.oapen.org/handle/20.500.12657/54439', 'publication_title': 'Assessment of Energy-Efficient Building Details for Seismic Regions', 'title_url': 'https://patron-academic.thepalaceproject.org/ucdavis/book/https%3A%2F%2Fcdl.edu.thepalaceproject.org%2F110644%2Fworks%2FURI%252Fhttps%253A%252F%252Flibrary.oapen.org%252Fhandle%252F20.500.12657%252F54439', 'first_author': '', 'online_identifier': '', 'publisher_name': 'Springer Nature', 'publication_type': 'monograph', 'date_monograph_published_online': '2022', 'first_editor': '', 'access_type': 'openaccess', 'source_id': '20.500.12657/54439', 'source_id_type': 'File Handle'}
Record 700: {'title_id': 'https://library.oapen.org/handle/20.500.12657/53855', 'publication_title': 'Reading Proclus and the Book of Causes, Volume 3 On Causes and the Noetic Triad', 'title_url': 'https://patron-academic.thepalaceproject.org/ucdavis/book/https%3A%2F%2Fcdl.edu.thepalaceproject.org%2F110644%2Fworks%2FURI%252Fhttps%253A%252F%252Flibrary.oapen.org%252Fhandle%252F20.500.12657%252F53855', 'first_author': 'Calma, Dragos', 'online_identifier': '', 'publisher_name': 'Brill', 'publication_type': 'monograph', 'date_monograph_published_online': '2022', 'first_editor': '', 'access_type': 'openaccess', 'source_id': '20.500.12657/53855', 'source_id_type': 'File Handle'}
Record 701: {'title_id': 'https://library.oapen.org/handle/20.500.12657/53337', 'publication_title': 'Intangible Capital and Growth Essays on Labor Productivity, Monetary Economics, and Political Economy, Vol. 1', 'title_url': 'https://patron-academic.thepalaceproject.org/ucdavis/book/https%3A%2F%2Fcdl.edu.thepalaceproject.org%2F110644%2Fworks%2FURI%252Fhttps%253A%252F%252Flibrary.oapen.org%252Fhandle%252F20.500.12657%252F53337', 'first_author': 'Roth, Felix', 'online_identifier': '', 'publisher_name': 'Springer Nature', 'publication_type': 'monograph', 'date_monograph_published_online': '2022', 'first_editor': '', 'access_type': 'openaccess', 'source_id': '20.500.12657/53337', 'source_id_type': 'File Handle'}
Record 702: {'title_id': 'https://library.oapen.org/handle/20.500.12657/58886', 'publication_title': 'Economic Diversification in Nigeria The Politics of Building a Post-Oil Economy', 'title_url': 'https://patron-academic.thepalaceproject.org/ucdavis/book/https%3A%2F%2Fcdl.edu.thepalaceproject.org%2F110644%2Fworks%2FURI%252Fhttps%253A%252F%252Flibrary.oapen.org%252Fhandle%252F20.500.12657%252F58886', 'first_author': 'Usman, Zainab', 'online_identifier': '', 'publisher_name': 'Bloomsbury Academic', 'publication_type': 'monograph', 'date_monograph_published_online': '2022', 'first_editor': '', 'access_type': 'openaccess', 'source_id': '20.500.12657/58886', 'source_id_type': 'File Handle'}
Record 703: {'title_id': 'https://library.oapen.org/handle/20.500.12657/59168', 'publication_title': 'Multi-User Gesture Recognition with Radar Technology', 'title_url': 'https://patron-academic.thepalaceproject.org/ucdavis/book/https%3A%2F%2Fcdl.edu.thepalaceproject.org%2F110644%2Fworks%2FURI%252Fhttps%253A%252F%252Flibrary.oapen.org%252Fhandle%252F20.500.12657%252F59168', 'first_author': 'Ninos, Alexandros', 'online_identifier': '', 'publisher_name': 'KIT Scientific Publishing', 'publication_type': 'monograph', 'date_monograph_published_online': '2022', 'first_editor': '', 'access_type': 'openaccess', 'source_id': '20.500.12657/59168', 'source_id_type': 'File Handle'}
Record 704: {'title_id': 'https://library.oapen.org/handle/20.500.12657/87540', 'publication_title': 'Studies into Darkness The Perils and Promise of Freedom of Speech', 'title_url': 'https://patron-academic.thepalaceproject.org/ucdavis/book/https%3A%2F%2Fcdl.edu.thepalaceproject.org%2F110644%2Fworks%2FURI%252Fhttps%253A%252F%252Flibrary.oapen.org%252Fhandle%252F20.500.12657%252F87540', 'first_author': '', 'online_identifier': '', 'publisher_name': 'Amherst College Press', 'publication_type': 'monograph', 'date_monograph_published_online': '2022', 'first_editor': 'Kuoni, Carin', 'access_type': 'openaccess', 'source_id': '20.500.12657/87540', 'source_id_type': 'File Handle'}
Record 705: {'title_id': 'https://library.oapen.org/handle/20.500.12657/57918', 'publication_title': 'Critical Points for the Organisation of Test Performance Studies in Microbiology Plant Pathogens as a Case Study', 'title_url': 'https://patron-academic.thepalaceproject.org/ucdavis/book/https%3A%2F%2Fcdl.edu.thepalaceproject.org%2F110644%2Fworks%2FURI%252Fhttps%253A%252F%252Flibrary.oapen.org%252Fhandle%252F20.500.12657%252F57918', 'first_author': '', 'online_identifier': '', 'publisher_name': 'Springer Nature', 'publication_type': 'monograph', 'date_monograph_published_online': '2022', 'first_editor': 'Anthoine, Géraldine', 'access_type': 'openaccess', 'source_id': '20.500.12657/57918', 'source_id_type': 'File Handle'}
Record 706: {'title_id': 'https://library.oapen.org/handle/20.500.12657/59047', 'publication_title': 'Reconstruction from Spatio-Spectrally Coded Multispectral Light Fields', 'title_url': 'https://patron-academic.thepalaceproject.org/ucdavis/book/https%3A%2F%2Fcdl.edu.thepalaceproject.org%2F110644%2Fworks%2FURI%252Fhttps%253A%252F%252Flibrary.oapen.org%252Fhandle%252F20.500.12657%252F59047', 'first_author': 'Schambach, Maximilian', 'online_identifier': '', 'publisher_name': 'KIT Scientific Publishing', 'publication_type': 'monograph', 'date_monograph_published_online': '2022', 'first_editor': '', 'access_type': 'openaccess', 'source_id': '20.500.12657/59047', 'source_id_type': 'File Handle'}
Record 707: {'title_id': 'https://library.oapen.org/handle/20.500.12657/57248', 'publication_title': 'Medieval Multilingual Manuscripts Case Studies from Ireland to Japan', 'title_url': 'https://patron-academic.thepalaceproject.org/ucdavis/book/https%3A%2F%2Fcdl.edu.thepalaceproject.org%2F110644%2Fworks%2FURI%252Fhttps%253A%252F%252Flibrary.oapen.org%252Fhandle%252F20.500.12657%252F57248', 'first_author': '', 'online_identifier': '', 'publisher_name': 'De Gruyter', 'publication_type': 'monograph', 'date_monograph_published_online': '2022', 'first_editor': 'Clarke, Michael', 'access_type': 'openaccess', 'source_id': '20.500.12657/57248', 'source_id_type': 'File Handle'}
Record 708: {'title_id': 'https://library.oapen.org/handle/20.500.12657/58913', 'publication_title': 'Monetary Authorities', 'title_url': 'https://patron-academic.thepalaceproject.org/ucdavis/book/https%3A%2F%2Fcdl.edu.thepalaceproject.org%2F110644%2Fworks%2FURI%252Fhttps%253A%252F%252Flibrary.oapen.org%252Fhandle%252F20.500.12657%252F58913', 'first_author': 'Lumba, Allan', 'online_identifier': '', 'publisher_name': 'Duke University Press', 'publication_type': 'monograph', 'date_monograph_published_online': '2022', 'first_editor': '', 'access_type': 'openaccess', 'source_id': '20.500.12657/58913', 'source_id_type': 'File Handle'}
Record 709: {'title_id': 'https://library.oapen.org/handle/20.500.12657/53933', 'publication_title': 'Imagining Unequals, Imagining Equals Concepts of Equality in History and Law', 'title_url': 'https://patron-academic.thepalaceproject.org/ucdavis/book/https%3A%2F%2Fcdl.edu.thepalaceproject.org%2F110644%2Fworks%2FURI%252Fhttps%253A%252F%252Flibrary.oapen.org%252Fhandle%252F20.500.12657%252F53933', 'first_author': '', 'online_identifier': '', 'publisher_name': 'Bielefeld University Press', 'publication_type': 'monograph', 'date_monograph_published_online': '2022', 'first_editor': 'Davy, Ulrike', 'access_type': 'openaccess', 'source_id': '20.500.12657/53933', 'source_id_type': 'File Handle'}
Record 710: {'title_id': 'https://library.oapen.org/handle/20.500.12657/54154', 'publication_title': 'Pathways to Water Sector Decarbonization, Carbon Capture and Utilization', 'title_url': 'https://patron-academic.thepalaceproject.org/ucdavis/book/https%3A%2F%2Fcdl.edu.thepalaceproject.org%2F110644%2Fworks%2FURI%252Fhttps%253A%252F%252Flibrary.oapen.org%252Fhandle%252F20.500.12657%252F54154', 'first_author': '', 'online_identifier': '', 'publisher_name': 'IWA Publishing', 'publication_type': 'monograph', 'date_monograph_published_online': '2022', 'first_editor': 'Pagilla, Krishna', 'access_type': 'openaccess', 'source_id': '20.500.12657/54154', 'source_id_type': 'File Handle'}
Record 711: {'title_id': 'https://library.oapen.org/handle/20.500.12657/54154', 'publication_title': 'Pathways to Water Sector Decarbonization, Carbon Capture and Utilization', 'title_url': 'https://patron-academic.thepalaceproject.org/ucdavis/book/https%3A%2F%2Fcdl.edu.thepalaceproject.org%2F110644%2Fworks%2FURI%252Fhttps%253A%252F%252Flibrary.oapen.org%252Fhandle%252F20.500.12657%252F54154', 'first_author': '', 'online_identifier': '', 'publisher_name': 'IWA Publishing', 'publication_type': 'monograph', 'date_monograph_published_online': '2022', 'first_editor': 'Pagilla, Krishna', 'access_type': 'openaccess', 'source_id': '20.500.12657/54154', 'source_id_type': 'File Handle'}
Record 712: {'title_id': 'https://library.oapen.org/handle/20.500.12657/59459', 'publication_title': 'Krishna Sobti’s Views on Literature and the Poetics of Writing Theoretical Positions and Literary Practice in Modern Hindi Literature', 'title_url': 'https://patron-academic.thepalaceproject.org/ucdavis/book/https%3A%2F%2Fcdl.edu.thepalaceproject.org%2F110644%2Fworks%2FURI%252Fhttps%253A%252F%252Flibrary.oapen.org%252Fhandle%252F20.500.12657%252F59459', 'first_author': 'Vuille, Rosine-Alice', 'online_identifier': '', 'publisher_name': 'De Gruyter', 'publication_type': 'monograph', 'date_monograph_published_online': '2022', 'first_editor': '', 'access_type': 'openaccess', 'source_id': '20.500.12657/59459', 'source_id_type': 'File Handle'}
Record 713: {'title_id': 'https://library.oapen.org/handle/20.500.12657/61106', 'publication_title': 'Doing Experimental Media Archaeology Theory', 'title_url': 'https://patron-academic.thepalaceproject.org/ucdavis/book/https%3A%2F%2Fcdl.edu.thepalaceproject.org%2F110644%2Fworks%2FURI%252Fhttps%253A%252F%252Flibrary.oapen.org%252Fhandle%252F20.500.12657%252F61106', 'first_author': '', 'online_identifier': '', 'publisher_name': 'De Gruyter', 'publication_type': 'monograph', 'date_monograph_published_online': '2022', 'first_editor': '', 'access_type': 'openaccess', 'source_id': '20.500.12657/61106', 'source_id_type': 'File Handle'}
Record 714: {'title_id': 'https://library.oapen.org/handle/20.500.12657/64088', 'publication_title': 'Reframing Africa? Reflections on Modernity and the Moving Image', 'title_url': 'https://patron-academic.thepalaceproject.org/ucdavis/book/https%3A%2F%2Fcdl.edu.thepalaceproject.org%2F110644%2Fworks%2FURI%252Fhttps%253A%252F%252Flibrary.oapen.org%252Fhandle%252F20.500.12657%252F64088', 'first_author': '', 'online_identifier': '', 'publisher_name': 'African Minds', 'publication_type': 'monograph', 'date_monograph_published_online': '2022', 'first_editor': 'Auguiste, Reece', 'access_type': 'openaccess', 'source_id': '20.500.12657/64088', 'source_id_type': 'File Handle'}
Record 715: {'title_id': 'https://library.oapen.org/handle/20.500.12657/57572', 'publication_title': 'Public policies and food systems in Latin America', 'title_url': 'https://patron-academic.thepalaceproject.org/ucdavis/book/https%3A%2F%2Fcdl.edu.thepalaceproject.org%2F110644%2Fworks%2FURI%252Fhttps%253A%252F%252Flibrary.oapen.org%252Fhandle%252F20.500.12657%252F57572', 'first_author': '', 'online_identifier': '', 'publisher_name': 'éditions Quae', 'publication_type': 'monograph', 'date_monograph_published_online': '2022', 'first_editor': 'Grisa, Catia', 'access_type': 'openaccess', 'source_id': '20.500.12657/57572', 'source_id_type': 'File Handle'}
Record 716: {'title_id': 'https://library.oapen.org/handle/20.500.12657/60144', 'publication_title': 'El Hierro Island Global Geopark Diversity of Volcanic Heritage for Geotourism', 'title_url': 'https://patron-academic.thepalaceproject.org/ucdavis/book/https%3A%2F%2Fcdl.edu.thepalaceproject.org%2F110644%2Fworks%2FURI%252Fhttps%253A%252F%252Flibrary.oapen.org%252Fhandle%252F20.500.12657%252F60144', 'first_author': '', 'online_identifier': '', 'publisher_name': 'Springer Nature', 'publication_type': 'monograph', 'date_monograph_published_online': '2022', 'first_editor': 'Dóniz-Páez, Javier', 'access_type': 'openaccess', 'source_id': '20.500.12657/60144', 'source_id_type': 'File Handle'}
Record 717: {'title_id': 'https://library.oapen.org/handle/20.500.12657/53362', 'publication_title': 'Mathematical Modeling of the Human Brain From Magnetic Resonance Images to Finite Element Simulation', 'title_url': 'https://patron-academic.thepalaceproject.org/ucdavis/book/https%3A%2F%2Fcdl.edu.thepalaceproject.org%2F110644%2Fworks%2FURI%252Fhttps%253A%252F%252Flibrary.oapen.org%252Fhandle%252F20.500.12657%252F53362', 'first_author': '', 'online_identifier': '', 'publisher_name': 'Springer Nature', 'publication_type': 'monograph', 'date_monograph_published_online': '2022', 'first_editor': '', 'access_type': 'openaccess', 'source_id': '20.500.12657/53362', 'source_id_type': 'File Handle'}
Record 718: {'title_id': 'https://library.oapen.org/handle/20.500.12657/56981', 'publication_title': 'Agile Processes in Software Engineering and Extreme Programming 23rd International Conference on Agile Software Development, XP 2022, Copenhagen, Denmark, June 13–17, 2022, Proceedings', 'title_url': 'https://patron-academic.thepalaceproject.org/ucdavis/book/https%3A%2F%2Fcdl.edu.thepalaceproject.org%2F110644%2Fworks%2FURI%252Fhttps%253A%252F%252Flibrary.oapen.org%252Fhandle%252F20.500.12657%252F56981', 'first_author': '', 'online_identifier': '', 'publisher_name': 'Springer Nature', 'publication_type': 'monograph', 'date_monograph_published_online': '2022', 'first_editor': 'Kruchten, Philippe', 'access_type': 'openaccess', 'source_id': '20.500.12657/56981', 'source_id_type': 'File Handle'}
Record 719: {'title_id': 'https://library.oapen.org/handle/20.500.12657/59056', 'publication_title': 'Designing Social Service Markets Risk, Regulation and Rent-Seeking', 'title_url': 'https://patron-academic.thepalaceproject.org/ucdavis/book/https%3A%2F%2Fcdl.edu.thepalaceproject.org%2F110644%2Fworks%2FURI%252Fhttps%253A%252F%252Flibrary.oapen.org%252Fhandle%252F20.500.12657%252F59056', 'first_author': '', 'online_identifier': '', 'publisher_name': 'ANU Press', 'publication_type': 'monograph', 'date_monograph_published_online': '2022', 'first_editor': 'Meagher, Gabrielle', 'access_type': 'openaccess', 'source_id': '20.500.12657/59056', 'source_id_type': 'File Handle'}
Record 720: {'title_id': 'https://library.oapen.org/handle/20.500.12657/57710', 'publication_title': 'Sirens of Modernity World Cinema via Bombay', 'title_url': 'https://patron-academic.thepalaceproject.org/ucdavis/book/https%3A%2F%2Fcdl.edu.thepalaceproject.org%2F110644%2Fworks%2FURI%252Fhttps%253A%252F%252Flibrary.oapen.org%252Fhandle%252F20.500.12657%252F57710', 'first_author': 'Sunya, Samhita', 'online_identifier': '', 'publisher_name': 'University of California Press', 'publication_type': 'monograph', 'date_monograph_published_online': '2022', 'first_editor': '', 'access_type': 'openaccess', 'source_id': '20.500.12657/57710', 'source_id_type': 'File Handle'}
Record 721: {'title_id': 'https://library.oapen.org/handle/20.500.12657/62264', 'publication_title': 'Information Disorder Learning to Recognize Fake News', 'title_url': 'https://patron-academic.thepalaceproject.org/ucdavis/book/https%3A%2F%2Fcdl.edu.thepalaceproject.org%2F110644%2Fworks%2FURI%252Fhttps%253A%252F%252Flibrary.oapen.org%252Fhandle%252F20.500.12657%252F62264', 'first_author': '', 'online_identifier': '', 'publisher_name': 'Peter Lang International Academic Publishers', 'publication_type': 'monograph', 'date_monograph_published_online': '2022', 'first_editor': 'Biondo, Francesco', 'access_type': 'openaccess', 'source_id': '20.500.12657/62264', 'source_id_type': 'File Handle'}
Record 722: {'title_id': 'https://library.oapen.org/handle/20.500.12657/53421', 'publication_title': 'Childhood in Kinship Care A Longitudinal Investigation', 'title_url': 'https://patron-academic.thepalaceproject.org/ucdavis/book/https%3A%2F%2Fcdl.edu.thepalaceproject.org%2F110644%2Fworks%2FURI%252Fhttps%253A%252F%252Flibrary.oapen.org%252Fhandle%252F20.500.12657%252F53421', 'first_author': '', 'online_identifier': '', 'publisher_name': 'Taylor & Francis', 'publication_type': 'monograph', 'date_monograph_published_online': '2022', 'first_editor': '', 'access_type': 'openaccess', 'source_id': '20.500.12657/53421', 'source_id_type': 'File Handle'}
Record 723: {'title_id': 'https://library.oapen.org/handle/20.500.12657/63360', 'publication_title': 'Politics of the Russian Language Beyond Russia', 'title_url': 'https://patron-academic.thepalaceproject.org/ucdavis/book/https%3A%2F%2Fcdl.edu.thepalaceproject.org%2F110644%2Fworks%2FURI%252Fhttps%253A%252F%252Flibrary.oapen.org%252Fhandle%252F20.500.12657%252F63360', 'first_author': 'Noack, Christian', 'online_identifier': '', 'publisher_name': 'Edinburgh University Press', 'publication_type': 'monograph', 'date_monograph_published_online': '2022', 'first_editor': '', 'access_type': 'openaccess', 'source_id': '20.500.12657/63360', 'source_id_type': 'File Handle'}
Record 724: {'title_id': 'https://library.oapen.org/handle/20.500.12657/86436', 'publication_title': 'Amulets and Talismans of the Middle East and North Africa in Context Transmission, Efficacy and Collections', 'title_url': 'https://patron-academic.thepalaceproject.org/ucdavis/book/https%3A%2F%2Fcdl.edu.thepalaceproject.org%2F110644%2Fworks%2FURI%252Fhttps%253A%252F%252Flibrary.oapen.org%252Fhandle%252F20.500.12657%252F86436', 'first_author': '', 'online_identifier': '', 'publisher_name': 'Brill', 'publication_type': 'monograph', 'date_monograph_published_online': '2022', 'first_editor': 'Garcia Probert, Marcela A.', 'access_type': 'openaccess', 'source_id': '20.500.12657/86436', 'source_id_type': 'File Handle'}
Record 725: {'title_id': 'https://library.oapen.org/handle/20.500.12657/52887', 'publication_title': 'Democratising Participatory Research Pathways to Social Justice from the South', 'title_url': 'https://patron-academic.thepalaceproject.org/ucdavis/book/https%3A%2F%2Fcdl.edu.thepalaceproject.org%2F110644%2Fworks%2FURI%252Fhttps%253A%252F%252Flibrary.oapen.org%252Fhandle%252F20.500.12657%252F52887', 'first_author': 'Martinez Vargas, Carmen', 'online_identifier': '', 'publisher_name': 'Open Book Publishers', 'publication_type': 'monograph', 'date_monograph_published_online': '2022', 'first_editor': '', 'access_type': 'openaccess', 'source_id': '20.500.12657/52887', 'source_id_type': 'File Handle'}
Record 726: {'title_id': 'https://library.oapen.org/handle/20.500.12657/57119', 'publication_title': 'The Merger Mystery Why Spend Ever More on Mergers When So Many Fail?', 'title_url': 'https://patron-academic.thepalaceproject.org/ucdavis/book/https%3A%2F%2Fcdl.edu.thepalaceproject.org%2F110644%2Fworks%2FURI%252Fhttps%253A%252F%252Flibrary.oapen.org%252Fhandle%252F20.500.12657%252F57119', 'first_author': '', 'online_identifier': '', 'publisher_name': 'Open Book Publishers', 'publication_type': 'monograph', 'date_monograph_published_online': '2022', 'first_editor': '', 'access_type': 'openaccess', 'source_id': '20.500.12657/57119', 'source_id_type': 'File Handle'}
Record 727: {'title_id': 'https://library.oapen.org/handle/20.500.12657/54120', 'publication_title': 'Indigenous Resurgence Decolonialization and Movements for Environmental Justice', 'title_url': 'https://patron-academic.thepalaceproject.org/ucdavis/book/https%3A%2F%2Fcdl.edu.thepalaceproject.org%2F110644%2Fworks%2FURI%252Fhttps%253A%252F%252Flibrary.oapen.org%252Fhandle%252F20.500.12657%252F54120', 'first_author': 'Dhillon, Jaskiran', 'online_identifier': '', 'publisher_name': 'Berghahn Books', 'publication_type': 'monograph', 'date_monograph_published_online': '2022', 'first_editor': '', 'access_type': 'openaccess', 'source_id': '20.500.12657/54120', 'source_id_type': 'File Handle'}
Record 728: {'title_id': 'https://library.oapen.org/handle/20.500.12657/52652', 'publication_title': 'A Genealogy of Bamboo Diplomacy The Politics of Thai Détente with Russia and China', 'title_url': 'https://patron-academic.thepalaceproject.org/ucdavis/book/https%3A%2F%2Fcdl.edu.thepalaceproject.org%2F110644%2Fworks%2FURI%252Fhttps%253A%252F%252Flibrary.oapen.org%252Fhandle%252F20.500.12657%252F52652', 'first_author': 'Poonkham, Jittipat', 'online_identifier': '', 'publisher_name': 'ANU Press', 'publication_type': 'monograph', 'date_monograph_published_online': '2022', 'first_editor': '', 'access_type': 'openaccess', 'source_id': '20.500.12657/52652', 'source_id_type': 'File Handle'}
Record 729: {'title_id': 'https://library.oapen.org/handle/20.500.12657/60210', 'publication_title': 'The Independent Variable Problem Welfare Stateness as an Explanatory Concept', 'title_url': 'https://patron-academic.thepalaceproject.org/ucdavis/book/https%3A%2F%2Fcdl.edu.thepalaceproject.org%2F110644%2Fworks%2FURI%252Fhttps%253A%252F%252Flibrary.oapen.org%252Fhandle%252F20.500.12657%252F60210', 'first_author': 'Kunißen, Katharina', 'online_identifier': '', 'publisher_name': 'Springer Nature', 'publication_type': 'monograph', 'date_monograph_published_online': '2022', 'first_editor': '', 'access_type': 'openaccess', 'source_id': '20.500.12657/60210', 'source_id_type': 'File Handle'}
Record 730: {'title_id': 'https://library.oapen.org/handle/20.500.12657/57793', 'publication_title': 'Compassionate Leadership for School Belonging', 'title_url': 'https://patron-academic.thepalaceproject.org/ucdavis/book/https%3A%2F%2Fcdl.edu.thepalaceproject.org%2F110644%2Fworks%2FURI%252Fhttps%253A%252F%252Flibrary.oapen.org%252Fhandle%252F20.500.12657%252F57793', 'first_author': 'Riley, Kathryn', 'online_identifier': '', 'publisher_name': 'UCL Press', 'publication_type': 'monograph', 'date_monograph_published_online': '2022', 'first_editor': '', 'access_type': 'openaccess', 'source_id': '20.500.12657/57793', 'source_id_type': 'File Handle'}
Record 731: {'title_id': 'https://library.oapen.org/handle/20.500.12657/86284', 'publication_title': 'The Social and Political Life of Latin American Infrastructures', 'title_url': 'https://patron-academic.thepalaceproject.org/ucdavis/book/https%3A%2F%2Fcdl.edu.thepalaceproject.org%2F110644%2Fworks%2FURI%252Fhttps%253A%252F%252Flibrary.oapen.org%252Fhandle%252F20.500.12657%252F86284', 'first_author': '', 'online_identifier': '', 'publisher_name': 'University of London Press', 'publication_type': 'monograph', 'date_monograph_published_online': '2022', 'first_editor': 'Alderman, Jonathan', 'access_type': 'openaccess', 'source_id': '20.500.12657/86284', 'source_id_type': 'File Handle'}
Record 732: {'title_id': 'https://library.oapen.org/handle/20.500.12657/53118', 'publication_title': 'Voluntary Assisted Dying Law? Health? Justice?', 'title_url': 'https://patron-academic.thepalaceproject.org/ucdavis/book/https%3A%2F%2Fcdl.edu.thepalaceproject.org%2F110644%2Fworks%2FURI%252Fhttps%253A%252F%252Flibrary.oapen.org%252Fhandle%252F20.500.12657%252F53118', 'first_author': '', 'online_identifier': '', 'publisher_name': 'ANU Press', 'publication_type': 'monograph', 'date_monograph_published_online': '2022', 'first_editor': 'Carter, David J', 'access_type': 'openaccess', 'source_id': '20.500.12657/53118', 'source_id_type': 'File Handle'}
Record 733: {'title_id': 'https://library.oapen.org/handle/20.500.12657/59329', 'publication_title': 'Artificial Intelligence Technology', 'title_url': 'https://patron-academic.thepalaceproject.org/ucdavis/book/https%3A%2F%2Fcdl.edu.thepalaceproject.org%2F110644%2Fworks%2FURI%252Fhttps%253A%252F%252Flibrary.oapen.org%252Fhandle%252F20.500.12657%252F59329', 'first_author': 'Huawei Technologies Co., Ltd.', 'online_identifier': '', 'publisher_name': 'Springer Nature', 'publication_type': 'monograph', 'date_monograph_published_online': '2022', 'first_editor': '', 'access_type': 'openaccess', 'source_id': '20.500.12657/59329', 'source_id_type': 'File Handle'}
Record 734: {'title_id': 'https://library.oapen.org/handle/20.500.12657/60113', 'publication_title': 'Communication Conduct in an Island Community', 'title_url': 'https://patron-academic.thepalaceproject.org/ucdavis/book/https%3A%2F%2Fcdl.edu.thepalaceproject.org%2F110644%2Fworks%2FURI%252Fhttps%253A%252F%252Flibrary.oapen.org%252Fhandle%252F20.500.12657%252F60113', 'first_author': 'Goffman, Erving', 'online_identifier': '', 'publisher_name': 'mediastudies.press', 'publication_type': 'monograph', 'date_monograph_published_online': '2022', 'first_editor': '', 'access_type': 'openaccess', 'source_id': '20.500.12657/60113', 'source_id_type': 'File Handle'}
Record 735: {'title_id': 'https://library.oapen.org/handle/20.500.12657/58064', 'publication_title': 'Festivals and the City The Contested Geographies of Urban Events', 'title_url': 'https://patron-academic.thepalaceproject.org/ucdavis/book/https%3A%2F%2Fcdl.edu.thepalaceproject.org%2F110644%2Fworks%2FURI%252Fhttps%253A%252F%252Flibrary.oapen.org%252Fhandle%252F20.500.12657%252F58064', 'first_author': '', 'online_identifier': '', 'publisher_name': 'University of Westminster Press', 'publication_type': 'monograph', 'date_monograph_published_online': '2022', 'first_editor': 'Osborn, Guy', 'access_type': 'openaccess', 'source_id': '20.500.12657/58064', 'source_id_type': 'File Handle'}
Record 736: {'title_id': 'https://library.oapen.org/handle/20.500.12657/87065', 'publication_title': 'Philosophical Perspectives on Galen of Pergamum: Four Case-Studies on Human Nature and the Relation between Body and Soul', 'title_url': 'https://patron-academic.thepalaceproject.org/ucdavis/book/https%3A%2F%2Fcdl.edu.thepalaceproject.org%2F110644%2Fworks%2FURI%252Fhttps%253A%252F%252Flibrary.oapen.org%252Fhandle%252F20.500.12657%252F87065', 'first_author': 'Vinkesteijn, Robert', 'online_identifier': '', 'publisher_name': 'Brill', 'publication_type': 'monograph', 'date_monograph_published_online': '2022', 'first_editor': '', 'access_type': 'openaccess', 'source_id': '20.500.12657/87065', 'source_id_type': 'File Handle'}
Record 737: {'title_id': 'https://library.oapen.org/handle/20.500.12657/53708', 'publication_title': 'The Exercise of the Spatial Imagination in Pre-Modern China Shaping the Expanse', 'title_url': 'https://patron-academic.thepalaceproject.org/ucdavis/book/https%3A%2F%2Fcdl.edu.thepalaceproject.org%2F110644%2Fworks%2FURI%252Fhttps%253A%252F%252Flibrary.oapen.org%252Fhandle%252F20.500.12657%252F53708', 'first_author': 'Pagenstecher Olberding, Garret', 'online_identifier': '', 'publisher_name': 'De Gruyter', 'publication_type': 'monograph', 'date_monograph_published_online': '2022', 'first_editor': '', 'access_type': 'openaccess', 'source_id': '20.500.12657/53708', 'source_id_type': 'File Handle'}
Record 738: {'title_id': 'https://library.oapen.org/handle/20.500.12657/54322', 'publication_title': 'Youth in Fiji and Solomon Islands Livelihoods, Leadership and Civic Engagement', 'title_url': 'https://patron-academic.thepalaceproject.org/ucdavis/book/https%3A%2F%2Fcdl.edu.thepalaceproject.org%2F110644%2Fworks%2FURI%252Fhttps%253A%252F%252Flibrary.oapen.org%252Fhandle%252F20.500.12657%252F54322', 'first_author': 'Craney, Aidan', 'online_identifier': '', 'publisher_name': 'ANU Press', 'publication_type': 'monograph', 'date_monograph_published_online': '2022', 'first_editor': '', 'access_type': 'openaccess', 'source_id': '20.500.12657/54322', 'source_id_type': 'File Handle'}
Record 739: {'title_id': 'https://library.oapen.org/handle/20.500.12657/60596', 'publication_title': 'Human Rights at the Intersections Transformation through Local, Global, and Cosmopolitan Challenges', 'title_url': 'https://patron-academic.thepalaceproject.org/ucdavis/book/https%3A%2F%2Fcdl.edu.thepalaceproject.org%2F110644%2Fworks%2FURI%252Fhttps%253A%252F%252Flibrary.oapen.org%252Fhandle%252F20.500.12657%252F60596', 'first_author': '', 'online_identifier': '', 'publisher_name': 'Bloomsbury Academic', 'publication_type': 'monograph', 'date_monograph_published_online': '2022', 'first_editor': 'Banai, Hussein', 'access_type': 'openaccess', 'source_id': '20.500.12657/60596', 'source_id_type': 'File Handle'}
Record 740: {'title_id': 'https://library.oapen.org/handle/20.500.12657/53248', 'publication_title': 'Jamaica Making The Theresa Roberts Art Collection', 'title_url': 'https://patron-academic.thepalaceproject.org/ucdavis/book/https%3A%2F%2Fcdl.edu.thepalaceproject.org%2F110644%2Fworks%2FURI%252Fhttps%253A%252F%252Flibrary.oapen.org%252Fhandle%252F20.500.12657%252F53248', 'first_author': 'Roberts, Emma', 'online_identifier': '', 'publisher_name': 'Liverpool University Press', 'publication_type': 'monograph', 'date_monograph_published_online': '2022', 'first_editor': '', 'access_type': 'openaccess', 'source_id': '20.500.12657/53248', 'source_id_type': 'File Handle'}
Record 741: {'title_id': 'https://library.oapen.org/handle/20.500.12657/61026', 'publication_title': 'City of Caesar, City of God Constantinople and Jerusalem in Late Antiquity', 'title_url': 'https://patron-academic.thepalaceproject.org/ucdavis/book/https%3A%2F%2Fcdl.edu.thepalaceproject.org%2F110644%2Fworks%2FURI%252Fhttps%253A%252F%252Flibrary.oapen.org%252Fhandle%252F20.500.12657%252F61026', 'first_author': '', 'online_identifier': '', 'publisher_name': 'De Gruyter', 'publication_type': 'monograph', 'date_monograph_published_online': '2022', 'first_editor': 'Klein, Konstantin M.', 'access_type': 'openaccess', 'source_id': '20.500.12657/61026', 'source_id_type': 'File Handle'}
Record 742: {'title_id': 'https://library.oapen.org/handle/20.500.12657/54009', 'publication_title': 'Whole-Body Regeneration Methods and Protocols', 'title_url': 'https://patron-academic.thepalaceproject.org/ucdavis/book/https%3A%2F%2Fcdl.edu.thepalaceproject.org%2F110644%2Fworks%2FURI%252Fhttps%253A%252F%252Flibrary.oapen.org%252Fhandle%252F20.500.12657%252F54009', 'first_author': '', 'online_identifier': '', 'publisher_name': 'Springer Nature', 'publication_type': 'monograph', 'date_monograph_published_online': '2022', 'first_editor': 'Blanchoud, Simon', 'access_type': 'openaccess', 'source_id': '20.500.12657/54009', 'source_id_type': 'File Handle'}
Record 743: {'title_id': 'https://library.oapen.org/handle/20.500.12657/53919', 'publication_title': 'Interests and Power in Language Management', 'title_url': 'https://patron-academic.thepalaceproject.org/ucdavis/book/https%3A%2F%2Fcdl.edu.thepalaceproject.org%2F110644%2Fworks%2FURI%252Fhttps%253A%252F%252Flibrary.oapen.org%252Fhandle%252F20.500.12657%252F53919', 'first_author': '', 'online_identifier': '', 'publisher_name': 'Peter Lang International Academic Publishers', 'publication_type': 'monograph', 'date_monograph_published_online': '2022', 'first_editor': 'Nekula, Marek', 'access_type': 'openaccess', 'source_id': '20.500.12657/53919', 'source_id_type': 'File Handle'}
Record 744: {'title_id': 'https://library.oapen.org/handle/20.500.12657/58624', 'publication_title': 'Managing Future Challenges for Safety Demographic Change, Digitalisation and Complexity in the 2030s', 'title_url': 'https://patron-academic.thepalaceproject.org/ucdavis/book/https%3A%2F%2Fcdl.edu.thepalaceproject.org%2F110644%2Fworks%2FURI%252Fhttps%253A%252F%252Flibrary.oapen.org%252Fhandle%252F20.500.12657%252F58624', 'first_author': '', 'online_identifier': '', 'publisher_name': 'Springer Nature', 'publication_type': 'monograph', 'date_monograph_published_online': '2022', 'first_editor': 'Bieder, Corinne', 'access_type': 'openaccess', 'source_id': '20.500.12657/58624', 'source_id_type': 'File Handle'}
Record 745: {'title_id': 'https://library.oapen.org/handle/20.500.12657/52822', 'publication_title': 'Regenerative Territories Dimensions of Circularity for Healthy Metabolisms', 'title_url': 'https://patron-academic.thepalaceproject.org/ucdavis/book/https%3A%2F%2Fcdl.edu.thepalaceproject.org%2F110644%2Fworks%2FURI%252Fhttps%253A%252F%252Flibrary.oapen.org%252Fhandle%252F20.500.12657%252F52822', 'first_author': '', 'online_identifier': '', 'publisher_name': 'Springer Nature', 'publication_type': 'monograph', 'date_monograph_published_online': '2022', 'first_editor': 'Amenta, Libera', 'access_type': 'openaccess', 'source_id': '20.500.12657/52822', 'source_id_type': 'File Handle'}
Record 746: {'title_id': 'https://library.oapen.org/handle/20.500.12657/58518', 'publication_title': 'Risk Management Maturity A Multidimensional Model', 'title_url': 'https://patron-academic.thepalaceproject.org/ucdavis/book/https%3A%2F%2Fcdl.edu.thepalaceproject.org%2F110644%2Fworks%2FURI%252Fhttps%253A%252F%252Flibrary.oapen.org%252Fhandle%252F20.500.12657%252F58518', 'first_author': '', 'online_identifier': '', 'publisher_name': 'Taylor & Francis', 'publication_type': 'monograph', 'date_monograph_published_online': '2022', 'first_editor': '', 'access_type': 'openaccess', 'source_id': '20.500.12657/58518', 'source_id_type': 'File Handle'}
Record 747: {'title_id': 'https://library.oapen.org/handle/20.500.12657/57079', 'publication_title': 'Turkish Voices', 'title_url': 'https://patron-academic.thepalaceproject.org/ucdavis/book/https%3A%2F%2Fcdl.edu.thepalaceproject.org%2F110644%2Fworks%2FURI%252Fhttps%253A%252F%252Flibrary.oapen.org%252Fhandle%252F20.500.12657%252F57079', 'first_author': 'Nemet-Nejat, Murat', 'online_identifier': '', 'publisher_name': 'punctum books', 'publication_type': 'monograph', 'date_monograph_published_online': '2022', 'first_editor': '', 'access_type': 'openaccess', 'source_id': '20.500.12657/57079', 'source_id_type': 'File Handle'}
Record 748: {'title_id': 'https://library.oapen.org/handle/20.500.12657/63239', 'publication_title': 'Undocumented Saints The Politics of Migrating Devotions', 'title_url': 'https://patron-academic.thepalaceproject.org/ucdavis/book/https%3A%2F%2Fcdl.edu.thepalaceproject.org%2F110644%2Fworks%2FURI%252Fhttps%253A%252F%252Flibrary.oapen.org%252Fhandle%252F20.500.12657%252F63239', 'first_author': 'Calvo-Quiros, William A.', 'online_identifier': '', 'publisher_name': 'Oxford University Press', 'publication_type': 'monograph', 'date_monograph_published_online': '2022', 'first_editor': '', 'access_type': 'openaccess', 'source_id': '20.500.12657/63239', 'source_id_type': 'File Handle'}
Record 749: {'title_id': 'https://library.oapen.org/handle/20.500.12657/58586', 'publication_title': 'Something More Splendid Than Two', 'title_url': 'https://patron-academic.thepalaceproject.org/ucdavis/book/https%3A%2F%2Fcdl.edu.thepalaceproject.org%2F110644%2Fworks%2FURI%252Fhttps%253A%252F%252Flibrary.oapen.org%252Fhandle%252F20.500.12657%252F58586', 'first_author': 'Alfaro, Jose', 'online_identifier': '', 'publisher_name': 'punctum books', 'publication_type': 'monograph', 'date_monograph_published_online': '2022', 'first_editor': '', 'access_type': 'openaccess', 'source_id': '20.500.12657/58586', 'source_id_type': 'File Handle'}
Record 750: {'title_id': 'https://library.oapen.org/handle/20.500.12657/59379', 'publication_title': 'Urban Living Lab for Local Regeneration Beyond Participation in Large-scale Social Housing Estates', 'title_url': 'https://patron-academic.thepalaceproject.org/ucdavis/book/https%3A%2F%2Fcdl.edu.thepalaceproject.org%2F110644%2Fworks%2FURI%252Fhttps%253A%252F%252Flibrary.oapen.org%252Fhandle%252F20.500.12657%252F59379', 'first_author': '', 'online_identifier': '', 'publisher_name': 'Springer Nature', 'publication_type': 'monograph', 'date_monograph_published_online': '2022', 'first_editor': 'Aernouts, Nele', 'access_type': 'openaccess', 'source_id': '20.500.12657/59379', 'source_id_type': 'File Handle'}
Record 751: {'title_id': 'https://library.oapen.org/handle/20.500.12657/58525', 'publication_title': 'Mobilising Voluntary Action in the UK Learning from the Pandemic', 'title_url': 'https://patron-academic.thepalaceproject.org/ucdavis/book/https%3A%2F%2Fcdl.edu.thepalaceproject.org%2F110644%2Fworks%2FURI%252Fhttps%253A%252F%252Flibrary.oapen.org%252Fhandle%252F20.500.12657%252F58525', 'first_author': '', 'online_identifier': '', 'publisher_name': 'Policy Press', 'publication_type': 'monograph', 'date_monograph_published_online': '2022', 'first_editor': 'Crawford, Laura', 'access_type': 'openaccess', 'source_id': '20.500.12657/58525', 'source_id_type': 'File Handle'}
Record 752: {'title_id': 'https://library.oapen.org/handle/20.500.12657/60543', 'publication_title': 'Slavery and Unfree Labour in Nepal Documents from the 18th to Early 20th Century', 'title_url': 'https://patron-academic.thepalaceproject.org/ucdavis/book/https%3A%2F%2Fcdl.edu.thepalaceproject.org%2F110644%2Fworks%2FURI%252Fhttps%253A%252F%252Flibrary.oapen.org%252Fhandle%252F20.500.12657%252F60543', 'first_author': 'Bajracharya, Manik', 'online_identifier': '', 'publisher_name': 'Heidelberg University Publishing (heiUP)', 'publication_type': 'monograph', 'date_monograph_published_online': '2022', 'first_editor': '', 'access_type': 'openaccess', 'source_id': '20.500.12657/60543', 'source_id_type': 'File Handle'}
Record 753: {'title_id': 'https://library.oapen.org/handle/20.500.12657/59362', 'publication_title': 'Special Topics in Information Technology', 'title_url': 'https://patron-academic.thepalaceproject.org/ucdavis/book/https%3A%2F%2Fcdl.edu.thepalaceproject.org%2F110644%2Fworks%2FURI%252Fhttps%253A%252F%252Flibrary.oapen.org%252Fhandle%252F20.500.12657%252F59362', 'first_author': 'Riva, Carlo G.', 'online_identifier': '', 'publisher_name': 'Springer Nature', 'publication_type': 'monograph', 'date_monograph_published_online': '2022', 'first_editor': '', 'access_type': 'openaccess', 'source_id': '20.500.12657/59362', 'source_id_type': 'File Handle'}
Record 754: {'title_id': 'https://library.oapen.org/handle/20.500.12657/52847', 'publication_title': 'Aviation Noise Impact Management Technologies, Regulations, and Societal Well-being in Europe', 'title_url': 'https://patron-academic.thepalaceproject.org/ucdavis/book/https%3A%2F%2Fcdl.edu.thepalaceproject.org%2F110644%2Fworks%2FURI%252Fhttps%253A%252F%252Flibrary.oapen.org%252Fhandle%252F20.500.12657%252F52847', 'first_author': '', 'online_identifier': '', 'publisher_name': 'Springer Nature', 'publication_type': 'monograph', 'date_monograph_published_online': '2022', 'first_editor': 'Covrig, Alexandra', 'access_type': 'openaccess', 'source_id': '20.500.12657/52847', 'source_id_type': 'File Handle'}
Record 755: {'title_id': 'https://library.oapen.org/handle/20.500.12657/57908', 'publication_title': 'Reimagining Sustainable Organization Perspectives on Arts, Design, Leadership, Knowledge and Project Management', 'title_url': 'https://patron-academic.thepalaceproject.org/ucdavis/book/https%3A%2F%2Fcdl.edu.thepalaceproject.org%2F110644%2Fworks%2FURI%252Fhttps%253A%252F%252Flibrary.oapen.org%252Fhandle%252F20.500.12657%252F57908', 'first_author': '', 'online_identifier': '', 'publisher_name': 'Springer Nature', 'publication_type': 'monograph', 'date_monograph_published_online': '2022', 'first_editor': '', 'access_type': 'openaccess', 'source_id': '20.500.12657/57908', 'source_id_type': 'File Handle'}
Record 756: {'title_id': 'https://library.oapen.org/handle/20.500.12657/86042', 'publication_title': 'Political Racism Brexit and its Aftermath', 'title_url': 'https://patron-academic.thepalaceproject.org/ucdavis/book/https%3A%2F%2Fcdl.edu.thepalaceproject.org%2F110644%2Fworks%2FURI%252Fhttps%253A%252F%252Flibrary.oapen.org%252Fhandle%252F20.500.12657%252F86042', 'first_author': 'Shaw, Martin', 'online_identifier': '', 'publisher_name': 'Agenda Publishing Limited', 'publication_type': 'monograph', 'date_monograph_published_online': '2022', 'first_editor': '', 'access_type': 'openaccess', 'source_id': '20.500.12657/86042', 'source_id_type': 'File Handle'}
Record 757: {'title_id': 'https://library.oapen.org/handle/20.500.12657/57224', 'publication_title': 'Karl Barth’s Epistle to the Romans Retrospect and Prospect', 'title_url': 'https://patron-academic.thepalaceproject.org/ucdavis/book/https%3A%2F%2Fcdl.edu.thepalaceproject.org%2F110644%2Fworks%2FURI%252Fhttps%253A%252F%252Flibrary.oapen.org%252Fhandle%252F20.500.12657%252F57224', 'first_author': '', 'online_identifier': '', 'publisher_name': 'De Gruyter', 'publication_type': 'monograph', 'date_monograph_published_online': '2022', 'first_editor': 'Chalamet, Christophe', 'access_type': 'openaccess', 'source_id': '20.500.12657/57224', 'source_id_type': 'File Handle'}
Record 758: {'title_id': 'https://library.oapen.org/handle/20.500.12657/58388', 'publication_title': 'Times of Insight: Conscience, Corporations, and the Common Good', 'title_url': 'https://patron-academic.thepalaceproject.org/ucdavis/book/https%3A%2F%2Fcdl.edu.thepalaceproject.org%2F110644%2Fworks%2FURI%252Fhttps%253A%252F%252Flibrary.oapen.org%252Fhandle%252F20.500.12657%252F58388', 'first_author': 'Goodpaster, Kenneth E.', 'online_identifier': '', 'publisher_name': 'Springer Nature', 'publication_type': 'monograph', 'date_monograph_published_online': '2022', 'first_editor': '', 'access_type': 'openaccess', 'source_id': '20.500.12657/58388', 'source_id_type': 'File Handle'}
Record 759: {'title_id': 'https://library.oapen.org/handle/20.500.12657/57634', 'publication_title': 'Model-Based Performance Prediction for Concurrent Software on Multicore Architectures A Simulation-Based Approach', 'title_url': 'https://patron-academic.thepalaceproject.org/ucdavis/book/https%3A%2F%2Fcdl.edu.thepalaceproject.org%2F110644%2Fworks%2FURI%252Fhttps%253A%252F%252Flibrary.oapen.org%252Fhandle%252F20.500.12657%252F57634', 'first_author': 'Frank, Markus Kilian', 'online_identifier': '', 'publisher_name': 'KIT Scientific Publishing', 'publication_type': 'monograph', 'date_monograph_published_online': '2022', 'first_editor': '', 'access_type': 'openaccess', 'source_id': '20.500.12657/57634', 'source_id_type': 'File Handle'}
Record 760: {'title_id': 'https://library.oapen.org/handle/20.500.12657/58909', 'publication_title': 'Cartographic Memory', 'title_url': 'https://patron-academic.thepalaceproject.org/ucdavis/book/https%3A%2F%2Fcdl.edu.thepalaceproject.org%2F110644%2Fworks%2FURI%252Fhttps%253A%252F%252Flibrary.oapen.org%252Fhandle%252F20.500.12657%252F58909', 'first_author': 'Herrera, Juan', 'online_identifier': '', 'publisher_name': 'Duke University Press', 'publication_type': 'monograph', 'date_monograph_published_online': '2022', 'first_editor': '', 'access_type': 'openaccess', 'source_id': '20.500.12657/58909', 'source_id_type': 'File Handle'}
Record 761: {'title_id': 'https://library.oapen.org/handle/20.500.12657/87174', 'publication_title': 'Concealing for Freedom The Making of Encryption, Secure Messaging and Digital Liberties', 'title_url': 'https://patron-academic.thepalaceproject.org/ucdavis/book/https%3A%2F%2Fcdl.edu.thepalaceproject.org%2F110644%2Fworks%2FURI%252Fhttps%253A%252F%252Flibrary.oapen.org%252Fhandle%252F20.500.12657%252F87174', 'first_author': '', 'online_identifier': '', 'publisher_name': 'Mattering Press', 'publication_type': 'monograph', 'date_monograph_published_online': '2022', 'first_editor': '', 'access_type': 'openaccess', 'source_id': '20.500.12657/87174', 'source_id_type': 'File Handle'}
Record 762: {'title_id': 'https://library.oapen.org/handle/20.500.12657/54121', 'publication_title': 'Opening Up the University Teaching and Learning with Refugees (Volume 5)', 'title_url': 'https://patron-academic.thepalaceproject.org/ucdavis/book/https%3A%2F%2Fcdl.edu.thepalaceproject.org%2F110644%2Fworks%2FURI%252Fhttps%253A%252F%252Flibrary.oapen.org%252Fhandle%252F20.500.12657%252F54121', 'first_author': '', 'online_identifier': '', 'publisher_name': 'Berghahn Books', 'publication_type': 'monograph', 'date_monograph_published_online': '2022', 'first_editor': 'Cantat, Céline', 'access_type': 'openaccess', 'source_id': '20.500.12657/54121', 'source_id_type': 'File Handle'}
Record 763: {'title_id': 'https://library.oapen.org/handle/20.500.12657/58138', 'publication_title': 'Child Second Language Development in Immersion Education A Study on Generic Determiner Phrases in L2 German and L2 French', 'title_url': 'https://patron-academic.thepalaceproject.org/ucdavis/book/https%3A%2F%2Fcdl.edu.thepalaceproject.org%2F110644%2Fworks%2FURI%252Fhttps%253A%252F%252Flibrary.oapen.org%252Fhandle%252F20.500.12657%252F58138', 'first_author': 'Kolb, Nadine', 'online_identifier': '', 'publisher_name': 'Peter Lang International Academic Publishers', 'publication_type': 'monograph', 'date_monograph_published_online': '2022', 'first_editor': '', 'access_type': 'openaccess', 'source_id': '20.500.12657/58138', 'source_id_type': 'File Handle'}
Record 764: {'title_id': 'https://library.oapen.org/handle/20.500.12657/54712', 'publication_title': 'A Philosophy of Cover Songs', 'title_url': 'https://patron-academic.thepalaceproject.org/ucdavis/book/https%3A%2F%2Fcdl.edu.thepalaceproject.org%2F110644%2Fworks%2FURI%252Fhttps%253A%252F%252Flibrary.oapen.org%252Fhandle%252F20.500.12657%252F54712', 'first_author': 'Magnus, P.D.', 'online_identifier': '', 'publisher_name': 'Open Book Publishers', 'publication_type': 'monograph', 'date_monograph_published_online': '2022', 'first_editor': '', 'access_type': 'openaccess', 'source_id': '20.500.12657/54712', 'source_id_type': 'File Handle'}
Record 765: {'title_id': 'https://library.oapen.org/handle/20.500.12657/58589', 'publication_title': 'Light Emission from Single Self-decoupled Molecules in a Scanning Tunnelling Microscope', 'title_url': 'https://patron-academic.thepalaceproject.org/ucdavis/book/https%3A%2F%2Fcdl.edu.thepalaceproject.org%2F110644%2Fworks%2FURI%252Fhttps%253A%252F%252Flibrary.oapen.org%252Fhandle%252F20.500.12657%252F58589', 'first_author': 'Rai, Vibhuti Narayan', 'online_identifier': '', 'publisher_name': 'KIT Scientific Publishing', 'publication_type': 'monograph', 'date_monograph_published_online': '2022', 'first_editor': '', 'access_type': 'openaccess', 'source_id': '20.500.12657/58589', 'source_id_type': 'File Handle'}
Record 766: {'title_id': 'https://library.oapen.org/handle/20.500.12657/57539', 'publication_title': 'Probabilistic Parametric Curves for Sequence Modeling', 'title_url': 'https://patron-academic.thepalaceproject.org/ucdavis/book/https%3A%2F%2Fcdl.edu.thepalaceproject.org%2F110644%2Fworks%2FURI%252Fhttps%253A%252F%252Flibrary.oapen.org%252Fhandle%252F20.500.12657%252F57539', 'first_author': 'Hug, Ronny', 'online_identifier': '', 'publisher_name': 'KIT Scientific Publishing', 'publication_type': 'monograph', 'date_monograph_published_online': '2022', 'first_editor': '', 'access_type': 'openaccess', 'source_id': '20.500.12657/57539', 'source_id_type': 'File Handle'}
Record 767: {'title_id': 'https://library.oapen.org/handle/20.500.12657/61018', 'publication_title': 'Accelerating Human Evolution by Theosophical Initiation Annie Besant’s Pedagogy and the Creation of Benares Hindu University', 'title_url': 'https://patron-academic.thepalaceproject.org/ucdavis/book/https%3A%2F%2Fcdl.edu.thepalaceproject.org%2F110644%2Fworks%2FURI%252Fhttps%253A%252F%252Flibrary.oapen.org%252Fhandle%252F20.500.12657%252F61018', 'first_author': 'Mühlematter, Yves', 'online_identifier': '', 'publisher_name': 'De Gruyter', 'publication_type': 'monograph', 'date_monograph_published_online': '2022', 'first_editor': '', 'access_type': 'openaccess', 'source_id': '20.500.12657/61018', 'source_id_type': 'File Handle'}
Record 768: {'title_id': 'https://library.oapen.org/handle/20.500.12657/86567', 'publication_title': 'Conditional Freedom Free Soil and Fugitive Slaves from the U.S. South to Mexico’s Northeast, 1803–1861', 'title_url': 'https://patron-academic.thepalaceproject.org/ucdavis/book/https%3A%2F%2Fcdl.edu.thepalaceproject.org%2F110644%2Fworks%2FURI%252Fhttps%253A%252F%252Flibrary.oapen.org%252Fhandle%252F20.500.12657%252F86567', 'first_author': 'Mareite, Thomas', 'online_identifier': '', 'publisher_name': 'Brill', 'publication_type': 'monograph', 'date_monograph_published_online': '2022', 'first_editor': '', 'access_type': 'openaccess', 'source_id': '20.500.12657/86567', 'source_id_type': 'File Handle'}
Record 769: {'title_id': 'https://library.oapen.org/handle/20.500.12657/54421', 'publication_title': 'Socio-Technical Innovation Bundles for Agri-Food Systems Transformation', 'title_url': 'https://patron-academic.thepalaceproject.org/ucdavis/book/https%3A%2F%2Fcdl.edu.thepalaceproject.org%2F110644%2Fworks%2FURI%252Fhttps%253A%252F%252Flibrary.oapen.org%252Fhandle%252F20.500.12657%252F54421', 'first_author': '', 'online_identifier': '', 'publisher_name': 'Springer Nature', 'publication_type': 'monograph', 'date_monograph_published_online': '2022', 'first_editor': '', 'access_type': 'openaccess', 'source_id': '20.500.12657/54421', 'source_id_type': 'File Handle'}
Record 770: {'title_id': 'https://library.oapen.org/handle/20.500.12657/57384', 'publication_title': 'The Road to General Intelligence', 'title_url': 'https://patron-academic.thepalaceproject.org/ucdavis/book/https%3A%2F%2Fcdl.edu.thepalaceproject.org%2F110644%2Fworks%2FURI%252Fhttps%253A%252F%252Flibrary.oapen.org%252Fhandle%252F20.500.12657%252F57384', 'first_author': '', 'online_identifier': '', 'publisher_name': 'Springer Nature', 'publication_type': 'monograph', 'date_monograph_published_online': '2022', 'first_editor': '', 'access_type': 'openaccess', 'source_id': '20.500.12657/57384', 'source_id_type': 'File Handle'}
Record 771: {'title_id': 'https://library.oapen.org/handle/20.500.12657/63139', 'publication_title': 'Photography After Capitalism', 'title_url': 'https://patron-academic.thepalaceproject.org/ucdavis/book/https%3A%2F%2Fcdl.edu.thepalaceproject.org%2F110644%2Fworks%2FURI%252Fhttps%253A%252F%252Flibrary.oapen.org%252Fhandle%252F20.500.12657%252F63139', 'first_author': 'Burbridge, Ben', 'online_identifier': '', 'publisher_name': 'Goldsmiths Press', 'publication_type': 'monograph', 'date_monograph_published_online': '2022', 'first_editor': '', 'access_type': 'openaccess', 'source_id': '20.500.12657/63139', 'source_id_type': 'File Handle'}
Record 772: {'title_id': 'https://library.oapen.org/handle/20.500.12657/57561', 'publication_title': 'Ethnographies of Power Working Radical Concepts with Gillian Hart', 'title_url': 'https://patron-academic.thepalaceproject.org/ucdavis/book/https%3A%2F%2Fcdl.edu.thepalaceproject.org%2F110644%2Fworks%2FURI%252Fhttps%253A%252F%252Flibrary.oapen.org%252Fhandle%252F20.500.12657%252F57561', 'first_author': '', 'online_identifier': '', 'publisher_name': 'Wits University Press', 'publication_type': 'monograph', 'date_monograph_published_online': '2022', 'first_editor': 'Chari, Sharad', 'access_type': 'openaccess', 'source_id': '20.500.12657/57561', 'source_id_type': 'File Handle'}
Record 773: {'title_id': 'https://library.oapen.org/handle/20.500.12657/61052', 'publication_title': 'MUSEALE RESTE', 'title_url': 'https://patron-academic.thepalaceproject.org/ucdavis/book/https%3A%2F%2Fcdl.edu.thepalaceproject.org%2F110644%2Fworks%2FURI%252Fhttps%253A%252F%252Flibrary.oapen.org%252Fhandle%252F20.500.12657%252F61052', 'first_author': '', 'online_identifier': '', 'publisher_name': 'De Gruyter', 'publication_type': 'monograph', 'date_monograph_published_online': '2022', 'first_editor': 'Samuel, Nina', 'access_type': 'openaccess', 'source_id': '20.500.12657/61052', 'source_id_type': 'File Handle'}
Record 774: {'title_id': 'https://library.oapen.org/handle/20.500.12657/89597', 'publication_title': 'London, Queer Spaces and Historiography in the Works of Sarah Waters and Alan Hollinghurst', 'title_url': 'https://patron-academic.thepalaceproject.org/ucdavis/book/https%3A%2F%2Fcdl.edu.thepalaceproject.org%2F110644%2Fworks%2FURI%252Fhttps%253A%252F%252Flibrary.oapen.org%252Fhandle%252F20.500.12657%252F89597', 'first_author': 'Braga Neves, Júlia', 'online_identifier': '', 'publisher_name': 'transcript Verlag', 'publication_type': 'monograph', 'date_monograph_published_online': '2022', 'first_editor': '', 'access_type': 'openaccess', 'source_id': '20.500.12657/89597', 'source_id_type': 'File Handle'}
Record 775: {'title_id': 'https://library.oapen.org/handle/20.500.12657/58601', 'publication_title': 'Nordic Criminal Justice in a Global Context Practices and Promotion of Exceptionalism', 'title_url': 'https://patron-academic.thepalaceproject.org/ucdavis/book/https%3A%2F%2Fcdl.edu.thepalaceproject.org%2F110644%2Fworks%2FURI%252Fhttps%253A%252F%252Flibrary.oapen.org%252Fhandle%252F20.500.12657%252F58601', 'first_author': '', 'online_identifier': '', 'publisher_name': 'Taylor & Francis', 'publication_type': 'monograph', 'date_monograph_published_online': '2022', 'first_editor': 'Christensen, Mikkel Jarle', 'access_type': 'openaccess', 'source_id': '20.500.12657/58601', 'source_id_type': 'File Handle'}
Record 776: {'title_id': 'https://library.oapen.org/handle/20.500.12657/53260', 'publication_title': 'Hybrid Museum Experiences Theory and Design', 'title_url': 'https://patron-academic.thepalaceproject.org/ucdavis/book/https%3A%2F%2Fcdl.edu.thepalaceproject.org%2F110644%2Fworks%2FURI%252Fhttps%253A%252F%252Flibrary.oapen.org%252Fhandle%252F20.500.12657%252F53260', 'first_author': '', 'online_identifier': '', 'publisher_name': 'Amsterdam University Press', 'publication_type': 'monograph', 'date_monograph_published_online': '2022', 'first_editor': 'Løvlie, Anders Sundnes', 'access_type': 'openaccess', 'source_id': '20.500.12657/53260', 'source_id_type': 'File Handle'}
Record 777: {'title_id': 'https://library.oapen.org/handle/20.500.12657/54189', 'publication_title': 'Climate, Society and Elemental Insurance Capacities and Limitations', 'title_url': 'https://patron-academic.thepalaceproject.org/ucdavis/book/https%3A%2F%2Fcdl.edu.thepalaceproject.org%2F110644%2Fworks%2FURI%252Fhttps%253A%252F%252Flibrary.oapen.org%252Fhandle%252F20.500.12657%252F54189', 'first_author': '', 'online_identifier': '', 'publisher_name': 'Taylor & Francis', 'publication_type': 'monograph', 'date_monograph_published_online': '2022', 'first_editor': 'Booth, Kate', 'access_type': 'openaccess', 'source_id': '20.500.12657/54189', 'source_id_type': 'File Handle'}
Record 778: {'title_id': 'https://library.oapen.org/handle/20.500.12657/57362', 'publication_title': 'Smittestopp − A Case Study on Digital Contact Tracing', 'title_url': 'https://patron-academic.thepalaceproject.org/ucdavis/book/https%3A%2F%2Fcdl.edu.thepalaceproject.org%2F110644%2Fworks%2FURI%252Fhttps%253A%252F%252Flibrary.oapen.org%252Fhandle%252F20.500.12657%252F57362', 'first_author': '', 'online_identifier': '', 'publisher_name': 'Springer Nature', 'publication_type': 'monograph', 'date_monograph_published_online': '2022', 'first_editor': 'Elmokashfi, Ahmed', 'access_type': 'openaccess', 'source_id': '20.500.12657/57362', 'source_id_type': 'File Handle'}
Record 779: {'title_id': 'https://library.oapen.org/handle/20.500.12657/56664', 'publication_title': 'Empire of Direct Mail How Conservative Marketing Persuaded Voters and Transformed the Grassroots', 'title_url': 'https://patron-academic.thepalaceproject.org/ucdavis/book/https%3A%2F%2Fcdl.edu.thepalaceproject.org%2F110644%2Fworks%2FURI%252Fhttps%253A%252F%252Flibrary.oapen.org%252Fhandle%252F20.500.12657%252F56664', 'first_author': 'Moriyama, Takahito', 'online_identifier': '', 'publisher_name': 'University Press of Kansas', 'publication_type': 'monograph', 'date_monograph_published_online': '2022', 'first_editor': '', 'access_type': 'openaccess', 'source_id': '20.500.12657/56664', 'source_id_type': 'File Handle'}
Record 780: {'title_id': 'https://library.oapen.org/handle/20.500.12657/76638', 'publication_title': 'The Mitigation of Marine Plastic Pollution in International Law Facts, Policy and Legal Implications', 'title_url': 'https://patron-academic.thepalaceproject.org/ucdavis/book/https%3A%2F%2Fcdl.edu.thepalaceproject.org%2F110644%2Fworks%2FURI%252Fhttps%253A%252F%252Flibrary.oapen.org%252Fhandle%252F20.500.12657%252F76638', 'first_author': 'Schäli, Judith', 'online_identifier': '', 'publisher_name': 'Brill', 'publication_type': 'monograph', 'date_monograph_published_online': '2022', 'first_editor': '', 'access_type': 'openaccess', 'source_id': '20.500.12657/76638', 'source_id_type': 'File Handle'}
Record 781: {'title_id': 'https://library.oapen.org/handle/20.500.12657/53921', 'publication_title': 'Cultural Policy for Arts Education African-European Practises and Perspectives', 'title_url': 'https://patron-academic.thepalaceproject.org/ucdavis/book/https%3A%2F%2Fcdl.edu.thepalaceproject.org%2F110644%2Fworks%2FURI%252Fhttps%253A%252F%252Flibrary.oapen.org%252Fhandle%252F20.500.12657%252F53921', 'first_author': '', 'online_identifier': '', 'publisher_name': 'Peter Lang International Academic Publishers', 'publication_type': 'monograph', 'date_monograph_published_online': '2022', 'first_editor': 'Akuno, Emily', 'access_type': 'openaccess', 'source_id': '20.500.12657/53921', 'source_id_type': 'File Handle'}
Record 782: {'title_id': 'https://library.oapen.org/handle/20.500.12657/60143', 'publication_title': 'Open Mapping towards Sustainable Development Goals Voices of YouthMappers on Community Engaged Scholarship', 'title_url': 'https://patron-academic.thepalaceproject.org/ucdavis/book/https%3A%2F%2Fcdl.edu.thepalaceproject.org%2F110644%2Fworks%2FURI%252Fhttps%253A%252F%252Flibrary.oapen.org%252Fhandle%252F20.500.12657%252F60143', 'first_author': '', 'online_identifier': '', 'publisher_name': 'Springer Nature', 'publication_type': 'monograph', 'date_monograph_published_online': '2022', 'first_editor': 'Solís, Patricia', 'access_type': 'openaccess', 'source_id': '20.500.12657/60143', 'source_id_type': 'File Handle'}
Record 783: {'title_id': 'https://library.oapen.org/handle/20.500.12657/60480', 'publication_title': 'Trust in Robots', 'title_url': 'https://patron-academic.thepalaceproject.org/ucdavis/book/https%3A%2F%2Fcdl.edu.thepalaceproject.org%2F110644%2Fworks%2FURI%252Fhttps%253A%252F%252Flibrary.oapen.org%252Fhandle%252F20.500.12657%252F60480', 'first_author': '', 'online_identifier': '', 'publisher_name': 'TU Wien Academic Press', 'publication_type': 'monograph', 'date_monograph_published_online': '2022', 'first_editor': 'Koeszegi, Sabine T.', 'access_type': 'openaccess', 'source_id': '20.500.12657/60480', 'source_id_type': 'File Handle'}
Record 784: {'title_id': 'https://library.oapen.org/handle/20.500.12657/86566', 'publication_title': 'Buddhism in Central Asia II Practices and Rituals, Visual and Material Transfer', 'title_url': 'https://patron-academic.thepalaceproject.org/ucdavis/book/https%3A%2F%2Fcdl.edu.thepalaceproject.org%2F110644%2Fworks%2FURI%252Fhttps%253A%252F%252Flibrary.oapen.org%252Fhandle%252F20.500.12657%252F86566', 'first_author': '', 'online_identifier': '', 'publisher_name': 'Brill', 'publication_type': 'monograph', 'date_monograph_published_online': '2022', 'first_editor': 'Kasai, Yukiyo', 'access_type': 'openaccess', 'source_id': '20.500.12657/86566', 'source_id_type': 'File Handle'}
Record 785: {'title_id': 'https://library.oapen.org/handle/20.500.12657/57269', 'publication_title': 'Management model for social and environmental impact in logistics through blockchain technologies', 'title_url': 'https://patron-academic.thepalaceproject.org/ucdavis/book/https%3A%2F%2Fcdl.edu.thepalaceproject.org%2F110644%2Fworks%2FURI%252Fhttps%253A%252F%252Flibrary.oapen.org%252Fhandle%252F20.500.12657%252F57269', 'first_author': 'Verhoeven, Peter', 'online_identifier': '', 'publisher_name': 'Universitätsverlag der Technischen Universität Berlin', 'publication_type': 'monograph', 'date_monograph_published_online': '2022', 'first_editor': '', 'access_type': 'openaccess', 'source_id': '20.500.12657/57269', 'source_id_type': 'File Handle'}
Record 786: {'title_id': 'https://library.oapen.org/handle/20.500.12657/55723', 'publication_title': 'Bibliographic Control in the Digital Ecosystem', 'title_url': 'https://patron-academic.thepalaceproject.org/ucdavis/book/https%3A%2F%2Fcdl.edu.thepalaceproject.org%2F110644%2Fworks%2FURI%252Fhttps%253A%252F%252Flibrary.oapen.org%252Fhandle%252F20.500.12657%252F55723', 'first_author': '', 'online_identifier': '', 'publisher_name': 'Firenze University Press', 'publication_type': 'monograph', 'date_monograph_published_online': '2022', 'first_editor': 'Alpigiano, Carlotta', 'access_type': 'openaccess', 'source_id': '20.500.12657/55723', 'source_id_type': 'File Handle'}
Record 787: {'title_id': 'https://library.oapen.org/handle/20.500.12657/89666', 'publication_title': 'Big Screens, Small Forms Visual Varieties in Digital Media Culture', 'title_url': 'https://patron-academic.thepalaceproject.org/ucdavis/book/https%3A%2F%2Fcdl.edu.thepalaceproject.org%2F110644%2Fworks%2FURI%252Fhttps%253A%252F%252Flibrary.oapen.org%252Fhandle%252F20.500.12657%252F89666', 'first_author': 'Gotto, Lisa', 'online_identifier': '', 'publisher_name': 'transcript Verlag', 'publication_type': 'monograph', 'date_monograph_published_online': '2022', 'first_editor': '', 'access_type': 'openaccess', 'source_id': '20.500.12657/89666', 'source_id_type': 'File Handle'}
Record 788: {'title_id': 'https://library.oapen.org/handle/20.500.12657/60276', 'publication_title': 'Greening Europe 2022 European Public Investment Outlook', 'title_url': 'https://patron-academic.thepalaceproject.org/ucdavis/book/https%3A%2F%2Fcdl.edu.thepalaceproject.org%2F110644%2Fworks%2FURI%252Fhttps%253A%252F%252Flibrary.oapen.org%252Fhandle%252F20.500.12657%252F60276', 'first_author': '', 'online_identifier': '', 'publisher_name': 'Open Book Publishers', 'publication_type': 'monograph', 'date_monograph_published_online': '2022', 'first_editor': 'CERNIGLIA, FLORIANA MARGHERITA', 'access_type': 'openaccess', 'source_id': '20.500.12657/60276', 'source_id_type': 'File Handle'}
Record 789: {'title_id': 'https://library.oapen.org/handle/20.500.12657/60312', 'publication_title': 'Mixing Medicines The Global Drug Trade and Early Modern Russia', 'title_url': 'https://patron-academic.thepalaceproject.org/ucdavis/book/https%3A%2F%2Fcdl.edu.thepalaceproject.org%2F110644%2Fworks%2FURI%252Fhttps%253A%252F%252Flibrary.oapen.org%252Fhandle%252F20.500.12657%252F60312', 'first_author': 'Griffin, Clare', 'online_identifier': '', 'publisher_name': 'McGill-Queen’s University Press (mqup)', 'publication_type': 'monograph', 'date_monograph_published_online': '2022', 'first_editor': '', 'access_type': 'openaccess', 'source_id': '20.500.12657/60312', 'source_id_type': 'File Handle'}
Record 790: {'title_id': 'https://library.oapen.org/handle/20.500.12657/57002', 'publication_title': 'Travel Writings on Asia Curiosity, Identities, and Knowledge Across the East, c. 1200 to the Present', 'title_url': 'https://patron-academic.thepalaceproject.org/ucdavis/book/https%3A%2F%2Fcdl.edu.thepalaceproject.org%2F110644%2Fworks%2FURI%252Fhttps%253A%252F%252Flibrary.oapen.org%252Fhandle%252F20.500.12657%252F57002', 'first_author': '', 'online_identifier': '', 'publisher_name': 'Springer Nature', 'publication_type': 'monograph', 'date_monograph_published_online': '2022', 'first_editor': 'Mueller, Christian', 'access_type': 'openaccess', 'source_id': '20.500.12657/57002', 'source_id_type': 'File Handle'}
Record 791: {'title_id': 'https://library.oapen.org/handle/20.500.12657/52602', 'publication_title': 'Broken Narrative The Politics of Contemporary Art in Albania', 'title_url': 'https://patron-academic.thepalaceproject.org/ucdavis/book/https%3A%2F%2Fcdl.edu.thepalaceproject.org%2F110644%2Fworks%2FURI%252Fhttps%253A%252F%252Flibrary.oapen.org%252Fhandle%252F20.500.12657%252F52602', 'first_author': '', 'online_identifier': '', 'publisher_name': 'punctum books', 'publication_type': 'monograph', 'date_monograph_published_online': '2022', 'first_editor': '', 'access_type': 'openaccess', 'source_id': '20.500.12657/52602', 'source_id_type': 'File Handle'}
Record 792: {'title_id': 'https://library.oapen.org/handle/20.500.12657/59666', 'publication_title': 'A Short Media History of English Literature', 'title_url': 'https://patron-academic.thepalaceproject.org/ucdavis/book/https%3A%2F%2Fcdl.edu.thepalaceproject.org%2F110644%2Fworks%2FURI%252Fhttps%253A%252F%252Flibrary.oapen.org%252Fhandle%252F20.500.12657%252F59666', 'first_author': 'Berensmeyer, Ingo', 'online_identifier': '', 'publisher_name': 'De Gruyter', 'publication_type': 'monograph', 'date_monograph_published_online': '2022', 'first_editor': '', 'access_type': 'openaccess', 'source_id': '20.500.12657/59666', 'source_id_type': 'File Handle'}
Record 793: {'title_id': 'https://library.oapen.org/handle/20.500.12657/54049', 'publication_title': 'Photocatalytic Water and Wastewater Treatment', 'title_url': 'https://patron-academic.thepalaceproject.org/ucdavis/book/https%3A%2F%2Fcdl.edu.thepalaceproject.org%2F110644%2Fworks%2FURI%252Fhttps%253A%252F%252Flibrary.oapen.org%252Fhandle%252F20.500.12657%252F54049', 'first_author': 'Bazargan, Alireza', 'online_identifier': '', 'publisher_name': 'IWA Publishing', 'publication_type': 'monograph', 'date_monograph_published_online': '2022', 'first_editor': '', 'access_type': 'openaccess', 'source_id': '20.500.12657/54049', 'source_id_type': 'File Handle'}
Record 794: {'title_id': 'https://library.oapen.org/handle/20.500.12657/58093', 'publication_title': 'The Cultural Politics of Affect and Emotion A Case Study of Chinese Reality TV', 'title_url': 'https://patron-academic.thepalaceproject.org/ucdavis/book/https%3A%2F%2Fcdl.edu.thepalaceproject.org%2F110644%2Fworks%2FURI%252Fhttps%253A%252F%252Flibrary.oapen.org%252Fhandle%252F20.500.12657%252F58093', 'first_author': 'Dong, Wei', 'online_identifier': '', 'publisher_name': 'transcript Verlag', 'publication_type': 'monograph', 'date_monograph_published_online': '2022', 'first_editor': '', 'access_type': 'openaccess', 'source_id': '20.500.12657/58093', 'source_id_type': 'File Handle'}
Record 795: {'title_id': 'https://library.oapen.org/handle/20.500.12657/59147', 'publication_title': 'Internet of Things and the Law Legal Strategies for Consumer-Centric Smart Technologies', 'title_url': 'https://patron-academic.thepalaceproject.org/ucdavis/book/https%3A%2F%2Fcdl.edu.thepalaceproject.org%2F110644%2Fworks%2FURI%252Fhttps%253A%252F%252Flibrary.oapen.org%252Fhandle%252F20.500.12657%252F59147', 'first_author': 'Noto La Diega, Guido', 'online_identifier': '', 'publisher_name': 'Taylor & Francis', 'publication_type': 'monograph', 'date_monograph_published_online': '2022', 'first_editor': '', 'access_type': 'openaccess', 'source_id': '20.500.12657/59147', 'source_id_type': 'File Handle'}
Record 796: {'title_id': 'https://library.oapen.org/handle/20.500.12657/57291', 'publication_title': 'The Need to Belong in Secondary School A Social Work Science Study of Austrian and Australian Students', 'title_url': 'https://patron-academic.thepalaceproject.org/ucdavis/book/https%3A%2F%2Fcdl.edu.thepalaceproject.org%2F110644%2Fworks%2FURI%252Fhttps%253A%252F%252Flibrary.oapen.org%252Fhandle%252F20.500.12657%252F57291', 'first_author': 'du Plessis-Schneider, Sharon', 'online_identifier': '', 'publisher_name': 'Verlag Barbara Budrich', 'publication_type': 'monograph', 'date_monograph_published_online': '2022', 'first_editor': '', 'access_type': 'openaccess', 'source_id': '20.500.12657/57291', 'source_id_type': 'File Handle'}
Record 797: {'title_id': 'https://library.oapen.org/handle/20.500.12657/76634', 'publication_title': 'The Writing Culture of Ancient Dadān A Description and Quantitative Analysis of Linguistic Variation', 'title_url': 'https://patron-academic.thepalaceproject.org/ucdavis/book/https%3A%2F%2Fcdl.edu.thepalaceproject.org%2F110644%2Fworks%2FURI%252Fhttps%253A%252F%252Flibrary.oapen.org%252Fhandle%252F20.500.12657%252F76634', 'first_author': 'Kootstra, Fokelien', 'online_identifier': '', 'publisher_name': 'Brill', 'publication_type': 'monograph', 'date_monograph_published_online': '2022', 'first_editor': '', 'access_type': 'openaccess', 'source_id': '20.500.12657/76634', 'source_id_type': 'File Handle'}
Record 798: {'title_id': 'https://library.oapen.org/handle/20.500.12657/59286', 'publication_title': 'EIB Working Paper 2022/12 - Determinants of the exchange rate, its volatility and currency crash risk in Africa’s low and lower middle-income countries', 'title_url': 'https://patron-academic.thepalaceproject.org/ucdavis/book/https%3A%2F%2Fcdl.edu.thepalaceproject.org%2F110644%2Fworks%2FURI%252Fhttps%253A%252F%252Flibrary.oapen.org%252Fhandle%252F20.500.12657%252F59286', 'first_author': '', 'online_identifier': '', 'publisher_name': 'European Investment Bank', 'publication_type': 'monograph', 'date_monograph_published_online': '2022', 'first_editor': '', 'access_type': 'openaccess', 'source_id': '20.500.12657/59286', 'source_id_type': 'File Handle'}
Record 799: {'title_id': 'https://library.oapen.org/handle/20.500.12657/54251', 'publication_title': 'Colonial Objects in Early Modern Sweden and Beyond From the Kunstkammer to the Current Museum Crisis', 'title_url': 'https://patron-academic.thepalaceproject.org/ucdavis/book/https%3A%2F%2Fcdl.edu.thepalaceproject.org%2F110644%2Fworks%2FURI%252Fhttps%253A%252F%252Flibrary.oapen.org%252Fhandle%252F20.500.12657%252F54251', 'first_author': 'Snickare, Mårten', 'online_identifier': '', 'publisher_name': 'Amsterdam University Press', 'publication_type': 'monograph', 'date_monograph_published_online': '2022', 'first_editor': '', 'access_type': 'openaccess', 'source_id': '20.500.12657/54251', 'source_id_type': 'File Handle'}
Record 800: {'title_id': 'https://library.oapen.org/handle/20.500.12657/57894', 'publication_title': 'Kantianism for Animals A Radical Kantian Animal Ethic', 'title_url': 'https://patron-academic.thepalaceproject.org/ucdavis/book/https%3A%2F%2Fcdl.edu.thepalaceproject.org%2F110644%2Fworks%2FURI%252Fhttps%253A%252F%252Flibrary.oapen.org%252Fhandle%252F20.500.12657%252F57894', 'first_author': 'Müller, Nico Dario', 'online_identifier': '', 'publisher_name': 'Springer Nature', 'publication_type': 'monograph', 'date_monograph_published_online': '2022', 'first_editor': '', 'access_type': 'openaccess', 'source_id': '20.500.12657/57894', 'source_id_type': 'File Handle'}
Record 801: {'title_id': 'https://library.oapen.org/handle/20.500.12657/53511', 'publication_title': 'COVID-19 in Indonesia Impacts on the Economy and Ways to Recovery', 'title_url': 'https://patron-academic.thepalaceproject.org/ucdavis/book/https%3A%2F%2Fcdl.edu.thepalaceproject.org%2F110644%2Fworks%2FURI%252Fhttps%253A%252F%252Flibrary.oapen.org%252Fhandle%252F20.500.12657%252F53511', 'first_author': '', 'online_identifier': '', 'publisher_name': 'Taylor & Francis', 'publication_type': 'monograph', 'date_monograph_published_online': '2022', 'first_editor': 'Basri, M. Chatib', 'access_type': 'openaccess', 'source_id': '20.500.12657/53511', 'source_id_type': 'File Handle'}
Record 802: {'title_id': 'https://library.oapen.org/handle/20.500.12657/53119', 'publication_title': 'Between Constantinople, the Papacy, and the Caliphate The Melkite Church in the Islamicate World, 634-969', 'title_url': 'https://patron-academic.thepalaceproject.org/ucdavis/book/https%3A%2F%2Fcdl.edu.thepalaceproject.org%2F110644%2Fworks%2FURI%252Fhttps%253A%252F%252Flibrary.oapen.org%252Fhandle%252F20.500.12657%252F53119', 'first_author': 'Kościelniak, Krzysztof', 'online_identifier': '', 'publisher_name': 'Taylor & Francis', 'publication_type': 'monograph', 'date_monograph_published_online': '2022', 'first_editor': '', 'access_type': 'openaccess', 'source_id': '20.500.12657/53119', 'source_id_type': 'File Handle'}
Record 803: {'title_id': 'https://library.oapen.org/handle/20.500.12657/58569', 'publication_title': 'Empire Found Racial Identities and Coloniality in Twenty-First-Century Portuguese Popular Cultures', 'title_url': 'https://patron-academic.thepalaceproject.org/ucdavis/book/https%3A%2F%2Fcdl.edu.thepalaceproject.org%2F110644%2Fworks%2FURI%252Fhttps%253A%252F%252Flibrary.oapen.org%252Fhandle%252F20.500.12657%252F58569', 'first_author': 'Silva, Daniel', 'online_identifier': '', 'publisher_name': 'Liverpool University Press', 'publication_type': 'monograph', 'date_monograph_published_online': '2022', 'first_editor': '', 'access_type': 'openaccess', 'source_id': '20.500.12657/58569', 'source_id_type': 'File Handle'}
Record 804: {'title_id': 'https://library.oapen.org/handle/20.500.12657/53188', 'publication_title': 'The Form of Ideology and the Ideology of Form Cold War, Decolonization and Third World Print Cultures', 'title_url': 'https://patron-academic.thepalaceproject.org/ucdavis/book/https%3A%2F%2Fcdl.edu.thepalaceproject.org%2F110644%2Fworks%2FURI%252Fhttps%253A%252F%252Flibrary.oapen.org%252Fhandle%252F20.500.12657%252F53188', 'first_author': '', 'online_identifier': '', 'publisher_name': 'Open Book Publishers', 'publication_type': 'monograph', 'date_monograph_published_online': '2022', 'first_editor': 'Orsini, Francesca', 'access_type': 'openaccess', 'source_id': '20.500.12657/53188', 'source_id_type': 'File Handle'}
Record 805: {'title_id': 'https://library.oapen.org/handle/20.500.12657/60137', 'publication_title': 'The Impact of Protracted Peace Processes on Identities in Conflict The Case of Israel and Palestine', 'title_url': 'https://patron-academic.thepalaceproject.org/ucdavis/book/https%3A%2F%2Fcdl.edu.thepalaceproject.org%2F110644%2Fworks%2FURI%252Fhttps%253A%252F%252Flibrary.oapen.org%252Fhandle%252F20.500.12657%252F60137', 'first_author': 'Ricarte, Joana', 'online_identifier': '', 'publisher_name': 'Springer Nature', 'publication_type': 'monograph', 'date_monograph_published_online': '2022', 'first_editor': '', 'access_type': 'openaccess', 'source_id': '20.500.12657/60137', 'source_id_type': 'File Handle'}
Record 806: {'title_id': 'https://library.oapen.org/handle/20.500.12657/59116', 'publication_title': 'A Strategic Digital Transformation for the Water Industry', 'title_url': 'https://patron-academic.thepalaceproject.org/ucdavis/book/https%3A%2F%2Fcdl.edu.thepalaceproject.org%2F110644%2Fworks%2FURI%252Fhttps%253A%252F%252Flibrary.oapen.org%252Fhandle%252F20.500.12657%252F59116', 'first_author': '', 'online_identifier': '', 'publisher_name': 'IWA Publishing', 'publication_type': 'monograph', 'date_monograph_published_online': '2022', 'first_editor': 'Grievson, Oliver', 'access_type': 'openaccess', 'source_id': '20.500.12657/59116', 'source_id_type': 'File Handle'}
Record 807: {'title_id': 'https://library.oapen.org/handle/20.500.12657/61043', 'publication_title': 'Vanitas als Wiederholung', 'title_url': 'https://patron-academic.thepalaceproject.org/ucdavis/book/https%3A%2F%2Fcdl.edu.thepalaceproject.org%2F110644%2Fworks%2FURI%252Fhttps%253A%252F%252Flibrary.oapen.org%252Fhandle%252F20.500.12657%252F61043', 'first_author': '', 'online_identifier': '', 'publisher_name': 'De Gruyter', 'publication_type': 'monograph', 'date_monograph_published_online': '2022', 'first_editor': 'Berger, Julia Catherine', 'access_type': 'openaccess', 'source_id': '20.500.12657/61043', 'source_id_type': 'File Handle'}
Record 808: {'title_id': 'https://library.oapen.org/handle/20.500.12657/57194', 'publication_title': 'Finite Element Simulation of Residual Stresses from Welding and High Frequency Hammer Peening', 'title_url': 'https://patron-academic.thepalaceproject.org/ucdavis/book/https%3A%2F%2Fcdl.edu.thepalaceproject.org%2F110644%2Fworks%2FURI%252Fhttps%253A%252F%252Flibrary.oapen.org%252Fhandle%252F20.500.12657%252F57194', 'first_author': 'Gkatzogiannis, Stefanos', 'online_identifier': '', 'publisher_name': 'KIT Scientific Publishing', 'publication_type': 'monograph', 'date_monograph_published_online': '2022', 'first_editor': '', 'access_type': 'openaccess', 'source_id': '20.500.12657/57194', 'source_id_type': 'File Handle'}
Record 809: {'title_id': 'https://library.oapen.org/handle/20.500.12657/57798', 'publication_title': 'Heritage and Nationalism Understanding populism through big data', 'title_url': 'https://patron-academic.thepalaceproject.org/ucdavis/book/https%3A%2F%2Fcdl.edu.thepalaceproject.org%2F110644%2Fworks%2FURI%252Fhttps%253A%252F%252Flibrary.oapen.org%252Fhandle%252F20.500.12657%252F57798', 'first_author': 'Bonacchi, Chiara', 'online_identifier': '', 'publisher_name': 'UCL Press', 'publication_type': 'monograph', 'date_monograph_published_online': '2022', 'first_editor': '', 'access_type': 'openaccess', 'source_id': '20.500.12657/57798', 'source_id_type': 'File Handle'}
Record 810: {'title_id': 'https://library.oapen.org/handle/20.500.12657/58009', 'publication_title': 'Honiara Village-City of Solomon Islands', 'title_url': 'https://patron-academic.thepalaceproject.org/ucdavis/book/https%3A%2F%2Fcdl.edu.thepalaceproject.org%2F110644%2Fworks%2FURI%252Fhttps%253A%252F%252Flibrary.oapen.org%252Fhandle%252F20.500.12657%252F58009', 'first_author': 'Moore, Mr Clive', 'online_identifier': '', 'publisher_name': 'ANU Press', 'publication_type': 'monograph', 'date_monograph_published_online': '2022', 'first_editor': '', 'access_type': 'openaccess', 'source_id': '20.500.12657/58009', 'source_id_type': 'File Handle'}
Record 811: {'title_id': 'https://library.oapen.org/handle/20.500.12657/58200', 'publication_title': 'Creating Chinese Urbanism Urban revolution and governance changes', 'title_url': 'https://patron-academic.thepalaceproject.org/ucdavis/book/https%3A%2F%2Fcdl.edu.thepalaceproject.org%2F110644%2Fworks%2FURI%252Fhttps%253A%252F%252Flibrary.oapen.org%252Fhandle%252F20.500.12657%252F58200', 'first_author': 'Wu, Fulong', 'online_identifier': '', 'publisher_name': 'UCL Press', 'publication_type': 'monograph', 'date_monograph_published_online': '2022', 'first_editor': '', 'access_type': 'openaccess', 'source_id': '20.500.12657/58200', 'source_id_type': 'File Handle'}
Record 812: {'title_id': 'https://library.oapen.org/handle/20.500.12657/53156', 'publication_title': 'Hidden Cities Urban Space, Geolocated Apps and Public History in Early Modern Europe', 'title_url': 'https://patron-academic.thepalaceproject.org/ucdavis/book/https%3A%2F%2Fcdl.edu.thepalaceproject.org%2F110644%2Fworks%2FURI%252Fhttps%253A%252F%252Flibrary.oapen.org%252Fhandle%252F20.500.12657%252F53156', 'first_author': '', 'online_identifier': '', 'publisher_name': 'Taylor & Francis', 'publication_type': 'monograph', 'date_monograph_published_online': '2022', 'first_editor': 'Nevola, Fabrizio', 'access_type': 'openaccess', 'source_id': '20.500.12657/53156', 'source_id_type': 'File Handle'}
Record 813: {'title_id': 'https://library.oapen.org/handle/20.500.12657/60580', 'publication_title': 'Oil Palm Fertilization Guide', 'title_url': 'https://patron-academic.thepalaceproject.org/ucdavis/book/https%3A%2F%2Fcdl.edu.thepalaceproject.org%2F110644%2Fworks%2FURI%252Fhttps%253A%252F%252Flibrary.oapen.org%252Fhandle%252F20.500.12657%252F60580', 'first_author': '', 'online_identifier': '', 'publisher_name': 'éditions Quae', 'publication_type': 'monograph', 'date_monograph_published_online': '2022', 'first_editor': '', 'access_type': 'openaccess', 'source_id': '20.500.12657/60580', 'source_id_type': 'File Handle'}
Record 814: {'title_id': 'https://library.oapen.org/handle/20.500.12657/53920', 'publication_title': 'Theory of Provocation In Light of Political Science', 'title_url': 'https://patron-academic.thepalaceproject.org/ucdavis/book/https%3A%2F%2Fcdl.edu.thepalaceproject.org%2F110644%2Fworks%2FURI%252Fhttps%253A%252F%252Flibrary.oapen.org%252Fhandle%252F20.500.12657%252F53920', 'first_author': 'Karwat, Mirosław', 'online_identifier': '', 'publisher_name': 'Peter Lang International Academic Publishers', 'publication_type': 'monograph', 'date_monograph_published_online': '2022', 'first_editor': '', 'access_type': 'openaccess', 'source_id': '20.500.12657/53920', 'source_id_type': 'File Handle'}
Record 815: {'title_id': 'https://library.oapen.org/handle/20.500.12657/58867', 'publication_title': 'Texts, Scribes and Transmission Manuscript Cultures of the Ismaili Communities and Beyond', 'title_url': 'https://patron-academic.thepalaceproject.org/ucdavis/book/https%3A%2F%2Fcdl.edu.thepalaceproject.org%2F110644%2Fworks%2FURI%252Fhttps%253A%252F%252Flibrary.oapen.org%252Fhandle%252F20.500.12657%252F58867', 'first_author': 'Momin, Wafi A.', 'online_identifier': '', 'publisher_name': 'Bloomsbury Academic', 'publication_type': 'monograph', 'date_monograph_published_online': '2022', 'first_editor': '', 'access_type': 'openaccess', 'source_id': '20.500.12657/58867', 'source_id_type': 'File Handle'}
Record 816: {'title_id': 'https://library.oapen.org/handle/20.500.12657/59798', 'publication_title': 'Democracy, Religion, and Pluralism Theological responses', 'title_url': 'https://patron-academic.thepalaceproject.org/ucdavis/book/https%3A%2F%2Fcdl.edu.thepalaceproject.org%2F110644%2Fworks%2FURI%252Fhttps%253A%252F%252Flibrary.oapen.org%252Fhandle%252F20.500.12657%252F59798', 'first_author': '', 'online_identifier': '', 'publisher_name': 'innsbruck university press', 'publication_type': 'monograph', 'date_monograph_published_online': '2022', 'first_editor': 'Guggenberger, Wilhelm', 'access_type': 'openaccess', 'source_id': '20.500.12657/59798', 'source_id_type': 'File Handle'}
Record 817: {'title_id': 'https://library.oapen.org/handle/20.500.12657/58386', 'publication_title': 'Does God Intend that Sin Occur?', 'title_url': 'https://patron-academic.thepalaceproject.org/ucdavis/book/https%3A%2F%2Fcdl.edu.thepalaceproject.org%2F110644%2Fworks%2FURI%252Fhttps%253A%252F%252Flibrary.oapen.org%252Fhandle%252F20.500.12657%252F58386', 'first_author': '', 'online_identifier': '', 'publisher_name': 'Springer Nature', 'publication_type': 'monograph', 'date_monograph_published_online': '2022', 'first_editor': '', 'access_type': 'openaccess', 'source_id': '20.500.12657/58386', 'source_id_type': 'File Handle'}
Record 818: {'title_id': 'https://library.oapen.org/handle/20.500.12657/58386', 'publication_title': 'Does God Intend that Sin Occur?', 'title_url': 'https://patron-academic.thepalaceproject.org/ucdavis/book/https%3A%2F%2Fcdl.edu.thepalaceproject.org%2F110644%2Fworks%2FURI%252Fhttps%253A%252F%252Flibrary.oapen.org%252Fhandle%252F20.500.12657%252F58386', 'first_author': '', 'online_identifier': '', 'publisher_name': 'Springer Nature', 'publication_type': 'monograph', 'date_monograph_published_online': '2022', 'first_editor': '', 'access_type': 'openaccess', 'source_id': '20.500.12657/58386', 'source_id_type': 'File Handle'}
Record 819: {'title_id': 'https://library.oapen.org/handle/20.500.12657/61093', 'publication_title': 'Digitised Newspapers – A New Eldorado for Historians? Reflections on Tools, Methods and Epistemology', 'title_url': 'https://patron-academic.thepalaceproject.org/ucdavis/book/https%3A%2F%2Fcdl.edu.thepalaceproject.org%2F110644%2Fworks%2FURI%252Fhttps%253A%252F%252Flibrary.oapen.org%252Fhandle%252F20.500.12657%252F61093', 'first_author': '', 'online_identifier': '', 'publisher_name': 'De Gruyter', 'publication_type': 'monograph', 'date_monograph_published_online': '2022', 'first_editor': 'Bunout, Estelle', 'access_type': 'openaccess', 'source_id': '20.500.12657/61093', 'source_id_type': 'File Handle'}
Record 820: {'title_id': 'https://library.oapen.org/handle/20.500.12657/60288', 'publication_title': 'August Strindberg: The Occult Diary Paris 1896 – Stockholm 1908', 'title_url': 'https://patron-academic.thepalaceproject.org/ucdavis/book/https%3A%2F%2Fcdl.edu.thepalaceproject.org%2F110644%2Fworks%2FURI%252Fhttps%253A%252F%252Flibrary.oapen.org%252Fhandle%252F20.500.12657%252F60288', 'first_author': '', 'online_identifier': '', 'publisher_name': 'Stockholm University Press', 'publication_type': 'monograph', 'date_monograph_published_online': '2022', 'first_editor': 'Engwall, Gunnel', 'access_type': 'openaccess', 'source_id': '20.500.12657/60288', 'source_id_type': 'File Handle'}
Record 821: {'title_id': 'https://library.oapen.org/handle/20.500.12657/58993', 'publication_title': '"The Neolithic Cemetery at Tell el-Kerkh"', 'title_url': 'https://patron-academic.thepalaceproject.org/ucdavis/book/https%3A%2F%2Fcdl.edu.thepalaceproject.org%2F110644%2Fworks%2FURI%252Fhttps%253A%252F%252Flibrary.oapen.org%252Fhandle%252F20.500.12657%252F58993', 'first_author': '', 'online_identifier': '', 'publisher_name': 'Archaeopress Publishing', 'publication_type': 'monograph', 'date_monograph_published_online': '2022', 'first_editor': 'Hironaga, Naoko', 'access_type': 'openaccess', 'source_id': '20.500.12657/58993', 'source_id_type': 'File Handle'}
Record 822: {'title_id': 'https://library.oapen.org/handle/20.500.12657/54253', 'publication_title': 'No Bicycle, No Bus, No Job The Making of Workers’ Mobility in the Netherlands, 1920-1990', 'title_url': 'https://patron-academic.thepalaceproject.org/ucdavis/book/https%3A%2F%2Fcdl.edu.thepalaceproject.org%2F110644%2Fworks%2FURI%252Fhttps%253A%252F%252Flibrary.oapen.org%252Fhandle%252F20.500.12657%252F54253', 'first_author': 'Bek, Patrick', 'online_identifier': '', 'publisher_name': 'Amsterdam University Press', 'publication_type': 'monograph', 'date_monograph_published_online': '2022', 'first_editor': '', 'access_type': 'openaccess', 'source_id': '20.500.12657/54253', 'source_id_type': 'File Handle'}
Record 823: {'title_id': 'https://library.oapen.org/handle/20.500.12657/53332', 'publication_title': 'Ernst Denert Award for Software Engineering 2020 Practice Meets Foundations', 'title_url': 'https://patron-academic.thepalaceproject.org/ucdavis/book/https%3A%2F%2Fcdl.edu.thepalaceproject.org%2F110644%2Fworks%2FURI%252Fhttps%253A%252F%252Flibrary.oapen.org%252Fhandle%252F20.500.12657%252F53332', 'first_author': '', 'online_identifier': '', 'publisher_name': 'Springer Nature', 'publication_type': 'monograph', 'date_monograph_published_online': '2022', 'first_editor': 'Felderer, Michael', 'access_type': 'openaccess', 'source_id': '20.500.12657/53332', 'source_id_type': 'File Handle'}
Record 824: {'title_id': 'https://library.oapen.org/handle/20.500.12657/57225', 'publication_title': 'Rethinking Orality II The Mechanisms of the Oral Communication System in the Case of the Archaic Epos', 'title_url': 'https://patron-academic.thepalaceproject.org/ucdavis/book/https%3A%2F%2Fcdl.edu.thepalaceproject.org%2F110644%2Fworks%2FURI%252Fhttps%253A%252F%252Flibrary.oapen.org%252Fhandle%252F20.500.12657%252F57225', 'first_author': '', 'online_identifier': '', 'publisher_name': 'De Gruyter', 'publication_type': 'monograph', 'date_monograph_published_online': '2022', 'first_editor': 'Ercolani, Andrea', 'access_type': 'openaccess', 'source_id': '20.500.12657/57225', 'source_id_type': 'File Handle'}
Record 825: {'title_id': 'https://library.oapen.org/handle/20.500.12657/61020', 'publication_title': 'Inhabited Machines Genealogy of an Architectural Concept', 'title_url': 'https://patron-academic.thepalaceproject.org/ucdavis/book/https%3A%2F%2Fcdl.edu.thepalaceproject.org%2F110644%2Fworks%2FURI%252Fhttps%253A%252F%252Flibrary.oapen.org%252Fhandle%252F20.500.12657%252F61020', 'first_author': 'Gleich, Moritz', 'online_identifier': '', 'publisher_name': 'De Gruyter', 'publication_type': 'monograph', 'date_monograph_published_online': '2022', 'first_editor': '', 'access_type': 'openaccess', 'source_id': '20.500.12657/61020', 'source_id_type': 'File Handle'}
Record 826: {'title_id': 'https://library.oapen.org/handle/20.500.12657/53577', 'publication_title': 'The Dynamics of Marginalized Youth Not in Education, Employment, or Training Around the World', 'title_url': 'https://patron-academic.thepalaceproject.org/ucdavis/book/https%3A%2F%2Fcdl.edu.thepalaceproject.org%2F110644%2Fworks%2FURI%252Fhttps%253A%252F%252Flibrary.oapen.org%252Fhandle%252F20.500.12657%252F53577', 'first_author': '', 'online_identifier': '', 'publisher_name': 'Taylor & Francis', 'publication_type': 'monograph', 'date_monograph_published_online': '2022', 'first_editor': 'Brzinsky-Fay, Christian', 'access_type': 'openaccess', 'source_id': '20.500.12657/53577', 'source_id_type': 'File Handle'}
Record 827: {'title_id': 'https://library.oapen.org/handle/20.500.12657/61341', 'publication_title': 'Naming and Mapping the Gods in the Ancient Mediterranean Spaces, Mobilities, Imaginaries', 'title_url': 'https://patron-academic.thepalaceproject.org/ucdavis/book/https%3A%2F%2Fcdl.edu.thepalaceproject.org%2F110644%2Fworks%2FURI%252Fhttps%253A%252F%252Flibrary.oapen.org%252Fhandle%252F20.500.12657%252F61341', 'first_author': '', 'online_identifier': '', 'publisher_name': 'De Gruyter', 'publication_type': 'monograph', 'date_monograph_published_online': '2022', 'first_editor': 'Bonnet, Corinne', 'access_type': 'openaccess', 'source_id': '20.500.12657/61341', 'source_id_type': 'File Handle'}
Record 828: {'title_id': 'https://library.oapen.org/handle/20.500.12657/59783', 'publication_title': 'Static Palace', 'title_url': 'https://patron-academic.thepalaceproject.org/ucdavis/book/https%3A%2F%2Fcdl.edu.thepalaceproject.org%2F110644%2Fworks%2FURI%252Fhttps%253A%252F%252Flibrary.oapen.org%252Fhandle%252F20.500.12657%252F59783', 'first_author': 'Fridman, Leora', 'online_identifier': '', 'publisher_name': 'punctum books', 'publication_type': 'monograph', 'date_monograph_published_online': '2022', 'first_editor': '', 'access_type': 'openaccess', 'source_id': '20.500.12657/59783', 'source_id_type': 'File Handle'}
Record 829: {'title_id': 'https://library.oapen.org/handle/20.500.12657/54459', 'publication_title': 'Proceedings of the 8th International Conference on Civil Engineering', 'title_url': 'https://patron-academic.thepalaceproject.org/ucdavis/book/https%3A%2F%2Fcdl.edu.thepalaceproject.org%2F110644%2Fworks%2FURI%252Fhttps%253A%252F%252Flibrary.oapen.org%252Fhandle%252F20.500.12657%252F54459', 'first_author': 'Feng, Guangliang', 'online_identifier': '', 'publisher_name': 'Springer Nature', 'publication_type': 'monograph', 'date_monograph_published_online': '2022', 'first_editor': '', 'access_type': 'openaccess', 'source_id': '20.500.12657/54459', 'source_id_type': 'File Handle'}
Record 830: {'title_id': 'https://library.oapen.org/handle/20.500.12657/52789', 'publication_title': 'Social Media and Hate', 'title_url': 'https://patron-academic.thepalaceproject.org/ucdavis/book/https%3A%2F%2Fcdl.edu.thepalaceproject.org%2F110644%2Fworks%2FURI%252Fhttps%253A%252F%252Flibrary.oapen.org%252Fhandle%252F20.500.12657%252F52789', 'first_author': '', 'online_identifier': '', 'publisher_name': 'Taylor & Francis', 'publication_type': 'monograph', 'date_monograph_published_online': '2022', 'first_editor': '', 'access_type': 'openaccess', 'source_id': '20.500.12657/52789', 'source_id_type': 'File Handle'}
Record 831: {'title_id': 'https://library.oapen.org/handle/20.500.12657/59320', 'publication_title': 'Quest for Good Money Past, Present and Future', 'title_url': 'https://patron-academic.thepalaceproject.org/ucdavis/book/https%3A%2F%2Fcdl.edu.thepalaceproject.org%2F110644%2Fworks%2FURI%252Fhttps%253A%252F%252Flibrary.oapen.org%252Fhandle%252F20.500.12657%252F59320', 'first_author': 'Kitamura, Yukinobu', 'online_identifier': '', 'publisher_name': 'Springer Nature', 'publication_type': 'monograph', 'date_monograph_published_online': '2022', 'first_editor': '', 'access_type': 'openaccess', 'source_id': '20.500.12657/59320', 'source_id_type': 'File Handle'}
Record 832: {'title_id': 'https://library.oapen.org/handle/20.500.12657/54416', 'publication_title': 'Female Genital Mutilation/Cutting in Children and Adolescents Illustrated Guide to Diagnose, Assess, Inform and Report', 'title_url': 'https://patron-academic.thepalaceproject.org/ucdavis/book/https%3A%2F%2Fcdl.edu.thepalaceproject.org%2F110644%2Fworks%2FURI%252Fhttps%253A%252F%252Flibrary.oapen.org%252Fhandle%252F20.500.12657%252F54416', 'first_author': '', 'online_identifier': '', 'publisher_name': 'Springer Nature', 'publication_type': 'monograph', 'date_monograph_published_online': '2022', 'first_editor': 'Abdulcadir, Jasmine', 'access_type': 'openaccess', 'source_id': '20.500.12657/54416', 'source_id_type': 'File Handle'}
Record 833: {'title_id': 'https://library.oapen.org/handle/20.500.12657/58004', 'publication_title': 'Vera Lex Historiae? Constructions of Truth in Medieval Historical Narrative', 'title_url': 'https://patron-academic.thepalaceproject.org/ucdavis/book/https%3A%2F%2Fcdl.edu.thepalaceproject.org%2F110644%2Fworks%2FURI%252Fhttps%253A%252F%252Flibrary.oapen.org%252Fhandle%252F20.500.12657%252F58004', 'first_author': '', 'online_identifier': '', 'publisher_name': 'punctum books', 'publication_type': 'monograph', 'date_monograph_published_online': '2022', 'first_editor': 'Kelly, Michael J.', 'access_type': 'openaccess', 'source_id': '20.500.12657/58004', 'source_id_type': 'File Handle'}
Record 834: {'title_id': 'https://library.oapen.org/handle/20.500.12657/58508', 'publication_title': 'Discourses, Modes, Media and Meaning in an Era of Pandemic A Multimodal Discourse Analysis Approach', 'title_url': 'https://patron-academic.thepalaceproject.org/ucdavis/book/https%3A%2F%2Fcdl.edu.thepalaceproject.org%2F110644%2Fworks%2FURI%252Fhttps%253A%252F%252Flibrary.oapen.org%252Fhandle%252F20.500.12657%252F58508', 'first_author': '', 'online_identifier': '', 'publisher_name': 'Taylor & Francis', 'publication_type': 'monograph', 'date_monograph_published_online': '2022', 'first_editor': 'E, Marissa', 'access_type': 'openaccess', 'source_id': '20.500.12657/58508', 'source_id_type': 'File Handle'}
Record 835: {'title_id': 'https://library.oapen.org/handle/20.500.12657/61065', 'publication_title': 'Comics and Agency', 'title_url': 'https://patron-academic.thepalaceproject.org/ucdavis/book/https%3A%2F%2Fcdl.edu.thepalaceproject.org%2F110644%2Fworks%2FURI%252Fhttps%253A%252F%252Flibrary.oapen.org%252Fhandle%252F20.500.12657%252F61065', 'first_author': '', 'online_identifier': '', 'publisher_name': 'De Gruyter', 'publication_type': 'monograph', 'date_monograph_published_online': '2022', 'first_editor': 'Ossa, Vanessa', 'access_type': 'openaccess', 'source_id': '20.500.12657/61065', 'source_id_type': 'File Handle'}
Record 836: {'title_id': 'https://library.oapen.org/handle/20.500.12657/53824', 'publication_title': 'Casuistry and Early Modern Spanish Literature', 'title_url': 'https://patron-academic.thepalaceproject.org/ucdavis/book/https%3A%2F%2Fcdl.edu.thepalaceproject.org%2F110644%2Fworks%2FURI%252Fhttps%253A%252F%252Flibrary.oapen.org%252Fhandle%252F20.500.12657%252F53824', 'first_author': '', 'online_identifier': '', 'publisher_name': 'Brill', 'publication_type': 'monograph', 'date_monograph_published_online': '2022', 'first_editor': '', 'access_type': 'openaccess', 'source_id': '20.500.12657/53824', 'source_id_type': 'File Handle'}
Record 837: {'title_id': 'https://library.oapen.org/handle/20.500.12657/53629', 'publication_title': 'Designing Behaviours For Well-Being Spaces How disruptive approaches can improve living conditions', 'title_url': 'https://patron-academic.thepalaceproject.org/ucdavis/book/https%3A%2F%2Fcdl.edu.thepalaceproject.org%2F110644%2Fworks%2FURI%252Fhttps%253A%252F%252Flibrary.oapen.org%252Fhandle%252F20.500.12657%252F53629', 'first_author': '', 'online_identifier': '', 'publisher_name': 'FrancoAngeli', 'publication_type': 'monograph', 'date_monograph_published_online': '2022', 'first_editor': 'Dominoni, Annalisa', 'access_type': 'openaccess', 'source_id': '20.500.12657/53629', 'source_id_type': 'File Handle'}
Record 838: {'title_id': 'https://library.oapen.org/handle/20.500.12657/58524', 'publication_title': 'Safeguarding Young People Beyond the Family Home Responding to Extra- Familial Risks and Harms', 'title_url': 'https://patron-academic.thepalaceproject.org/ucdavis/book/https%3A%2F%2Fcdl.edu.thepalaceproject.org%2F110644%2Fworks%2FURI%252Fhttps%253A%252F%252Flibrary.oapen.org%252Fhandle%252F20.500.12657%252F58524', 'first_author': '', 'online_identifier': '', 'publisher_name': 'Bristol University Press', 'publication_type': 'monograph', 'date_monograph_published_online': '2022', 'first_editor': '', 'access_type': 'openaccess', 'source_id': '20.500.12657/58524', 'source_id_type': 'File Handle'}
Record 839: {'title_id': 'https://library.oapen.org/handle/20.500.12657/61730', 'publication_title': 'Living in a Nuclear World From Fukushima to Hiroshima', 'title_url': 'https://patron-academic.thepalaceproject.org/ucdavis/book/https%3A%2F%2Fcdl.edu.thepalaceproject.org%2F110644%2Fworks%2FURI%252Fhttps%253A%252F%252Flibrary.oapen.org%252Fhandle%252F20.500.12657%252F61730', 'first_author': '', 'online_identifier': '', 'publisher_name': 'Taylor & Francis', 'publication_type': 'monograph', 'date_monograph_published_online': '2022', 'first_editor': 'Bensaude Vincent, Bernadette', 'access_type': 'openaccess', 'source_id': '20.500.12657/61730', 'source_id_type': 'File Handle'}
Record 840: {'title_id': 'https://library.oapen.org/handle/20.500.12657/86585', 'publication_title': 'Climate Change Integration in the Multilevel Governance of Italy and Austria Shaping Subnational Policies in the Transport, Energy, and Spatial Planning Sectors', 'title_url': 'https://patron-academic.thepalaceproject.org/ucdavis/book/https%3A%2F%2Fcdl.edu.thepalaceproject.org%2F110644%2Fworks%2FURI%252Fhttps%253A%252F%252Flibrary.oapen.org%252Fhandle%252F20.500.12657%252F86585', 'first_author': '', 'online_identifier': '', 'publisher_name': 'Brill', 'publication_type': 'monograph', 'date_monograph_published_online': '2022', 'first_editor': 'Bußjäger, Peter', 'access_type': 'openaccess', 'source_id': '20.500.12657/86585', 'source_id_type': 'File Handle'}
Record 841: {'title_id': 'https://library.oapen.org/handle/20.500.12657/52570', 'publication_title': 'Memory Crash Politics of History in and around Ukraine, 1980s–2010s', 'title_url': 'https://patron-academic.thepalaceproject.org/ucdavis/book/https%3A%2F%2Fcdl.edu.thepalaceproject.org%2F110644%2Fworks%2FURI%252Fhttps%253A%252F%252Flibrary.oapen.org%252Fhandle%252F20.500.12657%252F52570', 'first_author': 'Kasianov, Georgiy', 'online_identifier': '', 'publisher_name': 'Central European University Press', 'publication_type': 'monograph', 'date_monograph_published_online': '2022', 'first_editor': '', 'access_type': 'openaccess', 'source_id': '20.500.12657/52570', 'source_id_type': 'File Handle'}
Record 842: {'title_id': 'https://library.oapen.org/handle/20.500.12657/86593', 'publication_title': 'Canonisation as Innovation Anchoring Cultural Formation in the First Millennium BCE', 'title_url': 'https://patron-academic.thepalaceproject.org/ucdavis/book/https%3A%2F%2Fcdl.edu.thepalaceproject.org%2F110644%2Fworks%2FURI%252Fhttps%253A%252F%252Flibrary.oapen.org%252Fhandle%252F20.500.12657%252F86593', 'first_author': '', 'online_identifier': '', 'publisher_name': 'Brill', 'publication_type': 'monograph', 'date_monograph_published_online': '2022', 'first_editor': 'Agut-Labordère, Damien', 'access_type': 'openaccess', 'source_id': '20.500.12657/86593', 'source_id_type': 'File Handle'}
Record 843: {'title_id': 'https://library.oapen.org/handle/20.500.12657/56662', 'publication_title': 'Samsang gjennom livsløpet', 'title_url': 'https://patron-academic.thepalaceproject.org/ucdavis/book/https%3A%2F%2Fcdl.edu.thepalaceproject.org%2F110644%2Fworks%2FURI%252Fhttps%253A%252F%252Flibrary.oapen.org%252Fhandle%252F20.500.12657%252F56662', 'first_author': '', 'online_identifier': '', 'publisher_name': 'Cappelen Damm Akademisk/NOASP (Nordic Open Access Scholarly Publishing)', 'publication_type': 'monograph', 'date_monograph_published_online': '2022', 'first_editor': 'Eiksund, Øyvind Johan', 'access_type': 'openaccess', 'source_id': '20.500.12657/56662', 'source_id_type': 'File Handle'}
Record 844: {'title_id': 'https://library.oapen.org/handle/20.500.12657/57836', 'publication_title': 'Digitalisation in Europe 2021-2022 Evidence from the EIB Investment Survey', 'title_url': 'https://patron-academic.thepalaceproject.org/ucdavis/book/https%3A%2F%2Fcdl.edu.thepalaceproject.org%2F110644%2Fworks%2FURI%252Fhttps%253A%252F%252Flibrary.oapen.org%252Fhandle%252F20.500.12657%252F57836', 'first_author': 'Bank, European Investment', 'online_identifier': '', 'publisher_name': '', 'publication_type': 'monograph', 'date_monograph_published_online': '', 'first_editor': '', 'access_type': 'openaccess', 'source_id': '20.500.12657/57836', 'source_id_type': 'File Handle'}
Record 845: {'title_id': 'https://library.oapen.org/handle/20.500.12657/62543', 'publication_title': 'Paradoxes of Nostalgia Cold War Triumphalism and Global Disorder since 1989', 'title_url': 'https://patron-academic.thepalaceproject.org/ucdavis/book/https%3A%2F%2Fcdl.edu.thepalaceproject.org%2F110644%2Fworks%2FURI%252Fhttps%253A%252F%252Flibrary.oapen.org%252Fhandle%252F20.500.12657%252F62543', 'first_author': 'Von Eschen, Penny M.', 'online_identifier': '', 'publisher_name': 'Duke University Press', 'publication_type': 'monograph', 'date_monograph_published_online': '2022', 'first_editor': '', 'access_type': 'openaccess', 'source_id': '20.500.12657/62543', 'source_id_type': 'File Handle'}
Record 846: {'title_id': 'https://library.oapen.org/handle/20.500.12657/54270', 'publication_title': 'Exploring New Horizons and Challenges for Social Studies in a New Normal Proceedings of the International Conference on Social Studies and Educational Issues, (ICOSSEI 2021), Malang City, Indonesia, 7 July 2021', 'title_url': 'https://patron-academic.thepalaceproject.org/ucdavis/book/https%3A%2F%2Fcdl.edu.thepalaceproject.org%2F110644%2Fworks%2FURI%252Fhttps%253A%252F%252Flibrary.oapen.org%252Fhandle%252F20.500.12657%252F54270', 'first_author': '', 'online_identifier': '', 'publisher_name': 'Taylor & Francis', 'publication_type': 'monograph', 'date_monograph_published_online': '2022', 'first_editor': 'Isma’il, Zawawi', 'access_type': 'openaccess', 'source_id': '20.500.12657/54270', 'source_id_type': 'File Handle'}
Record 847: {'title_id': 'https://library.oapen.org/handle/20.500.12657/61126', 'publication_title': 'Le mal et la symbolique Ricœur lecteur de Freud', 'title_url': 'https://patron-academic.thepalaceproject.org/ucdavis/book/https%3A%2F%2Fcdl.edu.thepalaceproject.org%2F110644%2Fworks%2FURI%252Fhttps%253A%252F%252Flibrary.oapen.org%252Fhandle%252F20.500.12657%252F61126', 'first_author': '', 'online_identifier': '', 'publisher_name': 'De Gruyter', 'publication_type': 'monograph', 'date_monograph_published_online': '2022', 'first_editor': 'Bruzzone, Andrés', 'access_type': 'openaccess', 'source_id': '20.500.12657/61126', 'source_id_type': 'File Handle'}
Record 848: {'title_id': 'https://library.oapen.org/handle/20.500.12657/57189', 'publication_title': 'The Ocean of Heroes A Critical Edition, Translation, and Analysis of the Dakarnavatantra, Chapter 15, and Jayasena’s Meditation Manual', 'title_url': 'https://patron-academic.thepalaceproject.org/ucdavis/book/https%3A%2F%2Fcdl.edu.thepalaceproject.org%2F110644%2Fworks%2FURI%252Fhttps%253A%252F%252Flibrary.oapen.org%252Fhandle%252F20.500.12657%252F57189', 'first_author': 'Sugiki, Tsunehiko', 'online_identifier': '', 'publisher_name': 'MDPI - Multidisciplinary Digital Publishing Institute', 'publication_type': 'monograph', 'date_monograph_published_online': '2022', 'first_editor': '', 'access_type': 'openaccess', 'source_id': '20.500.12657/57189', 'source_id_type': 'File Handle'}
Record 849: {'title_id': 'https://library.oapen.org/handle/20.500.12657/57812', 'publication_title': 'Panopticon versus New South Wales and other writings on Australia', 'title_url': 'https://patron-academic.thepalaceproject.org/ucdavis/book/https%3A%2F%2Fcdl.edu.thepalaceproject.org%2F110644%2Fworks%2FURI%252Fhttps%253A%252F%252Flibrary.oapen.org%252Fhandle%252F20.500.12657%252F57812', 'first_author': '', 'online_identifier': '', 'publisher_name': 'UCL Press', 'publication_type': 'monograph', 'date_monograph_published_online': '2022', 'first_editor': '', 'access_type': 'openaccess', 'source_id': '20.500.12657/57812', 'source_id_type': 'File Handle'}
Record 850: {'title_id': 'https://library.oapen.org/handle/20.500.12657/63135', 'publication_title': "World's End", 'title_url': 'https://patron-academic.thepalaceproject.org/ucdavis/book/https%3A%2F%2Fcdl.edu.thepalaceproject.org%2F110644%2Fworks%2FURI%252Fhttps%253A%252F%252Flibrary.oapen.org%252Fhandle%252F20.500.12657%252F63135', 'first_author': 'Gere, Charlie', 'online_identifier': '', 'publisher_name': 'Goldsmiths Press', 'publication_type': 'monograph', 'date_monograph_published_online': '2022', 'first_editor': '', 'access_type': 'openaccess', 'source_id': '20.500.12657/63135', 'source_id_type': 'File Handle'}
Record 851: {'title_id': 'https://library.oapen.org/handle/20.500.12657/59303', 'publication_title': 'Asian Perceptions of Gulf Security', 'title_url': 'https://patron-academic.thepalaceproject.org/ucdavis/book/https%3A%2F%2Fcdl.edu.thepalaceproject.org%2F110644%2Fworks%2FURI%252Fhttps%253A%252F%252Flibrary.oapen.org%252Fhandle%252F20.500.12657%252F59303', 'first_author': '', 'online_identifier': '', 'publisher_name': 'Taylor & Francis', 'publication_type': 'monograph', 'date_monograph_published_online': '2022', 'first_editor': 'Fulton, Jonathan', 'access_type': 'openaccess', 'source_id': '20.500.12657/59303', 'source_id_type': 'File Handle'}
Record 852: {'title_id': 'https://library.oapen.org/handle/20.500.12657/52848', 'publication_title': 'Digital Towns Accelerating and Measuring the Digital Transformation of Rural Societies and Economies', 'title_url': 'https://patron-academic.thepalaceproject.org/ucdavis/book/https%3A%2F%2Fcdl.edu.thepalaceproject.org%2F110644%2Fworks%2FURI%252Fhttps%253A%252F%252Flibrary.oapen.org%252Fhandle%252F20.500.12657%252F52848', 'first_author': '', 'online_identifier': '', 'publisher_name': 'Springer Nature', 'publication_type': 'monograph', 'date_monograph_published_online': '2022', 'first_editor': '', 'access_type': 'openaccess', 'source_id': '20.500.12657/52848', 'source_id_type': 'File Handle'}
Record 853: {'title_id': 'https://library.oapen.org/handle/20.500.12657/55729', 'publication_title': 'Collectio Mineralium The catalog of Holy Roman Emperor Leopold II’s mineralogical collection', 'title_url': 'https://patron-academic.thepalaceproject.org/ucdavis/book/https%3A%2F%2Fcdl.edu.thepalaceproject.org%2F110644%2Fworks%2FURI%252Fhttps%253A%252F%252Flibrary.oapen.org%252Fhandle%252F20.500.12657%252F55729', 'first_author': '', 'online_identifier': '', 'publisher_name': 'Firenze University Press', 'publication_type': 'monograph', 'date_monograph_published_online': '2022', 'first_editor': 'Franza, Annarita', 'access_type': 'openaccess', 'source_id': '20.500.12657/55729', 'source_id_type': 'File Handle'}
Record 854: {'title_id': 'https://library.oapen.org/handle/20.500.12657/53776', 'publication_title': 'What Was Artificial Intelligence?', 'title_url': 'https://patron-academic.thepalaceproject.org/ucdavis/book/https%3A%2F%2Fcdl.edu.thepalaceproject.org%2F110644%2Fworks%2FURI%252Fhttps%253A%252F%252Flibrary.oapen.org%252Fhandle%252F20.500.12657%252F53776', 'first_author': 'Curry Jansen, Sue', 'online_identifier': '', 'publisher_name': 'mediastudies.press', 'publication_type': 'monograph', 'date_monograph_published_online': '2022', 'first_editor': '', 'access_type': 'openaccess', 'source_id': '20.500.12657/53776', 'source_id_type': 'File Handle'}
Record 855: {'title_id': 'https://library.oapen.org/handle/20.500.12657/62015', 'publication_title': "Ploughshares and Swords India's Nuclear Program in the Global Cold War", 'title_url': 'https://patron-academic.thepalaceproject.org/ucdavis/book/https%3A%2F%2Fcdl.edu.thepalaceproject.org%2F110644%2Fworks%2FURI%252Fhttps%253A%252F%252Flibrary.oapen.org%252Fhandle%252F20.500.12657%252F62015', 'first_author': 'Sarkar, Jayita', 'online_identifier': '', 'publisher_name': 'Cornell University Press', 'publication_type': 'monograph', 'date_monograph_published_online': '2022', 'first_editor': '', 'access_type': 'openaccess', 'source_id': '20.500.12657/62015', 'source_id_type': 'File Handle'}
Record 856: {'title_id': 'https://library.oapen.org/handle/20.500.12657/59679', 'publication_title': 'Self-Directed Learning in the era of the COVID-19 pandemic Research on the affordances of online virtual excursions', 'title_url': 'https://patron-academic.thepalaceproject.org/ucdavis/book/https%3A%2F%2Fcdl.edu.thepalaceproject.org%2F110644%2Fworks%2FURI%252Fhttps%253A%252F%252Flibrary.oapen.org%252Fhandle%252F20.500.12657%252F59679', 'first_author': '', 'online_identifier': '', 'publisher_name': 'AOSIS', 'publication_type': 'monograph', 'date_monograph_published_online': '2022', 'first_editor': 'Balfour, Robert J', 'access_type': 'openaccess', 'source_id': '20.500.12657/59679', 'source_id_type': 'File Handle'}
Record 857: {'title_id': 'https://library.oapen.org/handle/20.500.12657/53518', 'publication_title': 'Guaranteed Verification of Dynamic Systems', 'title_url': 'https://patron-academic.thepalaceproject.org/ucdavis/book/https%3A%2F%2Fcdl.edu.thepalaceproject.org%2F110644%2Fworks%2FURI%252Fhttps%253A%252F%252Flibrary.oapen.org%252Fhandle%252F20.500.12657%252F53518', 'first_author': 'Schwab, Stefan', 'online_identifier': '', 'publisher_name': 'KIT Scientific Publishing', 'publication_type': 'monograph', 'date_monograph_published_online': '2022', 'first_editor': '', 'access_type': 'openaccess', 'source_id': '20.500.12657/53518', 'source_id_type': 'File Handle'}
Record 858: {'title_id': 'https://library.oapen.org/handle/20.500.12657/87097', 'publication_title': 'The Eudaimonist Ethics of al-Fārābī and Avicenna', 'title_url': 'https://patron-academic.thepalaceproject.org/ucdavis/book/https%3A%2F%2Fcdl.edu.thepalaceproject.org%2F110644%2Fworks%2FURI%252Fhttps%253A%252F%252Flibrary.oapen.org%252Fhandle%252F20.500.12657%252F87097', 'first_author': 'Mattila, Janne', 'online_identifier': '', 'publisher_name': 'Brill', 'publication_type': 'monograph', 'date_monograph_published_online': '2022', 'first_editor': '', 'access_type': 'openaccess', 'source_id': '20.500.12657/87097', 'source_id_type': 'File Handle'}
Record 859: {'title_id': 'https://library.oapen.org/handle/20.500.12657/60161', 'publication_title': 'Immigrant and Asylum Seekers Labour Market Integration upon Arrival: NowHereLand A Biographical Perspective', 'title_url': 'https://patron-academic.thepalaceproject.org/ucdavis/book/https%3A%2F%2Fcdl.edu.thepalaceproject.org%2F110644%2Fworks%2FURI%252Fhttps%253A%252F%252Flibrary.oapen.org%252Fhandle%252F20.500.12657%252F60161', 'first_author': '', 'online_identifier': '', 'publisher_name': 'Springer Nature', 'publication_type': 'monograph', 'date_monograph_published_online': '2022', 'first_editor': 'Baglioni, Simone', 'access_type': 'openaccess', 'source_id': '20.500.12657/60161', 'source_id_type': 'File Handle'}
Record 860: {'title_id': 'https://library.oapen.org/handle/20.500.12657/57615', 'publication_title': 'The Renaissance of Remote Places MATILDE Manifesto', 'title_url': 'https://patron-academic.thepalaceproject.org/ucdavis/book/https%3A%2F%2Fcdl.edu.thepalaceproject.org%2F110644%2Fworks%2FURI%252Fhttps%253A%252F%252Flibrary.oapen.org%252Fhandle%252F20.500.12657%252F57615', 'first_author': '', 'online_identifier': '', 'publisher_name': 'Taylor & Francis', 'publication_type': 'monograph', 'date_monograph_published_online': '2022', 'first_editor': 'Dax, Thomas', 'access_type': 'openaccess', 'source_id': '20.500.12657/57615', 'source_id_type': 'File Handle'}
Record 861: {'title_id': 'https://library.oapen.org/handle/20.500.12657/57327', 'publication_title': 'Ribosome Biogenesis Methods and Protocols', 'title_url': 'https://patron-academic.thepalaceproject.org/ucdavis/book/https%3A%2F%2Fcdl.edu.thepalaceproject.org%2F110644%2Fworks%2FURI%252Fhttps%253A%252F%252Flibrary.oapen.org%252Fhandle%252F20.500.12657%252F57327', 'first_author': 'Entian, Karl-Dieter', 'online_identifier': '', 'publisher_name': 'Springer Nature', 'publication_type': 'monograph', 'date_monograph_published_online': '2022', 'first_editor': '', 'access_type': 'openaccess', 'source_id': '20.500.12657/57327', 'source_id_type': 'File Handle'}
Record 862: {'title_id': 'https://library.oapen.org/handle/20.500.12657/52850', 'publication_title': 'Micro-Management of Irregular Migration Internal Borders and Public Services in London and Barcelona', 'title_url': 'https://patron-academic.thepalaceproject.org/ucdavis/book/https%3A%2F%2Fcdl.edu.thepalaceproject.org%2F110644%2Fworks%2FURI%252Fhttps%253A%252F%252Flibrary.oapen.org%252Fhandle%252F20.500.12657%252F52850', 'first_author': 'Schweitzer, Reinhard', 'online_identifier': '', 'publisher_name': 'Springer Nature', 'publication_type': 'monograph', 'date_monograph_published_online': '2022', 'first_editor': '', 'access_type': 'openaccess', 'source_id': '20.500.12657/52850', 'source_id_type': 'File Handle'}
Record 863: {'title_id': 'https://library.oapen.org/handle/20.500.12657/54422', 'publication_title': 'Narrative Ethics in Public Health: The Value of Stories', 'title_url': 'https://patron-academic.thepalaceproject.org/ucdavis/book/https%3A%2F%2Fcdl.edu.thepalaceproject.org%2F110644%2Fworks%2FURI%252Fhttps%253A%252F%252Flibrary.oapen.org%252Fhandle%252F20.500.12657%252F54422', 'first_author': '', 'online_identifier': '', 'publisher_name': 'Springer Nature', 'publication_type': 'monograph', 'date_monograph_published_online': '2022', 'first_editor': 'Barrett, Drue H.', 'access_type': 'openaccess', 'source_id': '20.500.12657/54422', 'source_id_type': 'File Handle'}
Record 864: {'title_id': 'https://library.oapen.org/handle/20.500.12657/53333', 'publication_title': 'Academic Integrity in Canada An Enduring and Essential Challenge', 'title_url': 'https://patron-academic.thepalaceproject.org/ucdavis/book/https%3A%2F%2Fcdl.edu.thepalaceproject.org%2F110644%2Fworks%2FURI%252Fhttps%253A%252F%252Flibrary.oapen.org%252Fhandle%252F20.500.12657%252F53333', 'first_author': '', 'online_identifier': '', 'publisher_name': 'Springer Nature', 'publication_type': 'monograph', 'date_monograph_published_online': '2022', 'first_editor': 'Christensen Hughes, Julia', 'access_type': 'openaccess', 'source_id': '20.500.12657/53333', 'source_id_type': 'File Handle'}
Record 865: {'title_id': 'https://library.oapen.org/handle/20.500.12657/77111', 'publication_title': 'War Traditions from the Qumran Caves Re-Thinking Textual Stability and Fluidity in the War Text manuscripts', 'title_url': 'https://patron-academic.thepalaceproject.org/ucdavis/book/https%3A%2F%2Fcdl.edu.thepalaceproject.org%2F110644%2Fworks%2FURI%252Fhttps%253A%252F%252Flibrary.oapen.org%252Fhandle%252F20.500.12657%252F77111', 'first_author': 'Vanonen, Hanna', 'online_identifier': '', 'publisher_name': 'Brill', 'publication_type': 'monograph', 'date_monograph_published_online': '2022', 'first_editor': '', 'access_type': 'openaccess', 'source_id': '20.500.12657/77111', 'source_id_type': 'File Handle'}
Record 866: {'title_id': 'https://library.oapen.org/handle/20.500.12657/58443', 'publication_title': 'Platformization of Urban Life Towards a Technocapitalist Transformation of European Cities', 'title_url': 'https://patron-academic.thepalaceproject.org/ucdavis/book/https%3A%2F%2Fcdl.edu.thepalaceproject.org%2F110644%2Fworks%2FURI%252Fhttps%253A%252F%252Flibrary.oapen.org%252Fhandle%252F20.500.12657%252F58443', 'first_author': '', 'online_identifier': '', 'publisher_name': 'transcript Verlag', 'publication_type': 'monograph', 'date_monograph_published_online': '2022', 'first_editor': 'Bauriedl, Sybille', 'access_type': 'openaccess', 'source_id': '20.500.12657/58443', 'source_id_type': 'File Handle'}
Record 867: {'title_id': 'https://library.oapen.org/handle/20.500.12657/60786', 'publication_title': 'Return to China One Day The Learning Life of Qian Xuesen', 'title_url': 'https://patron-academic.thepalaceproject.org/ucdavis/book/https%3A%2F%2Fcdl.edu.thepalaceproject.org%2F110644%2Fworks%2FURI%252Fhttps%253A%252F%252Flibrary.oapen.org%252Fhandle%252F20.500.12657%252F60786', 'first_author': 'Lv, Chengdong', 'online_identifier': '', 'publisher_name': 'Springer Nature', 'publication_type': 'monograph', 'date_monograph_published_online': '2022', 'first_editor': '', 'access_type': 'openaccess', 'source_id': '20.500.12657/60786', 'source_id_type': 'File Handle'}
Record 868: {'title_id': 'https://library.oapen.org/handle/20.500.12657/57084', 'publication_title': 'Bishop John Vitez and Early Renaissance Central Europe The Humanist Kingmaker', 'title_url': 'https://patron-academic.thepalaceproject.org/ucdavis/book/https%3A%2F%2Fcdl.edu.thepalaceproject.org%2F110644%2Fworks%2FURI%252Fhttps%253A%252F%252Flibrary.oapen.org%252Fhandle%252F20.500.12657%252F57084', 'first_author': 'Matić, Tomislav', 'online_identifier': '', 'publisher_name': 'Arc Humanities Press', 'publication_type': 'monograph', 'date_monograph_published_online': '2022', 'first_editor': '', 'access_type': 'openaccess', 'source_id': '20.500.12657/57084', 'source_id_type': 'File Handle'}
Record 869: {'title_id': 'https://library.oapen.org/handle/20.500.12657/59167', 'publication_title': 'If You’re So Ethical, Why Are You So Highly Paid? Ethics, Inequality and Executive Pay', 'title_url': 'https://patron-academic.thepalaceproject.org/ucdavis/book/https%3A%2F%2Fcdl.edu.thepalaceproject.org%2F110644%2Fworks%2FURI%252Fhttps%253A%252F%252Flibrary.oapen.org%252Fhandle%252F20.500.12657%252F59167', 'first_author': 'Pepper, Alexander', 'online_identifier': '', 'publisher_name': 'LSE Press', 'publication_type': 'monograph', 'date_monograph_published_online': '2022', 'first_editor': '', 'access_type': 'openaccess', 'source_id': '20.500.12657/59167', 'source_id_type': 'File Handle'}
Record 870: {'title_id': 'https://library.oapen.org/handle/20.500.12657/59670', 'publication_title': 'Angewandte Linguistik für Sprachberufe', 'title_url': 'https://patron-academic.thepalaceproject.org/ucdavis/book/https%3A%2F%2Fcdl.edu.thepalaceproject.org%2F110644%2Fworks%2FURI%252Fhttps%253A%252F%252Flibrary.oapen.org%252Fhandle%252F20.500.12657%252F59670', 'first_author': '', 'online_identifier': '', 'publisher_name': 'De Gruyter', 'publication_type': 'monograph', 'date_monograph_published_online': '2022', 'first_editor': 'School of Applied Linguistics, ZHAW', 'access_type': 'openaccess', 'source_id': '20.500.12657/59670', 'source_id_type': 'File Handle'}
Record 871: {'title_id': 'https://library.oapen.org/handle/20.500.12657/58492', 'publication_title': 'COVID-19, the Global South and the Pandemic’s Development Impact', 'title_url': 'https://patron-academic.thepalaceproject.org/ucdavis/book/https%3A%2F%2Fcdl.edu.thepalaceproject.org%2F110644%2Fworks%2FURI%252Fhttps%253A%252F%252Flibrary.oapen.org%252Fhandle%252F20.500.12657%252F58492', 'first_author': '', 'online_identifier': '', 'publisher_name': 'Bristol University Press', 'publication_type': 'monograph', 'date_monograph_published_online': '2022', 'first_editor': 'Carmody, Pádraig', 'access_type': 'openaccess', 'source_id': '20.500.12657/58492', 'source_id_type': 'File Handle'}
Record 872: {'title_id': 'https://library.oapen.org/handle/20.500.12657/57287', 'publication_title': 'Securitization Outside the West West African Security Reconceptualised', 'title_url': 'https://patron-academic.thepalaceproject.org/ucdavis/book/https%3A%2F%2Fcdl.edu.thepalaceproject.org%2F110644%2Fworks%2FURI%252Fhttps%253A%252F%252Flibrary.oapen.org%252Fhandle%252F20.500.12657%252F57287', 'first_author': '', 'online_identifier': '', 'publisher_name': 'Taylor & Francis', 'publication_type': 'monograph', 'date_monograph_published_online': '2022', 'first_editor': '', 'access_type': 'openaccess', 'source_id': '20.500.12657/57287', 'source_id_type': 'File Handle'}
Record 873: {'title_id': 'https://library.oapen.org/handle/20.500.12657/89742', 'publication_title': 'Feminist Transformations and Domestic Violence Activism in Divided Berlin 1968-2002', 'title_url': 'https://patron-academic.thepalaceproject.org/ucdavis/book/https%3A%2F%2Fcdl.edu.thepalaceproject.org%2F110644%2Fworks%2FURI%252Fhttps%253A%252F%252Flibrary.oapen.org%252Fhandle%252F20.500.12657%252F89742', 'first_author': 'Freeland, Jane', 'online_identifier': '', 'publisher_name': 'Oxford University Press', 'publication_type': 'monograph', 'date_monograph_published_online': '2022', 'first_editor': '', 'access_type': 'openaccess', 'source_id': '20.500.12657/89742', 'source_id_type': 'File Handle'}
Record 874: {'title_id': 'https://library.oapen.org/handle/20.500.12657/58151', 'publication_title': 'A Complete Guide to Maggot Therapy Clinical Practice, Therapeutic Principles, Production, Distribution, and Ethics', 'title_url': 'https://patron-academic.thepalaceproject.org/ucdavis/book/https%3A%2F%2Fcdl.edu.thepalaceproject.org%2F110644%2Fworks%2FURI%252Fhttps%253A%252F%252Flibrary.oapen.org%252Fhandle%252F20.500.12657%252F58151', 'first_author': 'Stadler, Frank', 'online_identifier': '', 'publisher_name': 'Open Book Publishers', 'publication_type': 'monograph', 'date_monograph_published_online': '2022', 'first_editor': '', 'access_type': 'openaccess', 'source_id': '20.500.12657/58151', 'source_id_type': 'File Handle'}
Record 875: {'title_id': 'https://library.oapen.org/handle/20.500.12657/54714', 'publication_title': 'Ecocene Politics', 'title_url': 'https://patron-academic.thepalaceproject.org/ucdavis/book/https%3A%2F%2Fcdl.edu.thepalaceproject.org%2F110644%2Fworks%2FURI%252Fhttps%253A%252F%252Flibrary.oapen.org%252Fhandle%252F20.500.12657%252F54714', 'first_author': 'Tănăsescu, Mihnea', 'online_identifier': '', 'publisher_name': 'Open Book Publishers', 'publication_type': 'monograph', 'date_monograph_published_online': '2022', 'first_editor': '', 'access_type': 'openaccess', 'source_id': '20.500.12657/54714', 'source_id_type': 'File Handle'}
Record 876: {'title_id': 'https://library.oapen.org/handle/20.500.12657/89838', 'publication_title': 'Divine Descent and the Four World-Ages in the Mahābhārata or, Why Does the Kṛṣṇa Avatāra Inaugurate the Worst Yuga?', 'title_url': 'https://patron-academic.thepalaceproject.org/ucdavis/book/https%3A%2F%2Fcdl.edu.thepalaceproject.org%2F110644%2Fworks%2FURI%252Fhttps%253A%252F%252Flibrary.oapen.org%252Fhandle%252F20.500.12657%252F89838', 'first_author': 'Brodbeck, Simon', 'online_identifier': '', 'publisher_name': 'Cardiff University Press', 'publication_type': 'monograph', 'date_monograph_published_online': '2022', 'first_editor': '', 'access_type': 'openaccess', 'source_id': '20.500.12657/89838', 'source_id_type': 'File Handle'}
Record 877: {'title_id': 'https://library.oapen.org/handle/20.500.12657/52886', 'publication_title': 'Replanteando la acción social por la música la búsqueda de la convivencia y la ciudadanía en la Red de Escuelas de Música de Medellín', 'title_url': 'https://patron-academic.thepalaceproject.org/ucdavis/book/https%3A%2F%2Fcdl.edu.thepalaceproject.org%2F110644%2Fworks%2FURI%252Fhttps%253A%252F%252Flibrary.oapen.org%252Fhandle%252F20.500.12657%252F52886', 'first_author': 'Baker, Geoffrey', 'online_identifier': '', 'publisher_name': 'Open Book Publishers', 'publication_type': 'monograph', 'date_monograph_published_online': '2022', 'first_editor': '', 'access_type': 'openaccess', 'source_id': '20.500.12657/52886', 'source_id_type': 'File Handle'}
Record 878: {'title_id': 'https://library.oapen.org/handle/20.500.12657/57927', 'publication_title': 'Automated Reasoning 11th International Joint Conference, IJCAR 2022, Haifa, Israel, August 8–10, 2022, Proceedings', 'title_url': 'https://patron-academic.thepalaceproject.org/ucdavis/book/https%3A%2F%2Fcdl.edu.thepalaceproject.org%2F110644%2Fworks%2FURI%252Fhttps%253A%252F%252Flibrary.oapen.org%252Fhandle%252F20.500.12657%252F57927', 'first_author': '', 'online_identifier': '', 'publisher_name': 'Springer Nature', 'publication_type': 'monograph', 'date_monograph_published_online': '2022', 'first_editor': 'Blanchette, Jasmin', 'access_type': 'openaccess', 'source_id': '20.500.12657/57927', 'source_id_type': 'File Handle'}
Record 879: {'title_id': 'https://library.oapen.org/handle/20.500.12657/59816', 'publication_title': 'The Insectile and the Deconstruction of the Non/Human', 'title_url': 'https://patron-academic.thepalaceproject.org/ucdavis/book/https%3A%2F%2Fcdl.edu.thepalaceproject.org%2F110644%2Fworks%2FURI%252Fhttps%253A%252F%252Flibrary.oapen.org%252Fhandle%252F20.500.12657%252F59816', 'first_author': 'Collignon, Fabienne', 'online_identifier': '', 'publisher_name': 'Taylor & Francis', 'publication_type': 'monograph', 'date_monograph_published_online': '2022', 'first_editor': '', 'access_type': 'openaccess', 'source_id': '20.500.12657/59816', 'source_id_type': 'File Handle'}
Record 880: {'title_id': 'https://library.oapen.org/handle/20.500.12657/52783', 'publication_title': 'Religion and the COVID-19 Pandemic in Southern Africa', 'title_url': 'https://patron-academic.thepalaceproject.org/ucdavis/book/https%3A%2F%2Fcdl.edu.thepalaceproject.org%2F110644%2Fworks%2FURI%252Fhttps%253A%252F%252Flibrary.oapen.org%252Fhandle%252F20.500.12657%252F52783', 'first_author': '', 'online_identifier': '', 'publisher_name': 'Taylor & Francis', 'publication_type': 'monograph', 'date_monograph_published_online': '2022', 'first_editor': 'Chitando, Ezra', 'access_type': 'openaccess', 'source_id': '20.500.12657/52783', 'source_id_type': 'File Handle'}
Record 881: {'title_id': 'https://library.oapen.org/handle/20.500.12657/59654', 'publication_title': 'Thinking Narratively Between Novel-Essay and Narrative Essay', 'title_url': 'https://patron-academic.thepalaceproject.org/ucdavis/book/https%3A%2F%2Fcdl.edu.thepalaceproject.org%2F110644%2Fworks%2FURI%252Fhttps%253A%252F%252Flibrary.oapen.org%252Fhandle%252F20.500.12657%252F59654', 'first_author': '', 'online_identifier': '', 'publisher_name': 'De Gruyter', 'publication_type': 'monograph', 'date_monograph_published_online': '2022', 'first_editor': 'Fusillo, Massimo', 'access_type': 'openaccess', 'source_id': '20.500.12657/59654', 'source_id_type': 'File Handle'}
Record 882: {'title_id': 'https://library.oapen.org/handle/20.500.12657/53703', 'publication_title': 'Synchronic and Diachronic Aspects of Kanashi', 'title_url': 'https://patron-academic.thepalaceproject.org/ucdavis/book/https%3A%2F%2Fcdl.edu.thepalaceproject.org%2F110644%2Fworks%2FURI%252Fhttps%253A%252F%252Flibrary.oapen.org%252Fhandle%252F20.500.12657%252F53703', 'first_author': '', 'online_identifier': '', 'publisher_name': 'De Gruyter', 'publication_type': 'monograph', 'date_monograph_published_online': '2022', 'first_editor': '', 'access_type': 'openaccess', 'source_id': '20.500.12657/53703', 'source_id_type': 'File Handle'}
Record 883: {'title_id': 'https://library.oapen.org/handle/20.500.12657/60153', 'publication_title': 'Handbook of Positive Psychology, Religion, and Spirituality', 'title_url': 'https://patron-academic.thepalaceproject.org/ucdavis/book/https%3A%2F%2Fcdl.edu.thepalaceproject.org%2F110644%2Fworks%2FURI%252Fhttps%253A%252F%252Flibrary.oapen.org%252Fhandle%252F20.500.12657%252F60153', 'first_author': '', 'online_identifier': '', 'publisher_name': 'Springer Nature', 'publication_type': 'monograph', 'date_monograph_published_online': '2022', 'first_editor': 'Davis, Edward B.', 'access_type': 'openaccess', 'source_id': '20.500.12657/60153', 'source_id_type': 'File Handle'}
Record 884: {'title_id': 'https://library.oapen.org/handle/20.500.12657/60519', 'publication_title': 'Mediterranean Urban Campus for Regeneration at the Dubai 2020 Expo Urban Open Spaces toward the New Challenges of Adaptivity', 'title_url': 'https://patron-academic.thepalaceproject.org/ucdavis/book/https%3A%2F%2Fcdl.edu.thepalaceproject.org%2F110644%2Fworks%2FURI%252Fhttps%253A%252F%252Flibrary.oapen.org%252Fhandle%252F20.500.12657%252F60519', 'first_author': '', 'online_identifier': '', 'publisher_name': 'FrancoAngeli', 'publication_type': 'monograph', 'date_monograph_published_online': '2022', 'first_editor': 'ANGELUCCI, Filippo', 'access_type': 'openaccess', 'source_id': '20.500.12657/60519', 'source_id_type': 'File Handle'}
Record 885: {'title_id': 'https://library.oapen.org/handle/20.500.12657/53244', 'publication_title': 'The Impact Challenge Reframing Sustainability for Businesses', 'title_url': 'https://patron-academic.thepalaceproject.org/ucdavis/book/https%3A%2F%2Fcdl.edu.thepalaceproject.org%2F110644%2Fworks%2FURI%252Fhttps%253A%252F%252Flibrary.oapen.org%252Fhandle%252F20.500.12657%252F53244', 'first_author': 'Falsarone, Alessia', 'online_identifier': '', 'publisher_name': 'Taylor & Francis', 'publication_type': 'monograph', 'date_monograph_published_online': '2022', 'first_editor': '', 'access_type': 'openaccess', 'source_id': '20.500.12657/53244', 'source_id_type': 'File Handle'}
Record 886: {'title_id': 'https://library.oapen.org/handle/20.500.12657/61367', 'publication_title': 'The Sixteenth Marcel Grossmann Meeting On Recent Developments In Theoretical And Experimental General Relativity, Astrophysics, And Relativistic Field Theories - Proceedings Of The Mg16 Meeting On General Relativity (In 4 Volumes)', 'title_url': 'https://patron-academic.thepalaceproject.org/ucdavis/book/https%3A%2F%2Fcdl.edu.thepalaceproject.org%2F110644%2Fworks%2FURI%252Fhttps%253A%252F%252Flibrary.oapen.org%252Fhandle%252F20.500.12657%252F61367', 'first_author': '', 'online_identifier': '', 'publisher_name': 'World Scientific Publishing Company', 'publication_type': 'monograph', 'date_monograph_published_online': '2022', 'first_editor': 'Ruffini, Remo', 'access_type': 'openaccess', 'source_id': '20.500.12657/61367', 'source_id_type': 'File Handle'}
Record 887: {'title_id': 'https://library.oapen.org/handle/20.500.12657/57971', 'publication_title': 'Utopia and Modernity in China Contradictions in Transition', 'title_url': 'https://patron-academic.thepalaceproject.org/ucdavis/book/https%3A%2F%2Fcdl.edu.thepalaceproject.org%2F110644%2Fworks%2FURI%252Fhttps%253A%252F%252Flibrary.oapen.org%252Fhandle%252F20.500.12657%252F57971', 'first_author': '', 'online_identifier': '', 'publisher_name': 'Pluto Press', 'publication_type': 'monograph', 'date_monograph_published_online': '2022', 'first_editor': 'Cao, Qing', 'access_type': 'openaccess', 'source_id': '20.500.12657/57971', 'source_id_type': 'File Handle'}
Record 888: {'title_id': 'https://library.oapen.org/handle/20.500.12657/57693', 'publication_title': 'Signs of Water Community Perspectives on Water, Responsibility, and Hope', 'title_url': 'https://patron-academic.thepalaceproject.org/ucdavis/book/https%3A%2F%2Fcdl.edu.thepalaceproject.org%2F110644%2Fworks%2FURI%252Fhttps%253A%252F%252Flibrary.oapen.org%252Fhandle%252F20.500.12657%252F57693', 'first_author': '', 'online_identifier': '', 'publisher_name': 'University of Calgary Press', 'publication_type': 'monograph', 'date_monograph_published_online': '2022', 'first_editor': 'Boschman, Robert', 'access_type': 'openaccess', 'source_id': '20.500.12657/57693', 'source_id_type': 'File Handle'}
Record 889: {'title_id': 'https://library.oapen.org/handle/20.500.12657/59361', 'publication_title': 'Public Policy and Research in Africa', 'title_url': 'https://patron-academic.thepalaceproject.org/ucdavis/book/https%3A%2F%2Fcdl.edu.thepalaceproject.org%2F110644%2Fworks%2FURI%252Fhttps%253A%252F%252Flibrary.oapen.org%252Fhandle%252F20.500.12657%252F59361', 'first_author': '', 'online_identifier': '', 'publisher_name': 'Springer Nature', 'publication_type': 'monograph', 'date_monograph_published_online': '2022', 'first_editor': 'Aiyede, E. Remi', 'access_type': 'openaccess', 'source_id': '20.500.12657/59361', 'source_id_type': 'File Handle'}
Record 890: {'title_id': 'https://library.oapen.org/handle/20.500.12657/87762', 'publication_title': 'In Search of Academic Excellence Social Sciences and Humanities in Focus (Vol. I)', 'title_url': 'https://patron-academic.thepalaceproject.org/ucdavis/book/https%3A%2F%2Fcdl.edu.thepalaceproject.org%2F110644%2Fworks%2FURI%252Fhttps%253A%252F%252Flibrary.oapen.org%252Fhandle%252F20.500.12657%252F87762', 'first_author': '', 'online_identifier': '', 'publisher_name': 'Peter Lang International Academic Publishers', 'publication_type': 'monograph', 'date_monograph_published_online': '2022', 'first_editor': 'Gromkowska-Melosik, Agnieszka', 'access_type': 'openaccess', 'source_id': '20.500.12657/87762', 'source_id_type': 'File Handle'}
Record 891: {'title_id': 'https://library.oapen.org/handle/20.500.12657/57331', 'publication_title': 'Migration in West Africa IMISCOE Regional Reader', 'title_url': 'https://patron-academic.thepalaceproject.org/ucdavis/book/https%3A%2F%2Fcdl.edu.thepalaceproject.org%2F110644%2Fworks%2FURI%252Fhttps%253A%252F%252Flibrary.oapen.org%252Fhandle%252F20.500.12657%252F57331', 'first_author': 'Teye, Joseph Kofi', 'online_identifier': '', 'publisher_name': 'Springer Nature', 'publication_type': 'monograph', 'date_monograph_published_online': '2022', 'first_editor': '', 'access_type': 'openaccess', 'source_id': '20.500.12657/57331', 'source_id_type': 'File Handle'}
Record 892: {'title_id': 'https://library.oapen.org/handle/20.500.12657/54046', 'publication_title': 'Energy Transition and Energy Democracy in East Asia', 'title_url': 'https://patron-academic.thepalaceproject.org/ucdavis/book/https%3A%2F%2Fcdl.edu.thepalaceproject.org%2F110644%2Fworks%2FURI%252Fhttps%253A%252F%252Flibrary.oapen.org%252Fhandle%252F20.500.12657%252F54046', 'first_author': '', 'online_identifier': '', 'publisher_name': 'Springer Nature', 'publication_type': 'monograph', 'date_monograph_published_online': '2022', 'first_editor': 'Asuka, Jusen', 'access_type': 'openaccess', 'source_id': '20.500.12657/54046', 'source_id_type': 'File Handle'}
Record 893: {'title_id': 'https://library.oapen.org/handle/20.500.12657/57829', 'publication_title': 'Banking in Jordan Financing corporates and SMEs in the era of COVID-19 : Evidence from the EIB Bank Lending Survey', 'title_url': 'https://patron-academic.thepalaceproject.org/ucdavis/book/https%3A%2F%2Fcdl.edu.thepalaceproject.org%2F110644%2Fworks%2FURI%252Fhttps%253A%252F%252Flibrary.oapen.org%252Fhandle%252F20.500.12657%252F57829', 'first_author': 'Bank, European Investment', 'online_identifier': '', 'publisher_name': 'European Investment Bank', 'publication_type': 'monograph', 'date_monograph_published_online': '2022', 'first_editor': '', 'access_type': 'openaccess', 'source_id': '20.500.12657/57829', 'source_id_type': 'File Handle'}
Record 894: {'title_id': 'https://library.oapen.org/handle/20.500.12657/53251', 'publication_title': 'Multispecies Storytelling in Intermedial Practices', 'title_url': 'https://patron-academic.thepalaceproject.org/ucdavis/book/https%3A%2F%2Fcdl.edu.thepalaceproject.org%2F110644%2Fworks%2FURI%252Fhttps%253A%252F%252Flibrary.oapen.org%252Fhandle%252F20.500.12657%252F53251', 'first_author': '', 'online_identifier': '', 'publisher_name': 'punctum books', 'publication_type': 'monograph', 'date_monograph_published_online': '2022', 'first_editor': 'Bencke, Ida', 'access_type': 'openaccess', 'source_id': '20.500.12657/53251', 'source_id_type': 'File Handle'}
Record 895: {'title_id': 'https://library.oapen.org/handle/20.500.12657/57830', 'publication_title': 'How bad is the Ukraine war for the European recovery?', 'title_url': 'https://patron-academic.thepalaceproject.org/ucdavis/book/https%3A%2F%2Fcdl.edu.thepalaceproject.org%2F110644%2Fworks%2FURI%252Fhttps%253A%252F%252Flibrary.oapen.org%252Fhandle%252F20.500.12657%252F57830', 'first_author': 'Bank, European Investment', 'online_identifier': '', 'publisher_name': '', 'publication_type': 'monograph', 'date_monograph_published_online': '', 'first_editor': '', 'access_type': 'openaccess', 'source_id': '20.500.12657/57830', 'source_id_type': 'File Handle'}
Record 896: {'title_id': 'https://library.oapen.org/handle/20.500.12657/58385', 'publication_title': 'Forest Bioeconomy and Climate Change', 'title_url': 'https://patron-academic.thepalaceproject.org/ucdavis/book/https%3A%2F%2Fcdl.edu.thepalaceproject.org%2F110644%2Fworks%2FURI%252Fhttps%253A%252F%252Flibrary.oapen.org%252Fhandle%252F20.500.12657%252F58385', 'first_author': '', 'online_identifier': '', 'publisher_name': 'Springer Nature', 'publication_type': 'monograph', 'date_monograph_published_online': '2022', 'first_editor': 'Hetemäki, Lauri', 'access_type': 'openaccess', 'source_id': '20.500.12657/58385', 'source_id_type': 'File Handle'}
Record 897: {'title_id': 'https://library.oapen.org/handle/20.500.12657/58430', 'publication_title': 'Metropolitan Research Methods and Approaches', 'title_url': 'https://patron-academic.thepalaceproject.org/ucdavis/book/https%3A%2F%2Fcdl.edu.thepalaceproject.org%2F110644%2Fworks%2FURI%252Fhttps%253A%252F%252Flibrary.oapen.org%252Fhandle%252F20.500.12657%252F58430', 'first_author': '', 'online_identifier': '', 'publisher_name': 'transcript Verlag', 'publication_type': 'monograph', 'date_monograph_published_online': '2022', 'first_editor': 'Gurr, Jens Martin', 'access_type': 'openaccess', 'source_id': '20.500.12657/58430', 'source_id_type': 'File Handle'}
Record 898: {'title_id': 'https://library.oapen.org/handle/20.500.12657/53965', 'publication_title': 'Seeing the City Digitally Processing Urban Space and Time', 'title_url': 'https://patron-academic.thepalaceproject.org/ucdavis/book/https%3A%2F%2Fcdl.edu.thepalaceproject.org%2F110644%2Fworks%2FURI%252Fhttps%253A%252F%252Flibrary.oapen.org%252Fhandle%252F20.500.12657%252F53965', 'first_author': 'Rose, Gillian', 'online_identifier': '', 'publisher_name': 'Amsterdam University Press', 'publication_type': 'monograph', 'date_monograph_published_online': '2022', 'first_editor': '', 'access_type': 'openaccess', 'source_id': '20.500.12657/53965', 'source_id_type': 'File Handle'}
Record 899: {'title_id': 'https://library.oapen.org/handle/20.500.12657/89687', 'publication_title': 'In der Plattformfalle; Stuck on the Platform: Reclaiming the Internet Plädoyer zur Rückeroberung des Internets', 'title_url': 'https://patron-academic.thepalaceproject.org/ucdavis/book/https%3A%2F%2Fcdl.edu.thepalaceproject.org%2F110644%2Fworks%2FURI%252Fhttps%253A%252F%252Flibrary.oapen.org%252Fhandle%252F20.500.12657%252F89687', 'first_author': 'Lovink, Geert', 'online_identifier': '', 'publisher_name': 'transcript Verlag', 'publication_type': 'monograph', 'date_monograph_published_online': '2022', 'first_editor': '', 'access_type': 'openaccess', 'source_id': '20.500.12657/89687', 'source_id_type': 'File Handle'}
Record 900: {'title_id': 'https://library.oapen.org/handle/20.500.12657/60149', 'publication_title': 'Multi-Winner Voting with Approval Preferences', 'title_url': 'https://patron-academic.thepalaceproject.org/ucdavis/book/https%3A%2F%2Fcdl.edu.thepalaceproject.org%2F110644%2Fworks%2FURI%252Fhttps%253A%252F%252Flibrary.oapen.org%252Fhandle%252F20.500.12657%252F60149', 'first_author': '', 'online_identifier': '', 'publisher_name': 'Springer Nature', 'publication_type': 'monograph', 'date_monograph_published_online': '2022', 'first_editor': '', 'access_type': 'openaccess', 'source_id': '20.500.12657/60149', 'source_id_type': 'File Handle'}
Record 901: {'title_id': 'https://library.oapen.org/handle/20.500.12657/53385', 'publication_title': 'Views on Early Music as Representation Invitations, Congruity, Performance', 'title_url': 'https://patron-academic.thepalaceproject.org/ucdavis/book/https%3A%2F%2Fcdl.edu.thepalaceproject.org%2F110644%2Fworks%2FURI%252Fhttps%253A%252F%252Flibrary.oapen.org%252Fhandle%252F20.500.12657%252F53385', 'first_author': '', 'online_identifier': '', 'publisher_name': 'Cappelen Damm Akademisk/NOASP (Nordic Open Access Scholarly Publishing)', 'publication_type': 'monograph', 'date_monograph_published_online': '2022', 'first_editor': 'Angelo, Elin', 'access_type': 'openaccess', 'source_id': '20.500.12657/53385', 'source_id_type': 'File Handle'}
Record 902: {'title_id': 'https://library.oapen.org/handle/20.500.12657/59281', 'publication_title': 'Policy Success in Canada Cases, Lessons, Challenges', 'title_url': 'https://patron-academic.thepalaceproject.org/ucdavis/book/https%3A%2F%2Fcdl.edu.thepalaceproject.org%2F110644%2Fworks%2FURI%252Fhttps%253A%252F%252Flibrary.oapen.org%252Fhandle%252F20.500.12657%252F59281', 'first_author': '', 'online_identifier': '', 'publisher_name': 'Oxford University Press', 'publication_type': 'monograph', 'date_monograph_published_online': '2022', 'first_editor': "'t Hart, Paul", 'access_type': 'openaccess', 'source_id': '20.500.12657/59281', 'source_id_type': 'File Handle'}
Record 903: {'title_id': 'https://library.oapen.org/handle/20.500.12657/57164', 'publication_title': 'Tangled Mobilities Places, Affects, and Personhood across Social Spheres in Asian Migration (Volume 12)', 'title_url': 'https://patron-academic.thepalaceproject.org/ucdavis/book/https%3A%2F%2Fcdl.edu.thepalaceproject.org%2F110644%2Fworks%2FURI%252Fhttps%253A%252F%252Flibrary.oapen.org%252Fhandle%252F20.500.12657%252F57164', 'first_author': '', 'online_identifier': '', 'publisher_name': 'Berghahn Books', 'publication_type': 'monograph', 'date_monograph_published_online': '2022', 'first_editor': 'Fresnoza-Flot, Asuncion', 'access_type': 'openaccess', 'source_id': '20.500.12657/57164', 'source_id_type': 'File Handle'}
Record 904: {'title_id': 'https://library.oapen.org/handle/20.500.12657/59240', 'publication_title': 'Cross-Border Collaboration in Disaster Management', 'title_url': 'https://patron-academic.thepalaceproject.org/ucdavis/book/https%3A%2F%2Fcdl.edu.thepalaceproject.org%2F110644%2Fworks%2FURI%252Fhttps%253A%252F%252Flibrary.oapen.org%252Fhandle%252F20.500.12657%252F59240', 'first_author': 'Klein, Miriam Isabelle', 'online_identifier': '', 'publisher_name': 'KIT Scientific Publishing', 'publication_type': 'monograph', 'date_monograph_published_online': '2022', 'first_editor': '', 'access_type': 'openaccess', 'source_id': '20.500.12657/59240', 'source_id_type': 'File Handle'}
Record 905: {'title_id': 'https://library.oapen.org/handle/20.500.12657/89773', 'publication_title': 'Post-totalitarian Societies in Transformation From Systemic Change into European Integration', 'title_url': 'https://patron-academic.thepalaceproject.org/ucdavis/book/https%3A%2F%2Fcdl.edu.thepalaceproject.org%2F110644%2Fworks%2FURI%252Fhttps%253A%252F%252Flibrary.oapen.org%252Fhandle%252F20.500.12657%252F89773', 'first_author': '', 'online_identifier': '', 'publisher_name': 'Peter Lang International Academic Publishers', 'publication_type': 'monograph', 'date_monograph_published_online': '2022', 'first_editor': 'Mach, Elżbieta', 'access_type': 'openaccess', 'source_id': '20.500.12657/89773', 'source_id_type': 'File Handle'}
Record 906: {'title_id': 'https://library.oapen.org/handle/20.500.12657/53341', 'publication_title': 'Seeds for Diversity and Inclusion Agroecology and Endogenous Development', 'title_url': 'https://patron-academic.thepalaceproject.org/ucdavis/book/https%3A%2F%2Fcdl.edu.thepalaceproject.org%2F110644%2Fworks%2FURI%252Fhttps%253A%252F%252Flibrary.oapen.org%252Fhandle%252F20.500.12657%252F53341', 'first_author': '', 'online_identifier': '', 'publisher_name': 'Springer Nature', 'publication_type': 'monograph', 'date_monograph_published_online': '2022', 'first_editor': 'Nishikawa, Yoshiaki', 'access_type': 'openaccess', 'source_id': '20.500.12657/53341', 'source_id_type': 'File Handle'}
Record 907: {'title_id': 'https://library.oapen.org/handle/20.500.12657/62029', 'publication_title': 'Decolonizing 1968 Transnational Student Activism in Tunis, Paris, and Dakar', 'title_url': 'https://patron-academic.thepalaceproject.org/ucdavis/book/https%3A%2F%2Fcdl.edu.thepalaceproject.org%2F110644%2Fworks%2FURI%252Fhttps%253A%252F%252Flibrary.oapen.org%252Fhandle%252F20.500.12657%252F62029', 'first_author': 'Hendrickson, Burleigh', 'online_identifier': '', 'publisher_name': 'Cornell University Press', 'publication_type': 'monograph', 'date_monograph_published_online': '2022', 'first_editor': '', 'access_type': 'openaccess', 'source_id': '20.500.12657/62029', 'source_id_type': 'File Handle'}
Record 908: {'title_id': 'https://library.oapen.org/handle/20.500.12657/58619', 'publication_title': 'Italian National Forest Inventory—Methods and Results of the Third Survey Inventario Nazionale delle Foreste e dei Serbatoi Forestali di Carbonio—Metodi e Risultati della Terza Indagine', 'title_url': 'https://patron-academic.thepalaceproject.org/ucdavis/book/https%3A%2F%2Fcdl.edu.thepalaceproject.org%2F110644%2Fworks%2FURI%252Fhttps%253A%252F%252Flibrary.oapen.org%252Fhandle%252F20.500.12657%252F58619', 'first_author': '', 'online_identifier': '', 'publisher_name': 'Springer Nature', 'publication_type': 'monograph', 'date_monograph_published_online': '2022', 'first_editor': 'De Laurentis, Davide', 'access_type': 'openaccess', 'source_id': '20.500.12657/58619', 'source_id_type': 'File Handle'}
Record 909: {'title_id': 'https://library.oapen.org/handle/20.500.12657/57827', 'publication_title': 'EIB Working Paper 2022/04 - Investment expectations by vulnerable European firms', 'title_url': 'https://patron-academic.thepalaceproject.org/ucdavis/book/https%3A%2F%2Fcdl.edu.thepalaceproject.org%2F110644%2Fworks%2FURI%252Fhttps%253A%252F%252Flibrary.oapen.org%252Fhandle%252F20.500.12657%252F57827', 'first_author': 'Bank, European Investment', 'online_identifier': '', 'publisher_name': '', 'publication_type': 'monograph', 'date_monograph_published_online': '', 'first_editor': '', 'access_type': 'openaccess', 'source_id': '20.500.12657/57827', 'source_id_type': 'File Handle'}
Record 910: {'title_id': 'https://library.oapen.org/handle/20.500.12657/87103', 'publication_title': 'Songs of the Royal Zhōu and the Royal Shào Shī 詩 of the Ānhuī University Manuscripts', 'title_url': 'https://patron-academic.thepalaceproject.org/ucdavis/book/https%3A%2F%2Fcdl.edu.thepalaceproject.org%2F110644%2Fworks%2FURI%252Fhttps%253A%252F%252Flibrary.oapen.org%252Fhandle%252F20.500.12657%252F87103', 'first_author': '', 'online_identifier': '', 'publisher_name': 'Brill', 'publication_type': 'monograph', 'date_monograph_published_online': '2022', 'first_editor': '', 'access_type': 'openaccess', 'source_id': '20.500.12657/87103', 'source_id_type': 'File Handle'}
Record 911: {'title_id': 'https://library.oapen.org/handle/20.500.12657/60335', 'publication_title': 'Beyond the Icon Asian American Graphic Narratives', 'title_url': 'https://patron-academic.thepalaceproject.org/ucdavis/book/https%3A%2F%2Fcdl.edu.thepalaceproject.org%2F110644%2Fworks%2FURI%252Fhttps%253A%252F%252Flibrary.oapen.org%252Fhandle%252F20.500.12657%252F60335', 'first_author': 'Ty, Eleanor', 'online_identifier': '', 'publisher_name': 'The Ohio State University Press', 'publication_type': 'monograph', 'date_monograph_published_online': '2022', 'first_editor': '', 'access_type': 'openaccess', 'source_id': '20.500.12657/60335', 'source_id_type': 'File Handle'}
Record 912: {'title_id': 'https://library.oapen.org/handle/20.500.12657/60566', 'publication_title': 'Social and structural aspects of language contact and change', 'title_url': 'https://patron-academic.thepalaceproject.org/ucdavis/book/https%3A%2F%2Fcdl.edu.thepalaceproject.org%2F110644%2Fworks%2FURI%252Fhttps%253A%252F%252Flibrary.oapen.org%252Fhandle%252F20.500.12657%252F60566', 'first_author': '', 'online_identifier': '', 'publisher_name': 'Language Science Press', 'publication_type': 'monograph', 'date_monograph_published_online': '2022', 'first_editor': 'Gooden, Shelome', 'access_type': 'openaccess', 'source_id': '20.500.12657/60566', 'source_id_type': 'File Handle'}
Record 913: {'title_id': 'https://library.oapen.org/handle/20.500.12657/57087', 'publication_title': 'Romani Liberation A Northern Perspective on Emancipatory Struggles and Progress', 'title_url': 'https://patron-academic.thepalaceproject.org/ucdavis/book/https%3A%2F%2Fcdl.edu.thepalaceproject.org%2F110644%2Fworks%2FURI%252Fhttps%253A%252F%252Flibrary.oapen.org%252Fhandle%252F20.500.12657%252F57087', 'first_author': 'Selling, Jan', 'online_identifier': '', 'publisher_name': 'Central European University Press', 'publication_type': 'monograph', 'date_monograph_published_online': '2022', 'first_editor': '', 'access_type': 'openaccess', 'source_id': '20.500.12657/57087', 'source_id_type': 'File Handle'}
Record 914: {'title_id': 'https://library.oapen.org/handle/20.500.12657/54428', 'publication_title': 'The Teleological and Kalam Cosmological Arguments Revisited', 'title_url': 'https://patron-academic.thepalaceproject.org/ucdavis/book/https%3A%2F%2Fcdl.edu.thepalaceproject.org%2F110644%2Fworks%2FURI%252Fhttps%253A%252F%252Flibrary.oapen.org%252Fhandle%252F20.500.12657%252F54428', 'first_author': 'Loke, Andrew', 'online_identifier': '', 'publisher_name': 'Springer Nature', 'publication_type': 'monograph', 'date_monograph_published_online': '2022', 'first_editor': '', 'access_type': 'openaccess', 'source_id': '20.500.12657/54428', 'source_id_type': 'File Handle'}
Record 915: {'title_id': 'https://library.oapen.org/handle/20.500.12657/60304', 'publication_title': 'Looking after Miss Alexander Care, Mental Capacity, and the Court of Protection in Mid-Twentieth-Century England', 'title_url': 'https://patron-academic.thepalaceproject.org/ucdavis/book/https%3A%2F%2Fcdl.edu.thepalaceproject.org%2F110644%2Fworks%2FURI%252Fhttps%253A%252F%252Flibrary.oapen.org%252Fhandle%252F20.500.12657%252F60304', 'first_author': 'Weston, Janet', 'online_identifier': '', 'publisher_name': 'McGill-Queen’s University Press (mqup)', 'publication_type': 'monograph', 'date_monograph_published_online': '2022', 'first_editor': '', 'access_type': 'openaccess', 'source_id': '20.500.12657/60304', 'source_id_type': 'File Handle'}
Record 916: {'title_id': 'https://library.oapen.org/handle/20.500.12657/53950', 'publication_title': 'Realities, Challenges, Visions? Towards a New Foreign Cultural and Educational Policy', 'title_url': 'https://patron-academic.thepalaceproject.org/ucdavis/book/https%3A%2F%2Fcdl.edu.thepalaceproject.org%2F110644%2Fworks%2FURI%252Fhttps%253A%252F%252Flibrary.oapen.org%252Fhandle%252F20.500.12657%252F53950', 'first_author': 'Robertson-von Trotha, Caroline Y.', 'online_identifier': '', 'publisher_name': 'KIT Scientific Publishing', 'publication_type': 'monograph', 'date_monograph_published_online': '2022', 'first_editor': '', 'access_type': 'openaccess', 'source_id': '20.500.12657/53950', 'source_id_type': 'File Handle'}
Record 917: {'title_id': 'https://library.oapen.org/handle/20.500.12657/61562', 'publication_title': 'Living Art Indonesian Artists Engage Politics, Society and History', 'title_url': 'https://patron-academic.thepalaceproject.org/ucdavis/book/https%3A%2F%2Fcdl.edu.thepalaceproject.org%2F110644%2Fworks%2FURI%252Fhttps%253A%252F%252Flibrary.oapen.org%252Fhandle%252F20.500.12657%252F61562', 'first_author': '', 'online_identifier': '', 'publisher_name': 'ANU Press', 'publication_type': 'monograph', 'date_monograph_published_online': '2022', 'first_editor': 'Hooker, Virginia', 'access_type': 'openaccess', 'source_id': '20.500.12657/61562', 'source_id_type': 'File Handle'}
Record 918: {'title_id': 'https://library.oapen.org/handle/20.500.12657/59817', 'publication_title': 'The Boundaries of Democracy A Theory of Inclusion', 'title_url': 'https://patron-academic.thepalaceproject.org/ucdavis/book/https%3A%2F%2Fcdl.edu.thepalaceproject.org%2F110644%2Fworks%2FURI%252Fhttps%253A%252F%252Flibrary.oapen.org%252Fhandle%252F20.500.12657%252F59817', 'first_author': 'Beckman, Ludvig', 'online_identifier': '', 'publisher_name': 'Taylor & Francis', 'publication_type': 'monograph', 'date_monograph_published_online': '2022', 'first_editor': '', 'access_type': 'openaccess', 'source_id': '20.500.12657/59817', 'source_id_type': 'File Handle'}
Record 919: {'title_id': 'https://library.oapen.org/handle/20.500.12657/58369', 'publication_title': 'An Introduction to the Mechanics of Incompressible Fluids', 'title_url': 'https://patron-academic.thepalaceproject.org/ucdavis/book/https%3A%2F%2Fcdl.edu.thepalaceproject.org%2F110644%2Fworks%2FURI%252Fhttps%253A%252F%252Flibrary.oapen.org%252Fhandle%252F20.500.12657%252F58369', 'first_author': 'Deville, Michel O.', 'online_identifier': '', 'publisher_name': 'Springer Nature', 'publication_type': 'monograph', 'date_monograph_published_online': '2022', 'first_editor': '', 'access_type': 'openaccess', 'source_id': '20.500.12657/58369', 'source_id_type': 'File Handle'}
Record 920: {'title_id': 'https://library.oapen.org/handle/20.500.12657/59273', 'publication_title': 'Perceptual Experience', 'title_url': 'https://patron-academic.thepalaceproject.org/ucdavis/book/https%3A%2F%2Fcdl.edu.thepalaceproject.org%2F110644%2Fworks%2FURI%252Fhttps%253A%252F%252Flibrary.oapen.org%252Fhandle%252F20.500.12657%252F59273', 'first_author': 'Hill, Christopher S.', 'online_identifier': '', 'publisher_name': 'Oxford University Press', 'publication_type': 'monograph', 'date_monograph_published_online': '2022', 'first_editor': '', 'access_type': 'openaccess', 'source_id': '20.500.12657/59273', 'source_id_type': 'File Handle'}
Record 921: {'title_id': 'https://library.oapen.org/handle/20.500.12657/58567', 'publication_title': 'Distortion and Subversion Punk Rock Music and the Protests for Free Public Transportation in Brazil (1996–2011)', 'title_url': 'https://patron-academic.thepalaceproject.org/ucdavis/book/https%3A%2F%2Fcdl.edu.thepalaceproject.org%2F110644%2Fworks%2FURI%252Fhttps%253A%252F%252Flibrary.oapen.org%252Fhandle%252F20.500.12657%252F58567', 'first_author': 'Lopes de Barros, Rodrigo', 'online_identifier': '', 'publisher_name': 'Liverpool University Press', 'publication_type': 'monograph', 'date_monograph_published_online': '2022', 'first_editor': '', 'access_type': 'openaccess', 'source_id': '20.500.12657/58567', 'source_id_type': 'File Handle'}
Record 922: {'title_id': 'https://library.oapen.org/handle/20.500.12657/53725', 'publication_title': 'Social Media and Social Order', 'title_url': 'https://patron-academic.thepalaceproject.org/ucdavis/book/https%3A%2F%2Fcdl.edu.thepalaceproject.org%2F110644%2Fworks%2FURI%252Fhttps%253A%252F%252Flibrary.oapen.org%252Fhandle%252F20.500.12657%252F53725', 'first_author': '', 'online_identifier': '', 'publisher_name': 'De Gruyter', 'publication_type': 'monograph', 'date_monograph_published_online': '2022', 'first_editor': 'Fisher-Høyrem, Stefan', 'access_type': 'openaccess', 'source_id': '20.500.12657/53725', 'source_id_type': 'File Handle'}
Record 923: {'title_id': 'https://library.oapen.org/handle/20.500.12657/87068', 'publication_title': 'Roma Portraits in History Roma Civic Emancipation Elite in Central, South-Eastern and Eastern Europe from the 19th Century until World War II', 'title_url': 'https://patron-academic.thepalaceproject.org/ucdavis/book/https%3A%2F%2Fcdl.edu.thepalaceproject.org%2F110644%2Fworks%2FURI%252Fhttps%253A%252F%252Flibrary.oapen.org%252Fhandle%252F20.500.12657%252F87068', 'first_author': '', 'online_identifier': '', 'publisher_name': 'Brill', 'publication_type': 'monograph', 'date_monograph_published_online': '2022', 'first_editor': 'Marushiakova, Elena', 'access_type': 'openaccess', 'source_id': '20.500.12657/87068', 'source_id_type': 'File Handle'}
Record 924: {'title_id': 'https://library.oapen.org/handle/20.500.12657/58580', 'publication_title': 'Glas in der Frühen Neuzeit Herstellung, Verwendung, Bedeutung, Analyse, Bewahrung', 'title_url': 'https://patron-academic.thepalaceproject.org/ucdavis/book/https%3A%2F%2Fcdl.edu.thepalaceproject.org%2F110644%2Fworks%2FURI%252Fhttps%253A%252F%252Flibrary.oapen.org%252Fhandle%252F20.500.12657%252F58580', 'first_author': 'Cremer, Annette Caroline', 'online_identifier': '', 'publisher_name': 'Heidelberg University Publishing (heiUP)', 'publication_type': 'monograph', 'date_monograph_published_online': '2022', 'first_editor': '', 'access_type': 'openaccess', 'source_id': '20.500.12657/58580', 'source_id_type': 'File Handle'}
Record 925: {'title_id': 'https://library.oapen.org/handle/20.500.12657/54311', 'publication_title': 'Beyond Narrative Exploring Narrative Liminality and Its Cultural Work', 'title_url': 'https://patron-academic.thepalaceproject.org/ucdavis/book/https%3A%2F%2Fcdl.edu.thepalaceproject.org%2F110644%2Fworks%2FURI%252Fhttps%253A%252F%252Flibrary.oapen.org%252Fhandle%252F20.500.12657%252F54311', 'first_author': '', 'online_identifier': '', 'publisher_name': 'transcript Verlag', 'publication_type': 'monograph', 'date_monograph_published_online': '2022', 'first_editor': 'Herrmann, Sebastian M.', 'access_type': 'openaccess', 'source_id': '20.500.12657/54311', 'source_id_type': 'File Handle'}
Record 926: {'title_id': 'https://library.oapen.org/handle/20.500.12657/54320', 'publication_title': 'Casa Pueblo A Puerto Rican Model of Self-Governance', 'title_url': 'https://patron-academic.thepalaceproject.org/ucdavis/book/https%3A%2F%2Fcdl.edu.thepalaceproject.org%2F110644%2Fworks%2FURI%252Fhttps%253A%252F%252Flibrary.oapen.org%252Fhandle%252F20.500.12657%252F54320', 'first_author': 'Massol González, Alexis', 'online_identifier': '', 'publisher_name': 'Lever Press', 'publication_type': 'monograph', 'date_monograph_published_online': '2022', 'first_editor': '', 'access_type': 'openaccess', 'source_id': '20.500.12657/54320', 'source_id_type': 'File Handle'}
Record 927: {'title_id': 'https://library.oapen.org/handle/20.500.12657/54032', 'publication_title': 'Data Science-Based Full-Lifespan Management of Lithium-Ion Battery Manufacturing, Operation and Reutilization', 'title_url': 'https://patron-academic.thepalaceproject.org/ucdavis/book/https%3A%2F%2Fcdl.edu.thepalaceproject.org%2F110644%2Fworks%2FURI%252Fhttps%253A%252F%252Flibrary.oapen.org%252Fhandle%252F20.500.12657%252F54032', 'first_author': '', 'online_identifier': '', 'publisher_name': 'Springer Nature', 'publication_type': 'monograph', 'date_monograph_published_online': '2022', 'first_editor': '', 'access_type': 'openaccess', 'source_id': '20.500.12657/54032', 'source_id_type': 'File Handle'}
Record 928: {'title_id': 'https://library.oapen.org/handle/20.500.12657/54659', 'publication_title': 'Qarakhanid Roads to China A History of Sino-Turkic Relations', 'title_url': 'https://patron-academic.thepalaceproject.org/ucdavis/book/https%3A%2F%2Fcdl.edu.thepalaceproject.org%2F110644%2Fworks%2FURI%252Fhttps%253A%252F%252Flibrary.oapen.org%252Fhandle%252F20.500.12657%252F54659', 'first_author': 'Duturaeva, Dilnoza', 'online_identifier': '', 'publisher_name': 'Brill', 'publication_type': 'monograph', 'date_monograph_published_online': '2022', 'first_editor': '', 'access_type': 'openaccess', 'source_id': '20.500.12657/54659', 'source_id_type': 'File Handle'}
Record 929: {'title_id': 'https://library.oapen.org/handle/20.500.12657/58916', 'publication_title': 'The Small Matter of Suing Chevron', 'title_url': 'https://patron-academic.thepalaceproject.org/ucdavis/book/https%3A%2F%2Fcdl.edu.thepalaceproject.org%2F110644%2Fworks%2FURI%252Fhttps%253A%252F%252Flibrary.oapen.org%252Fhandle%252F20.500.12657%252F58916', 'first_author': 'Sawyer, Suzana', 'online_identifier': '', 'publisher_name': 'Duke University Press', 'publication_type': 'monograph', 'date_monograph_published_online': '2022', 'first_editor': '', 'access_type': 'openaccess', 'source_id': '20.500.12657/58916', 'source_id_type': 'File Handle'}
Record 930: {'title_id': 'https://library.oapen.org/handle/20.500.12657/62256', 'publication_title': 'sbe22 berlin – Built environment within planetary boundaries', 'title_url': 'https://patron-academic.thepalaceproject.org/ucdavis/book/https%3A%2F%2Fcdl.edu.thepalaceproject.org%2F110644%2Fworks%2FURI%252Fhttps%253A%252F%252Flibrary.oapen.org%252Fhandle%252F20.500.12657%252F62256', 'first_author': '', 'online_identifier': '', 'publisher_name': 'Universitätsverlag der Technischen Universität Berlin', 'publication_type': 'monograph', 'date_monograph_published_online': '2022', 'first_editor': 'Habert, Guillaume', 'access_type': 'openaccess', 'source_id': '20.500.12657/62256', 'source_id_type': 'File Handle'}
Record 931: {'title_id': 'https://library.oapen.org/handle/20.500.12657/57608', 'publication_title': 'Engendering Democracy in Africa Women, Politics and Development', 'title_url': 'https://patron-academic.thepalaceproject.org/ucdavis/book/https%3A%2F%2Fcdl.edu.thepalaceproject.org%2F110644%2Fworks%2FURI%252Fhttps%253A%252F%252Flibrary.oapen.org%252Fhandle%252F20.500.12657%252F57608', 'first_author': 'Gaynor, Niamh', 'online_identifier': '', 'publisher_name': 'Taylor & Francis', 'publication_type': 'monograph', 'date_monograph_published_online': '2022', 'first_editor': '', 'access_type': 'openaccess', 'source_id': '20.500.12657/57608', 'source_id_type': 'File Handle'}
Record 932: {'title_id': 'https://library.oapen.org/handle/20.500.12657/53937', 'publication_title': '»Failed« Migratory Adventures? Malian Men Facing Conditions Post Deportation in Southern Mali', 'title_url': 'https://patron-academic.thepalaceproject.org/ucdavis/book/https%3A%2F%2Fcdl.edu.thepalaceproject.org%2F110644%2Fworks%2FURI%252Fhttps%253A%252F%252Flibrary.oapen.org%252Fhandle%252F20.500.12657%252F53937', 'first_author': 'Schultz, Susanne U.', 'online_identifier': '', 'publisher_name': 'transcript Verlag', 'publication_type': 'monograph', 'date_monograph_published_online': '2022', 'first_editor': '', 'access_type': 'openaccess', 'source_id': '20.500.12657/53937', 'source_id_type': 'File Handle'}
Record 933: {'title_id': 'https://library.oapen.org/handle/20.500.12657/54022', 'publication_title': 'Diasporic Hallyu The Korean Wave in Korean Canadian Youth Culture', 'title_url': 'https://patron-academic.thepalaceproject.org/ucdavis/book/https%3A%2F%2Fcdl.edu.thepalaceproject.org%2F110644%2Fworks%2FURI%252Fhttps%253A%252F%252Flibrary.oapen.org%252Fhandle%252F20.500.12657%252F54022', 'first_author': 'Yoon, Kyong', 'online_identifier': '', 'publisher_name': 'Springer Nature', 'publication_type': 'monograph', 'date_monograph_published_online': '2022', 'first_editor': '', 'access_type': 'openaccess', 'source_id': '20.500.12657/54022', 'source_id_type': 'File Handle'}
Record 934: {'title_id': 'https://library.oapen.org/handle/20.500.12657/59145', 'publication_title': 'Anthropology of Transformation From Europe to Asia and Back', 'title_url': 'https://patron-academic.thepalaceproject.org/ucdavis/book/https%3A%2F%2Fcdl.edu.thepalaceproject.org%2F110644%2Fworks%2FURI%252Fhttps%253A%252F%252Flibrary.oapen.org%252Fhandle%252F20.500.12657%252F59145', 'first_author': '', 'online_identifier': '', 'publisher_name': 'Open Book Publishers', 'publication_type': 'monograph', 'date_monograph_published_online': '2022', 'first_editor': 'Buzalka, Juraj', 'access_type': 'openaccess', 'source_id': '20.500.12657/59145', 'source_id_type': 'File Handle'}
Record 935: {'title_id': 'https://library.oapen.org/handle/20.500.12657/58944', 'publication_title': "Delhi's Education Revolution Teachers, agency and inclusion", 'title_url': 'https://patron-academic.thepalaceproject.org/ucdavis/book/https%3A%2F%2Fcdl.edu.thepalaceproject.org%2F110644%2Fworks%2FURI%252Fhttps%253A%252F%252Flibrary.oapen.org%252Fhandle%252F20.500.12657%252F58944', 'first_author': '', 'online_identifier': '', 'publisher_name': 'UCL Press', 'publication_type': 'monograph', 'date_monograph_published_online': '2022', 'first_editor': '', 'access_type': 'openaccess', 'source_id': '20.500.12657/58944', 'source_id_type': 'File Handle'}
Record 936: {'title_id': 'https://library.oapen.org/handle/20.500.12657/57380', 'publication_title': 'Security in Computer and Information Sciences Second International Symposium, EuroCybersec 2021, Nice, France, October 25–26, 2021, Revised Selected Papers', 'title_url': 'https://patron-academic.thepalaceproject.org/ucdavis/book/https%3A%2F%2Fcdl.edu.thepalaceproject.org%2F110644%2Fworks%2FURI%252Fhttps%253A%252F%252Flibrary.oapen.org%252Fhandle%252F20.500.12657%252F57380', 'first_author': '', 'online_identifier': '', 'publisher_name': 'Springer Nature', 'publication_type': 'monograph', 'date_monograph_published_online': '2022', 'first_editor': 'Gelenbe, Erol', 'access_type': 'openaccess', 'source_id': '20.500.12657/57380', 'source_id_type': 'File Handle'}
Record 937: {'title_id': 'https://library.oapen.org/handle/20.500.12657/57633', 'publication_title': 'Process simulation of wet compression moulding for continuous fibre-reinforced polymers', 'title_url': 'https://patron-academic.thepalaceproject.org/ucdavis/book/https%3A%2F%2Fcdl.edu.thepalaceproject.org%2F110644%2Fworks%2FURI%252Fhttps%253A%252F%252Flibrary.oapen.org%252Fhandle%252F20.500.12657%252F57633', 'first_author': 'Poppe, Christian Timo', 'online_identifier': '', 'publisher_name': 'KIT Scientific Publishing', 'publication_type': 'monograph', 'date_monograph_published_online': '2022', 'first_editor': '', 'access_type': 'openaccess', 'source_id': '20.500.12657/57633', 'source_id_type': 'File Handle'}
Record 938: {'title_id': 'https://library.oapen.org/handle/20.500.12657/52470', 'publication_title': 'German Radioactive Waste Changes in Policy and Law', 'title_url': 'https://patron-academic.thepalaceproject.org/ucdavis/book/https%3A%2F%2Fcdl.edu.thepalaceproject.org%2F110644%2Fworks%2FURI%252Fhttps%253A%252F%252Flibrary.oapen.org%252Fhandle%252F20.500.12657%252F52470', 'first_author': 'Rybski, Robert', 'online_identifier': '', 'publisher_name': 'Taylor & Francis', 'publication_type': 'monograph', 'date_monograph_published_online': '2022', 'first_editor': '', 'access_type': 'openaccess', 'source_id': '20.500.12657/52470', 'source_id_type': 'File Handle'}
Record 939: {'title_id': 'https://library.oapen.org/handle/20.500.12657/60184', 'publication_title': 'Locating Legal Certainty in Patent Licensing', 'title_url': 'https://patron-academic.thepalaceproject.org/ucdavis/book/https%3A%2F%2Fcdl.edu.thepalaceproject.org%2F110644%2Fworks%2FURI%252Fhttps%253A%252F%252Flibrary.oapen.org%252Fhandle%252F20.500.12657%252F60184', 'first_author': '', 'online_identifier': '', 'publisher_name': 'Springer Nature', 'publication_type': 'monograph', 'date_monograph_published_online': '2022', 'first_editor': '', 'access_type': 'openaccess', 'source_id': '20.500.12657/60184', 'source_id_type': 'File Handle'}
Record 940: {'title_id': 'https://library.oapen.org/handle/20.500.12657/54015', 'publication_title': 'Evidence and Expertise in Nordic Education Policy A Comparative Network Analysis', 'title_url': 'https://patron-academic.thepalaceproject.org/ucdavis/book/https%3A%2F%2Fcdl.edu.thepalaceproject.org%2F110644%2Fworks%2FURI%252Fhttps%253A%252F%252Flibrary.oapen.org%252Fhandle%252F20.500.12657%252F54015', 'first_author': '', 'online_identifier': '', 'publisher_name': 'Springer Nature', 'publication_type': 'monograph', 'date_monograph_published_online': '2022', 'first_editor': 'Karseth, Berit', 'access_type': 'openaccess', 'source_id': '20.500.12657/54015', 'source_id_type': 'File Handle'}
Record 941: {'title_id': 'https://library.oapen.org/handle/20.500.12657/62204', 'publication_title': "Empire's Violent End Comparing Dutch, British, and French Wars of Decolonization, 1945–1962", 'title_url': 'https://patron-academic.thepalaceproject.org/ucdavis/book/https%3A%2F%2Fcdl.edu.thepalaceproject.org%2F110644%2Fworks%2FURI%252Fhttps%253A%252F%252Flibrary.oapen.org%252Fhandle%252F20.500.12657%252F62204', 'first_author': '', 'online_identifier': '', 'publisher_name': 'Cornell University Press', 'publication_type': 'monograph', 'date_monograph_published_online': '2022', 'first_editor': 'Brocades Zaalberg, Thijs', 'access_type': 'openaccess', 'source_id': '20.500.12657/62204', 'source_id_type': 'File Handle'}
Record 942: {'title_id': 'https://library.oapen.org/handle/20.500.12657/53013', 'publication_title': 'Victims of Political Violence and Terrorism Making Up Resilient Survivors', 'title_url': 'https://patron-academic.thepalaceproject.org/ucdavis/book/https%3A%2F%2Fcdl.edu.thepalaceproject.org%2F110644%2Fworks%2FURI%252Fhttps%253A%252F%252Flibrary.oapen.org%252Fhandle%252F20.500.12657%252F53013', 'first_author': 'McGowan, William', 'online_identifier': '', 'publisher_name': 'Taylor & Francis', 'publication_type': 'monograph', 'date_monograph_published_online': '2022', 'first_editor': '', 'access_type': 'openaccess', 'source_id': '20.500.12657/53013', 'source_id_type': 'File Handle'}
Record 943: {'title_id': 'https://library.oapen.org/handle/20.500.12657/53187', 'publication_title': 'Queer and Bookish Eve Kosofsky Sedgwick as Book Artist', 'title_url': 'https://patron-academic.thepalaceproject.org/ucdavis/book/https%3A%2F%2Fcdl.edu.thepalaceproject.org%2F110644%2Fworks%2FURI%252Fhttps%253A%252F%252Flibrary.oapen.org%252Fhandle%252F20.500.12657%252F53187', 'first_author': 'Edwards, Jason', 'online_identifier': '', 'publisher_name': 'punctum books', 'publication_type': 'monograph', 'date_monograph_published_online': '2022', 'first_editor': '', 'access_type': 'openaccess', 'source_id': '20.500.12657/53187', 'source_id_type': 'File Handle'}
Record 944: {'title_id': 'https://library.oapen.org/handle/20.500.12657/53690', 'publication_title': 'Paradoxes of Media and Information Literacy The Crisis of Information', 'title_url': 'https://patron-academic.thepalaceproject.org/ucdavis/book/https%3A%2F%2Fcdl.edu.thepalaceproject.org%2F110644%2Fworks%2FURI%252Fhttps%253A%252F%252Flibrary.oapen.org%252Fhandle%252F20.500.12657%252F53690', 'first_author': '', 'online_identifier': '', 'publisher_name': 'Taylor & Francis', 'publication_type': 'monograph', 'date_monograph_published_online': '2022', 'first_editor': '', 'access_type': 'openaccess', 'source_id': '20.500.12657/53690', 'source_id_type': 'File Handle'}
Record 945: {'title_id': 'https://library.oapen.org/handle/20.500.12657/57046', 'publication_title': 'Efficient Screening Techniques to Identify Mutants with TR4 Resistance in Banana Protocols', 'title_url': 'https://patron-academic.thepalaceproject.org/ucdavis/book/https%3A%2F%2Fcdl.edu.thepalaceproject.org%2F110644%2Fworks%2FURI%252Fhttps%253A%252F%252Flibrary.oapen.org%252Fhandle%252F20.500.12657%252F57046', 'first_author': '', 'online_identifier': '', 'publisher_name': 'Springer Nature', 'publication_type': 'monograph', 'date_monograph_published_online': '2022', 'first_editor': 'Ingelbrecht, Ivan L.', 'access_type': 'openaccess', 'source_id': '20.500.12657/57046', 'source_id_type': 'File Handle'}
Record 946: {'title_id': 'https://library.oapen.org/handle/20.500.12657/57925', 'publication_title': 'Brainlesion: Glioma, Multiple Sclerosis, Stroke and Traumatic Brain Injuries 7th International Workshop, BrainLes 2021, Held in Conjunction with MICCAI 2021, Virtual Event, September 27, 2021, Revised Selected Papers, Part I', 'title_url': 'https://patron-academic.thepalaceproject.org/ucdavis/book/https%3A%2F%2Fcdl.edu.thepalaceproject.org%2F110644%2Fworks%2FURI%252Fhttps%253A%252F%252Flibrary.oapen.org%252Fhandle%252F20.500.12657%252F57925', 'first_author': '', 'online_identifier': '', 'publisher_name': 'Springer Nature', 'publication_type': 'monograph', 'date_monograph_published_online': '2022', 'first_editor': 'Bakas, Spyridon', 'access_type': 'openaccess', 'source_id': '20.500.12657/57925', 'source_id_type': 'File Handle'}
Record 947: {'title_id': 'https://library.oapen.org/handle/20.500.12657/57221', 'publication_title': 'Precarity in European Film Depictions and Discourses', 'title_url': 'https://patron-academic.thepalaceproject.org/ucdavis/book/https%3A%2F%2Fcdl.edu.thepalaceproject.org%2F110644%2Fworks%2FURI%252Fhttps%253A%252F%252Flibrary.oapen.org%252Fhandle%252F20.500.12657%252F57221', 'first_author': '', 'online_identifier': '', 'publisher_name': 'De Gruyter', 'publication_type': 'monograph', 'date_monograph_published_online': '2022', 'first_editor': 'Cuter, Elisa', 'access_type': 'openaccess', 'source_id': '20.500.12657/57221', 'source_id_type': 'File Handle'}
Record 948: {'title_id': 'https://library.oapen.org/handle/20.500.12657/63137', 'publication_title': 'Unprecedented? How coronavirus exposed the politics of our economy', 'title_url': 'https://patron-academic.thepalaceproject.org/ucdavis/book/https%3A%2F%2Fcdl.edu.thepalaceproject.org%2F110644%2Fworks%2FURI%252Fhttps%253A%252F%252Flibrary.oapen.org%252Fhandle%252F20.500.12657%252F63137', 'first_author': '', 'online_identifier': '', 'publisher_name': 'Goldsmiths Press', 'publication_type': 'monograph', 'date_monograph_published_online': '2022', 'first_editor': '', 'access_type': 'openaccess', 'source_id': '20.500.12657/63137', 'source_id_type': 'File Handle'}
Record 949: {'title_id': 'https://library.oapen.org/handle/20.500.12657/57881', 'publication_title': 'E-attachment and Online Communication The Changing Context of the Clinical Diagnosis and Psychological Treatment', 'title_url': 'https://patron-academic.thepalaceproject.org/ucdavis/book/https%3A%2F%2Fcdl.edu.thepalaceproject.org%2F110644%2Fworks%2FURI%252Fhttps%253A%252F%252Flibrary.oapen.org%252Fhandle%252F20.500.12657%252F57881', 'first_author': '', 'online_identifier': '', 'publisher_name': 'Taylor & Francis', 'publication_type': 'monograph', 'date_monograph_published_online': '2022', 'first_editor': '', 'access_type': 'openaccess', 'source_id': '20.500.12657/57881', 'source_id_type': 'File Handle'}
Record 950: {'title_id': 'https://library.oapen.org/handle/20.500.12657/60733', 'publication_title': 'Catherine Colomb’s VISION OF TIME: in Dialogue with Marcel Proust and Virginia Woolf', 'title_url': 'https://patron-academic.thepalaceproject.org/ucdavis/book/https%3A%2F%2Fcdl.edu.thepalaceproject.org%2F110644%2Fworks%2FURI%252Fhttps%253A%252F%252Flibrary.oapen.org%252Fhandle%252F20.500.12657%252F60733', 'first_author': 'Barbakadze, Tamar', 'online_identifier': '', 'publisher_name': 'Peter Lang International Academic Publishers', 'publication_type': 'monograph', 'date_monograph_published_online': '2022', 'first_editor': '', 'access_type': 'openaccess', 'source_id': '20.500.12657/60733', 'source_id_type': 'File Handle'}
Record 951: {'title_id': 'https://library.oapen.org/handle/20.500.12657/59439', 'publication_title': 'Medication Safety in Municipal Health and Care Services', 'title_url': 'https://patron-academic.thepalaceproject.org/ucdavis/book/https%3A%2F%2Fcdl.edu.thepalaceproject.org%2F110644%2Fworks%2FURI%252Fhttps%253A%252F%252Flibrary.oapen.org%252Fhandle%252F20.500.12657%252F59439', 'first_author': '', 'online_identifier': '', 'publisher_name': 'Cappelen Damm Akademisk/NOASP (Nordic Open Access Scholarly Publishing)', 'publication_type': 'monograph', 'date_monograph_published_online': '2022', 'first_editor': 'Olsen, Rose Mari', 'access_type': 'openaccess', 'source_id': '20.500.12657/59439', 'source_id_type': 'File Handle'}
Record 952: {'title_id': 'https://library.oapen.org/handle/20.500.12657/60819', 'publication_title': 'Theoretical Knowledge in the Mohist Canon', 'title_url': 'https://patron-academic.thepalaceproject.org/ucdavis/book/https%3A%2F%2Fcdl.edu.thepalaceproject.org%2F110644%2Fworks%2FURI%252Fhttps%253A%252F%252Flibrary.oapen.org%252Fhandle%252F20.500.12657%252F60819', 'first_author': '', 'online_identifier': '', 'publisher_name': 'Springer Nature', 'publication_type': 'monograph', 'date_monograph_published_online': '2022', 'first_editor': '', 'access_type': 'openaccess', 'source_id': '20.500.12657/60819', 'source_id_type': 'File Handle'}
Record 953: {'title_id': 'https://library.oapen.org/handle/20.500.12657/60616', 'publication_title': 'Unpacking Creativity for Language Teaching', 'title_url': 'https://patron-academic.thepalaceproject.org/ucdavis/book/https%3A%2F%2Fcdl.edu.thepalaceproject.org%2F110644%2Fworks%2FURI%252Fhttps%253A%252F%252Flibrary.oapen.org%252Fhandle%252F20.500.12657%252F60616', 'first_author': 'Tin, Tan Bee', 'online_identifier': '', 'publisher_name': 'Taylor & Francis', 'publication_type': 'monograph', 'date_monograph_published_online': '2022', 'first_editor': '', 'access_type': 'openaccess', 'source_id': '20.500.12657/60616', 'source_id_type': 'File Handle'}
Record 954: {'title_id': 'https://library.oapen.org/handle/20.500.12657/76312', 'publication_title': 'Jesuit Libraries', 'title_url': 'https://patron-academic.thepalaceproject.org/ucdavis/book/https%3A%2F%2Fcdl.edu.thepalaceproject.org%2F110644%2Fworks%2FURI%252Fhttps%253A%252F%252Flibrary.oapen.org%252Fhandle%252F20.500.12657%252F76312', 'first_author': 'Comerford, Kathleen M.', 'online_identifier': '', 'publisher_name': 'Brill', 'publication_type': 'monograph', 'date_monograph_published_online': '2022', 'first_editor': '', 'access_type': 'openaccess', 'source_id': '20.500.12657/76312', 'source_id_type': 'File Handle'}
Record 955: {'title_id': 'https://library.oapen.org/handle/20.500.12657/61036', 'publication_title': 'Slavery and Bondage in Asia, 1550–1850 Towards a Global History of Coerced Labour', 'title_url': 'https://patron-academic.thepalaceproject.org/ucdavis/book/https%3A%2F%2Fcdl.edu.thepalaceproject.org%2F110644%2Fworks%2FURI%252Fhttps%253A%252F%252Flibrary.oapen.org%252Fhandle%252F20.500.12657%252F61036', 'first_author': '', 'online_identifier': '', 'publisher_name': 'De Gruyter', 'publication_type': 'monograph', 'date_monograph_published_online': '2022', 'first_editor': 'Ekama, Kate', 'access_type': 'openaccess', 'source_id': '20.500.12657/61036', 'source_id_type': 'File Handle'}
Record 956: {'title_id': 'https://library.oapen.org/handle/20.500.12657/61321', 'publication_title': 'Experimental Techniques in Modern High-Energy Physics A Beginner‘s Guide', 'title_url': 'https://patron-academic.thepalaceproject.org/ucdavis/book/https%3A%2F%2Fcdl.edu.thepalaceproject.org%2F110644%2Fworks%2FURI%252Fhttps%253A%252F%252Flibrary.oapen.org%252Fhandle%252F20.500.12657%252F61321', 'first_author': '', 'online_identifier': '', 'publisher_name': 'Springer Nature', 'publication_type': 'monograph', 'date_monograph_published_online': '2022', 'first_editor': '', 'access_type': 'openaccess', 'source_id': '20.500.12657/61321', 'source_id_type': 'File Handle'}
Record 957: {'title_id': 'https://library.oapen.org/handle/20.500.12657/53584', 'publication_title': 'Oscillating Bodies Understanding Tunisian Society through its Novels (1956-2011)', 'title_url': 'https://patron-academic.thepalaceproject.org/ucdavis/book/https%3A%2F%2Fcdl.edu.thepalaceproject.org%2F110644%2Fworks%2FURI%252Fhttps%253A%252F%252Flibrary.oapen.org%252Fhandle%252F20.500.12657%252F53584', 'first_author': 'Pardey, Charlotte', 'online_identifier': '', 'publisher_name': 'Reichert Verlag', 'publication_type': 'monograph', 'date_monograph_published_online': '2022', 'first_editor': '', 'access_type': 'openaccess', 'source_id': '20.500.12657/53584', 'source_id_type': 'File Handle'}
Record 958: {'title_id': 'https://library.oapen.org/handle/20.500.12657/54262', 'publication_title': 'Millet and What Else? The Wider Context of the Adoption of Millet Cultivation in Europe', 'title_url': 'https://patron-academic.thepalaceproject.org/ucdavis/book/https%3A%2F%2Fcdl.edu.thepalaceproject.org%2F110644%2Fworks%2FURI%252Fhttps%253A%252F%252Flibrary.oapen.org%252Fhandle%252F20.500.12657%252F54262', 'first_author': '', 'online_identifier': '', 'publisher_name': 'Sidestone Press', 'publication_type': 'monograph', 'date_monograph_published_online': '2022', 'first_editor': 'Dal Corso, Marta', 'access_type': 'openaccess', 'source_id': '20.500.12657/54262', 'source_id_type': 'File Handle'}
Record 959: {'title_id': 'https://library.oapen.org/handle/20.500.12657/54435', 'publication_title': 'Care Poverty When Older People’s Needs Remain Unmet', 'title_url': 'https://patron-academic.thepalaceproject.org/ucdavis/book/https%3A%2F%2Fcdl.edu.thepalaceproject.org%2F110644%2Fworks%2FURI%252Fhttps%253A%252F%252Flibrary.oapen.org%252Fhandle%252F20.500.12657%252F54435', 'first_author': 'Kröger, Teppo', 'online_identifier': '', 'publisher_name': 'Springer Nature', 'publication_type': 'monograph', 'date_monograph_published_online': '2022', 'first_editor': '', 'access_type': 'openaccess', 'source_id': '20.500.12657/54435', 'source_id_type': 'File Handle'}
Record 960: {'title_id': 'https://library.oapen.org/handle/20.500.12657/57546', 'publication_title': 'Drones and Geographical Information Technologies in Agroecology and Organic Farming Contributions to Technological Sovereignty', 'title_url': 'https://patron-academic.thepalaceproject.org/ucdavis/book/https%3A%2F%2Fcdl.edu.thepalaceproject.org%2F110644%2Fworks%2FURI%252Fhttps%253A%252F%252Flibrary.oapen.org%252Fhandle%252F20.500.12657%252F57546', 'first_author': '', 'online_identifier': '', 'publisher_name': 'Taylor & Francis', 'publication_type': 'monograph', 'date_monograph_published_online': '2022', 'first_editor': 'DIANTINI, ALBERTO', 'access_type': 'openaccess', 'source_id': '20.500.12657/57546', 'source_id_type': 'File Handle'}
Record 961: {'title_id': 'https://library.oapen.org/handle/20.500.12657/53712', 'publication_title': 'Whiteface Improv Comedy and Anti-Blackness', 'title_url': 'https://patron-academic.thepalaceproject.org/ucdavis/book/https%3A%2F%2Fcdl.edu.thepalaceproject.org%2F110644%2Fworks%2FURI%252Fhttps%253A%252F%252Flibrary.oapen.org%252Fhandle%252F20.500.12657%252F53712', 'first_author': 'Büch, Michel', 'online_identifier': '', 'publisher_name': 'De Gruyter', 'publication_type': 'monograph', 'date_monograph_published_online': '2022', 'first_editor': '', 'access_type': 'openaccess', 'source_id': '20.500.12657/53712', 'source_id_type': 'File Handle'}
Record 962: {'title_id': 'https://library.oapen.org/handle/20.500.12657/57233', 'publication_title': 'Integrated Chemical Processes in Liquid Multiphase Systems From Chemical Reaction to Process Design and Operation', 'title_url': 'https://patron-academic.thepalaceproject.org/ucdavis/book/https%3A%2F%2Fcdl.edu.thepalaceproject.org%2F110644%2Fworks%2FURI%252Fhttps%253A%252F%252Flibrary.oapen.org%252Fhandle%252F20.500.12657%252F57233', 'first_author': '', 'online_identifier': '', 'publisher_name': 'De Gruyter', 'publication_type': 'monograph', 'date_monograph_published_online': '2022', 'first_editor': 'Drews, Anja', 'access_type': 'openaccess', 'source_id': '20.500.12657/57233', 'source_id_type': 'File Handle'}
Record 963: {'title_id': 'https://library.oapen.org/handle/20.500.12657/77114', 'publication_title': 'Where Shrimp Eat Better than People Globalized Fisheries, Nutritional Unequal Exchange and Asian Hunger', 'title_url': 'https://patron-academic.thepalaceproject.org/ucdavis/book/https%3A%2F%2Fcdl.edu.thepalaceproject.org%2F110644%2Fworks%2FURI%252Fhttps%253A%252F%252Flibrary.oapen.org%252Fhandle%252F20.500.12657%252F77114', 'first_author': '', 'online_identifier': '', 'publisher_name': 'Brill', 'publication_type': 'monograph', 'date_monograph_published_online': '2022', 'first_editor': '', 'access_type': 'openaccess', 'source_id': '20.500.12657/77114', 'source_id_type': 'File Handle'}
Record 964: {'title_id': 'https://library.oapen.org/handle/20.500.12657/59327', 'publication_title': 'Digital and Strategic Innovation for Alpine Health Tourism Natural Resources, Digital Tools and Innovation Practices from HEALPS 2 Project', 'title_url': 'https://patron-academic.thepalaceproject.org/ucdavis/book/https%3A%2F%2Fcdl.edu.thepalaceproject.org%2F110644%2Fworks%2FURI%252Fhttps%253A%252F%252Flibrary.oapen.org%252Fhandle%252F20.500.12657%252F59327', 'first_author': '', 'online_identifier': '', 'publisher_name': 'Springer Nature', 'publication_type': 'monograph', 'date_monograph_published_online': '2022', 'first_editor': 'Pessot, Elena', 'access_type': 'openaccess', 'source_id': '20.500.12657/59327', 'source_id_type': 'File Handle'}
Record 965: {'title_id': 'https://library.oapen.org/handle/20.500.12657/60129', 'publication_title': 'LGBTQ+ Intimacies in Southern Europe Citizenship, Care and Choice', 'title_url': 'https://patron-academic.thepalaceproject.org/ucdavis/book/https%3A%2F%2Fcdl.edu.thepalaceproject.org%2F110644%2Fworks%2FURI%252Fhttps%253A%252F%252Flibrary.oapen.org%252Fhandle%252F20.500.12657%252F60129', 'first_author': 'Santos, Ana Cristina', 'online_identifier': '', 'publisher_name': 'Springer Nature', 'publication_type': 'monograph', 'date_monograph_published_online': '2022', 'first_editor': '', 'access_type': 'openaccess', 'source_id': '20.500.12657/60129', 'source_id_type': 'File Handle'}
Record 966: {'title_id': 'https://library.oapen.org/handle/20.500.12657/58921', 'publication_title': 'The City Electric', 'title_url': 'https://patron-academic.thepalaceproject.org/ucdavis/book/https%3A%2F%2Fcdl.edu.thepalaceproject.org%2F110644%2Fworks%2FURI%252Fhttps%253A%252F%252Flibrary.oapen.org%252Fhandle%252F20.500.12657%252F58921', 'first_author': 'Degani, Michael', 'online_identifier': '', 'publisher_name': 'Duke University Press', 'publication_type': 'monograph', 'date_monograph_published_online': '2022', 'first_editor': '', 'access_type': 'openaccess', 'source_id': '20.500.12657/58921', 'source_id_type': 'File Handle'}
Record 967: {'title_id': 'https://library.oapen.org/handle/20.500.12657/57030', 'publication_title': 'Resourceful Civil Society Navigating the Changing Landscapes of Civil Society Organizations', 'title_url': 'https://patron-academic.thepalaceproject.org/ucdavis/book/https%3A%2F%2Fcdl.edu.thepalaceproject.org%2F110644%2Fworks%2FURI%252Fhttps%253A%252F%252Flibrary.oapen.org%252Fhandle%252F20.500.12657%252F57030', 'first_author': '', 'online_identifier': '', 'publisher_name': 'Springer Nature', 'publication_type': 'monograph', 'date_monograph_published_online': '2022', 'first_editor': 'Jezierska, Katarzyna', 'access_type': 'openaccess', 'source_id': '20.500.12657/57030', 'source_id_type': 'File Handle'}
Record 968: {'title_id': 'https://library.oapen.org/handle/20.500.12657/61566', 'publication_title': 'How Government Experts Self-Sabotage The Language of the Rebuffed', 'title_url': 'https://patron-academic.thepalaceproject.org/ucdavis/book/https%3A%2F%2Fcdl.edu.thepalaceproject.org%2F110644%2Fworks%2FURI%252Fhttps%253A%252F%252Flibrary.oapen.org%252Fhandle%252F20.500.12657%252F61566', 'first_author': 'Gerblinger, Christiane', 'online_identifier': '', 'publisher_name': 'ANU Press', 'publication_type': 'monograph', 'date_monograph_published_online': '2022', 'first_editor': '', 'access_type': 'openaccess', 'source_id': '20.500.12657/61566', 'source_id_type': 'File Handle'}
Record 969: {'title_id': 'https://library.oapen.org/handle/20.500.12657/57612', 'publication_title': 'Migration in Africa Shifting Patterns of Mobility from the 19th to the 21st Century', 'title_url': 'https://patron-academic.thepalaceproject.org/ucdavis/book/https%3A%2F%2Fcdl.edu.thepalaceproject.org%2F110644%2Fworks%2FURI%252Fhttps%253A%252F%252Flibrary.oapen.org%252Fhandle%252F20.500.12657%252F57612', 'first_author': '', 'online_identifier': '', 'publisher_name': 'Taylor & Francis', 'publication_type': 'monograph', 'date_monograph_published_online': '2022', 'first_editor': 'Frankema, Ewout', 'access_type': 'openaccess', 'source_id': '20.500.12657/57612', 'source_id_type': 'File Handle'}
Record 970: {'title_id': 'https://library.oapen.org/handle/20.500.12657/58509', 'publication_title': 'Syntax of Hungarian Coordination and Ellipsis', 'title_url': 'https://patron-academic.thepalaceproject.org/ucdavis/book/https%3A%2F%2Fcdl.edu.thepalaceproject.org%2F110644%2Fworks%2FURI%252Fhttps%253A%252F%252Flibrary.oapen.org%252Fhandle%252F20.500.12657%252F58509', 'first_author': 'Bánréti, Zoltán', 'online_identifier': '', 'publisher_name': 'Amsterdam University Press', 'publication_type': 'monograph', 'date_monograph_published_online': '2022', 'first_editor': '', 'access_type': 'openaccess', 'source_id': '20.500.12657/58509', 'source_id_type': 'File Handle'}
Record 971: {'title_id': 'https://library.oapen.org/handle/20.500.12657/57935', 'publication_title': 'Obstructions in Security-Aware Business Processes Analysis, Detection, and Handling', 'title_url': 'https://patron-academic.thepalaceproject.org/ucdavis/book/https%3A%2F%2Fcdl.edu.thepalaceproject.org%2F110644%2Fworks%2FURI%252Fhttps%253A%252F%252Flibrary.oapen.org%252Fhandle%252F20.500.12657%252F57935', 'first_author': 'Holderer, Julius', 'online_identifier': '', 'publisher_name': 'Springer Nature', 'publication_type': 'monograph', 'date_monograph_published_online': '2022', 'first_editor': '', 'access_type': 'openaccess', 'source_id': '20.500.12657/57935', 'source_id_type': 'File Handle'}
Record 972: {'title_id': 'https://library.oapen.org/handle/20.500.12657/60165', 'publication_title': 'Advancing the Science of Cancer in Latinos Building Collaboration for Action', 'title_url': 'https://patron-academic.thepalaceproject.org/ucdavis/book/https%3A%2F%2Fcdl.edu.thepalaceproject.org%2F110644%2Fworks%2FURI%252Fhttps%253A%252F%252Flibrary.oapen.org%252Fhandle%252F20.500.12657%252F60165', 'first_author': '', 'online_identifier': '', 'publisher_name': 'Springer Nature', 'publication_type': 'monograph', 'date_monograph_published_online': '2022', 'first_editor': 'Ramirez, Amelie G.', 'access_type': 'openaccess', 'source_id': '20.500.12657/60165', 'source_id_type': 'File Handle'}
Record 973: {'title_id': 'https://library.oapen.org/handle/20.500.12657/52890', 'publication_title': 'The Christian Economy of the Early Medieval West Towards a Temple Society', 'title_url': 'https://patron-academic.thepalaceproject.org/ucdavis/book/https%3A%2F%2Fcdl.edu.thepalaceproject.org%2F110644%2Fworks%2FURI%252Fhttps%253A%252F%252Flibrary.oapen.org%252Fhandle%252F20.500.12657%252F52890', 'first_author': 'Wood, Ian', 'online_identifier': '', 'publisher_name': 'punctum books', 'publication_type': 'monograph', 'date_monograph_published_online': '2022', 'first_editor': '', 'access_type': 'openaccess', 'source_id': '20.500.12657/52890', 'source_id_type': 'File Handle'}
Record 974: {'title_id': 'https://library.oapen.org/handle/20.500.12657/61013', 'publication_title': 'Sri Ksetra Museum Collection Inventory', 'title_url': 'https://patron-academic.thepalaceproject.org/ucdavis/book/https%3A%2F%2Fcdl.edu.thepalaceproject.org%2F110644%2Fworks%2FURI%252Fhttps%253A%252F%252Flibrary.oapen.org%252Fhandle%252F20.500.12657%252F61013', 'first_author': 'Galloway, Charlotte', 'online_identifier': '', 'publisher_name': 'De Gruyter', 'publication_type': 'monograph', 'date_monograph_published_online': '2022', 'first_editor': '', 'access_type': 'openaccess', 'source_id': '20.500.12657/61013', 'source_id_type': 'File Handle'}
Record 975: {'title_id': 'https://library.oapen.org/handle/20.500.12657/57262', 'publication_title': 'Taxation in the Digital Economy New Models in Asia and the Pacific', 'title_url': 'https://patron-academic.thepalaceproject.org/ucdavis/book/https%3A%2F%2Fcdl.edu.thepalaceproject.org%2F110644%2Fworks%2FURI%252Fhttps%253A%252F%252Flibrary.oapen.org%252Fhandle%252F20.500.12657%252F57262', 'first_author': '', 'online_identifier': '', 'publisher_name': 'Taylor & Francis', 'publication_type': 'monograph', 'date_monograph_published_online': '2022', 'first_editor': 'Evans, Chris', 'access_type': 'openaccess', 'source_id': '20.500.12657/57262', 'source_id_type': 'File Handle'}
Record 976: {'title_id': 'https://library.oapen.org/handle/20.500.12657/57882', 'publication_title': 'Urban Life and Intellectual Crisis in Middle-Period China, 800-1100', 'title_url': 'https://patron-academic.thepalaceproject.org/ucdavis/book/https%3A%2F%2Fcdl.edu.thepalaceproject.org%2F110644%2Fworks%2FURI%252Fhttps%253A%252F%252Flibrary.oapen.org%252Fhandle%252F20.500.12657%252F57882', 'first_author': 'de Pee, Christian', 'online_identifier': '', 'publisher_name': 'Amsterdam University Press', 'publication_type': 'monograph', 'date_monograph_published_online': '2022', 'first_editor': '', 'access_type': 'openaccess', 'source_id': '20.500.12657/57882', 'source_id_type': 'File Handle'}
Record 977: {'title_id': 'https://library.oapen.org/handle/20.500.12657/59442', 'publication_title': 'Faith seeking understanding', 'title_url': 'https://patron-academic.thepalaceproject.org/ucdavis/book/https%3A%2F%2Fcdl.edu.thepalaceproject.org%2F110644%2Fworks%2FURI%252Fhttps%253A%252F%252Flibrary.oapen.org%252Fhandle%252F20.500.12657%252F59442', 'first_author': '', 'online_identifier': '', 'publisher_name': 'AOSIS', 'publication_type': 'monograph', 'date_monograph_published_online': '2022', 'first_editor': 'Vorster, Nico', 'access_type': 'openaccess', 'source_id': '20.500.12657/59442', 'source_id_type': 'File Handle'}
Record 978: {'title_id': 'https://library.oapen.org/handle/20.500.12657/58375', 'publication_title': 'Introduction to Development Engineering A Framework with Applications from the Field', 'title_url': 'https://patron-academic.thepalaceproject.org/ucdavis/book/https%3A%2F%2Fcdl.edu.thepalaceproject.org%2F110644%2Fworks%2FURI%252Fhttps%253A%252F%252Flibrary.oapen.org%252Fhandle%252F20.500.12657%252F58375', 'first_author': '', 'online_identifier': '', 'publisher_name': 'Springer Nature', 'publication_type': 'monograph', 'date_monograph_published_online': '2022', 'first_editor': 'Anderson, Richard', 'access_type': 'openaccess', 'source_id': '20.500.12657/58375', 'source_id_type': 'File Handle'}
Record 979: {'title_id': 'https://library.oapen.org/handle/20.500.12657/89640', 'publication_title': 'Migrating Through the Web Interactive Practices About Migration, Flight and Exile', 'title_url': 'https://patron-academic.thepalaceproject.org/ucdavis/book/https%3A%2F%2Fcdl.edu.thepalaceproject.org%2F110644%2Fworks%2FURI%252Fhttps%253A%252F%252Flibrary.oapen.org%252Fhandle%252F20.500.12657%252F89640', 'first_author': 'Braida, Nicole', 'online_identifier': '', 'publisher_name': 'transcript Verlag', 'publication_type': 'monograph', 'date_monograph_published_online': '2022', 'first_editor': '', 'access_type': 'openaccess', 'source_id': '20.500.12657/89640', 'source_id_type': 'File Handle'}
Record 980: {'title_id': 'https://library.oapen.org/handle/20.500.12657/58878', 'publication_title': 'Education, Migration and Development Critical Perspectives in a Moving World', 'title_url': 'https://patron-academic.thepalaceproject.org/ucdavis/book/https%3A%2F%2Fcdl.edu.thepalaceproject.org%2F110644%2Fworks%2FURI%252Fhttps%253A%252F%252Flibrary.oapen.org%252Fhandle%252F20.500.12657%252F58878', 'first_author': '', 'online_identifier': '', 'publisher_name': 'Bloomsbury Academic', 'publication_type': 'monograph', 'date_monograph_published_online': '2022', 'first_editor': 'Chase, Elaine', 'access_type': 'openaccess', 'source_id': '20.500.12657/58878', 'source_id_type': 'File Handle'}
Record 981: {'title_id': 'https://library.oapen.org/handle/20.500.12657/58878', 'publication_title': 'Education, Migration and Development Critical Perspectives in a Moving World', 'title_url': 'https://patron-academic.thepalaceproject.org/ucdavis/book/https%3A%2F%2Fcdl.edu.thepalaceproject.org%2F110644%2Fworks%2FURI%252Fhttps%253A%252F%252Flibrary.oapen.org%252Fhandle%252F20.500.12657%252F58878', 'first_author': '', 'online_identifier': '', 'publisher_name': 'Bloomsbury Academic', 'publication_type': 'monograph', 'date_monograph_published_online': '2022', 'first_editor': 'Chase, Elaine', 'access_type': 'openaccess', 'source_id': '20.500.12657/58878', 'source_id_type': 'File Handle'}
Record 982: {'title_id': 'https://library.oapen.org/handle/20.500.12657/54241', 'publication_title': 'Routledge Handbook of Public Policy in Africa', 'title_url': 'https://patron-academic.thepalaceproject.org/ucdavis/book/https%3A%2F%2Fcdl.edu.thepalaceproject.org%2F110644%2Fworks%2FURI%252Fhttps%253A%252F%252Flibrary.oapen.org%252Fhandle%252F20.500.12657%252F54241', 'first_author': 'Onyango, Gedion', 'online_identifier': '', 'publisher_name': 'Taylor & Francis', 'publication_type': 'monograph', 'date_monograph_published_online': '2022', 'first_editor': '', 'access_type': 'openaccess', 'source_id': '20.500.12657/54241', 'source_id_type': 'File Handle'}
Record 983: {'title_id': 'https://library.oapen.org/handle/20.500.12657/59054', 'publication_title': 'Suva Stories A History of the Capital of Fiji', 'title_url': 'https://patron-academic.thepalaceproject.org/ucdavis/book/https%3A%2F%2Fcdl.edu.thepalaceproject.org%2F110644%2Fworks%2FURI%252Fhttps%253A%252F%252Flibrary.oapen.org%252Fhandle%252F20.500.12657%252F59054', 'first_author': 'Halter, Nicholas', 'online_identifier': '', 'publisher_name': 'ANU Press', 'publication_type': 'monograph', 'date_monograph_published_online': '2022', 'first_editor': '', 'access_type': 'openaccess', 'source_id': '20.500.12657/59054', 'source_id_type': 'File Handle'}
Record 984: {'title_id': 'https://library.oapen.org/handle/20.500.12657/57548', 'publication_title': 'Meanings of Public and the Future of Public Services', 'title_url': 'https://patron-academic.thepalaceproject.org/ucdavis/book/https%3A%2F%2Fcdl.edu.thepalaceproject.org%2F110644%2Fworks%2FURI%252Fhttps%253A%252F%252Flibrary.oapen.org%252Fhandle%252F20.500.12657%252F57548', 'first_author': 'McDonald, David', 'online_identifier': '', 'publisher_name': 'Taylor & Francis', 'publication_type': 'monograph', 'date_monograph_published_online': '2022', 'first_editor': '', 'access_type': 'openaccess', 'source_id': '20.500.12657/57548', 'source_id_type': 'File Handle'}
Record 985: {'title_id': 'https://library.oapen.org/handle/20.500.12657/62521', 'publication_title': 'Five Insights for Avoiding Global Collapse What a 50-Year-Old Model of the World Taught Me About aWay Forward for Us Today', 'title_url': 'https://patron-academic.thepalaceproject.org/ucdavis/book/https%3A%2F%2Fcdl.edu.thepalaceproject.org%2F110644%2Fworks%2FURI%252Fhttps%253A%252F%252Flibrary.oapen.org%252Fhandle%252F20.500.12657%252F62521', 'first_author': 'Herrington, Gaya', 'online_identifier': '', 'publisher_name': '', 'publication_type': 'monograph', 'date_monograph_published_online': '', 'first_editor': '', 'access_type': 'openaccess', 'source_id': '20.500.12657/62521', 'source_id_type': 'File Handle'}
Record 986: {'title_id': 'https://library.oapen.org/handle/20.500.12657/59345', 'publication_title': 'Social Media for Civic Education Engaging Youth for Democracy', 'title_url': 'https://patron-academic.thepalaceproject.org/ucdavis/book/https%3A%2F%2Fcdl.edu.thepalaceproject.org%2F110644%2Fworks%2FURI%252Fhttps%253A%252F%252Flibrary.oapen.org%252Fhandle%252F20.500.12657%252F59345', 'first_author': 'Chapman, Amy L.', 'online_identifier': '', 'publisher_name': 'Springer Nature', 'publication_type': 'monograph', 'date_monograph_published_online': '2022', 'first_editor': '', 'access_type': 'openaccess', 'source_id': '20.500.12657/59345', 'source_id_type': 'File Handle'}
Record 987: {'title_id': 'https://library.oapen.org/handle/20.500.12657/61257', 'publication_title': 'Urinary Stents Current State and Future Perspectives', 'title_url': 'https://patron-academic.thepalaceproject.org/ucdavis/book/https%3A%2F%2Fcdl.edu.thepalaceproject.org%2F110644%2Fworks%2FURI%252Fhttps%253A%252F%252Flibrary.oapen.org%252Fhandle%252F20.500.12657%252F61257', 'first_author': '', 'online_identifier': '', 'publisher_name': 'Springer Nature', 'publication_type': 'monograph', 'date_monograph_published_online': '2022', 'first_editor': 'Rako, Duje', 'access_type': 'openaccess', 'source_id': '20.500.12657/61257', 'source_id_type': 'File Handle'}
Record 988: {'title_id': 'https://library.oapen.org/handle/20.500.12657/61257', 'publication_title': 'Urinary Stents Current State and Future Perspectives', 'title_url': 'https://patron-academic.thepalaceproject.org/ucdavis/book/https%3A%2F%2Fcdl.edu.thepalaceproject.org%2F110644%2Fworks%2FURI%252Fhttps%253A%252F%252Flibrary.oapen.org%252Fhandle%252F20.500.12657%252F61257', 'first_author': '', 'online_identifier': '', 'publisher_name': 'Springer Nature', 'publication_type': 'monograph', 'date_monograph_published_online': '2022', 'first_editor': 'Rako, Duje', 'access_type': 'openaccess', 'source_id': '20.500.12657/61257', 'source_id_type': 'File Handle'}
Record 989: {'title_id': 'https://library.oapen.org/handle/20.500.12657/60171', 'publication_title': 'Securitization and Democracy in Eurasia Transformation and Development in the OSCE Region', 'title_url': 'https://patron-academic.thepalaceproject.org/ucdavis/book/https%3A%2F%2Fcdl.edu.thepalaceproject.org%2F110644%2Fworks%2FURI%252Fhttps%253A%252F%252Flibrary.oapen.org%252Fhandle%252F20.500.12657%252F60171', 'first_author': '', 'online_identifier': '', 'publisher_name': 'Springer Nature', 'publication_type': 'monograph', 'date_monograph_published_online': '2022', 'first_editor': 'Mihr, Anja', 'access_type': 'openaccess', 'source_id': '20.500.12657/60171', 'source_id_type': 'File Handle'}
Record 990: {'title_id': 'https://library.oapen.org/handle/20.500.12657/86441', 'publication_title': 'Athanasius Raczyński (1788–1874). Aristocrat, Diplomat, and Patron of the Arts', 'title_url': 'https://patron-academic.thepalaceproject.org/ucdavis/book/https%3A%2F%2Fcdl.edu.thepalaceproject.org%2F110644%2Fworks%2FURI%252Fhttps%253A%252F%252Flibrary.oapen.org%252Fhandle%252F20.500.12657%252F86441', 'first_author': 'Mencfel, Michał', 'online_identifier': '', 'publisher_name': 'Brill', 'publication_type': 'monograph', 'date_monograph_published_online': '2022', 'first_editor': '', 'access_type': 'openaccess', 'source_id': '20.500.12657/86441', 'source_id_type': 'File Handle'}
Record 991: {'title_id': 'https://library.oapen.org/handle/20.500.12657/57590', 'publication_title': 'Eleventh International Conference on the Bearing Capacity of Roads, Railways and Airfields Volume 2', 'title_url': 'https://patron-academic.thepalaceproject.org/ucdavis/book/https%3A%2F%2Fcdl.edu.thepalaceproject.org%2F110644%2Fworks%2FURI%252Fhttps%253A%252F%252Flibrary.oapen.org%252Fhandle%252F20.500.12657%252F57590', 'first_author': '', 'online_identifier': '', 'publisher_name': 'Taylor & Francis', 'publication_type': 'monograph', 'date_monograph_published_online': '2022', 'first_editor': 'Hoff, Inge', 'access_type': 'openaccess', 'source_id': '20.500.12657/57590', 'source_id_type': 'File Handle'}
Record 992: {'title_id': 'https://library.oapen.org/handle/20.500.12657/53510', 'publication_title': 'Xenopus From Basic Biology to Disease Models in the Genomic Era', 'title_url': 'https://patron-academic.thepalaceproject.org/ucdavis/book/https%3A%2F%2Fcdl.edu.thepalaceproject.org%2F110644%2Fworks%2FURI%252Fhttps%253A%252F%252Flibrary.oapen.org%252Fhandle%252F20.500.12657%252F53510', 'first_author': '', 'online_identifier': '', 'publisher_name': 'Taylor & Francis', 'publication_type': 'monograph', 'date_monograph_published_online': '2022', 'first_editor': 'Fainsod, Abraham', 'access_type': 'openaccess', 'source_id': '20.500.12657/53510', 'source_id_type': 'File Handle'}
Record 993: {'title_id': 'https://library.oapen.org/handle/20.500.12657/59274', 'publication_title': "The Spirit of Global Health The World Health Organization and the 'Spiritual Dimension' of Health, 1946-2021", 'title_url': 'https://patron-academic.thepalaceproject.org/ucdavis/book/https%3A%2F%2Fcdl.edu.thepalaceproject.org%2F110644%2Fworks%2FURI%252Fhttps%253A%252F%252Flibrary.oapen.org%252Fhandle%252F20.500.12657%252F59274', 'first_author': '', 'online_identifier': '', 'publisher_name': 'Oxford University Press', 'publication_type': 'monograph', 'date_monograph_published_online': '2022', 'first_editor': '', 'access_type': 'openaccess', 'source_id': '20.500.12657/59274', 'source_id_type': 'File Handle'}
Record 994: {'title_id': 'https://library.oapen.org/handle/20.500.12657/54268', 'publication_title': 'Social and Political Issues on Sustainable Development in the Post Covid-19 Crisis Proceedings of the International Conference on Social and Political Issues on Sustainable Development in the Post Covid-19 Crisis (ICHSOS 2021), Malang, Indonesia, 18-19 June 2021', 'title_url': 'https://patron-academic.thepalaceproject.org/ucdavis/book/https%3A%2F%2Fcdl.edu.thepalaceproject.org%2F110644%2Fworks%2FURI%252Fhttps%253A%252F%252Flibrary.oapen.org%252Fhandle%252F20.500.12657%252F54268', 'first_author': '', 'online_identifier': '', 'publisher_name': 'Taylor & Francis', 'publication_type': 'monograph', 'date_monograph_published_online': '2022', 'first_editor': 'Deniar, Shannaz Mutiara', 'access_type': 'openaccess', 'source_id': '20.500.12657/54268', 'source_id_type': 'File Handle'}
Record 995: {'title_id': 'https://library.oapen.org/handle/20.500.12657/52938', 'publication_title': 'Environmental Technologies to Treat Rare Earth Element Pollution Principles and Engineering', 'title_url': 'https://patron-academic.thepalaceproject.org/ucdavis/book/https%3A%2F%2Fcdl.edu.thepalaceproject.org%2F110644%2Fworks%2FURI%252Fhttps%253A%252F%252Flibrary.oapen.org%252Fhandle%252F20.500.12657%252F52938', 'first_author': '', 'online_identifier': '', 'publisher_name': 'IWA Publishing', 'publication_type': 'monograph', 'date_monograph_published_online': '2022', 'first_editor': 'Lens, Piet', 'access_type': 'openaccess', 'source_id': '20.500.12657/52938', 'source_id_type': 'File Handle'}
Record 996: {'title_id': 'https://library.oapen.org/handle/20.500.12657/57257', 'publication_title': 'Pitch and Revelation Reconfigurations of Reading, Poetry, and Philosophy through the Work of Jay Wright', 'title_url': 'https://patron-academic.thepalaceproject.org/ucdavis/book/https%3A%2F%2Fcdl.edu.thepalaceproject.org%2F110644%2Fworks%2FURI%252Fhttps%253A%252F%252Flibrary.oapen.org%252Fhandle%252F20.500.12657%252F57257', 'first_author': '', 'online_identifier': '', 'publisher_name': 'punctum books', 'publication_type': 'monograph', 'date_monograph_published_online': '2022', 'first_editor': '', 'access_type': 'openaccess', 'source_id': '20.500.12657/57257', 'source_id_type': 'File Handle'}
Record 997: {'title_id': 'https://library.oapen.org/handle/20.500.12657/52577', 'publication_title': 'Gender, Judging and the Courts in Africa Selected Studies', 'title_url': 'https://patron-academic.thepalaceproject.org/ucdavis/book/https%3A%2F%2Fcdl.edu.thepalaceproject.org%2F110644%2Fworks%2FURI%252Fhttps%253A%252F%252Flibrary.oapen.org%252Fhandle%252F20.500.12657%252F52577', 'first_author': 'Dawuni, J. Jarpa', 'online_identifier': '', 'publisher_name': 'Taylor & Francis', 'publication_type': 'monograph', 'date_monograph_published_online': '2022', 'first_editor': '', 'access_type': 'openaccess', 'source_id': '20.500.12657/52577', 'source_id_type': 'File Handle'}
Record 998: {'title_id': 'https://library.oapen.org/handle/20.500.12657/52785', 'publication_title': "Refugees and Knowledge Production Europe's Past and Present", 'title_url': 'https://patron-academic.thepalaceproject.org/ucdavis/book/https%3A%2F%2Fcdl.edu.thepalaceproject.org%2F110644%2Fworks%2FURI%252Fhttps%253A%252F%252Flibrary.oapen.org%252Fhandle%252F20.500.12657%252F52785', 'first_author': '', 'online_identifier': '', 'publisher_name': 'Taylor & Francis', 'publication_type': 'monograph', 'date_monograph_published_online': '2022', 'first_editor': 'Björklund, Heta', 'access_type': 'openaccess', 'source_id': '20.500.12657/52785', 'source_id_type': 'File Handle'}
Record 999: {'title_id': 'https://library.oapen.org/handle/20.500.12657/59381', 'publication_title': 'Multivariate Statistical Analysis in the Real and Complex Domains', 'title_url': 'https://patron-academic.thepalaceproject.org/ucdavis/book/https%3A%2F%2Fcdl.edu.thepalaceproject.org%2F110644%2Fworks%2FURI%252Fhttps%253A%252F%252Flibrary.oapen.org%252Fhandle%252F20.500.12657%252F59381', 'first_author': '', 'online_identifier': '', 'publisher_name': 'Springer Nature', 'publication_type': 'monograph', 'date_monograph_published_online': '2022', 'first_editor': '', 'access_type': 'openaccess', 'source_id': '20.500.12657/59381', 'source_id_type': 'File Handle'}
Record 1000: {'title_id': 'https://library.oapen.org/handle/20.500.12657/52933', 'publication_title': 'Islamic Glass in the Making Chronological and Geographical Dimensions', 'title_url': 'https://patron-academic.thepalaceproject.org/ucdavis/book/https%3A%2F%2Fcdl.edu.thepalaceproject.org%2F110644%2Fworks%2FURI%252Fhttps%253A%252F%252Flibrary.oapen.org%252Fhandle%252F20.500.12657%252F52933', 'first_author': 'Schibille, Nadine', 'online_identifier': '', 'publisher_name': 'Leuven University Press', 'publication_type': 'monograph', 'date_monograph_published_online': '2022', 'first_editor': '', 'access_type': 'openaccess', 'source_id': '20.500.12657/52933', 'source_id_type': 'File Handle'}
Record 1001: {'title_id': 'https://library.oapen.org/handle/20.500.12657/58908', 'publication_title': 'A Ritual Geology', 'title_url': 'https://patron-academic.thepalaceproject.org/ucdavis/book/https%3A%2F%2Fcdl.edu.thepalaceproject.org%2F110644%2Fworks%2FURI%252Fhttps%253A%252F%252Flibrary.oapen.org%252Fhandle%252F20.500.12657%252F58908', 'first_author': "d'Avignon, Robyn", 'online_identifier': '', 'publisher_name': 'Duke University Press', 'publication_type': 'monograph', 'date_monograph_published_online': '2022', 'first_editor': '', 'access_type': 'openaccess', 'source_id': '20.500.12657/58908', 'source_id_type': 'File Handle'}
Record 1002: {'title_id': 'https://library.oapen.org/handle/20.500.12657/62942', 'publication_title': 'Contextualised open educational practices Towards student agency and self-directed learning', 'title_url': 'https://patron-academic.thepalaceproject.org/ucdavis/book/https%3A%2F%2Fcdl.edu.thepalaceproject.org%2F110644%2Fworks%2FURI%252Fhttps%253A%252F%252Flibrary.oapen.org%252Fhandle%252F20.500.12657%252F62942', 'first_author': '', 'online_identifier': '', 'publisher_name': 'AOSIS', 'publication_type': 'monograph', 'date_monograph_published_online': '2022', 'first_editor': 'Bunt, Byron J.', 'access_type': 'openaccess', 'source_id': '20.500.12657/62942', 'source_id_type': 'File Handle'}
Record 1003: {'title_id': 'https://library.oapen.org/handle/20.500.12657/62200', 'publication_title': 'Why Noncompliance The Politics of Law in the European Union', 'title_url': 'https://patron-academic.thepalaceproject.org/ucdavis/book/https%3A%2F%2Fcdl.edu.thepalaceproject.org%2F110644%2Fworks%2FURI%252Fhttps%253A%252F%252Flibrary.oapen.org%252Fhandle%252F20.500.12657%252F62200', 'first_author': 'Börzel, Tanja A.', 'online_identifier': '', 'publisher_name': 'Cornell University Press', 'publication_type': 'monograph', 'date_monograph_published_online': '2022', 'first_editor': '', 'access_type': 'openaccess', 'source_id': '20.500.12657/62200', 'source_id_type': 'File Handle'}
Record 1004: {'title_id': 'https://library.oapen.org/handle/20.500.12657/53351', 'publication_title': 'Women, Migration and Gendered Experiences The Case of Post-1991 Albanian Migration', 'title_url': 'https://patron-academic.thepalaceproject.org/ucdavis/book/https%3A%2F%2Fcdl.edu.thepalaceproject.org%2F110644%2Fworks%2FURI%252Fhttps%253A%252F%252Flibrary.oapen.org%252Fhandle%252F20.500.12657%252F53351', 'first_author': 'Danaj, Ermira', 'online_identifier': '', 'publisher_name': 'Springer Nature', 'publication_type': 'monograph', 'date_monograph_published_online': '2022', 'first_editor': '', 'access_type': 'openaccess', 'source_id': '20.500.12657/53351', 'source_id_type': 'File Handle'}
Record 1005: {'title_id': 'https://library.oapen.org/handle/20.500.12657/60189', 'publication_title': 'Agricultural Development in Asia and Africa Essays in Honor of Keijiro Otsuka', 'title_url': 'https://patron-academic.thepalaceproject.org/ucdavis/book/https%3A%2F%2Fcdl.edu.thepalaceproject.org%2F110644%2Fworks%2FURI%252Fhttps%253A%252F%252Flibrary.oapen.org%252Fhandle%252F20.500.12657%252F60189', 'first_author': '', 'online_identifier': '', 'publisher_name': 'Springer Nature', 'publication_type': 'monograph', 'date_monograph_published_online': '2022', 'first_editor': 'Estudillo, Jonna P.', 'access_type': 'openaccess', 'source_id': '20.500.12657/60189', 'source_id_type': 'File Handle'}
Record 1006: {'title_id': 'https://library.oapen.org/handle/20.500.12657/59325', 'publication_title': 'Putting Responsible Research and Innovation into Practice A Multi-Stakeholder Approach', 'title_url': 'https://patron-academic.thepalaceproject.org/ucdavis/book/https%3A%2F%2Fcdl.edu.thepalaceproject.org%2F110644%2Fworks%2FURI%252Fhttps%253A%252F%252Flibrary.oapen.org%252Fhandle%252F20.500.12657%252F59325', 'first_author': 'Blok, Vincent', 'online_identifier': '', 'publisher_name': 'Springer Nature', 'publication_type': 'monograph', 'date_monograph_published_online': '2022', 'first_editor': '', 'access_type': 'openaccess', 'source_id': '20.500.12657/59325', 'source_id_type': 'File Handle'}
Record 1007: {'title_id': 'https://library.oapen.org/handle/20.500.12657/60106', 'publication_title': 'Dynamical Modeling and Control of Multiphase Heat Transport Systems Based on Loop Heat Pipes', 'title_url': 'https://patron-academic.thepalaceproject.org/ucdavis/book/https%3A%2F%2Fcdl.edu.thepalaceproject.org%2F110644%2Fworks%2FURI%252Fhttps%253A%252F%252Flibrary.oapen.org%252Fhandle%252F20.500.12657%252F60106', 'first_author': 'Gellrich, Thomas Christoph', 'online_identifier': '', 'publisher_name': 'KIT Scientific Publishing', 'publication_type': 'monograph', 'date_monograph_published_online': '2022', 'first_editor': '', 'access_type': 'openaccess', 'source_id': '20.500.12657/60106', 'source_id_type': 'File Handle'}
Record 1008: {'title_id': 'https://library.oapen.org/handle/20.500.12657/85993', 'publication_title': 'Architecture and Politics in Africa Making, Living and Imagining Identities through Buildings', 'title_url': 'https://patron-academic.thepalaceproject.org/ucdavis/book/https%3A%2F%2Fcdl.edu.thepalaceproject.org%2F110644%2Fworks%2FURI%252Fhttps%253A%252F%252Flibrary.oapen.org%252Fhandle%252F20.500.12657%252F85993', 'first_author': '', 'online_identifier': '', 'publisher_name': 'Boydell & Brewer', 'publication_type': 'monograph', 'date_monograph_published_online': '2022', 'first_editor': 'Gallagher, Julia', 'access_type': 'openaccess', 'source_id': '20.500.12657/85993', 'source_id_type': 'File Handle'}
Record 1009: {'title_id': 'https://library.oapen.org/handle/20.500.12657/60462', 'publication_title': 'Migrant Ecologies Environmental Histories of the Pacific World', 'title_url': 'https://patron-academic.thepalaceproject.org/ucdavis/book/https%3A%2F%2Fcdl.edu.thepalaceproject.org%2F110644%2Fworks%2FURI%252Fhttps%253A%252F%252Flibrary.oapen.org%252Fhandle%252F20.500.12657%252F60462', 'first_author': '', 'online_identifier': '', 'publisher_name': '', 'publication_type': 'monograph', 'date_monograph_published_online': '', 'first_editor': 'Beattie, James', 'access_type': 'openaccess', 'source_id': '20.500.12657/60462', 'source_id_type': 'File Handle'}
Record 1010: {'title_id': 'https://library.oapen.org/handle/20.500.12657/89646', 'publication_title': 'Interwar Crossroads Entangled Histories of the Middle Eastern and North Atlantic World between the World Wars', 'title_url': 'https://patron-academic.thepalaceproject.org/ucdavis/book/https%3A%2F%2Fcdl.edu.thepalaceproject.org%2F110644%2Fworks%2FURI%252Fhttps%253A%252F%252Flibrary.oapen.org%252Fhandle%252F20.500.12657%252F89646', 'first_author': '', 'online_identifier': '', 'publisher_name': 'transcript Verlag', 'publication_type': 'monograph', 'date_monograph_published_online': '2022', 'first_editor': 'Biela, Leon Julius', 'access_type': 'openaccess', 'source_id': '20.500.12657/89646', 'source_id_type': 'File Handle'}
Record 1011: {'title_id': 'https://library.oapen.org/handle/20.500.12657/54662', 'publication_title': 'Plotinus on Beauty Beauty as Illuminated Unity in Multiplicity', 'title_url': 'https://patron-academic.thepalaceproject.org/ucdavis/book/https%3A%2F%2Fcdl.edu.thepalaceproject.org%2F110644%2Fworks%2FURI%252Fhttps%253A%252F%252Flibrary.oapen.org%252Fhandle%252F20.500.12657%252F54662', 'first_author': 'Gál, Ota', 'online_identifier': '', 'publisher_name': 'Brill', 'publication_type': 'monograph', 'date_monograph_published_online': '2022', 'first_editor': '', 'access_type': 'openaccess', 'source_id': '20.500.12657/54662', 'source_id_type': 'File Handle'}
Record 1012: {'title_id': 'https://library.oapen.org/handle/20.500.12657/54042', 'publication_title': 'Health Dimensions of COVID-19 in India and Beyond', 'title_url': 'https://patron-academic.thepalaceproject.org/ucdavis/book/https%3A%2F%2Fcdl.edu.thepalaceproject.org%2F110644%2Fworks%2FURI%252Fhttps%253A%252F%252Flibrary.oapen.org%252Fhandle%252F20.500.12657%252F54042', 'first_author': '', 'online_identifier': '', 'publisher_name': 'Springer Nature', 'publication_type': 'monograph', 'date_monograph_published_online': '2022', 'first_editor': 'Pachauri, Ash', 'access_type': 'openaccess', 'source_id': '20.500.12657/54042', 'source_id_type': 'File Handle'}
Record 1013: {'title_id': 'https://library.oapen.org/handle/20.500.12657/58602', 'publication_title': 'Invention Pedagogy – The Finnish Approach to Maker Education', 'title_url': 'https://patron-academic.thepalaceproject.org/ucdavis/book/https%3A%2F%2Fcdl.edu.thepalaceproject.org%2F110644%2Fworks%2FURI%252Fhttps%253A%252F%252Flibrary.oapen.org%252Fhandle%252F20.500.12657%252F58602', 'first_author': '', 'online_identifier': '', 'publisher_name': 'Taylor & Francis', 'publication_type': 'monograph', 'date_monograph_published_online': '2022', 'first_editor': 'Kangas, Kaiju', 'access_type': 'openaccess', 'source_id': '20.500.12657/58602', 'source_id_type': 'File Handle'}
Record 1014: {'title_id': 'https://library.oapen.org/handle/20.500.12657/52598', 'publication_title': 'Public Health in Asia during the COVID-19 Pandemic Global Health Governance, Migrant Labour, and International Health Crises', 'title_url': 'https://patron-academic.thepalaceproject.org/ucdavis/book/https%3A%2F%2Fcdl.edu.thepalaceproject.org%2F110644%2Fworks%2FURI%252Fhttps%253A%252F%252Flibrary.oapen.org%252Fhandle%252F20.500.12657%252F52598', 'first_author': '', 'online_identifier': '', 'publisher_name': 'Amsterdam University Press', 'publication_type': 'monograph', 'date_monograph_published_online': '2022', 'first_editor': 'Lo, Catherine', 'access_type': 'openaccess', 'source_id': '20.500.12657/52598', 'source_id_type': 'File Handle'}
Record 1015: {'title_id': 'https://library.oapen.org/handle/20.500.12657/57115', 'publication_title': 'Premodern Experience of the Natural World in Translation', 'title_url': 'https://patron-academic.thepalaceproject.org/ucdavis/book/https%3A%2F%2Fcdl.edu.thepalaceproject.org%2F110644%2Fworks%2FURI%252Fhttps%253A%252F%252Flibrary.oapen.org%252Fhandle%252F20.500.12657%252F57115', 'first_author': '', 'online_identifier': '', 'publisher_name': 'Taylor & Francis', 'publication_type': 'monograph', 'date_monograph_published_online': '2022', 'first_editor': 'Auxent, Maria', 'access_type': 'openaccess', 'source_id': '20.500.12657/57115', 'source_id_type': 'File Handle'}
Record 1016: {'title_id': 'https://library.oapen.org/handle/20.500.12657/88609', 'publication_title': 'Organizing for Sustainable Development Addressing the Grand Challenges', 'title_url': 'https://patron-academic.thepalaceproject.org/ucdavis/book/https%3A%2F%2Fcdl.edu.thepalaceproject.org%2F110644%2Fworks%2FURI%252Fhttps%253A%252F%252Flibrary.oapen.org%252Fhandle%252F20.500.12657%252F88609', 'first_author': '', 'online_identifier': '', 'publisher_name': 'Taylor & Francis', 'publication_type': 'monograph', 'date_monograph_published_online': '2022', 'first_editor': '', 'access_type': 'openaccess', 'source_id': '20.500.12657/88609', 'source_id_type': 'File Handle'}
Record 1017: {'title_id': 'https://library.oapen.org/handle/20.500.12657/60581', 'publication_title': 'Zoonoses The ties that bind humans to animals', 'title_url': 'https://patron-academic.thepalaceproject.org/ucdavis/book/https%3A%2F%2Fcdl.edu.thepalaceproject.org%2F110644%2Fworks%2FURI%252Fhttps%253A%252F%252Flibrary.oapen.org%252Fhandle%252F20.500.12657%252F60581', 'first_author': '', 'online_identifier': '', 'publisher_name': 'éditions Quae', 'publication_type': 'monograph', 'date_monograph_published_online': '2022', 'first_editor': '', 'access_type': 'openaccess', 'source_id': '20.500.12657/60581', 'source_id_type': 'File Handle'}
Record 1018: {'title_id': 'https://library.oapen.org/handle/20.500.12657/58869', 'publication_title': 'Early Modern German Shakespeare: Titus Andronicus and The Taming of the Shrew Tito Andronico and Kunst über alle Künste, ein bös Weib gut zu machen in Translation', 'title_url': 'https://patron-academic.thepalaceproject.org/ucdavis/book/https%3A%2F%2Fcdl.edu.thepalaceproject.org%2F110644%2Fworks%2FURI%252Fhttps%253A%252F%252Flibrary.oapen.org%252Fhandle%252F20.500.12657%252F58869', 'first_author': 'Shakespeare, William', 'online_identifier': '', 'publisher_name': 'Bloomsbury Academic', 'publication_type': 'monograph', 'date_monograph_published_online': '2022', 'first_editor': '', 'access_type': 'openaccess', 'source_id': '20.500.12657/58869', 'source_id_type': 'File Handle'}
Record 1019: {'title_id': 'https://library.oapen.org/handle/20.500.12657/52432', 'publication_title': 'Formalization of Banking Supervision 19th–20th Centuries', 'title_url': 'https://patron-academic.thepalaceproject.org/ucdavis/book/https%3A%2F%2Fcdl.edu.thepalaceproject.org%2F110644%2Fworks%2FURI%252Fhttps%253A%252F%252Flibrary.oapen.org%252Fhandle%252F20.500.12657%252F52432', 'first_author': '', 'online_identifier': '', 'publisher_name': 'Springer Nature', 'publication_type': 'monograph', 'date_monograph_published_online': '2022', 'first_editor': '', 'access_type': 'openaccess', 'source_id': '20.500.12657/52432', 'source_id_type': 'File Handle'}
Record 1020: {'title_id': 'https://library.oapen.org/handle/20.500.12657/88716', 'publication_title': 'Guantánamo Frames', 'title_url': 'https://patron-academic.thepalaceproject.org/ucdavis/book/https%3A%2F%2Fcdl.edu.thepalaceproject.org%2F110644%2Fworks%2FURI%252Fhttps%253A%252F%252Flibrary.oapen.org%252Fhandle%252F20.500.12657%252F88716', 'first_author': 'Boguska, Rebecca', 'online_identifier': '', 'publisher_name': 'meson press', 'publication_type': 'monograph', 'date_monograph_published_online': '2022', 'first_editor': '', 'access_type': 'openaccess', 'source_id': '20.500.12657/88716', 'source_id_type': 'File Handle'}
Record 1021: {'title_id': 'https://library.oapen.org/handle/20.500.12657/54443', 'publication_title': 'xxAI - Beyond Explainable AI International Workshop, Held in Conjunction with ICML 2020, July 18, 2020, Vienna, Austria, Revised and Extended Papers', 'title_url': 'https://patron-academic.thepalaceproject.org/ucdavis/book/https%3A%2F%2Fcdl.edu.thepalaceproject.org%2F110644%2Fworks%2FURI%252Fhttps%253A%252F%252Flibrary.oapen.org%252Fhandle%252F20.500.12657%252F54443', 'first_author': '', 'online_identifier': '', 'publisher_name': 'Springer Nature', 'publication_type': 'monograph', 'date_monograph_published_online': '2022', 'first_editor': 'Fong, Ruth', 'access_type': 'openaccess', 'source_id': '20.500.12657/54443', 'source_id_type': 'File Handle'}
Record 1022: {'title_id': 'https://library.oapen.org/handle/20.500.12657/60167', 'publication_title': 'Methodology for Research with Early Childhood Education and Care Professionals Example Studies and Theoretical Elaboration', 'title_url': 'https://patron-academic.thepalaceproject.org/ucdavis/book/https%3A%2F%2Fcdl.edu.thepalaceproject.org%2F110644%2Fworks%2FURI%252Fhttps%253A%252F%252Flibrary.oapen.org%252Fhandle%252F20.500.12657%252F60167', 'first_author': '', 'online_identifier': '', 'publisher_name': 'Springer Nature', 'publication_type': 'monograph', 'date_monograph_published_online': '2022', 'first_editor': 'Brooks, Eva', 'access_type': 'openaccess', 'source_id': '20.500.12657/60167', 'source_id_type': 'File Handle'}
Record 1023: {'title_id': 'https://library.oapen.org/handle/20.500.12657/58590', 'publication_title': 'Modeling transport properties and electrochemical performance of hierarchically structured lithium-ion battery cathodes using resistor networks and mathematical half-cell models', 'title_url': 'https://patron-academic.thepalaceproject.org/ucdavis/book/https%3A%2F%2Fcdl.edu.thepalaceproject.org%2F110644%2Fworks%2FURI%252Fhttps%253A%252F%252Flibrary.oapen.org%252Fhandle%252F20.500.12657%252F58590', 'first_author': 'Birkholz, Oleg', 'online_identifier': '', 'publisher_name': 'KIT Scientific Publishing', 'publication_type': 'monograph', 'date_monograph_published_online': '2022', 'first_editor': '', 'access_type': 'openaccess', 'source_id': '20.500.12657/58590', 'source_id_type': 'File Handle'}
Record 1024: {'title_id': 'https://library.oapen.org/handle/20.500.12657/89772', 'publication_title': 'Studies in Polish Language and Literature', 'title_url': 'https://patron-academic.thepalaceproject.org/ucdavis/book/https%3A%2F%2Fcdl.edu.thepalaceproject.org%2F110644%2Fworks%2FURI%252Fhttps%253A%252F%252Flibrary.oapen.org%252Fhandle%252F20.500.12657%252F89772', 'first_author': '', 'online_identifier': '', 'publisher_name': 'Peter Lang International Academic Publishers', 'publication_type': 'monograph', 'date_monograph_published_online': '2022', 'first_editor': 'Wojtkowska-Maksymik, Marta', 'access_type': 'openaccess', 'source_id': '20.500.12657/89772', 'source_id_type': 'File Handle'}
Record 1025: {'title_id': 'https://library.oapen.org/handle/20.500.12657/60253', 'publication_title': 'Human Resources Management in Multinational Companies A Central European Perspective', 'title_url': 'https://patron-academic.thepalaceproject.org/ucdavis/book/https%3A%2F%2Fcdl.edu.thepalaceproject.org%2F110644%2Fworks%2FURI%252Fhttps%253A%252F%252Flibrary.oapen.org%252Fhandle%252F20.500.12657%252F60253', 'first_author': 'Stor, Marzena', 'online_identifier': '', 'publisher_name': 'Taylor & Francis', 'publication_type': 'monograph', 'date_monograph_published_online': '2022', 'first_editor': '', 'access_type': 'openaccess', 'source_id': '20.500.12657/60253', 'source_id_type': 'File Handle'}
Record 1026: {'title_id': 'https://library.oapen.org/handle/20.500.12657/57622', 'publication_title': 'Building Communities of Trust Creative Work for Social Change', 'title_url': 'https://patron-academic.thepalaceproject.org/ucdavis/book/https%3A%2F%2Fcdl.edu.thepalaceproject.org%2F110644%2Fworks%2FURI%252Fhttps%253A%252F%252Flibrary.oapen.org%252Fhandle%252F20.500.12657%252F57622', 'first_author': 'E. Feldman, Ann', 'online_identifier': '', 'publisher_name': 'Taylor & Francis', 'publication_type': 'monograph', 'date_monograph_published_online': '2022', 'first_editor': '', 'access_type': 'openaccess', 'source_id': '20.500.12657/57622', 'source_id_type': 'File Handle'}
Record 1027: {'title_id': 'https://library.oapen.org/handle/20.500.12657/59352', 'publication_title': 'The Evolution of China’s Anti-Poverty Strategies Cases of 20 Chinese Changing Lives', 'title_url': 'https://patron-academic.thepalaceproject.org/ucdavis/book/https%3A%2F%2Fcdl.edu.thepalaceproject.org%2F110644%2Fworks%2FURI%252Fhttps%253A%252F%252Flibrary.oapen.org%252Fhandle%252F20.500.12657%252F59352', 'first_author': 'Brown, William N.', 'online_identifier': '', 'publisher_name': 'Springer Nature', 'publication_type': 'monograph', 'date_monograph_published_online': '2022', 'first_editor': '', 'access_type': 'openaccess', 'source_id': '20.500.12657/59352', 'source_id_type': 'File Handle'}
Record 1028: {'title_id': 'https://library.oapen.org/handle/20.500.12657/59239', 'publication_title': 'Human-Machine Cooperative Decision Making', 'title_url': 'https://patron-academic.thepalaceproject.org/ucdavis/book/https%3A%2F%2Fcdl.edu.thepalaceproject.org%2F110644%2Fworks%2FURI%252Fhttps%253A%252F%252Flibrary.oapen.org%252Fhandle%252F20.500.12657%252F59239', 'first_author': 'Rothfuss, Simon', 'online_identifier': '', 'publisher_name': 'KIT Scientific Publishing', 'publication_type': 'monograph', 'date_monograph_published_online': '2022', 'first_editor': '', 'access_type': 'openaccess', 'source_id': '20.500.12657/59239', 'source_id_type': 'File Handle'}
Record 1029: {'title_id': 'https://library.oapen.org/handle/20.500.12657/58587', 'publication_title': 'At the Edges of Sleep Moving Images and Somnolent Spectators', 'title_url': 'https://patron-academic.thepalaceproject.org/ucdavis/book/https%3A%2F%2Fcdl.edu.thepalaceproject.org%2F110644%2Fworks%2FURI%252Fhttps%253A%252F%252Flibrary.oapen.org%252Fhandle%252F20.500.12657%252F58587', 'first_author': 'Ma, Jean', 'online_identifier': '', 'publisher_name': 'University of California Press', 'publication_type': 'monograph', 'date_monograph_published_online': '2022', 'first_editor': '', 'access_type': 'openaccess', 'source_id': '20.500.12657/58587', 'source_id_type': 'File Handle'}
Record 1030: {'title_id': 'https://library.oapen.org/handle/20.500.12657/61015', 'publication_title': 'Translation and State The Mahābhārata at the Mughal Court', 'title_url': 'https://patron-academic.thepalaceproject.org/ucdavis/book/https%3A%2F%2Fcdl.edu.thepalaceproject.org%2F110644%2Fworks%2FURI%252Fhttps%253A%252F%252Flibrary.oapen.org%252Fhandle%252F20.500.12657%252F61015', 'first_author': 'Willis, Michael', 'online_identifier': '', 'publisher_name': 'De Gruyter', 'publication_type': 'monograph', 'date_monograph_published_online': '2022', 'first_editor': '', 'access_type': 'openaccess', 'source_id': '20.500.12657/61015', 'source_id_type': 'File Handle'}
Record 1031: {'title_id': 'https://library.oapen.org/handle/20.500.12657/59684', 'publication_title': 'Global Legitimacy Crises Decline and Revival in Multilateral Governance', 'title_url': 'https://patron-academic.thepalaceproject.org/ucdavis/book/https%3A%2F%2Fcdl.edu.thepalaceproject.org%2F110644%2Fworks%2FURI%252Fhttps%253A%252F%252Flibrary.oapen.org%252Fhandle%252F20.500.12657%252F59684', 'first_author': '', 'online_identifier': '', 'publisher_name': 'Oxford University Press', 'publication_type': 'monograph', 'date_monograph_published_online': '2022', 'first_editor': '', 'access_type': 'openaccess', 'source_id': '20.500.12657/59684', 'source_id_type': 'File Handle'}
Record 1032: {'title_id': 'https://library.oapen.org/handle/20.500.12657/59673', 'publication_title': 'Slavery and Other Forms of Strong Asymmetrical Dependencies Semantics and Lexical Fields', 'title_url': 'https://patron-academic.thepalaceproject.org/ucdavis/book/https%3A%2F%2Fcdl.edu.thepalaceproject.org%2F110644%2Fworks%2FURI%252Fhttps%253A%252F%252Flibrary.oapen.org%252Fhandle%252F20.500.12657%252F59673', 'first_author': '', 'online_identifier': '', 'publisher_name': 'De Gruyter', 'publication_type': 'monograph', 'date_monograph_published_online': '2022', 'first_editor': 'Bischoff, Jeannine', 'access_type': 'openaccess', 'source_id': '20.500.12657/59673', 'source_id_type': 'File Handle'}
Record 1033: {'title_id': 'https://library.oapen.org/handle/20.500.12657/59558', 'publication_title': 'International Handbook of Practical Theology', 'title_url': 'https://patron-academic.thepalaceproject.org/ucdavis/book/https%3A%2F%2Fcdl.edu.thepalaceproject.org%2F110644%2Fworks%2FURI%252Fhttps%253A%252F%252Flibrary.oapen.org%252Fhandle%252F20.500.12657%252F59558', 'first_author': '', 'online_identifier': '', 'publisher_name': 'De Gruyter', 'publication_type': 'monograph', 'date_monograph_published_online': '2022', 'first_editor': 'Gräb, Wilhelm', 'access_type': 'openaccess', 'source_id': '20.500.12657/59558', 'source_id_type': 'File Handle'}
Record 1034: {'title_id': 'https://library.oapen.org/handle/20.500.12657/59247', 'publication_title': 'Africa–Europe Cooperation and Digital Transformation', 'title_url': 'https://patron-academic.thepalaceproject.org/ucdavis/book/https%3A%2F%2Fcdl.edu.thepalaceproject.org%2F110644%2Fworks%2FURI%252Fhttps%253A%252F%252Flibrary.oapen.org%252Fhandle%252F20.500.12657%252F59247', 'first_author': '', 'online_identifier': '', 'publisher_name': 'Taylor & Francis', 'publication_type': 'monograph', 'date_monograph_published_online': '2022', 'first_editor': 'Daniels, Chux', 'access_type': 'openaccess', 'source_id': '20.500.12657/59247', 'source_id_type': 'File Handle'}
Record 1035: {'title_id': 'https://library.oapen.org/handle/20.500.12657/60718', 'publication_title': 'Legitimation and Delegitimation in Global Governance Practices, Justifications, and Audiences', 'title_url': 'https://patron-academic.thepalaceproject.org/ucdavis/book/https%3A%2F%2Fcdl.edu.thepalaceproject.org%2F110644%2Fworks%2FURI%252Fhttps%253A%252F%252Flibrary.oapen.org%252Fhandle%252F20.500.12657%252F60718', 'first_author': '', 'online_identifier': '', 'publisher_name': 'Oxford University Press', 'publication_type': 'monograph', 'date_monograph_published_online': '2022', 'first_editor': 'Bexell, Magdalena', 'access_type': 'openaccess', 'source_id': '20.500.12657/60718', 'source_id_type': 'File Handle'}
Record 1036: {'title_id': 'https://library.oapen.org/handle/20.500.12657/60157', 'publication_title': 'Statistical Foundations of Actuarial Learning and its Applications', 'title_url': 'https://patron-academic.thepalaceproject.org/ucdavis/book/https%3A%2F%2Fcdl.edu.thepalaceproject.org%2F110644%2Fworks%2FURI%252Fhttps%253A%252F%252Flibrary.oapen.org%252Fhandle%252F20.500.12657%252F60157', 'first_author': '', 'online_identifier': '', 'publisher_name': 'Springer Nature', 'publication_type': 'monograph', 'date_monograph_published_online': '2022', 'first_editor': '', 'access_type': 'openaccess', 'source_id': '20.500.12657/60157', 'source_id_type': 'File Handle'}
Record 1037: {'title_id': 'https://library.oapen.org/handle/20.500.12657/85997', 'publication_title': 'Transport Corridors in Africa', 'title_url': 'https://patron-academic.thepalaceproject.org/ucdavis/book/https%3A%2F%2Fcdl.edu.thepalaceproject.org%2F110644%2Fworks%2FURI%252Fhttps%253A%252F%252Flibrary.oapen.org%252Fhandle%252F20.500.12657%252F85997', 'first_author': '', 'online_identifier': '', 'publisher_name': 'Boydell & Brewer', 'publication_type': 'monograph', 'date_monograph_published_online': '2022', 'first_editor': 'Lamarque, Hugh', 'access_type': 'openaccess', 'source_id': '20.500.12657/85997', 'source_id_type': 'File Handle'}
Record 1038: {'title_id': 'https://library.oapen.org/handle/20.500.12657/58603', 'publication_title': 'Rural Governance in the UK Towards a Sustainable and Equitable Society', 'title_url': 'https://patron-academic.thepalaceproject.org/ucdavis/book/https%3A%2F%2Fcdl.edu.thepalaceproject.org%2F110644%2Fworks%2FURI%252Fhttps%253A%252F%252Flibrary.oapen.org%252Fhandle%252F20.500.12657%252F58603', 'first_author': '', 'online_identifier': '', 'publisher_name': 'Taylor & Francis', 'publication_type': 'monograph', 'date_monograph_published_online': '2022', 'first_editor': 'Attorp, Adrienne', 'access_type': 'openaccess', 'source_id': '20.500.12657/58603', 'source_id_type': 'File Handle'}
Record 1039: {'title_id': 'https://library.oapen.org/handle/20.500.12657/58143', 'publication_title': 'Political Settlements and Development Theory, Evidence, Implications', 'title_url': 'https://patron-academic.thepalaceproject.org/ucdavis/book/https%3A%2F%2Fcdl.edu.thepalaceproject.org%2F110644%2Fworks%2FURI%252Fhttps%253A%252F%252Flibrary.oapen.org%252Fhandle%252F20.500.12657%252F58143', 'first_author': '', 'online_identifier': '', 'publisher_name': 'Oxford University Press', 'publication_type': 'monograph', 'date_monograph_published_online': '2022', 'first_editor': '', 'access_type': 'openaccess', 'source_id': '20.500.12657/58143', 'source_id_type': 'File Handle'}
Record 1040: {'title_id': 'https://library.oapen.org/handle/20.500.12657/58949', 'publication_title': 'Working Through Colonial Collections An Ethnography of the Ethnological Museum in Berlin', 'title_url': 'https://patron-academic.thepalaceproject.org/ucdavis/book/https%3A%2F%2Fcdl.edu.thepalaceproject.org%2F110644%2Fworks%2FURI%252Fhttps%253A%252F%252Flibrary.oapen.org%252Fhandle%252F20.500.12657%252F58949', 'first_author': 'von Oswald, Margareta', 'online_identifier': '', 'publisher_name': 'Leuven University Press', 'publication_type': 'monograph', 'date_monograph_published_online': '2022', 'first_editor': '', 'access_type': 'openaccess', 'source_id': '20.500.12657/58949', 'source_id_type': 'File Handle'}
Record 1041: {'title_id': 'https://library.oapen.org/handle/20.500.12657/57905', 'publication_title': 'Perspectives on Public Policy in Societal-Environmental Crises What the Future Needs from History', 'title_url': 'https://patron-academic.thepalaceproject.org/ucdavis/book/https%3A%2F%2Fcdl.edu.thepalaceproject.org%2F110644%2Fworks%2FURI%252Fhttps%253A%252F%252Flibrary.oapen.org%252Fhandle%252F20.500.12657%252F57905', 'first_author': '', 'online_identifier': '', 'publisher_name': 'Springer Nature', 'publication_type': 'monograph', 'date_monograph_published_online': '2022', 'first_editor': 'Filipkowski, Piotr', 'access_type': 'openaccess', 'source_id': '20.500.12657/57905', 'source_id_type': 'File Handle'}
Record 1042: {'title_id': 'https://library.oapen.org/handle/20.500.12657/61322', 'publication_title': 'How and Why to Regulate False Political Advertising in Australia', 'title_url': 'https://patron-academic.thepalaceproject.org/ucdavis/book/https%3A%2F%2Fcdl.edu.thepalaceproject.org%2F110644%2Fworks%2FURI%252Fhttps%253A%252F%252Flibrary.oapen.org%252Fhandle%252F20.500.12657%252F61322', 'first_author': '', 'online_identifier': '', 'publisher_name': 'Springer Nature', 'publication_type': 'monograph', 'date_monograph_published_online': '2022', 'first_editor': '', 'access_type': 'openaccess', 'source_id': '20.500.12657/61322', 'source_id_type': 'File Handle'}
Record 1043: {'title_id': 'https://library.oapen.org/handle/20.500.12657/61322', 'publication_title': 'How and Why to Regulate False Political Advertising in Australia', 'title_url': 'https://patron-academic.thepalaceproject.org/ucdavis/book/https%3A%2F%2Fcdl.edu.thepalaceproject.org%2F110644%2Fworks%2FURI%252Fhttps%253A%252F%252Flibrary.oapen.org%252Fhandle%252F20.500.12657%252F61322', 'first_author': '', 'online_identifier': '', 'publisher_name': 'Springer Nature', 'publication_type': 'monograph', 'date_monograph_published_online': '2022', 'first_editor': '', 'access_type': 'openaccess', 'source_id': '20.500.12657/61322', 'source_id_type': 'File Handle'}
Record 1044: {'title_id': 'https://library.oapen.org/handle/20.500.12657/60594', 'publication_title': 'Rancière and Emancipatory Art Pedagogies The Politics of Childhood Art', 'title_url': 'https://patron-academic.thepalaceproject.org/ucdavis/book/https%3A%2F%2Fcdl.edu.thepalaceproject.org%2F110644%2Fworks%2FURI%252Fhttps%253A%252F%252Flibrary.oapen.org%252Fhandle%252F20.500.12657%252F60594', 'first_author': 'Park, Hayon', 'online_identifier': '', 'publisher_name': 'Bloomsbury Academic', 'publication_type': 'monograph', 'date_monograph_published_online': '2022', 'first_editor': '', 'access_type': 'openaccess', 'source_id': '20.500.12657/60594', 'source_id_type': 'File Handle'}
Record 1045: {'title_id': 'https://library.oapen.org/handle/20.500.12657/54331', 'publication_title': 'A Greek State in Formation The Origins of Mycenaean Pylos', 'title_url': 'https://patron-academic.thepalaceproject.org/ucdavis/book/https%3A%2F%2Fcdl.edu.thepalaceproject.org%2F110644%2Fworks%2FURI%252Fhttps%253A%252F%252Flibrary.oapen.org%252Fhandle%252F20.500.12657%252F54331', 'first_author': 'Davis, Jack L.', 'online_identifier': '', 'publisher_name': 'University of California Press', 'publication_type': 'monograph', 'date_monograph_published_online': '2022', 'first_editor': '', 'access_type': 'openaccess', 'source_id': '20.500.12657/54331', 'source_id_type': 'File Handle'}
Record 1046: {'title_id': 'https://library.oapen.org/handle/20.500.12657/62205', 'publication_title': 'Soviet Nightingales Care under Communism', 'title_url': 'https://patron-academic.thepalaceproject.org/ucdavis/book/https%3A%2F%2Fcdl.edu.thepalaceproject.org%2F110644%2Fworks%2FURI%252Fhttps%253A%252F%252Flibrary.oapen.org%252Fhandle%252F20.500.12657%252F62205', 'first_author': 'Grant, Susan', 'online_identifier': '', 'publisher_name': 'Cornell University Press', 'publication_type': 'monograph', 'date_monograph_published_online': '2022', 'first_editor': '', 'access_type': 'openaccess', 'source_id': '20.500.12657/62205', 'source_id_type': 'File Handle'}
Record 1047: {'title_id': 'https://library.oapen.org/handle/20.500.12657/57266', 'publication_title': 'Transitioning to Affordable and Clean Energy', 'title_url': 'https://patron-academic.thepalaceproject.org/ucdavis/book/https%3A%2F%2Fcdl.edu.thepalaceproject.org%2F110644%2Fworks%2FURI%252Fhttps%253A%252F%252Flibrary.oapen.org%252Fhandle%252F20.500.12657%252F57266', 'first_author': 'Constable, Edwin C.', 'online_identifier': '', 'publisher_name': 'MDPI - Multidisciplinary Digital Publishing Institute', 'publication_type': 'monograph', 'date_monograph_published_online': '2022', 'first_editor': '', 'access_type': 'openaccess', 'source_id': '20.500.12657/57266', 'source_id_type': 'File Handle'}
Record 1048: {'title_id': 'https://library.oapen.org/handle/20.500.12657/60889', 'publication_title': 'Renormalized Perturbation Theory And Its Optimization By The Principle Of Minimal Sensitivity', 'title_url': 'https://patron-academic.thepalaceproject.org/ucdavis/book/https%3A%2F%2Fcdl.edu.thepalaceproject.org%2F110644%2Fworks%2FURI%252Fhttps%253A%252F%252Flibrary.oapen.org%252Fhandle%252F20.500.12657%252F60889', 'first_author': 'Stevenson, P.M.', 'online_identifier': '', 'publisher_name': 'World Scientific Publishing Company', 'publication_type': 'monograph', 'date_monograph_published_online': '2022', 'first_editor': '', 'access_type': 'openaccess', 'source_id': '20.500.12657/60889', 'source_id_type': 'File Handle'}
Record 1049: {'title_id': 'https://library.oapen.org/handle/20.500.12657/59113', 'publication_title': 'Capitalisms and Democracies Can Growth and Equality be Reconciled?', 'title_url': 'https://patron-academic.thepalaceproject.org/ucdavis/book/https%3A%2F%2Fcdl.edu.thepalaceproject.org%2F110644%2Fworks%2FURI%252Fhttps%253A%252F%252Flibrary.oapen.org%252Fhandle%252F20.500.12657%252F59113', 'first_author': 'Trigilia, Carlo', 'online_identifier': '', 'publisher_name': 'Taylor & Francis', 'publication_type': 'monograph', 'date_monograph_published_online': '2022', 'first_editor': '', 'access_type': 'openaccess', 'source_id': '20.500.12657/59113', 'source_id_type': 'File Handle'}
Record 1050: {'title_id': 'https://library.oapen.org/handle/20.500.12657/60191', 'publication_title': 'Vector Semantics', 'title_url': 'https://patron-academic.thepalaceproject.org/ucdavis/book/https%3A%2F%2Fcdl.edu.thepalaceproject.org%2F110644%2Fworks%2FURI%252Fhttps%253A%252F%252Flibrary.oapen.org%252Fhandle%252F20.500.12657%252F60191', 'first_author': 'Kornai, András', 'online_identifier': '', 'publisher_name': 'Springer Nature', 'publication_type': 'monograph', 'date_monograph_published_online': '2022', 'first_editor': '', 'access_type': 'openaccess', 'source_id': '20.500.12657/60191', 'source_id_type': 'File Handle'}
Record 1051: {'title_id': 'https://library.oapen.org/handle/20.500.12657/87582', 'publication_title': 'Combating Poverty and Social Exclusion in European Union Law', 'title_url': 'https://patron-academic.thepalaceproject.org/ucdavis/book/https%3A%2F%2Fcdl.edu.thepalaceproject.org%2F110644%2Fworks%2FURI%252Fhttps%253A%252F%252Flibrary.oapen.org%252Fhandle%252F20.500.12657%252F87582', 'first_author': '', 'online_identifier': '', 'publisher_name': 'Taylor & Francis', 'publication_type': 'monograph', 'date_monograph_published_online': '2022', 'first_editor': '', 'access_type': 'openaccess', 'source_id': '20.500.12657/87582', 'source_id_type': 'File Handle'}
Record 1052: {'title_id': 'https://library.oapen.org/handle/20.500.12657/61455', 'publication_title': 'Recherche littéraire / Literary Research Automne / Fall 2022', 'title_url': 'https://patron-academic.thepalaceproject.org/ucdavis/book/https%3A%2F%2Fcdl.edu.thepalaceproject.org%2F110644%2Fworks%2FURI%252Fhttps%253A%252F%252Flibrary.oapen.org%252Fhandle%252F20.500.12657%252F61455', 'first_author': 'Maufort, Marc', 'online_identifier': '', 'publisher_name': 'Peter Lang International Academic Publishers', 'publication_type': 'monograph', 'date_monograph_published_online': '2022', 'first_editor': '', 'access_type': 'openaccess', 'source_id': '20.500.12657/61455', 'source_id_type': 'File Handle'}
Record 1053: {'title_id': 'https://library.oapen.org/handle/20.500.12657/58198', 'publication_title': 'Church Courts and the People in Seventeenth-Century England Ecclesiastical justice in peril at Winchester, Worcester and Wells', 'title_url': 'https://patron-academic.thepalaceproject.org/ucdavis/book/https%3A%2F%2Fcdl.edu.thepalaceproject.org%2F110644%2Fworks%2FURI%252Fhttps%253A%252F%252Flibrary.oapen.org%252Fhandle%252F20.500.12657%252F58198', 'first_author': 'Thomson, Andrew', 'online_identifier': '', 'publisher_name': 'UCL Press', 'publication_type': 'monograph', 'date_monograph_published_online': '2022', 'first_editor': '', 'access_type': 'openaccess', 'source_id': '20.500.12657/58198', 'source_id_type': 'File Handle'}
Record 1054: {'title_id': 'https://library.oapen.org/handle/20.500.12657/61037', 'publication_title': 'The Syntax of Colophons A Comparative Study across Pothi Manuscripts', 'title_url': 'https://patron-academic.thepalaceproject.org/ucdavis/book/https%3A%2F%2Fcdl.edu.thepalaceproject.org%2F110644%2Fworks%2FURI%252Fhttps%253A%252F%252Flibrary.oapen.org%252Fhandle%252F20.500.12657%252F61037', 'first_author': '', 'online_identifier': '', 'publisher_name': 'De Gruyter', 'publication_type': 'monograph', 'date_monograph_published_online': '2022', 'first_editor': 'Balbir, Nalini', 'access_type': 'openaccess', 'source_id': '20.500.12657/61037', 'source_id_type': 'File Handle'}
Record 1055: {'title_id': 'https://library.oapen.org/handle/20.500.12657/53191', 'publication_title': 'Anglophobia in Fascist Italy', 'title_url': 'https://patron-academic.thepalaceproject.org/ucdavis/book/https%3A%2F%2Fcdl.edu.thepalaceproject.org%2F110644%2Fworks%2FURI%252Fhttps%253A%252F%252Flibrary.oapen.org%252Fhandle%252F20.500.12657%252F53191', 'first_author': 'Pili, Jacopo', 'online_identifier': '', 'publisher_name': 'Manchester University Press', 'publication_type': 'monograph', 'date_monograph_published_online': '2022', 'first_editor': '', 'access_type': 'openaccess', 'source_id': '20.500.12657/53191', 'source_id_type': 'File Handle'}
Record 1056: {'title_id': 'https://library.oapen.org/handle/20.500.12657/61254', 'publication_title': 'The Enactment of Strategic Leadership A Critical Perspective', 'title_url': 'https://patron-academic.thepalaceproject.org/ucdavis/book/https%3A%2F%2Fcdl.edu.thepalaceproject.org%2F110644%2Fworks%2FURI%252Fhttps%253A%252F%252Flibrary.oapen.org%252Fhandle%252F20.500.12657%252F61254', 'first_author': 'Tipurić, Darko', 'online_identifier': '', 'publisher_name': 'Springer Nature', 'publication_type': 'monograph', 'date_monograph_published_online': '2022', 'first_editor': '', 'access_type': 'openaccess', 'source_id': '20.500.12657/61254', 'source_id_type': 'File Handle'}
Record 1057: {'title_id': 'https://library.oapen.org/handle/20.500.12657/61254', 'publication_title': 'The Enactment of Strategic Leadership A Critical Perspective', 'title_url': 'https://patron-academic.thepalaceproject.org/ucdavis/book/https%3A%2F%2Fcdl.edu.thepalaceproject.org%2F110644%2Fworks%2FURI%252Fhttps%253A%252F%252Flibrary.oapen.org%252Fhandle%252F20.500.12657%252F61254', 'first_author': 'Tipurić, Darko', 'online_identifier': '', 'publisher_name': 'Springer Nature', 'publication_type': 'monograph', 'date_monograph_published_online': '2022', 'first_editor': '', 'access_type': 'openaccess', 'source_id': '20.500.12657/61254', 'source_id_type': 'File Handle'}
Record 1058: {'title_id': 'https://library.oapen.org/handle/20.500.12657/57179', 'publication_title': 'Social Investment and Territorial Inequalities: Mapping Policies and Services in the Baltic States', 'title_url': 'https://patron-academic.thepalaceproject.org/ucdavis/book/https%3A%2F%2Fcdl.edu.thepalaceproject.org%2F110644%2Fworks%2FURI%252Fhttps%253A%252F%252Flibrary.oapen.org%252Fhandle%252F20.500.12657%252F57179', 'first_author': 'Bucaite-Vilke, Jurga', 'online_identifier': '', 'publisher_name': 'Peter Lang International Academic Publishers', 'publication_type': 'monograph', 'date_monograph_published_online': '2022', 'first_editor': '', 'access_type': 'openaccess', 'source_id': '20.500.12657/57179', 'source_id_type': 'File Handle'}
Record 1059: {'title_id': 'https://library.oapen.org/handle/20.500.12657/61130', 'publication_title': 'Applications', 'title_url': 'https://patron-academic.thepalaceproject.org/ucdavis/book/https%3A%2F%2Fcdl.edu.thepalaceproject.org%2F110644%2Fworks%2FURI%252Fhttps%253A%252F%252Flibrary.oapen.org%252Fhandle%252F20.500.12657%252F61130', 'first_author': '', 'online_identifier': '', 'publisher_name': 'De Gruyter', 'publication_type': 'monograph', 'date_monograph_published_online': '2022', 'first_editor': 'Morik, Katharina', 'access_type': 'openaccess', 'source_id': '20.500.12657/61130', 'source_id_type': 'File Handle'}
Record 1060: {'title_id': 'https://library.oapen.org/handle/20.500.12657/54025', 'publication_title': 'Police Code of Silence in Times of Change', 'title_url': 'https://patron-academic.thepalaceproject.org/ucdavis/book/https%3A%2F%2Fcdl.edu.thepalaceproject.org%2F110644%2Fworks%2FURI%252Fhttps%253A%252F%252Flibrary.oapen.org%252Fhandle%252F20.500.12657%252F54025', 'first_author': '', 'online_identifier': '', 'publisher_name': 'Springer Nature', 'publication_type': 'monograph', 'date_monograph_published_online': '2022', 'first_editor': '', 'access_type': 'openaccess', 'source_id': '20.500.12657/54025', 'source_id_type': 'File Handle'}
Record 1061: {'title_id': 'https://library.oapen.org/handle/20.500.12657/52863', 'publication_title': 'The Distributed University for Sustainable Higher Education', 'title_url': 'https://patron-academic.thepalaceproject.org/ucdavis/book/https%3A%2F%2Fcdl.edu.thepalaceproject.org%2F110644%2Fworks%2FURI%252Fhttps%253A%252F%252Flibrary.oapen.org%252Fhandle%252F20.500.12657%252F52863', 'first_author': 'Heller, Richard Frederick', 'online_identifier': '', 'publisher_name': 'Springer Nature', 'publication_type': 'monograph', 'date_monograph_published_online': '2022', 'first_editor': '', 'access_type': 'openaccess', 'source_id': '20.500.12657/52863', 'source_id_type': 'File Handle'}
Record 1062: {'title_id': 'https://library.oapen.org/handle/20.500.12657/61567', 'publication_title': 'Unsung Land, Aspiring Nation Journeys in Bougainville', 'title_url': 'https://patron-academic.thepalaceproject.org/ucdavis/book/https%3A%2F%2Fcdl.edu.thepalaceproject.org%2F110644%2Fworks%2FURI%252Fhttps%253A%252F%252Flibrary.oapen.org%252Fhandle%252F20.500.12657%252F61567', 'first_author': 'Peake, Gordon', 'online_identifier': '', 'publisher_name': 'ANU Press', 'publication_type': 'monograph', 'date_monograph_published_online': '2022', 'first_editor': '', 'access_type': 'openaccess', 'source_id': '20.500.12657/61567', 'source_id_type': 'File Handle'}
Record 1063: {'title_id': 'https://library.oapen.org/handle/20.500.12657/62546', 'publication_title': 'Obeah, Orisa, and Religious Identity in Trinidad, Volume I, Obeah Africans in the White Colonial Imagination, Volume 1', 'title_url': 'https://patron-academic.thepalaceproject.org/ucdavis/book/https%3A%2F%2Fcdl.edu.thepalaceproject.org%2F110644%2Fworks%2FURI%252Fhttps%253A%252F%252Flibrary.oapen.org%252Fhandle%252F20.500.12657%252F62546', 'first_author': 'Hucks, Tracey E.', 'online_identifier': '', 'publisher_name': 'Duke University Press', 'publication_type': 'monograph', 'date_monograph_published_online': '2022', 'first_editor': '', 'access_type': 'openaccess', 'source_id': '20.500.12657/62546', 'source_id_type': 'File Handle'}
Record 1064: {'title_id': 'https://library.oapen.org/handle/20.500.12657/62508', 'publication_title': 'Recalibrating teacher training in African higher education institutions A focus on 21st-century pedagogical challenges', 'title_url': 'https://patron-academic.thepalaceproject.org/ucdavis/book/https%3A%2F%2Fcdl.edu.thepalaceproject.org%2F110644%2Fworks%2FURI%252Fhttps%253A%252F%252Flibrary.oapen.org%252Fhandle%252F20.500.12657%252F62508', 'first_author': '', 'online_identifier': '', 'publisher_name': 'AOSIS', 'publication_type': 'monograph', 'date_monograph_published_online': '2022', 'first_editor': 'Dudu, Washington T.', 'access_type': 'openaccess', 'source_id': '20.500.12657/62508', 'source_id_type': 'File Handle'}
Record 1065: {'title_id': 'https://library.oapen.org/handle/20.500.12657/58080', 'publication_title': 'Performing Sustainability in West Africa Cultural Practices and Policies for Sustainable Development', 'title_url': 'https://patron-academic.thepalaceproject.org/ucdavis/book/https%3A%2F%2Fcdl.edu.thepalaceproject.org%2F110644%2Fworks%2FURI%252Fhttps%253A%252F%252Flibrary.oapen.org%252Fhandle%252F20.500.12657%252F58080', 'first_author': '', 'online_identifier': '', 'publisher_name': 'Taylor & Francis', 'publication_type': 'monograph', 'date_monograph_published_online': '2022', 'first_editor': 'Lettau, Meike', 'access_type': 'openaccess', 'source_id': '20.500.12657/58080', 'source_id_type': 'File Handle'}
Record 1066: {'title_id': 'https://library.oapen.org/handle/20.500.12657/57220', 'publication_title': 'New Directions in Geometric and Applied Knot Theory', 'title_url': 'https://patron-academic.thepalaceproject.org/ucdavis/book/https%3A%2F%2Fcdl.edu.thepalaceproject.org%2F110644%2Fworks%2FURI%252Fhttps%253A%252F%252Flibrary.oapen.org%252Fhandle%252F20.500.12657%252F57220', 'first_author': '', 'online_identifier': '', 'publisher_name': 'De Gruyter', 'publication_type': 'monograph', 'date_monograph_published_online': '2022', 'first_editor': 'Blatt, Simon', 'access_type': 'openaccess', 'source_id': '20.500.12657/57220', 'source_id_type': 'File Handle'}
Record 1067: {'title_id': 'https://library.oapen.org/handle/20.500.12657/57371', 'publication_title': 'How Data Quality Affects our Understanding of the Earnings Distribution', 'title_url': 'https://patron-academic.thepalaceproject.org/ucdavis/book/https%3A%2F%2Fcdl.edu.thepalaceproject.org%2F110644%2Fworks%2FURI%252Fhttps%253A%252F%252Flibrary.oapen.org%252Fhandle%252F20.500.12657%252F57371', 'first_author': 'Daniels, Reza Che', 'online_identifier': '', 'publisher_name': 'Springer Nature', 'publication_type': 'monograph', 'date_monograph_published_online': '2022', 'first_editor': '', 'access_type': 'openaccess', 'source_id': '20.500.12657/57371', 'source_id_type': 'File Handle'}
Record 1068: {'title_id': 'https://library.oapen.org/handle/20.500.12657/57371', 'publication_title': 'How Data Quality Affects our Understanding of the Earnings Distribution', 'title_url': 'https://patron-academic.thepalaceproject.org/ucdavis/book/https%3A%2F%2Fcdl.edu.thepalaceproject.org%2F110644%2Fworks%2FURI%252Fhttps%253A%252F%252Flibrary.oapen.org%252Fhandle%252F20.500.12657%252F57371', 'first_author': 'Daniels, Reza Che', 'online_identifier': '', 'publisher_name': 'Springer Nature', 'publication_type': 'monograph', 'date_monograph_published_online': '2022', 'first_editor': '', 'access_type': 'openaccess', 'source_id': '20.500.12657/57371', 'source_id_type': 'File Handle'}
Record 1069: {'title_id': 'https://library.oapen.org/handle/20.500.12657/76661', 'publication_title': 'The Land between Two Seas: Art on the Move in the Mediterranean and the Black Sea 1300–1700', 'title_url': 'https://patron-academic.thepalaceproject.org/ucdavis/book/https%3A%2F%2Fcdl.edu.thepalaceproject.org%2F110644%2Fworks%2FURI%252Fhttps%253A%252F%252Flibrary.oapen.org%252Fhandle%252F20.500.12657%252F76661', 'first_author': 'Payne, Alina', 'online_identifier': '', 'publisher_name': 'Brill', 'publication_type': 'monograph', 'date_monograph_published_online': '2022', 'first_editor': '', 'access_type': 'openaccess', 'source_id': '20.500.12657/76661', 'source_id_type': 'File Handle'}
Record 1070: {'title_id': 'https://library.oapen.org/handle/20.500.12657/58444', 'publication_title': 'From Photography to fMRI Epistemic Functions of Images in Medical Research on Hysteria', 'title_url': 'https://patron-academic.thepalaceproject.org/ucdavis/book/https%3A%2F%2Fcdl.edu.thepalaceproject.org%2F110644%2Fworks%2FURI%252Fhttps%253A%252F%252Flibrary.oapen.org%252Fhandle%252F20.500.12657%252F58444', 'first_author': 'Muhr, Paula', 'online_identifier': '', 'publisher_name': 'transcript Verlag', 'publication_type': 'monograph', 'date_monograph_published_online': '2022', 'first_editor': '', 'access_type': 'openaccess', 'source_id': '20.500.12657/58444', 'source_id_type': 'File Handle'}
Record 1071: {'title_id': 'https://library.oapen.org/handle/20.500.12657/60164', 'publication_title': 'Migration Diversity and Social Cohesion Reassessing the Dutch Policy Agenda', 'title_url': 'https://patron-academic.thepalaceproject.org/ucdavis/book/https%3A%2F%2Fcdl.edu.thepalaceproject.org%2F110644%2Fworks%2FURI%252Fhttps%253A%252F%252Flibrary.oapen.org%252Fhandle%252F20.500.12657%252F60164', 'first_author': '', 'online_identifier': '', 'publisher_name': 'Springer Nature', 'publication_type': 'monograph', 'date_monograph_published_online': '2022', 'first_editor': '', 'access_type': 'openaccess', 'source_id': '20.500.12657/60164', 'source_id_type': 'File Handle'}
Record 1072: {'title_id': 'https://library.oapen.org/handle/20.500.12657/61951', 'publication_title': 'Speaking of Satan in Zambia Making cultural and personal sense of narratives about Satanism', 'title_url': 'https://patron-academic.thepalaceproject.org/ucdavis/book/https%3A%2F%2Fcdl.edu.thepalaceproject.org%2F110644%2Fworks%2FURI%252Fhttps%253A%252F%252Flibrary.oapen.org%252Fhandle%252F20.500.12657%252F61951', 'first_author': 'Kroesbergen-Kamps, Johanneke', 'online_identifier': '', 'publisher_name': 'AOSIS', 'publication_type': 'monograph', 'date_monograph_published_online': '2022', 'first_editor': '', 'access_type': 'openaccess', 'source_id': '20.500.12657/61951', 'source_id_type': 'File Handle'}
Record 1073: {'title_id': 'https://library.oapen.org/handle/20.500.12657/59367', 'publication_title': 'Electricity Access, Decarbonization, and Integration of Renewables Insights and Lessons from the Energy Transformation in Bangladesh, South Asia, and Sub-Sahara Africa', 'title_url': 'https://patron-academic.thepalaceproject.org/ucdavis/book/https%3A%2F%2Fcdl.edu.thepalaceproject.org%2F110644%2Fworks%2FURI%252Fhttps%253A%252F%252Flibrary.oapen.org%252Fhandle%252F20.500.12657%252F59367', 'first_author': '', 'online_identifier': '', 'publisher_name': 'Springer Nature', 'publication_type': 'monograph', 'date_monograph_published_online': '2022', 'first_editor': 'Barner, Lukas', 'access_type': 'openaccess', 'source_id': '20.500.12657/59367', 'source_id_type': 'File Handle'}
Record 1074: {'title_id': 'https://library.oapen.org/handle/20.500.12657/60602', 'publication_title': 'The Negative Existential Cycle', 'title_url': 'https://patron-academic.thepalaceproject.org/ucdavis/book/https%3A%2F%2Fcdl.edu.thepalaceproject.org%2F110644%2Fworks%2FURI%252Fhttps%253A%252F%252Flibrary.oapen.org%252Fhandle%252F20.500.12657%252F60602', 'first_author': '', 'online_identifier': '', 'publisher_name': 'Language Science Press', 'publication_type': 'monograph', 'date_monograph_published_online': '2022', 'first_editor': 'Hamari, Arja', 'access_type': 'openaccess', 'source_id': '20.500.12657/60602', 'source_id_type': 'File Handle'}
Record 1075: {'title_id': 'https://library.oapen.org/handle/20.500.12657/54123', 'publication_title': 'Refugees on the Move Crisis and Response in Turkey and Europe (Volume 45)', 'title_url': 'https://patron-academic.thepalaceproject.org/ucdavis/book/https%3A%2F%2Fcdl.edu.thepalaceproject.org%2F110644%2Fworks%2FURI%252Fhttps%253A%252F%252Flibrary.oapen.org%252Fhandle%252F20.500.12657%252F54123', 'first_author': '', 'online_identifier': '', 'publisher_name': 'Berghahn Books', 'publication_type': 'monograph', 'date_monograph_published_online': '2022', 'first_editor': 'Balkan, Erol', 'access_type': 'openaccess', 'source_id': '20.500.12657/54123', 'source_id_type': 'File Handle'}
Record 1076: {'title_id': 'https://library.oapen.org/handle/20.500.12657/52579', 'publication_title': 'Catholic Peacebuilding and Mining Integral Peace, Development, and Ecology', 'title_url': 'https://patron-academic.thepalaceproject.org/ucdavis/book/https%3A%2F%2Fcdl.edu.thepalaceproject.org%2F110644%2Fworks%2FURI%252Fhttps%253A%252F%252Flibrary.oapen.org%252Fhandle%252F20.500.12657%252F52579', 'first_author': '', 'online_identifier': '', 'publisher_name': 'Taylor & Francis', 'publication_type': 'monograph', 'date_monograph_published_online': '2022', 'first_editor': 'Montevecchio, Caesar A.', 'access_type': 'openaccess', 'source_id': '20.500.12657/52579', 'source_id_type': 'File Handle'}
Record 1077: {'title_id': 'https://library.oapen.org/handle/20.500.12657/58917', 'publication_title': 'Lifelines', 'title_url': 'https://patron-academic.thepalaceproject.org/ucdavis/book/https%3A%2F%2Fcdl.edu.thepalaceproject.org%2F110644%2Fworks%2FURI%252Fhttps%253A%252F%252Flibrary.oapen.org%252Fhandle%252F20.500.12657%252F58917', 'first_author': 'Solomon, Harris', 'online_identifier': '', 'publisher_name': 'Duke University Press', 'publication_type': 'monograph', 'date_monograph_published_online': '2022', 'first_editor': '', 'access_type': 'openaccess', 'source_id': '20.500.12657/58917', 'source_id_type': 'File Handle'}
Record 1078: {'title_id': 'https://library.oapen.org/handle/20.500.12657/58050', 'publication_title': 'Habsburgs going global. The Austro-Hungarian Concession in Tientsin/Tianjin in China (1901-1917)', 'title_url': 'https://patron-academic.thepalaceproject.org/ucdavis/book/https%3A%2F%2Fcdl.edu.thepalaceproject.org%2F110644%2Fworks%2FURI%252Fhttps%253A%252F%252Flibrary.oapen.org%252Fhandle%252F20.500.12657%252F58050', 'first_author': 'Falser, Michael', 'online_identifier': '', 'publisher_name': 'Verlag der Österreichischen Akademie der Wissenschaften', 'publication_type': 'monograph', 'date_monograph_published_online': '2022', 'first_editor': '', 'access_type': 'openaccess', 'source_id': '20.500.12657/58050', 'source_id_type': 'File Handle'}
Record 1079: {'title_id': 'https://library.oapen.org/handle/20.500.12657/63319', 'publication_title': 'Overcoming Dichotomies Parables, Fables, and Similes in the Graeco-Roman World', 'title_url': 'https://patron-academic.thepalaceproject.org/ucdavis/book/https%3A%2F%2Fcdl.edu.thepalaceproject.org%2F110644%2Fworks%2FURI%252Fhttps%253A%252F%252Flibrary.oapen.org%252Fhandle%252F20.500.12657%252F63319', 'first_author': '', 'online_identifier': '', 'publisher_name': 'Mohr Siebeck', 'publication_type': 'monograph', 'date_monograph_published_online': '2022', 'first_editor': 'Stoutjesdijk, Martijn', 'access_type': 'openaccess', 'source_id': '20.500.12657/63319', 'source_id_type': 'File Handle'}
Record 1080: {'title_id': 'https://library.oapen.org/handle/20.500.12657/57562', 'publication_title': 'Integrated Functional Sanitation Value Chain The Role of the Sanitation Economy', 'title_url': 'https://patron-academic.thepalaceproject.org/ucdavis/book/https%3A%2F%2Fcdl.edu.thepalaceproject.org%2F110644%2Fworks%2FURI%252Fhttps%253A%252F%252Flibrary.oapen.org%252Fhandle%252F20.500.12657%252F57562', 'first_author': '', 'online_identifier': '', 'publisher_name': 'IWA Publishing', 'publication_type': 'monograph', 'date_monograph_published_online': '2022', 'first_editor': 'Cookey, Peter Emmanuel', 'access_type': 'openaccess', 'source_id': '20.500.12657/57562', 'source_id_type': 'File Handle'}
Record 1081: {'title_id': 'https://library.oapen.org/handle/20.500.12657/54655', 'publication_title': 'The Religion and Rituals of the Nomads of Pre-Islamic Arabia A Reconstruction Based on the Safaitic Inscriptions', 'title_url': 'https://patron-academic.thepalaceproject.org/ucdavis/book/https%3A%2F%2Fcdl.edu.thepalaceproject.org%2F110644%2Fworks%2FURI%252Fhttps%253A%252F%252Flibrary.oapen.org%252Fhandle%252F20.500.12657%252F54655', 'first_author': 'Al-Jallad, Ahmad', 'online_identifier': '', 'publisher_name': 'Brill', 'publication_type': 'monograph', 'date_monograph_published_online': '2022', 'first_editor': '', 'access_type': 'openaccess', 'source_id': '20.500.12657/54655', 'source_id_type': 'File Handle'}
Record 1082: {'title_id': 'https://library.oapen.org/handle/20.500.12657/53681', 'publication_title': 'Revolutionizing Development Reflections on the Work of Robert Chambers', 'title_url': 'https://patron-academic.thepalaceproject.org/ucdavis/book/https%3A%2F%2Fcdl.edu.thepalaceproject.org%2F110644%2Fworks%2FURI%252Fhttps%253A%252F%252Flibrary.oapen.org%252Fhandle%252F20.500.12657%252F53681', 'first_author': '', 'online_identifier': '', 'publisher_name': 'Taylor & Francis', 'publication_type': 'monograph', 'date_monograph_published_online': '2022', 'first_editor': 'Cornwall, Andrea', 'access_type': 'openaccess', 'source_id': '20.500.12657/53681', 'source_id_type': 'File Handle'}
Record 1083: {'title_id': 'https://library.oapen.org/handle/20.500.12657/59020', 'publication_title': '"THE ARCHAEOLOGY OF TANAMU 1 A Pre-Lapita to Post-Lapita Site from Caution Bay, South Coast of Mainland Papua New Guinea', 'title_url': 'https://patron-academic.thepalaceproject.org/ucdavis/book/https%3A%2F%2Fcdl.edu.thepalaceproject.org%2F110644%2Fworks%2FURI%252Fhttps%253A%252F%252Flibrary.oapen.org%252Fhandle%252F20.500.12657%252F59020', 'first_author': '', 'online_identifier': '', 'publisher_name': 'Archaeopress Publishing', 'publication_type': 'monograph', 'date_monograph_published_online': '2022', 'first_editor': 'Szabó, Katherine', 'access_type': 'openaccess', 'source_id': '20.500.12657/59020', 'source_id_type': 'File Handle'}
Record 1084: {'title_id': 'https://library.oapen.org/handle/20.500.12657/53419', 'publication_title': 'The Dynamics of Right-Wing Extremism within German Society Escape into Authoritarianism', 'title_url': 'https://patron-academic.thepalaceproject.org/ucdavis/book/https%3A%2F%2Fcdl.edu.thepalaceproject.org%2F110644%2Fworks%2FURI%252Fhttps%253A%252F%252Flibrary.oapen.org%252Fhandle%252F20.500.12657%252F53419', 'first_author': '', 'online_identifier': '', 'publisher_name': 'Taylor & Francis', 'publication_type': 'monograph', 'date_monograph_published_online': '2022', 'first_editor': 'Brähler, Elmar', 'access_type': 'openaccess', 'source_id': '20.500.12657/53419', 'source_id_type': 'File Handle'}
Record 1085: {'title_id': 'https://library.oapen.org/handle/20.500.12657/63417', 'publication_title': 'Stereotypes and stereotyping in early modern England', 'title_url': 'https://patron-academic.thepalaceproject.org/ucdavis/book/https%3A%2F%2Fcdl.edu.thepalaceproject.org%2F110644%2Fworks%2FURI%252Fhttps%253A%252F%252Flibrary.oapen.org%252Fhandle%252F20.500.12657%252F63417', 'first_author': 'Yamamoto, Koji', 'online_identifier': '', 'publisher_name': 'Manchester University Press', 'publication_type': 'monograph', 'date_monograph_published_online': '2022', 'first_editor': '', 'access_type': 'openaccess', 'source_id': '20.500.12657/63417', 'source_id_type': 'File Handle'}
Record 1086: {'title_id': 'https://library.oapen.org/handle/20.500.12657/58032', 'publication_title': 'Moving English Language Teaching Forward Festschrift to Ragnhild Elisabeth Lund', 'title_url': 'https://patron-academic.thepalaceproject.org/ucdavis/book/https%3A%2F%2Fcdl.edu.thepalaceproject.org%2F110644%2Fworks%2FURI%252Fhttps%253A%252F%252Flibrary.oapen.org%252Fhandle%252F20.500.12657%252F58032', 'first_author': 'Dypedahl, Magne', 'online_identifier': '', 'publisher_name': 'Cappelen Damm Akademisk/NOASP (Nordic Open Access Scholarly Publishing)', 'publication_type': 'monograph', 'date_monograph_published_online': '2022', 'first_editor': '', 'access_type': 'openaccess', 'source_id': '20.500.12657/58032', 'source_id_type': 'File Handle'}
Record 1087: {'title_id': 'https://library.oapen.org/handle/20.500.12657/59097', 'publication_title': 'Global Initiatives and Higher Education in the Fourth Industrial Revolution', 'title_url': 'https://patron-academic.thepalaceproject.org/ucdavis/book/https%3A%2F%2Fcdl.edu.thepalaceproject.org%2F110644%2Fworks%2FURI%252Fhttps%253A%252F%252Flibrary.oapen.org%252Fhandle%252F20.500.12657%252F59097', 'first_author': 'Oliver, Erna', 'online_identifier': '', 'publisher_name': 'UJ Press', 'publication_type': 'monograph', 'date_monograph_published_online': '2022', 'first_editor': '', 'access_type': 'openaccess', 'source_id': '20.500.12657/59097', 'source_id_type': 'File Handle'}
Record 1088: {'title_id': 'https://library.oapen.org/handle/20.500.12657/70262', 'publication_title': 'Atlas of european values change and continuity in turbulent times', 'title_url': 'https://patron-academic.thepalaceproject.org/ucdavis/book/https%3A%2F%2Fcdl.edu.thepalaceproject.org%2F110644%2Fworks%2FURI%252Fhttps%253A%252F%252Flibrary.oapen.org%252Fhandle%252F20.500.12657%252F70262', 'first_author': '', 'online_identifier': '', 'publisher_name': 'Open Press Tilburg University', 'publication_type': 'monograph', 'date_monograph_published_online': '2022', 'first_editor': 'Halman, Loek', 'access_type': 'openaccess', 'source_id': '20.500.12657/70262', 'source_id_type': 'File Handle'}
Record 1089: {'title_id': 'https://library.oapen.org/handle/20.500.12657/54656', 'publication_title': 'Ethiopian Orthodox Christianity in a Global Context Entanglements and Disconnections', 'title_url': 'https://patron-academic.thepalaceproject.org/ucdavis/book/https%3A%2F%2Fcdl.edu.thepalaceproject.org%2F110644%2Fworks%2FURI%252Fhttps%253A%252F%252Flibrary.oapen.org%252Fhandle%252F20.500.12657%252F54656', 'first_author': '', 'online_identifier': '', 'publisher_name': 'Brill', 'publication_type': 'monograph', 'date_monograph_published_online': '2022', 'first_editor': 'Paulau, Stanislau', 'access_type': 'openaccess', 'source_id': '20.500.12657/54656', 'source_id_type': 'File Handle'}
Record 1090: {'title_id': 'https://library.oapen.org/handle/20.500.12657/57071', 'publication_title': 'Men, Masculinities, and Infertilities', 'title_url': 'https://patron-academic.thepalaceproject.org/ucdavis/book/https%3A%2F%2Fcdl.edu.thepalaceproject.org%2F110644%2Fworks%2FURI%252Fhttps%253A%252F%252Flibrary.oapen.org%252Fhandle%252F20.500.12657%252F57071', 'first_author': 'Allan, Jonathan', 'online_identifier': '', 'publisher_name': 'Taylor & Francis', 'publication_type': 'monograph', 'date_monograph_published_online': '2022', 'first_editor': '', 'access_type': 'openaccess', 'source_id': '20.500.12657/57071', 'source_id_type': 'File Handle'}
Record 1091: {'title_id': 'https://library.oapen.org/handle/20.500.12657/59780', 'publication_title': 'Law and Social Policy in the Global South Brazil, China, India, South Africa', 'title_url': 'https://patron-academic.thepalaceproject.org/ucdavis/book/https%3A%2F%2Fcdl.edu.thepalaceproject.org%2F110644%2Fworks%2FURI%252Fhttps%253A%252F%252Flibrary.oapen.org%252Fhandle%252F20.500.12657%252F59780', 'first_author': '', 'online_identifier': '', 'publisher_name': 'Taylor & Francis', 'publication_type': 'monograph', 'date_monograph_published_online': '2022', 'first_editor': 'Chen, Albert H.Y.', 'access_type': 'openaccess', 'source_id': '20.500.12657/59780', 'source_id_type': 'File Handle'}
Record 1092: {'title_id': 'https://library.oapen.org/handle/20.500.12657/54039', 'publication_title': 'Decarbonizing Freight Transport Acceptance and Policy Implications', 'title_url': 'https://patron-academic.thepalaceproject.org/ucdavis/book/https%3A%2F%2Fcdl.edu.thepalaceproject.org%2F110644%2Fworks%2FURI%252Fhttps%253A%252F%252Flibrary.oapen.org%252Fhandle%252F20.500.12657%252F54039', 'first_author': 'Pfoser, Sarah', 'online_identifier': '', 'publisher_name': 'Springer Nature', 'publication_type': 'monograph', 'date_monograph_published_online': '2022', 'first_editor': '', 'access_type': 'openaccess', 'source_id': '20.500.12657/54039', 'source_id_type': 'File Handle'}
Record 1093: {'title_id': 'https://library.oapen.org/handle/20.500.12657/87083', 'publication_title': 'The Dead Sea Scrolls and the Nag Hammadi Codices Selected Papers from the Conference “The Dead Sea Scrolls and the Nag Hammadi Codices” in Berlin, 20–22 July 2018', 'title_url': 'https://patron-academic.thepalaceproject.org/ucdavis/book/https%3A%2F%2Fcdl.edu.thepalaceproject.org%2F110644%2Fworks%2FURI%252Fhttps%253A%252F%252Flibrary.oapen.org%252Fhandle%252F20.500.12657%252F87083', 'first_author': '', 'online_identifier': '', 'publisher_name': 'Brill', 'publication_type': 'monograph', 'date_monograph_published_online': '2022', 'first_editor': 'Burns, Dylan M.', 'access_type': 'openaccess', 'source_id': '20.500.12657/87083', 'source_id_type': 'File Handle'}
Record 1094: {'title_id': 'https://library.oapen.org/handle/20.500.12657/61046', 'publication_title': 'Spuren der altägyptischen Gesellschaft Festschrift für Stephan J. Seidlmayer', 'title_url': 'https://patron-academic.thepalaceproject.org/ucdavis/book/https%3A%2F%2Fcdl.edu.thepalaceproject.org%2F110644%2Fworks%2FURI%252Fhttps%253A%252F%252Flibrary.oapen.org%252Fhandle%252F20.500.12657%252F61046', 'first_author': '', 'online_identifier': '', 'publisher_name': 'De Gruyter', 'publication_type': 'monograph', 'date_monograph_published_online': '2022', 'first_editor': 'Bußmann, Richard', 'access_type': 'openaccess', 'source_id': '20.500.12657/61046', 'source_id_type': 'File Handle'}
Record 1095: {'title_id': 'https://library.oapen.org/handle/20.500.12657/59375', 'publication_title': 'Europe in the Age of Post-Truth Politics Populism, Disinformation and the Public Sphere', 'title_url': 'https://patron-academic.thepalaceproject.org/ucdavis/book/https%3A%2F%2Fcdl.edu.thepalaceproject.org%2F110644%2Fworks%2FURI%252Fhttps%253A%252F%252Flibrary.oapen.org%252Fhandle%252F20.500.12657%252F59375', 'first_author': '', 'online_identifier': '', 'publisher_name': 'Springer Nature', 'publication_type': 'monograph', 'date_monograph_published_online': '2022', 'first_editor': 'Conrad, Maximilian', 'access_type': 'openaccess', 'source_id': '20.500.12657/59375', 'source_id_type': 'File Handle'}
Record 1096: {'title_id': 'https://library.oapen.org/handle/20.500.12657/62211', 'publication_title': 'More Than Medals A History of the Paralympics and Disability Sports in Postwar Japan', 'title_url': 'https://patron-academic.thepalaceproject.org/ucdavis/book/https%3A%2F%2Fcdl.edu.thepalaceproject.org%2F110644%2Fworks%2FURI%252Fhttps%253A%252F%252Flibrary.oapen.org%252Fhandle%252F20.500.12657%252F62211', 'first_author': 'Frost, Dennis J.', 'online_identifier': '', 'publisher_name': 'Cornell University Press', 'publication_type': 'monograph', 'date_monograph_published_online': '2022', 'first_editor': '', 'access_type': 'openaccess', 'source_id': '20.500.12657/62211', 'source_id_type': 'File Handle'}
Record 1097: {'title_id': 'https://library.oapen.org/handle/20.500.12657/57298', 'publication_title': 'Social Movements and the Politics of Debt Transnational Resistance against Debt on Three Continents', 'title_url': 'https://patron-academic.thepalaceproject.org/ucdavis/book/https%3A%2F%2Fcdl.edu.thepalaceproject.org%2F110644%2Fworks%2FURI%252Fhttps%253A%252F%252Flibrary.oapen.org%252Fhandle%252F20.500.12657%252F57298', 'first_author': 'Sorg, Christoph', 'online_identifier': '', 'publisher_name': 'Amsterdam University Press', 'publication_type': 'monograph', 'date_monograph_published_online': '2022', 'first_editor': '', 'access_type': 'openaccess', 'source_id': '20.500.12657/57298', 'source_id_type': 'File Handle'}
Record 1098: {'title_id': 'https://library.oapen.org/handle/20.500.12657/53686', 'publication_title': 'The Digital Humanities and Literary Studies', 'title_url': 'https://patron-academic.thepalaceproject.org/ucdavis/book/https%3A%2F%2Fcdl.edu.thepalaceproject.org%2F110644%2Fworks%2FURI%252Fhttps%253A%252F%252Flibrary.oapen.org%252Fhandle%252F20.500.12657%252F53686', 'first_author': 'Eve, Martin Paul', 'online_identifier': '', 'publisher_name': 'Oxford University Press', 'publication_type': 'monograph', 'date_monograph_published_online': '2022', 'first_editor': '', 'access_type': 'openaccess', 'source_id': '20.500.12657/53686', 'source_id_type': 'File Handle'}
Record 1099: {'title_id': 'https://library.oapen.org/handle/20.500.12657/59655', 'publication_title': 'Performing Modernism A Jewish Avant-Garde in Bucharest', 'title_url': 'https://patron-academic.thepalaceproject.org/ucdavis/book/https%3A%2F%2Fcdl.edu.thepalaceproject.org%2F110644%2Fworks%2FURI%252Fhttps%253A%252F%252Flibrary.oapen.org%252Fhandle%252F20.500.12657%252F59655', 'first_author': 'Chiriac, Alexandra', 'online_identifier': '', 'publisher_name': 'De Gruyter', 'publication_type': 'monograph', 'date_monograph_published_online': '2022', 'first_editor': '', 'access_type': 'openaccess', 'source_id': '20.500.12657/59655', 'source_id_type': 'File Handle'}
Record 1100: {'title_id': 'https://library.oapen.org/handle/20.500.12657/57697', 'publication_title': 'Green Infrastructure and Regional Planning: An Operational Framework An Operational Framework', 'title_url': 'https://patron-academic.thepalaceproject.org/ucdavis/book/https%3A%2F%2Fcdl.edu.thepalaceproject.org%2F110644%2Fworks%2FURI%252Fhttps%253A%252F%252Flibrary.oapen.org%252Fhandle%252F20.500.12657%252F57697', 'first_author': '', 'online_identifier': '', 'publisher_name': 'FrancoAngeli', 'publication_type': 'monograph', 'date_monograph_published_online': '2022', 'first_editor': '', 'access_type': 'openaccess', 'source_id': '20.500.12657/57697', 'source_id_type': 'File Handle'}
Record 1101: {'title_id': 'https://library.oapen.org/handle/20.500.12657/57824', 'publication_title': 'Business resilience in the pandemic and beyond Adaptation, innovation, financing and climate action from Eastern Europe to Central Asia', 'title_url': 'https://patron-academic.thepalaceproject.org/ucdavis/book/https%3A%2F%2Fcdl.edu.thepalaceproject.org%2F110644%2Fworks%2FURI%252Fhttps%253A%252F%252Flibrary.oapen.org%252Fhandle%252F20.500.12657%252F57824', 'first_author': 'Bank, European Investment', 'online_identifier': '', 'publisher_name': 'European Investment Bank', 'publication_type': 'monograph', 'date_monograph_published_online': '2022', 'first_editor': '', 'access_type': 'openaccess', 'source_id': '20.500.12657/57824', 'source_id_type': 'File Handle'}
Record 1102: {'title_id': 'https://library.oapen.org/handle/20.500.12657/58195', 'publication_title': 'Speaking for the Social A Catalog of Methods', 'title_url': 'https://patron-academic.thepalaceproject.org/ucdavis/book/https%3A%2F%2Fcdl.edu.thepalaceproject.org%2F110644%2Fworks%2FURI%252Fhttps%253A%252F%252Flibrary.oapen.org%252Fhandle%252F20.500.12657%252F58195', 'first_author': '', 'online_identifier': '', 'publisher_name': 'punctum books', 'publication_type': 'monograph', 'date_monograph_published_online': '2022', 'first_editor': 'John, Gemma', 'access_type': 'openaccess', 'source_id': '20.500.12657/58195', 'source_id_type': 'File Handle'}
Record 1103: {'title_id': 'https://library.oapen.org/handle/20.500.12657/52451', 'publication_title': 'Peer review in an Era of Evaluation Understanding the Practice of Gatekeeping in Academia', 'title_url': 'https://patron-academic.thepalaceproject.org/ucdavis/book/https%3A%2F%2Fcdl.edu.thepalaceproject.org%2F110644%2Fworks%2FURI%252Fhttps%253A%252F%252Flibrary.oapen.org%252Fhandle%252F20.500.12657%252F52451', 'first_author': '', 'online_identifier': '', 'publisher_name': 'Springer Nature', 'publication_type': 'monograph', 'date_monograph_published_online': '2022', 'first_editor': 'Forsberg, Eva', 'access_type': 'openaccess', 'source_id': '20.500.12657/52451', 'source_id_type': 'File Handle'}
Record 1104: {'title_id': 'https://library.oapen.org/handle/20.500.12657/60438', 'publication_title': 'Networks of bishops, networks of texts Manuscripts, legal cultures, tools of government in Carolingian Italy at the time of Lothar I', 'title_url': 'https://patron-academic.thepalaceproject.org/ucdavis/book/https%3A%2F%2Fcdl.edu.thepalaceproject.org%2F110644%2Fworks%2FURI%252Fhttps%253A%252F%252Flibrary.oapen.org%252Fhandle%252F20.500.12657%252F60438', 'first_author': '', 'online_identifier': '', 'publisher_name': 'Firenze University Press', 'publication_type': 'monograph', 'date_monograph_published_online': '2022', 'first_editor': 'De Angelis, Gianmarco', 'access_type': 'openaccess', 'source_id': '20.500.12657/60438', 'source_id_type': 'File Handle'}
Record 1105: {'title_id': 'https://library.oapen.org/handle/20.500.12657/54010', 'publication_title': 'Museum Digitisations and Emerging Curatorial Agencies Online Vikings in the Digital Age', 'title_url': 'https://patron-academic.thepalaceproject.org/ucdavis/book/https%3A%2F%2Fcdl.edu.thepalaceproject.org%2F110644%2Fworks%2FURI%252Fhttps%253A%252F%252Flibrary.oapen.org%252Fhandle%252F20.500.12657%252F54010', 'first_author': '', 'online_identifier': '', 'publisher_name': 'Springer Nature', 'publication_type': 'monograph', 'date_monograph_published_online': '2022', 'first_editor': '', 'access_type': 'openaccess', 'source_id': '20.500.12657/54010', 'source_id_type': 'File Handle'}
Record 1106: {'title_id': 'https://library.oapen.org/handle/20.500.12657/58391', 'publication_title': 'Constitutional Change in the European Union Towards a Federal Europe', 'title_url': 'https://patron-academic.thepalaceproject.org/ucdavis/book/https%3A%2F%2Fcdl.edu.thepalaceproject.org%2F110644%2Fworks%2FURI%252Fhttps%253A%252F%252Flibrary.oapen.org%252Fhandle%252F20.500.12657%252F58391', 'first_author': 'Duff, Andrew', 'online_identifier': '', 'publisher_name': 'Springer Nature', 'publication_type': 'monograph', 'date_monograph_published_online': '2022', 'first_editor': '', 'access_type': 'openaccess', 'source_id': '20.500.12657/58391', 'source_id_type': 'File Handle'}
Record 1107: {'title_id': 'https://library.oapen.org/handle/20.500.12657/58391', 'publication_title': 'Constitutional Change in the European Union Towards a Federal Europe', 'title_url': 'https://patron-academic.thepalaceproject.org/ucdavis/book/https%3A%2F%2Fcdl.edu.thepalaceproject.org%2F110644%2Fworks%2FURI%252Fhttps%253A%252F%252Flibrary.oapen.org%252Fhandle%252F20.500.12657%252F58391', 'first_author': 'Duff, Andrew', 'online_identifier': '', 'publisher_name': 'Springer Nature', 'publication_type': 'monograph', 'date_monograph_published_online': '2022', 'first_editor': '', 'access_type': 'openaccess', 'source_id': '20.500.12657/58391', 'source_id_type': 'File Handle'}
Record 1108: {'title_id': 'https://library.oapen.org/handle/20.500.12657/57557', 'publication_title': "paq'batlh The Klingon Epic (second expanded edition)", 'title_url': 'https://patron-academic.thepalaceproject.org/ucdavis/book/https%3A%2F%2Fcdl.edu.thepalaceproject.org%2F110644%2Fworks%2FURI%252Fhttps%253A%252F%252Flibrary.oapen.org%252Fhandle%252F20.500.12657%252F57557', 'first_author': '', 'online_identifier': '', 'publisher_name': 'punctum books', 'publication_type': 'monograph', 'date_monograph_published_online': '2022', 'first_editor': 'Ligtelijn, Kees', 'access_type': 'openaccess', 'source_id': '20.500.12657/57557', 'source_id_type': 'File Handle'}
Record 1109: {'title_id': 'https://library.oapen.org/handle/20.500.12657/58417', 'publication_title': 'Christian hermeneutics in South Africa', 'title_url': 'https://patron-academic.thepalaceproject.org/ucdavis/book/https%3A%2F%2Fcdl.edu.thepalaceproject.org%2F110644%2Fworks%2FURI%252Fhttps%253A%252F%252Flibrary.oapen.org%252Fhandle%252F20.500.12657%252F58417', 'first_author': '', 'online_identifier': '', 'publisher_name': 'AOSIS', 'publication_type': 'monograph', 'date_monograph_published_online': '2022', 'first_editor': 'Goede, Hendrik', 'access_type': 'openaccess', 'source_id': '20.500.12657/58417', 'source_id_type': 'File Handle'}
Record 1110: {'title_id': 'https://library.oapen.org/handle/20.500.12657/57929', 'publication_title': 'Digital Interaction and Machine Intelligence Proceedings of MIDI’2021 – 9th Machine Intelligence and Digital Interaction Conference, December 9-10, 2021, Warsaw, Poland', 'title_url': 'https://patron-academic.thepalaceproject.org/ucdavis/book/https%3A%2F%2Fcdl.edu.thepalaceproject.org%2F110644%2Fworks%2FURI%252Fhttps%253A%252F%252Flibrary.oapen.org%252Fhandle%252F20.500.12657%252F57929', 'first_author': '', 'online_identifier': '', 'publisher_name': 'Springer Nature', 'publication_type': 'monograph', 'date_monograph_published_online': '2022', 'first_editor': 'Biele, Cezary', 'access_type': 'openaccess', 'source_id': '20.500.12657/57929', 'source_id_type': 'File Handle'}
Record 1111: {'title_id': 'https://library.oapen.org/handle/20.500.12657/53231', 'publication_title': 'Negotiating the Pandemic Cultural, National, and Individual Constructions of COVID-19', 'title_url': 'https://patron-academic.thepalaceproject.org/ucdavis/book/https%3A%2F%2Fcdl.edu.thepalaceproject.org%2F110644%2Fworks%2FURI%252Fhttps%253A%252F%252Flibrary.oapen.org%252Fhandle%252F20.500.12657%252F53231', 'first_author': '', 'online_identifier': '', 'publisher_name': 'Taylor & Francis', 'publication_type': 'monograph', 'date_monograph_published_online': '2022', 'first_editor': 'Ali, Inayat', 'access_type': 'openaccess', 'source_id': '20.500.12657/53231', 'source_id_type': 'File Handle'}
Record 1112: {'title_id': 'https://library.oapen.org/handle/20.500.12657/58571', 'publication_title': "Absent Presences in the Colonial Archive Dealing with the Berlin Sound Archive's Acoustic Legacies", 'title_url': 'https://patron-academic.thepalaceproject.org/ucdavis/book/https%3A%2F%2Fcdl.edu.thepalaceproject.org%2F110644%2Fworks%2FURI%252Fhttps%253A%252F%252Flibrary.oapen.org%252Fhandle%252F20.500.12657%252F58571', 'first_author': 'Hilden, Irene', 'online_identifier': '', 'publisher_name': 'Leuven University Press', 'publication_type': 'monograph', 'date_monograph_published_online': '2022', 'first_editor': '', 'access_type': 'openaccess', 'source_id': '20.500.12657/58571', 'source_id_type': 'File Handle'}
Record 1113: {'title_id': 'https://library.oapen.org/handle/20.500.12657/57825', 'publication_title': 'EIB Working Paper 2022/06 - Hot off the press News-implied sovereign default risk', 'title_url': 'https://patron-academic.thepalaceproject.org/ucdavis/book/https%3A%2F%2Fcdl.edu.thepalaceproject.org%2F110644%2Fworks%2FURI%252Fhttps%253A%252F%252Flibrary.oapen.org%252Fhandle%252F20.500.12657%252F57825', 'first_author': 'Bank, European Investment', 'online_identifier': '', 'publisher_name': '', 'publication_type': 'monograph', 'date_monograph_published_online': '', 'first_editor': '', 'access_type': 'openaccess', 'source_id': '20.500.12657/57825', 'source_id_type': 'File Handle'}
Record 1114: {'title_id': 'https://library.oapen.org/handle/20.500.12657/57009', 'publication_title': 'Beyond Data Human Rights, Ethical and Social Impact Assessment in AI', 'title_url': 'https://patron-academic.thepalaceproject.org/ucdavis/book/https%3A%2F%2Fcdl.edu.thepalaceproject.org%2F110644%2Fworks%2FURI%252Fhttps%253A%252F%252Flibrary.oapen.org%252Fhandle%252F20.500.12657%252F57009', 'first_author': 'Mantelero, Alessandro', 'online_identifier': '', 'publisher_name': 'Springer Nature', 'publication_type': 'monograph', 'date_monograph_published_online': '2022', 'first_editor': '', 'access_type': 'openaccess', 'source_id': '20.500.12657/57009', 'source_id_type': 'File Handle'}
Record 1115: {'title_id': 'https://library.oapen.org/handle/20.500.12657/87102', 'publication_title': 'Scholarship in Action: Essays on the Life and Work of Christiaan Snouck Hurgronje (1857-1936)', 'title_url': 'https://patron-academic.thepalaceproject.org/ucdavis/book/https%3A%2F%2Fcdl.edu.thepalaceproject.org%2F110644%2Fworks%2FURI%252Fhttps%253A%252F%252Flibrary.oapen.org%252Fhandle%252F20.500.12657%252F87102', 'first_author': '', 'online_identifier': '', 'publisher_name': 'Brill', 'publication_type': 'monograph', 'date_monograph_published_online': '2022', 'first_editor': 'Buskens, Léon', 'access_type': 'openaccess', 'source_id': '20.500.12657/87102', 'source_id_type': 'File Handle'}
Record 1116: {'title_id': 'https://library.oapen.org/handle/20.500.12657/54076', 'publication_title': 'Reindeer Husbandry and Global Environmental Change Pastoralism in Fennoscandia', 'title_url': 'https://patron-academic.thepalaceproject.org/ucdavis/book/https%3A%2F%2Fcdl.edu.thepalaceproject.org%2F110644%2Fworks%2FURI%252Fhttps%253A%252F%252Flibrary.oapen.org%252Fhandle%252F20.500.12657%252F54076', 'first_author': '', 'online_identifier': '', 'publisher_name': 'Taylor & Francis', 'publication_type': 'monograph', 'date_monograph_published_online': '2022', 'first_editor': 'Holand, Øystein', 'access_type': 'openaccess', 'source_id': '20.500.12657/54076', 'source_id_type': 'File Handle'}
Record 1117: {'title_id': 'https://library.oapen.org/handle/20.500.12657/53930', 'publication_title': 'Culture^2 Theorizing Theory for the Twenty-First Century, Vol. 1', 'title_url': 'https://patron-academic.thepalaceproject.org/ucdavis/book/https%3A%2F%2Fcdl.edu.thepalaceproject.org%2F110644%2Fworks%2FURI%252Fhttps%253A%252F%252Flibrary.oapen.org%252Fhandle%252F20.500.12657%252F53930', 'first_author': '', 'online_identifier': '', 'publisher_name': 'transcript Verlag', 'publication_type': 'monograph', 'date_monograph_published_online': '2022', 'first_editor': 'Kelleter, Frank', 'access_type': 'openaccess', 'source_id': '20.500.12657/53930', 'source_id_type': 'File Handle'}
Record 1118: {'title_id': 'https://library.oapen.org/handle/20.500.12657/87386', 'publication_title': 'Ethics and Economics An Introduction to Free Markets, Equality and Happiness', 'title_url': 'https://patron-academic.thepalaceproject.org/ucdavis/book/https%3A%2F%2Fcdl.edu.thepalaceproject.org%2F110644%2Fworks%2FURI%252Fhttps%253A%252F%252Flibrary.oapen.org%252Fhandle%252F20.500.12657%252F87386', 'first_author': 'Graafland, Johan', 'online_identifier': '', 'publisher_name': 'Taylor & Francis', 'publication_type': 'monograph', 'date_monograph_published_online': '2022', 'first_editor': '', 'access_type': 'openaccess', 'source_id': '20.500.12657/87386', 'source_id_type': 'File Handle'}
Record 1119: {'title_id': 'https://library.oapen.org/handle/20.500.12657/59282', 'publication_title': 'Citizens, Elites, and the Legitimacy of Global Governance', 'title_url': 'https://patron-academic.thepalaceproject.org/ucdavis/book/https%3A%2F%2Fcdl.edu.thepalaceproject.org%2F110644%2Fworks%2FURI%252Fhttps%253A%252F%252Flibrary.oapen.org%252Fhandle%252F20.500.12657%252F59282', 'first_author': '', 'online_identifier': '', 'publisher_name': 'Oxford University Press', 'publication_type': 'monograph', 'date_monograph_published_online': '2022', 'first_editor': '', 'access_type': 'openaccess', 'source_id': '20.500.12657/59282', 'source_id_type': 'File Handle'}
Record 1120: {'title_id': 'https://library.oapen.org/handle/20.500.12657/60252', 'publication_title': 'Russia’s Cultural Statecraft', 'title_url': 'https://patron-academic.thepalaceproject.org/ucdavis/book/https%3A%2F%2Fcdl.edu.thepalaceproject.org%2F110644%2Fworks%2FURI%252Fhttps%253A%252F%252Flibrary.oapen.org%252Fhandle%252F20.500.12657%252F60252', 'first_author': '', 'online_identifier': '', 'publisher_name': 'Taylor & Francis', 'publication_type': 'monograph', 'date_monograph_published_online': '2022', 'first_editor': 'Forsberg, Tuomas', 'access_type': 'openaccess', 'source_id': '20.500.12657/60252', 'source_id_type': 'File Handle'}
Record 1121: {'title_id': 'https://library.oapen.org/handle/20.500.12657/58010', 'publication_title': 'Australian Economic History Transformations of an Interdisciplinary Field', 'title_url': 'https://patron-academic.thepalaceproject.org/ucdavis/book/https%3A%2F%2Fcdl.edu.thepalaceproject.org%2F110644%2Fworks%2FURI%252Fhttps%253A%252F%252Flibrary.oapen.org%252Fhandle%252F20.500.12657%252F58010', 'first_author': 'Wright, Claire E. F.', 'online_identifier': '', 'publisher_name': 'ANU Press', 'publication_type': 'monograph', 'date_monograph_published_online': '2022', 'first_editor': '', 'access_type': 'openaccess', 'source_id': '20.500.12657/58010', 'source_id_type': 'File Handle'}
Record 1122: {'title_id': 'https://library.oapen.org/handle/20.500.12657/52825', 'publication_title': 'Modern Socio-Technical Perspectives on Privacy', 'title_url': 'https://patron-academic.thepalaceproject.org/ucdavis/book/https%3A%2F%2Fcdl.edu.thepalaceproject.org%2F110644%2Fworks%2FURI%252Fhttps%253A%252F%252Flibrary.oapen.org%252Fhandle%252F20.500.12657%252F52825', 'first_author': '', 'online_identifier': '', 'publisher_name': 'Springer Nature', 'publication_type': 'monograph', 'date_monograph_published_online': '2022', 'first_editor': 'Knijnenburg, Bart P.', 'access_type': 'openaccess', 'source_id': '20.500.12657/52825', 'source_id_type': 'File Handle'}
Record 1123: {'title_id': 'https://library.oapen.org/handle/20.500.12657/63052', 'publication_title': 'Resilience in a VUCA world Reflections on teaching, learning and health in turbulent times', 'title_url': 'https://patron-academic.thepalaceproject.org/ucdavis/book/https%3A%2F%2Fcdl.edu.thepalaceproject.org%2F110644%2Fworks%2FURI%252Fhttps%253A%252F%252Flibrary.oapen.org%252Fhandle%252F20.500.12657%252F63052', 'first_author': '', 'online_identifier': '', 'publisher_name': 'AOSIS', 'publication_type': 'monograph', 'date_monograph_published_online': '2022', 'first_editor': 'Potgieter, Annette', 'access_type': 'openaccess', 'source_id': '20.500.12657/63052', 'source_id_type': 'File Handle'}
Record 1124: {'title_id': 'https://library.oapen.org/handle/20.500.12657/59777', 'publication_title': 'Histories of Tax Evasion, Avoidance and Resistance', 'title_url': 'https://patron-academic.thepalaceproject.org/ucdavis/book/https%3A%2F%2Fcdl.edu.thepalaceproject.org%2F110644%2Fworks%2FURI%252Fhttps%253A%252F%252Flibrary.oapen.org%252Fhandle%252F20.500.12657%252F59777', 'first_author': '', 'online_identifier': '', 'publisher_name': 'Taylor & Francis', 'publication_type': 'monograph', 'date_monograph_published_online': '2022', 'first_editor': 'HÜRLIMANN, Gisela', 'access_type': 'openaccess', 'source_id': '20.500.12657/59777', 'source_id_type': 'File Handle'}
Record 1125: {'title_id': 'https://library.oapen.org/handle/20.500.12657/60302', 'publication_title': 'Invisible Reconstruction Cross-disciplinary responses to natural, biological and man-made disasters', 'title_url': 'https://patron-academic.thepalaceproject.org/ucdavis/book/https%3A%2F%2Fcdl.edu.thepalaceproject.org%2F110644%2Fworks%2FURI%252Fhttps%253A%252F%252Flibrary.oapen.org%252Fhandle%252F20.500.12657%252F60302', 'first_author': '', 'online_identifier': '', 'publisher_name': 'UCL Press', 'publication_type': 'monograph', 'date_monograph_published_online': '2022', 'first_editor': 'Patrizio Gunning, Lucia', 'access_type': 'openaccess', 'source_id': '20.500.12657/60302', 'source_id_type': 'File Handle'}
Record 1126: {'title_id': 'https://library.oapen.org/handle/20.500.12657/57244', 'publication_title': 'Conceptions of Time in Greek and Roman Antiquity', 'title_url': 'https://patron-academic.thepalaceproject.org/ucdavis/book/https%3A%2F%2Fcdl.edu.thepalaceproject.org%2F110644%2Fworks%2FURI%252Fhttps%253A%252F%252Flibrary.oapen.org%252Fhandle%252F20.500.12657%252F57244', 'first_author': '', 'online_identifier': '', 'publisher_name': 'De Gruyter', 'publication_type': 'monograph', 'date_monograph_published_online': '2022', 'first_editor': 'Faure, Richard', 'access_type': 'openaccess', 'source_id': '20.500.12657/57244', 'source_id_type': 'File Handle'}
Record 1127: {'title_id': 'https://library.oapen.org/handle/20.500.12657/59272', 'publication_title': 'New Mediums, Better Messages? How Innovations in Translation, Engagement, and Advocacy are Changing International Development', 'title_url': 'https://patron-academic.thepalaceproject.org/ucdavis/book/https%3A%2F%2Fcdl.edu.thepalaceproject.org%2F110644%2Fworks%2FURI%252Fhttps%253A%252F%252Flibrary.oapen.org%252Fhandle%252F20.500.12657%252F59272', 'first_author': '', 'online_identifier': '', 'publisher_name': 'Oxford University Press', 'publication_type': 'monograph', 'date_monograph_published_online': '2022', 'first_editor': 'Lewis, David', 'access_type': 'openaccess', 'source_id': '20.500.12657/59272', 'source_id_type': 'File Handle'}
Record 1128: {'title_id': 'https://library.oapen.org/handle/20.500.12657/59272', 'publication_title': 'New Mediums, Better Messages? How Innovations in Translation, Engagement, and Advocacy are Changing International Development', 'title_url': 'https://patron-academic.thepalaceproject.org/ucdavis/book/https%3A%2F%2Fcdl.edu.thepalaceproject.org%2F110644%2Fworks%2FURI%252Fhttps%253A%252F%252Flibrary.oapen.org%252Fhandle%252F20.500.12657%252F59272', 'first_author': '', 'online_identifier': '', 'publisher_name': 'Oxford University Press', 'publication_type': 'monograph', 'date_monograph_published_online': '2022', 'first_editor': 'Lewis, David', 'access_type': 'openaccess', 'source_id': '20.500.12657/59272', 'source_id_type': 'File Handle'}
Record 1129: {'title_id': 'https://library.oapen.org/handle/20.500.12657/58983', 'publication_title': '"The Neolithic Settlement of Aknashen (Ararat valley, Armenia)"', 'title_url': 'https://patron-academic.thepalaceproject.org/ucdavis/book/https%3A%2F%2Fcdl.edu.thepalaceproject.org%2F110644%2Fworks%2FURI%252Fhttps%253A%252F%252Flibrary.oapen.org%252Fhandle%252F20.500.12657%252F58983', 'first_author': '', 'online_identifier': '', 'publisher_name': 'Archaeopress Publishing', 'publication_type': 'monograph', 'date_monograph_published_online': '2022', 'first_editor': 'Chataigner, Christine', 'access_type': 'openaccess', 'source_id': '20.500.12657/58983', 'source_id_type': 'File Handle'}
Record 1130: {'title_id': 'https://library.oapen.org/handle/20.500.12657/56998', 'publication_title': 'Regularized System Identification Learning Dynamic Models from Data', 'title_url': 'https://patron-academic.thepalaceproject.org/ucdavis/book/https%3A%2F%2Fcdl.edu.thepalaceproject.org%2F110644%2Fworks%2FURI%252Fhttps%253A%252F%252Flibrary.oapen.org%252Fhandle%252F20.500.12657%252F56998', 'first_author': '', 'online_identifier': '', 'publisher_name': 'Springer Nature', 'publication_type': 'monograph', 'date_monograph_published_online': '2022', 'first_editor': '', 'access_type': 'openaccess', 'source_id': '20.500.12657/56998', 'source_id_type': 'File Handle'}
Record 1131: {'title_id': 'https://library.oapen.org/handle/20.500.12657/54437', 'publication_title': 'Contemporary Housing Struggles A Structural Field of Contention Approach', 'title_url': 'https://patron-academic.thepalaceproject.org/ucdavis/book/https%3A%2F%2Fcdl.edu.thepalaceproject.org%2F110644%2Fworks%2FURI%252Fhttps%253A%252F%252Flibrary.oapen.org%252Fhandle%252F20.500.12657%252F54437', 'first_author': '', 'online_identifier': '', 'publisher_name': 'Springer Nature', 'publication_type': 'monograph', 'date_monograph_published_online': '2022', 'first_editor': '', 'access_type': 'openaccess', 'source_id': '20.500.12657/54437', 'source_id_type': 'File Handle'}
Record 1132: {'title_id': 'https://library.oapen.org/handle/20.500.12657/60134', 'publication_title': 'The Nation Form in the Global Age Ethnographic Perspectives', 'title_url': 'https://patron-academic.thepalaceproject.org/ucdavis/book/https%3A%2F%2Fcdl.edu.thepalaceproject.org%2F110644%2Fworks%2FURI%252Fhttps%253A%252F%252Flibrary.oapen.org%252Fhandle%252F20.500.12657%252F60134', 'first_author': '', 'online_identifier': '', 'publisher_name': 'Springer Nature', 'publication_type': 'monograph', 'date_monograph_published_online': '2022', 'first_editor': 'Ahmad, Irfan', 'access_type': 'openaccess', 'source_id': '20.500.12657/60134', 'source_id_type': 'File Handle'}
Record 1133: {'title_id': 'https://library.oapen.org/handle/20.500.12657/55785', 'publication_title': 'Sport, Identity and Inclusion in Europe The Experiences of LGBTQ People in Sport', 'title_url': 'https://patron-academic.thepalaceproject.org/ucdavis/book/https%3A%2F%2Fcdl.edu.thepalaceproject.org%2F110644%2Fworks%2FURI%252Fhttps%253A%252F%252Flibrary.oapen.org%252Fhandle%252F20.500.12657%252F55785', 'first_author': 'Hartmann-Tews, Ilse', 'online_identifier': '', 'publisher_name': 'Taylor & Francis', 'publication_type': 'monograph', 'date_monograph_published_online': '2022', 'first_editor': '', 'access_type': 'openaccess', 'source_id': '20.500.12657/55785', 'source_id_type': 'File Handle'}
Record 1134: {'title_id': 'https://library.oapen.org/handle/20.500.12657/60775', 'publication_title': 'Systemic Circular Economy Solutions for Fiber Reinforced Composites', 'title_url': 'https://patron-academic.thepalaceproject.org/ucdavis/book/https%3A%2F%2Fcdl.edu.thepalaceproject.org%2F110644%2Fworks%2FURI%252Fhttps%253A%252F%252Flibrary.oapen.org%252Fhandle%252F20.500.12657%252F60775', 'first_author': '', 'online_identifier': '', 'publisher_name': 'Springer Nature', 'publication_type': 'monograph', 'date_monograph_published_online': '2022', 'first_editor': 'Colledani, Marcello', 'access_type': 'openaccess', 'source_id': '20.500.12657/60775', 'source_id_type': 'File Handle'}
Record 1135: {'title_id': 'https://library.oapen.org/handle/20.500.12657/56708', 'publication_title': 'Handbook for Ethiopian Public Administration Program Accreditation', 'title_url': 'https://patron-academic.thepalaceproject.org/ucdavis/book/https%3A%2F%2Fcdl.edu.thepalaceproject.org%2F110644%2Fworks%2FURI%252Fhttps%253A%252F%252Flibrary.oapen.org%252Fhandle%252F20.500.12657%252F56708', 'first_author': '', 'online_identifier': '', 'publisher_name': 'Leuven University Press', 'publication_type': 'monograph', 'date_monograph_published_online': '2022', 'first_editor': 'Bouckaert, Geert', 'access_type': 'openaccess', 'source_id': '20.500.12657/56708', 'source_id_type': 'File Handle'}
Record 1136: {'title_id': 'https://library.oapen.org/handle/20.500.12657/53586', 'publication_title': 'dis/cord Thinking Sound through Agential Realism', 'title_url': 'https://patron-academic.thepalaceproject.org/ucdavis/book/https%3A%2F%2Fcdl.edu.thepalaceproject.org%2F110644%2Fworks%2FURI%252Fhttps%253A%252F%252Flibrary.oapen.org%252Fhandle%252F20.500.12657%252F53586', 'first_author': 'Toksöz Fairbairn, Kevin', 'online_identifier': '', 'publisher_name': 'punctum books', 'publication_type': 'monograph', 'date_monograph_published_online': '2022', 'first_editor': '', 'access_type': 'openaccess', 'source_id': '20.500.12657/53586', 'source_id_type': 'File Handle'}
Record 1137: {'title_id': 'https://library.oapen.org/handle/20.500.12657/92028', 'publication_title': 'Shrines in a Fluid Space The Shaping of New Holy Sites in the Ionian Islands, the Peloponnese and Crete under Venetian Rule (14th–16th Centuries)', 'title_url': 'https://patron-academic.thepalaceproject.org/ucdavis/book/https%3A%2F%2Fcdl.edu.thepalaceproject.org%2F110644%2Fworks%2FURI%252Fhttps%253A%252F%252Flibrary.oapen.org%252Fhandle%252F20.500.12657%252F92028', 'first_author': 'Dermitzaki, Argyri', 'online_identifier': '', 'publisher_name': 'Brill', 'publication_type': 'monograph', 'date_monograph_published_online': '2021', 'first_editor': '', 'access_type': 'openaccess', 'source_id': '20.500.12657/92028', 'source_id_type': 'File Handle'}
Record 1138: {'title_id': 'https://library.oapen.org/handle/20.500.12657/60176', 'publication_title': 'EU Cohesion Policy Implementation - Evaluation Challenges and Opportunities The 1st International Conference on Evaluating Challenges in the Implementation of EU Cohesion Policy (EvEUCoP 2022), Coimbra, 2022', 'title_url': 'https://patron-academic.thepalaceproject.org/ucdavis/book/https%3A%2F%2Fcdl.edu.thepalaceproject.org%2F110644%2Fworks%2FURI%252Fhttps%253A%252F%252Flibrary.oapen.org%252Fhandle%252F20.500.12657%252F60176', 'first_author': '', 'online_identifier': '', 'publisher_name': 'Springer Nature', 'publication_type': 'monograph', 'date_monograph_published_online': '2022', 'first_editor': 'Henriques, Carla', 'access_type': 'openaccess', 'source_id': '20.500.12657/60176', 'source_id_type': 'File Handle'}
Record 1139: {'title_id': 'https://library.oapen.org/handle/20.500.12657/59833', 'publication_title': 'Distributed Optimization with Application to Power Systems and Control', 'title_url': 'https://patron-academic.thepalaceproject.org/ucdavis/book/https%3A%2F%2Fcdl.edu.thepalaceproject.org%2F110644%2Fworks%2FURI%252Fhttps%253A%252F%252Flibrary.oapen.org%252Fhandle%252F20.500.12657%252F59833', 'first_author': 'Engelmann, Alexander', 'online_identifier': '', 'publisher_name': 'KIT Scientific Publishing', 'publication_type': 'monograph', 'date_monograph_published_online': '2022', 'first_editor': '', 'access_type': 'openaccess', 'source_id': '20.500.12657/59833', 'source_id_type': 'File Handle'}
Record 1140: {'title_id': 'https://library.oapen.org/handle/20.500.12657/59099', 'publication_title': 'Majority World Perspectives on Christian Mission', 'title_url': 'https://patron-academic.thepalaceproject.org/ucdavis/book/https%3A%2F%2Fcdl.edu.thepalaceproject.org%2F110644%2Fworks%2FURI%252Fhttps%253A%252F%252Flibrary.oapen.org%252Fhandle%252F20.500.12657%252F59099', 'first_author': '', 'online_identifier': '', 'publisher_name': 'UJ Press', 'publication_type': 'monograph', 'date_monograph_published_online': '2022', 'first_editor': 'Baron, Eugene', 'access_type': 'openaccess', 'source_id': '20.500.12657/59099', 'source_id_type': 'File Handle'}
Record 1141: {'title_id': 'https://library.oapen.org/handle/20.500.12657/88247', 'publication_title': 'Action Sports and the Olympic Games Past, Present, Future', 'title_url': 'https://patron-academic.thepalaceproject.org/ucdavis/book/https%3A%2F%2Fcdl.edu.thepalaceproject.org%2F110644%2Fworks%2FURI%252Fhttps%253A%252F%252Flibrary.oapen.org%252Fhandle%252F20.500.12657%252F88247', 'first_author': '', 'online_identifier': '', 'publisher_name': 'Taylor & Francis', 'publication_type': 'monograph', 'date_monograph_published_online': '2022', 'first_editor': '', 'access_type': 'openaccess', 'source_id': '20.500.12657/88247', 'source_id_type': 'File Handle'}
Record 1142: {'title_id': 'https://library.oapen.org/handle/20.500.12657/57843', 'publication_title': 'The Transcendent Character of the Good Philosophical and Theological Perspectives', 'title_url': 'https://patron-academic.thepalaceproject.org/ucdavis/book/https%3A%2F%2Fcdl.edu.thepalaceproject.org%2F110644%2Fworks%2FURI%252Fhttps%253A%252F%252Flibrary.oapen.org%252Fhandle%252F20.500.12657%252F57843', 'first_author': 'Schaafsma, Petruschka', 'online_identifier': '', 'publisher_name': 'Taylor & Francis', 'publication_type': 'monograph', 'date_monograph_published_online': '2022', 'first_editor': '', 'access_type': 'openaccess', 'source_id': '20.500.12657/57843', 'source_id_type': 'File Handle'}
Record 1143: {'title_id': 'https://library.oapen.org/handle/20.500.12657/62028', 'publication_title': 'The Cold War from the Margins A Small Socialist State on the Global Cultural Scene', 'title_url': 'https://patron-academic.thepalaceproject.org/ucdavis/book/https%3A%2F%2Fcdl.edu.thepalaceproject.org%2F110644%2Fworks%2FURI%252Fhttps%253A%252F%252Flibrary.oapen.org%252Fhandle%252F20.500.12657%252F62028', 'first_author': 'Dragostinova, Theodora K.', 'online_identifier': '', 'publisher_name': 'Cornell University Press', 'publication_type': 'monograph', 'date_monograph_published_online': '2022', 'first_editor': '', 'access_type': 'openaccess', 'source_id': '20.500.12657/62028', 'source_id_type': 'File Handle'}
Record 1144: {'title_id': 'https://library.oapen.org/handle/20.500.12657/62569', 'publication_title': 'An introduction to friendliness (mettā) Emotional intelligence and freedom in the Pāli discourses of the Buddha', 'title_url': 'https://patron-academic.thepalaceproject.org/ucdavis/book/https%3A%2F%2Fcdl.edu.thepalaceproject.org%2F110644%2Fworks%2FURI%252Fhttps%253A%252F%252Flibrary.oapen.org%252Fhandle%252F20.500.12657%252F62569', 'first_author': 'Sangiacomo, Andrea', 'online_identifier': '', 'publisher_name': 'University of Groningen Press', 'publication_type': 'monograph', 'date_monograph_published_online': '2022', 'first_editor': '', 'access_type': 'openaccess', 'source_id': '20.500.12657/62569', 'source_id_type': 'File Handle'}
Record 1145: {'title_id': 'https://library.oapen.org/handle/20.500.12657/57826', 'publication_title': 'CESEE Bank Lending Survey – Spring 2022', 'title_url': 'https://patron-academic.thepalaceproject.org/ucdavis/book/https%3A%2F%2Fcdl.edu.thepalaceproject.org%2F110644%2Fworks%2FURI%252Fhttps%253A%252F%252Flibrary.oapen.org%252Fhandle%252F20.500.12657%252F57826', 'first_author': '', 'online_identifier': '', 'publisher_name': '', 'publication_type': 'monograph', 'date_monograph_published_online': '', 'first_editor': '', 'access_type': 'openaccess', 'source_id': '20.500.12657/57826', 'source_id_type': 'File Handle'}
Record 1146: {'title_id': 'https://library.oapen.org/handle/20.500.12657/53464', 'publication_title': 'Creating the Modern Army Citizen-Soldiers and the American Way of War, 1919–1939', 'title_url': 'https://patron-academic.thepalaceproject.org/ucdavis/book/https%3A%2F%2Fcdl.edu.thepalaceproject.org%2F110644%2Fworks%2FURI%252Fhttps%253A%252F%252Flibrary.oapen.org%252Fhandle%252F20.500.12657%252F53464', 'first_author': 'Woolley, William J.', 'online_identifier': '', 'publisher_name': '', 'publication_type': 'monograph', 'date_monograph_published_online': '', 'first_editor': '', 'access_type': 'openaccess', 'source_id': '20.500.12657/53464', 'source_id_type': 'File Handle'}
Record 1147: {'title_id': 'https://library.oapen.org/handle/20.500.12657/53526', 'publication_title': 'Latin American Immigration Ethics', 'title_url': 'https://patron-academic.thepalaceproject.org/ucdavis/book/https%3A%2F%2Fcdl.edu.thepalaceproject.org%2F110644%2Fworks%2FURI%252Fhttps%253A%252F%252Flibrary.oapen.org%252Fhandle%252F20.500.12657%252F53526', 'first_author': '', 'online_identifier': '', 'publisher_name': 'University of Arizona Press', 'publication_type': 'monograph', 'date_monograph_published_online': '2022', 'first_editor': 'Díaz Cepeda, Luis Rubén', 'access_type': 'openaccess', 'source_id': '20.500.12657/53526', 'source_id_type': 'File Handle'}
Record 1148: {'title_id': 'https://library.oapen.org/handle/20.500.12657/57322', 'publication_title': 'Responsible Procurement Leading the Way to a Sustainable Tomorrow', 'title_url': 'https://patron-academic.thepalaceproject.org/ucdavis/book/https%3A%2F%2Fcdl.edu.thepalaceproject.org%2F110644%2Fworks%2FURI%252Fhttps%253A%252F%252Flibrary.oapen.org%252Fhandle%252F20.500.12657%252F57322', 'first_author': '', 'online_identifier': '', 'publisher_name': 'Springer Nature', 'publication_type': 'monograph', 'date_monograph_published_online': '2022', 'first_editor': '', 'access_type': 'openaccess', 'source_id': '20.500.12657/57322', 'source_id_type': 'File Handle'}
Record 1149: {'title_id': 'https://library.oapen.org/handle/20.500.12657/58049', 'publication_title': 'Heritage Dynamics Understanding and adapting to change in diverse heritage contexts', 'title_url': 'https://patron-academic.thepalaceproject.org/ucdavis/book/https%3A%2F%2Fcdl.edu.thepalaceproject.org%2F110644%2Fworks%2FURI%252Fhttps%253A%252F%252Flibrary.oapen.org%252Fhandle%252F20.500.12657%252F58049', 'first_author': 'Fouseki, Kalliopi', 'online_identifier': '', 'publisher_name': 'UCL Press', 'publication_type': 'monograph', 'date_monograph_published_online': '2022', 'first_editor': '', 'access_type': 'openaccess', 'source_id': '20.500.12657/58049', 'source_id_type': 'File Handle'}
Record 1150: {'title_id': 'https://library.oapen.org/handle/20.500.12657/59373', 'publication_title': 'Towards Responsible Plant Data Linkage: Data Challenges for Agricultural Research and Development', 'title_url': 'https://patron-academic.thepalaceproject.org/ucdavis/book/https%3A%2F%2Fcdl.edu.thepalaceproject.org%2F110644%2Fworks%2FURI%252Fhttps%253A%252F%252Flibrary.oapen.org%252Fhandle%252F20.500.12657%252F59373', 'first_author': '', 'online_identifier': '', 'publisher_name': 'Springer Nature', 'publication_type': 'monograph', 'date_monograph_published_online': '2022', 'first_editor': 'Leonelli, Sabina', 'access_type': 'openaccess', 'source_id': '20.500.12657/59373', 'source_id_type': 'File Handle'}
Record 1151: {'title_id': 'https://library.oapen.org/handle/20.500.12657/54716', 'publication_title': 'Inside High-Rise Housing Securing Home in Vertical Cities', 'title_url': 'https://patron-academic.thepalaceproject.org/ucdavis/book/https%3A%2F%2Fcdl.edu.thepalaceproject.org%2F110644%2Fworks%2FURI%252Fhttps%253A%252F%252Flibrary.oapen.org%252Fhandle%252F20.500.12657%252F54716', 'first_author': 'Nethercote, Megan', 'online_identifier': '', 'publisher_name': 'Bristol University Press', 'publication_type': 'monograph', 'date_monograph_published_online': '2022', 'first_editor': '', 'access_type': 'openaccess', 'source_id': '20.500.12657/54716', 'source_id_type': 'File Handle'}
Record 1152: {'title_id': 'https://library.oapen.org/handle/20.500.12657/57621', 'publication_title': 'Geo-Politics in Northeast Asia', 'title_url': 'https://patron-academic.thepalaceproject.org/ucdavis/book/https%3A%2F%2Fcdl.edu.thepalaceproject.org%2F110644%2Fworks%2FURI%252Fhttps%253A%252F%252Flibrary.oapen.org%252Fhandle%252F20.500.12657%252F57621', 'first_author': '', 'online_identifier': '', 'publisher_name': 'Taylor & Francis', 'publication_type': 'monograph', 'date_monograph_published_online': '2022', 'first_editor': 'Boyle, Edward', 'access_type': 'openaccess', 'source_id': '20.500.12657/57621', 'source_id_type': 'File Handle'}
Record 1153: {'title_id': 'https://library.oapen.org/handle/20.500.12657/57069', 'publication_title': 'Routledge Handbook of Chinese Medicine', 'title_url': 'https://patron-academic.thepalaceproject.org/ucdavis/book/https%3A%2F%2Fcdl.edu.thepalaceproject.org%2F110644%2Fworks%2FURI%252Fhttps%253A%252F%252Flibrary.oapen.org%252Fhandle%252F20.500.12657%252F57069', 'first_author': '', 'online_identifier': '', 'publisher_name': 'Taylor & Francis', 'publication_type': 'monograph', 'date_monograph_published_online': '2022', 'first_editor': 'Lo, Vivienne', 'access_type': 'openaccess', 'source_id': '20.500.12657/57069', 'source_id_type': 'File Handle'}
Record 1154: {'title_id': 'https://library.oapen.org/handle/20.500.12657/59313', 'publication_title': 'Educational Data Analytics for Teachers and School Leaders', 'title_url': 'https://patron-academic.thepalaceproject.org/ucdavis/book/https%3A%2F%2Fcdl.edu.thepalaceproject.org%2F110644%2Fworks%2FURI%252Fhttps%253A%252F%252Flibrary.oapen.org%252Fhandle%252F20.500.12657%252F59313', 'first_author': '', 'online_identifier': '', 'publisher_name': 'Springer Nature', 'publication_type': 'monograph', 'date_monograph_published_online': '2022', 'first_editor': '', 'access_type': 'openaccess', 'source_id': '20.500.12657/59313', 'source_id_type': 'File Handle'}
Record 1155: {'title_id': 'https://library.oapen.org/handle/20.500.12657/59802', 'publication_title': 'Diversity and Discrimination in Research Organizations', 'title_url': 'https://patron-academic.thepalaceproject.org/ucdavis/book/https%3A%2F%2Fcdl.edu.thepalaceproject.org%2F110644%2Fworks%2FURI%252Fhttps%253A%252F%252Flibrary.oapen.org%252Fhandle%252F20.500.12657%252F59802', 'first_author': '', 'online_identifier': '', 'publisher_name': 'Emerald Publishing', 'publication_type': 'monograph', 'date_monograph_published_online': '2022', 'first_editor': 'Müller, Jörg', 'access_type': 'openaccess', 'source_id': '20.500.12657/59802', 'source_id_type': 'File Handle'}
Record 1156: {'title_id': 'https://library.oapen.org/handle/20.500.12657/60767', 'publication_title': 'Social Europe, the Road not Taken The Left and European Integration in the Long 1970s', 'title_url': 'https://patron-academic.thepalaceproject.org/ucdavis/book/https%3A%2F%2Fcdl.edu.thepalaceproject.org%2F110644%2Fworks%2FURI%252Fhttps%253A%252F%252Flibrary.oapen.org%252Fhandle%252F20.500.12657%252F60767', 'first_author': 'Andry, Aurélie Dianara', 'online_identifier': '', 'publisher_name': 'Oxford University Press', 'publication_type': 'monograph', 'date_monograph_published_online': '2022', 'first_editor': '', 'access_type': 'openaccess', 'source_id': '20.500.12657/60767', 'source_id_type': 'File Handle'}
Record 1157: {'title_id': 'https://library.oapen.org/handle/20.500.12657/60537', 'publication_title': 'Ethnographies of Collaborative Economies across Europe Understanding Sharing and Caring', 'title_url': 'https://patron-academic.thepalaceproject.org/ucdavis/book/https%3A%2F%2Fcdl.edu.thepalaceproject.org%2F110644%2Fworks%2FURI%252Fhttps%253A%252F%252Flibrary.oapen.org%252Fhandle%252F20.500.12657%252F60537', 'first_author': '', 'online_identifier': '', 'publisher_name': 'Ubiquity Press', 'publication_type': 'monograph', 'date_monograph_published_online': '2022', 'first_editor': 'Ciolfi, Luigina', 'access_type': 'openaccess', 'source_id': '20.500.12657/60537', 'source_id_type': 'File Handle'}
Record 1158: {'title_id': 'https://library.oapen.org/handle/20.500.12657/62941', 'publication_title': 'International trade and recovery strategies in Kenya in the context of COVID-19', 'title_url': 'https://patron-academic.thepalaceproject.org/ucdavis/book/https%3A%2F%2Fcdl.edu.thepalaceproject.org%2F110644%2Fworks%2FURI%252Fhttps%253A%252F%252Flibrary.oapen.org%252Fhandle%252F20.500.12657%252F62941', 'first_author': '', 'online_identifier': '', 'publisher_name': 'AOSIS', 'publication_type': 'monograph', 'date_monograph_published_online': '2022', 'first_editor': 'Kiriti-Nganga, Tabitha', 'access_type': 'openaccess', 'source_id': '20.500.12657/62941', 'source_id_type': 'File Handle'}
Record 1159: {'title_id': 'https://library.oapen.org/handle/20.500.12657/61074', 'publication_title': 'Lexicography of Coronavirus-related Neologisms', 'title_url': 'https://patron-academic.thepalaceproject.org/ucdavis/book/https%3A%2F%2Fcdl.edu.thepalaceproject.org%2F110644%2Fworks%2FURI%252Fhttps%253A%252F%252Flibrary.oapen.org%252Fhandle%252F20.500.12657%252F61074', 'first_author': '', 'online_identifier': '', 'publisher_name': 'De Gruyter', 'publication_type': 'monograph', 'date_monograph_published_online': '2022', 'first_editor': 'Kernerman, Ilan', 'access_type': 'openaccess', 'source_id': '20.500.12657/61074', 'source_id_type': 'File Handle'}
Record 1160: {'title_id': 'https://library.oapen.org/handle/20.500.12657/58899', 'publication_title': 'Efficient fast Fourier transform-based solvers for computing the thermomechanical behavior of applied materials', 'title_url': 'https://patron-academic.thepalaceproject.org/ucdavis/book/https%3A%2F%2Fcdl.edu.thepalaceproject.org%2F110644%2Fworks%2FURI%252Fhttps%253A%252F%252Flibrary.oapen.org%252Fhandle%252F20.500.12657%252F58899', 'first_author': 'Wicht, Daniel', 'online_identifier': '', 'publisher_name': 'KIT Scientific Publishing', 'publication_type': 'monograph', 'date_monograph_published_online': '2022', 'first_editor': '', 'access_type': 'openaccess', 'source_id': '20.500.12657/58899', 'source_id_type': 'File Handle'}
Record 1161: {'title_id': 'https://library.oapen.org/handle/20.500.12657/57368', 'publication_title': 'Land Use Cover Datasets and Validation Tools Validation Practices with QGIS', 'title_url': 'https://patron-academic.thepalaceproject.org/ucdavis/book/https%3A%2F%2Fcdl.edu.thepalaceproject.org%2F110644%2Fworks%2FURI%252Fhttps%253A%252F%252Flibrary.oapen.org%252Fhandle%252F20.500.12657%252F57368', 'first_author': '', 'online_identifier': '', 'publisher_name': 'Springer Nature', 'publication_type': 'monograph', 'date_monograph_published_online': '2022', 'first_editor': 'Camacho Olmedo, María Teresa', 'access_type': 'openaccess', 'source_id': '20.500.12657/57368', 'source_id_type': 'File Handle'}
Record 1162: {'title_id': 'https://library.oapen.org/handle/20.500.12657/53765', 'publication_title': 'Leaving Spain A Biographical Study of an Economic Crisis and New Beginnings', 'title_url': 'https://patron-academic.thepalaceproject.org/ucdavis/book/https%3A%2F%2Fcdl.edu.thepalaceproject.org%2F110644%2Fworks%2FURI%252Fhttps%253A%252F%252Flibrary.oapen.org%252Fhandle%252F20.500.12657%252F53765', 'first_author': 'Riemann, Mê-Linh', 'online_identifier': '', 'publisher_name': 'Leuven University Press', 'publication_type': 'monograph', 'date_monograph_published_online': '2022', 'first_editor': '', 'access_type': 'openaccess', 'source_id': '20.500.12657/53765', 'source_id_type': 'File Handle'}
Record 1163: {'title_id': 'https://library.oapen.org/handle/20.500.12657/59302', 'publication_title': 'Jews and Muslims in London and Amsterdam Conflict and Cooperation, 1990-2020', 'title_url': 'https://patron-academic.thepalaceproject.org/ucdavis/book/https%3A%2F%2Fcdl.edu.thepalaceproject.org%2F110644%2Fworks%2FURI%252Fhttps%253A%252F%252Flibrary.oapen.org%252Fhandle%252F20.500.12657%252F59302', 'first_author': '', 'online_identifier': '', 'publisher_name': 'Taylor & Francis', 'publication_type': 'monograph', 'date_monograph_published_online': '2022', 'first_editor': '', 'access_type': 'openaccess', 'source_id': '20.500.12657/59302', 'source_id_type': 'File Handle'}
Record 1164: {'title_id': 'https://library.oapen.org/handle/20.500.12657/52843', 'publication_title': 'Making Sense of Work Through Collaborative Storytelling Building Narratives in Organisational Change', 'title_url': 'https://patron-academic.thepalaceproject.org/ucdavis/book/https%3A%2F%2Fcdl.edu.thepalaceproject.org%2F110644%2Fworks%2FURI%252Fhttps%253A%252F%252Flibrary.oapen.org%252Fhandle%252F20.500.12657%252F52843', 'first_author': '', 'online_identifier': '', 'publisher_name': 'Springer Nature', 'publication_type': 'monograph', 'date_monograph_published_online': '2022', 'first_editor': '', 'access_type': 'openaccess', 'source_id': '20.500.12657/52843', 'source_id_type': 'File Handle'}
Record 1165: {'title_id': 'https://library.oapen.org/handle/20.500.12657/60565', 'publication_title': 'Tungusic languages Past and present', 'title_url': 'https://patron-academic.thepalaceproject.org/ucdavis/book/https%3A%2F%2Fcdl.edu.thepalaceproject.org%2F110644%2Fworks%2FURI%252Fhttps%253A%252F%252Flibrary.oapen.org%252Fhandle%252F20.500.12657%252F60565', 'first_author': '', 'online_identifier': '', 'publisher_name': 'Language Science Press', 'publication_type': 'monograph', 'date_monograph_published_online': '2022', 'first_editor': 'Hölzl, Andreas', 'access_type': 'openaccess', 'source_id': '20.500.12657/60565', 'source_id_type': 'File Handle'}
Record 1166: {'title_id': 'https://library.oapen.org/handle/20.500.12657/53662', 'publication_title': 'Authorship and Identity in Late Thirteenth-Century Motets', 'title_url': 'https://patron-academic.thepalaceproject.org/ucdavis/book/https%3A%2F%2Fcdl.edu.thepalaceproject.org%2F110644%2Fworks%2FURI%252Fhttps%253A%252F%252Flibrary.oapen.org%252Fhandle%252F20.500.12657%252F53662', 'first_author': 'Bradley, Catherine A.', 'online_identifier': '', 'publisher_name': 'Taylor & Francis', 'publication_type': 'monograph', 'date_monograph_published_online': '2022', 'first_editor': '', 'access_type': 'openaccess', 'source_id': '20.500.12657/53662', 'source_id_type': 'File Handle'}
Record 1167: {'title_id': 'https://library.oapen.org/handle/20.500.12657/53789', 'publication_title': 'Asian Yearbook of International Law, Volume 25 (2019)', 'title_url': 'https://patron-academic.thepalaceproject.org/ucdavis/book/https%3A%2F%2Fcdl.edu.thepalaceproject.org%2F110644%2Fworks%2FURI%252Fhttps%253A%252F%252Flibrary.oapen.org%252Fhandle%252F20.500.12657%252F53789', 'first_author': '', 'online_identifier': '', 'publisher_name': 'Brill', 'publication_type': 'monograph', 'date_monograph_published_online': '2022', 'first_editor': 'Lee, Hee Eun', 'access_type': 'openaccess', 'source_id': '20.500.12657/53789', 'source_id_type': 'File Handle'}
Record 1168: {'title_id': 'https://library.oapen.org/handle/20.500.12657/86594', 'publication_title': 'Critical Storytelling Experiences of Power Abuse in Academia', 'title_url': 'https://patron-academic.thepalaceproject.org/ucdavis/book/https%3A%2F%2Fcdl.edu.thepalaceproject.org%2F110644%2Fworks%2FURI%252Fhttps%253A%252F%252Flibrary.oapen.org%252Fhandle%252F20.500.12657%252F86594', 'first_author': '', 'online_identifier': '', 'publisher_name': 'Brill', 'publication_type': 'monograph', 'date_monograph_published_online': '2022', 'first_editor': 'Hansen, Julie', 'access_type': 'openaccess', 'source_id': '20.500.12657/86594', 'source_id_type': 'File Handle'}
Record 1169: {'title_id': 'https://library.oapen.org/handle/20.500.12657/58897', 'publication_title': 'World History for International Studies', 'title_url': 'https://patron-academic.thepalaceproject.org/ucdavis/book/https%3A%2F%2Fcdl.edu.thepalaceproject.org%2F110644%2Fworks%2FURI%252Fhttps%253A%252F%252Flibrary.oapen.org%252Fhandle%252F20.500.12657%252F58897', 'first_author': '', 'online_identifier': '', 'publisher_name': 'Amsterdam University Press', 'publication_type': 'monograph', 'date_monograph_published_online': '2022', 'first_editor': 'Duyvesteyn, Isabelle', 'access_type': 'openaccess', 'source_id': '20.500.12657/58897', 'source_id_type': 'File Handle'}
Record 1170: {'title_id': 'https://library.oapen.org/handle/20.500.12657/58897', 'publication_title': 'World History for International Studies', 'title_url': 'https://patron-academic.thepalaceproject.org/ucdavis/book/https%3A%2F%2Fcdl.edu.thepalaceproject.org%2F110644%2Fworks%2FURI%252Fhttps%253A%252F%252Flibrary.oapen.org%252Fhandle%252F20.500.12657%252F58897', 'first_author': '', 'online_identifier': '', 'publisher_name': 'Amsterdam University Press', 'publication_type': 'monograph', 'date_monograph_published_online': '2022', 'first_editor': 'Duyvesteyn, Isabelle', 'access_type': 'openaccess', 'source_id': '20.500.12657/58897', 'source_id_type': 'File Handle'}
Record 1171: {'title_id': 'https://library.oapen.org/handle/20.500.12657/54299', 'publication_title': 'Archives, Access and Artificial Intelligence Working with Born-Digital and Digitized Archival Collections', 'title_url': 'https://patron-academic.thepalaceproject.org/ucdavis/book/https%3A%2F%2Fcdl.edu.thepalaceproject.org%2F110644%2Fworks%2FURI%252Fhttps%253A%252F%252Flibrary.oapen.org%252Fhandle%252F20.500.12657%252F54299', 'first_author': 'Jaillant, Lise', 'online_identifier': '', 'publisher_name': 'Bielefeld University Press', 'publication_type': 'monograph', 'date_monograph_published_online': '2022', 'first_editor': '', 'access_type': 'openaccess', 'source_id': '20.500.12657/54299', 'source_id_type': 'File Handle'}
Record 1172: {'title_id': 'https://library.oapen.org/handle/20.500.12657/75534', 'publication_title': 'Upland Geopolitics Postwar Laos and the Global Land Rush', 'title_url': 'https://patron-academic.thepalaceproject.org/ucdavis/book/https%3A%2F%2Fcdl.edu.thepalaceproject.org%2F110644%2Fworks%2FURI%252Fhttps%253A%252F%252Flibrary.oapen.org%252Fhandle%252F20.500.12657%252F75534', 'first_author': 'Dwyer, Michael B.', 'online_identifier': '', 'publisher_name': 'University of Washington Press', 'publication_type': 'monograph', 'date_monograph_published_online': '2022', 'first_editor': '', 'access_type': 'openaccess', 'source_id': '20.500.12657/75534', 'source_id_type': 'File Handle'}
Record 1173: {'title_id': 'https://library.oapen.org/handle/20.500.12657/53422', 'publication_title': 'Harold Garfinkel: Studies of Work in the Sciences', 'title_url': 'https://patron-academic.thepalaceproject.org/ucdavis/book/https%3A%2F%2Fcdl.edu.thepalaceproject.org%2F110644%2Fworks%2FURI%252Fhttps%253A%252F%252Flibrary.oapen.org%252Fhandle%252F20.500.12657%252F53422', 'first_author': '', 'online_identifier': '', 'publisher_name': 'Taylor & Francis', 'publication_type': 'monograph', 'date_monograph_published_online': '2022', 'first_editor': 'Lynch, Michael', 'access_type': 'openaccess', 'source_id': '20.500.12657/53422', 'source_id_type': 'File Handle'}
Record 1174: {'title_id': 'https://library.oapen.org/handle/20.500.12657/53148', 'publication_title': 'Nordic Homicide in Deep Time Lethal Violence in the Early Modern Era and Present Times', 'title_url': 'https://patron-academic.thepalaceproject.org/ucdavis/book/https%3A%2F%2Fcdl.edu.thepalaceproject.org%2F110644%2Fworks%2FURI%252Fhttps%253A%252F%252Flibrary.oapen.org%252Fhandle%252F20.500.12657%252F53148', 'first_author': '', 'online_identifier': '', 'publisher_name': 'Helsinki University Press', 'publication_type': 'monograph', 'date_monograph_published_online': '2022', 'first_editor': '', 'access_type': 'openaccess', 'source_id': '20.500.12657/53148', 'source_id_type': 'File Handle'}
Record 1175: {'title_id': 'https://library.oapen.org/handle/20.500.12657/60219', 'publication_title': 'British Periodicals and Spanish Literature Mapping the Romantic Canon', 'title_url': 'https://patron-academic.thepalaceproject.org/ucdavis/book/https%3A%2F%2Fcdl.edu.thepalaceproject.org%2F110644%2Fworks%2FURI%252Fhttps%253A%252F%252Flibrary.oapen.org%252Fhandle%252F20.500.12657%252F60219', 'first_author': '', 'online_identifier': '', 'publisher_name': 'Peter Lang International Academic Publishers', 'publication_type': 'monograph', 'date_monograph_published_online': '2022', 'first_editor': 'Flores Moreno, Cristina', 'access_type': 'openaccess', 'source_id': '20.500.12657/60219', 'source_id_type': 'File Handle'}
Record 1176: {'title_id': 'https://library.oapen.org/handle/20.500.12657/52413', 'publication_title': 'Green Consensus and High Quality Development CCICED Annual Policy Report 2020', 'title_url': 'https://patron-academic.thepalaceproject.org/ucdavis/book/https%3A%2F%2Fcdl.edu.thepalaceproject.org%2F110644%2Fworks%2FURI%252Fhttps%253A%252F%252Flibrary.oapen.org%252Fhandle%252F20.500.12657%252F52413', 'first_author': '', 'online_identifier': '', 'publisher_name': 'Springer Nature', 'publication_type': 'monograph', 'date_monograph_published_online': '2022', 'first_editor': '', 'access_type': 'openaccess', 'source_id': '20.500.12657/52413', 'source_id_type': 'File Handle'}
Record 1177: {'title_id': 'https://library.oapen.org/handle/20.500.12657/54068', 'publication_title': 'Jahresbericht 2020/2021 | Annual report 2020/2021', 'title_url': 'https://patron-academic.thepalaceproject.org/ucdavis/book/https%3A%2F%2Fcdl.edu.thepalaceproject.org%2F110644%2Fworks%2FURI%252Fhttps%253A%252F%252Flibrary.oapen.org%252Fhandle%252F20.500.12657%252F54068', 'first_author': '', 'online_identifier': '', 'publisher_name': 'Universitätsverlag der Technischen Universität Berlin', 'publication_type': 'monograph', 'date_monograph_published_online': '2022', 'first_editor': '', 'access_type': 'openaccess', 'source_id': '20.500.12657/54068', 'source_id_type': 'File Handle'}
Record 1178: {'title_id': 'https://library.oapen.org/handle/20.500.12657/53574', 'publication_title': 'Pathways for Irregular Forces in Southeast Asia Mitigating Violence with Non-State Armed Groups', 'title_url': 'https://patron-academic.thepalaceproject.org/ucdavis/book/https%3A%2F%2Fcdl.edu.thepalaceproject.org%2F110644%2Fworks%2FURI%252Fhttps%253A%252F%252Flibrary.oapen.org%252Fhandle%252F20.500.12657%252F53574', 'first_author': '', 'online_identifier': '', 'publisher_name': 'Taylor & Francis', 'publication_type': 'monograph', 'date_monograph_published_online': '2022', 'first_editor': 'Arcala Hall, Rosalie', 'access_type': 'openaccess', 'source_id': '20.500.12657/53574', 'source_id_type': 'File Handle'}
Record 1179: {'title_id': 'https://library.oapen.org/handle/20.500.12657/53233', 'publication_title': "Disappearances in Mexico From the 'Dirty War' to the 'War on Drugs'", 'title_url': 'https://patron-academic.thepalaceproject.org/ucdavis/book/https%3A%2F%2Fcdl.edu.thepalaceproject.org%2F110644%2Fworks%2FURI%252Fhttps%253A%252F%252Flibrary.oapen.org%252Fhandle%252F20.500.12657%252F53233', 'first_author': '', 'online_identifier': '', 'publisher_name': 'Taylor & Francis', 'publication_type': 'monograph', 'date_monograph_published_online': '2022', 'first_editor': 'Mandolessi, Silvana', 'access_type': 'openaccess', 'source_id': '20.500.12657/53233', 'source_id_type': 'File Handle'}
Record 1180: {'title_id': 'https://library.oapen.org/handle/20.500.12657/58920', 'publication_title': 'Memory Construction and the Politics of Time in Neoliberal South Korea', 'title_url': 'https://patron-academic.thepalaceproject.org/ucdavis/book/https%3A%2F%2Fcdl.edu.thepalaceproject.org%2F110644%2Fworks%2FURI%252Fhttps%253A%252F%252Flibrary.oapen.org%252Fhandle%252F20.500.12657%252F58920', 'first_author': 'Lee, Namhee', 'online_identifier': '', 'publisher_name': 'Duke University Press', 'publication_type': 'monograph', 'date_monograph_published_online': '2022', 'first_editor': '', 'access_type': 'openaccess', 'source_id': '20.500.12657/58920', 'source_id_type': 'File Handle'}
Record 1181: {'title_id': 'https://library.oapen.org/handle/20.500.12657/54007', 'publication_title': 'Logischer Empirismus, Lebensreform und die deutsche Jugendbewegung Logical Empiricism, Life Reform, and the German Youth Movement', 'title_url': 'https://patron-academic.thepalaceproject.org/ucdavis/book/https%3A%2F%2Fcdl.edu.thepalaceproject.org%2F110644%2Fworks%2FURI%252Fhttps%253A%252F%252Flibrary.oapen.org%252Fhandle%252F20.500.12657%252F54007', 'first_author': '', 'online_identifier': '', 'publisher_name': 'Springer Nature', 'publication_type': 'monograph', 'date_monograph_published_online': '2022', 'first_editor': 'Damböck, Christian', 'access_type': 'openaccess', 'source_id': '20.500.12657/54007', 'source_id_type': 'File Handle'}
Record 1182: {'title_id': 'https://library.oapen.org/handle/20.500.12657/58357', 'publication_title': 'Digital Health Care in Taiwan Innovations of National Health Insurance', 'title_url': 'https://patron-academic.thepalaceproject.org/ucdavis/book/https%3A%2F%2Fcdl.edu.thepalaceproject.org%2F110644%2Fworks%2FURI%252Fhttps%253A%252F%252Flibrary.oapen.org%252Fhandle%252F20.500.12657%252F58357', 'first_author': '', 'online_identifier': '', 'publisher_name': 'Springer Nature', 'publication_type': 'monograph', 'date_monograph_published_online': '2022', 'first_editor': 'Chen, Tzu-Yu', 'access_type': 'openaccess', 'source_id': '20.500.12657/58357', 'source_id_type': 'File Handle'}
Record 1183: {'title_id': 'https://library.oapen.org/handle/20.500.12657/57698', 'publication_title': 'Time-Based Design Paradigms', 'title_url': 'https://patron-academic.thepalaceproject.org/ucdavis/book/https%3A%2F%2Fcdl.edu.thepalaceproject.org%2F110644%2Fworks%2FURI%252Fhttps%253A%252F%252Flibrary.oapen.org%252Fhandle%252F20.500.12657%252F57698', 'first_author': '', 'online_identifier': '', 'publisher_name': 'FrancoAngeli', 'publication_type': 'monograph', 'date_monograph_published_online': '2022', 'first_editor': 'Barbara, Anna', 'access_type': 'openaccess', 'source_id': '20.500.12657/57698', 'source_id_type': 'File Handle'}
Record 1184: {'title_id': 'https://library.oapen.org/handle/20.500.12657/61103', 'publication_title': 'The Concept of Moral Progress', 'title_url': 'https://patron-academic.thepalaceproject.org/ucdavis/book/https%3A%2F%2Fcdl.edu.thepalaceproject.org%2F110644%2Fworks%2FURI%252Fhttps%253A%252F%252Flibrary.oapen.org%252Fhandle%252F20.500.12657%252F61103', 'first_author': 'Albersmeier, Frauke', 'online_identifier': '', 'publisher_name': 'De Gruyter', 'publication_type': 'monograph', 'date_monograph_published_online': '2022', 'first_editor': '', 'access_type': 'openaccess', 'source_id': '20.500.12657/61103', 'source_id_type': 'File Handle'}
Record 1185: {'title_id': 'https://library.oapen.org/handle/20.500.12657/75342', 'publication_title': 'Clachtoll An Iron Age Broch Settlement in Assynt, North-west Scotland', 'title_url': 'https://patron-academic.thepalaceproject.org/ucdavis/book/https%3A%2F%2Fcdl.edu.thepalaceproject.org%2F110644%2Fworks%2FURI%252Fhttps%253A%252F%252Flibrary.oapen.org%252Fhandle%252F20.500.12657%252F75342', 'first_author': 'Cavers, Graeme', 'online_identifier': '', 'publisher_name': 'Oxbow Books', 'publication_type': 'monograph', 'date_monograph_published_online': '2022', 'first_editor': '', 'access_type': 'openaccess', 'source_id': '20.500.12657/75342', 'source_id_type': 'File Handle'}
Record 1186: {'title_id': 'https://library.oapen.org/handle/20.500.12657/57222', 'publication_title': 'Youth and Memory in Europe Defining the Past, Shaping the Future', 'title_url': 'https://patron-academic.thepalaceproject.org/ucdavis/book/https%3A%2F%2Fcdl.edu.thepalaceproject.org%2F110644%2Fworks%2FURI%252Fhttps%253A%252F%252Flibrary.oapen.org%252Fhandle%252F20.500.12657%252F57222', 'first_author': '', 'online_identifier': '', 'publisher_name': 'De Gruyter', 'publication_type': 'monograph', 'date_monograph_published_online': '2022', 'first_editor': 'Friess, Nina', 'access_type': 'openaccess', 'source_id': '20.500.12657/57222', 'source_id_type': 'File Handle'}
Record 1187: {'title_id': 'https://library.oapen.org/handle/20.500.12657/60967', 'publication_title': 'Doing Diversity in Museums and Heritage A Berlin Ethnography', 'title_url': 'https://patron-academic.thepalaceproject.org/ucdavis/book/https%3A%2F%2Fcdl.edu.thepalaceproject.org%2F110644%2Fworks%2FURI%252Fhttps%253A%252F%252Flibrary.oapen.org%252Fhandle%252F20.500.12657%252F60967', 'first_author': 'Macdonald, Sharon', 'online_identifier': '', 'publisher_name': 'transcript Verlag', 'publication_type': 'monograph', 'date_monograph_published_online': '2022', 'first_editor': '', 'access_type': 'openaccess', 'source_id': '20.500.12657/60967', 'source_id_type': 'File Handle'}
Record 1188: {'title_id': 'https://library.oapen.org/handle/20.500.12657/58605', 'publication_title': 'Empire and Environment Ecological Ruin in the Transpacific', 'title_url': 'https://patron-academic.thepalaceproject.org/ucdavis/book/https%3A%2F%2Fcdl.edu.thepalaceproject.org%2F110644%2Fworks%2FURI%252Fhttps%253A%252F%252Flibrary.oapen.org%252Fhandle%252F20.500.12657%252F58605', 'first_author': '', 'online_identifier': '', 'publisher_name': 'University of Michigan Press', 'publication_type': 'monograph', 'date_monograph_published_online': '2022', 'first_editor': 'Amin-Hong, Heidi', 'access_type': 'openaccess', 'source_id': '20.500.12657/58605', 'source_id_type': 'File Handle'}
Record 1189: {'title_id': 'https://library.oapen.org/handle/20.500.12657/56969', 'publication_title': 'Exploring Islamic Social Work Between Community and the Common Good', 'title_url': 'https://patron-academic.thepalaceproject.org/ucdavis/book/https%3A%2F%2Fcdl.edu.thepalaceproject.org%2F110644%2Fworks%2FURI%252Fhttps%253A%252F%252Flibrary.oapen.org%252Fhandle%252F20.500.12657%252F56969', 'first_author': '', 'online_identifier': '', 'publisher_name': 'Springer Nature', 'publication_type': 'monograph', 'date_monograph_published_online': '2022', 'first_editor': 'Schmid, Hansjörg', 'access_type': 'openaccess', 'source_id': '20.500.12657/56969', 'source_id_type': 'File Handle'}
Record 1190: {'title_id': 'https://library.oapen.org/handle/20.500.12657/64085', 'publication_title': 'On Becoming a Scholar What Every New Academic Needs to Know', 'title_url': 'https://patron-academic.thepalaceproject.org/ucdavis/book/https%3A%2F%2Fcdl.edu.thepalaceproject.org%2F110644%2Fworks%2FURI%252Fhttps%253A%252F%252Flibrary.oapen.org%252Fhandle%252F20.500.12657%252F64085', 'first_author': '', 'online_identifier': '', 'publisher_name': 'African Minds', 'publication_type': 'monograph', 'date_monograph_published_online': '2022', 'first_editor': 'Jansen, Jonathan', 'access_type': 'openaccess', 'source_id': '20.500.12657/64085', 'source_id_type': 'File Handle'}
Record 1191: {'title_id': 'https://library.oapen.org/handle/20.500.12657/58626', 'publication_title': 'Anal Incontinence Clinical Management and Surgical Techniques', 'title_url': 'https://patron-academic.thepalaceproject.org/ucdavis/book/https%3A%2F%2Fcdl.edu.thepalaceproject.org%2F110644%2Fworks%2FURI%252Fhttps%253A%252F%252Flibrary.oapen.org%252Fhandle%252F20.500.12657%252F58626', 'first_author': '', 'online_identifier': '', 'publisher_name': 'Springer Nature', 'publication_type': 'monograph', 'date_monograph_published_online': '2022', 'first_editor': 'Brusciano, Luigi', 'access_type': 'openaccess', 'source_id': '20.500.12657/58626', 'source_id_type': 'File Handle'}
Record 1192: {'title_id': 'https://library.oapen.org/handle/20.500.12657/60139', 'publication_title': 'Digital Healthcare and Expertise Mental Health and New Knowledge Practices', 'title_url': 'https://patron-academic.thepalaceproject.org/ucdavis/book/https%3A%2F%2Fcdl.edu.thepalaceproject.org%2F110644%2Fworks%2FURI%252Fhttps%253A%252F%252Flibrary.oapen.org%252Fhandle%252F20.500.12657%252F60139', 'first_author': 'Egher, Claudia', 'online_identifier': '', 'publisher_name': 'Springer Nature', 'publication_type': 'monograph', 'date_monograph_published_online': '2022', 'first_editor': '', 'access_type': 'openaccess', 'source_id': '20.500.12657/60139', 'source_id_type': 'File Handle'}
Record 1193: {'title_id': 'https://library.oapen.org/handle/20.500.12657/54663', 'publication_title': 'Taking a Common Concern Approach to Economic Inequality Implications for (Cooperative) Sovereignty over Corporate Taxation', 'title_url': 'https://patron-academic.thepalaceproject.org/ucdavis/book/https%3A%2F%2Fcdl.edu.thepalaceproject.org%2F110644%2Fworks%2FURI%252Fhttps%253A%252F%252Flibrary.oapen.org%252Fhandle%252F20.500.12657%252F54663', 'first_author': 'D.Beyleveld, Alexander', 'online_identifier': '', 'publisher_name': 'Brill', 'publication_type': 'monograph', 'date_monograph_published_online': '2022', 'first_editor': '', 'access_type': 'openaccess', 'source_id': '20.500.12657/54663', 'source_id_type': 'File Handle'}
Record 1194: {'title_id': 'https://library.oapen.org/handle/20.500.12657/53249', 'publication_title': 'Paternalism to Partnership The Administration of Indian Affairs, 1786–2021', 'title_url': 'https://patron-academic.thepalaceproject.org/ucdavis/book/https%3A%2F%2Fcdl.edu.thepalaceproject.org%2F110644%2Fworks%2FURI%252Fhttps%253A%252F%252Flibrary.oapen.org%252Fhandle%252F20.500.12657%252F53249', 'first_author': 'Dejong, David H.', 'online_identifier': '', 'publisher_name': 'University of Nebraska Press', 'publication_type': 'monograph', 'date_monograph_published_online': '2022', 'first_editor': '', 'access_type': 'openaccess', 'source_id': '20.500.12657/53249', 'source_id_type': 'File Handle'}
Record 1195: {'title_id': 'https://library.oapen.org/handle/20.500.12657/60320', 'publication_title': 'Haste The slow politics of climate urgency', 'title_url': 'https://patron-academic.thepalaceproject.org/ucdavis/book/https%3A%2F%2Fcdl.edu.thepalaceproject.org%2F110644%2Fworks%2FURI%252Fhttps%253A%252F%252Flibrary.oapen.org%252Fhandle%252F20.500.12657%252F60320', 'first_author': '', 'online_identifier': '', 'publisher_name': 'UCL Press', 'publication_type': 'monograph', 'date_monograph_published_online': '2022', 'first_editor': 'Grandin, Jakob', 'access_type': 'openaccess', 'source_id': '20.500.12657/60320', 'source_id_type': 'File Handle'}
Record 1196: {'title_id': 'https://library.oapen.org/handle/20.500.12657/57559', 'publication_title': 'Overcoming the Challenge of Structural Change in Research Organisations A Reflexive Approach to Gender Equality', 'title_url': 'https://patron-academic.thepalaceproject.org/ucdavis/book/https%3A%2F%2Fcdl.edu.thepalaceproject.org%2F110644%2Fworks%2FURI%252Fhttps%253A%252F%252Flibrary.oapen.org%252Fhandle%252F20.500.12657%252F57559', 'first_author': '', 'online_identifier': '', 'publisher_name': 'Emerald Publishing', 'publication_type': 'monograph', 'date_monograph_published_online': '2022', 'first_editor': 'Palmen, Rachel', 'access_type': 'openaccess', 'source_id': '20.500.12657/57559', 'source_id_type': 'File Handle'}
Record 1197: {'title_id': 'https://library.oapen.org/handle/20.500.12657/58896', 'publication_title': 'Proceedings of the 22nd Conference on Formal Methods in Computer-Aided Design – FMCAD 2022', 'title_url': 'https://patron-academic.thepalaceproject.org/ucdavis/book/https%3A%2F%2Fcdl.edu.thepalaceproject.org%2F110644%2Fworks%2FURI%252Fhttps%253A%252F%252Flibrary.oapen.org%252Fhandle%252F20.500.12657%252F58896', 'first_author': '', 'online_identifier': '', 'publisher_name': 'TU Wien Academic Press', 'publication_type': 'monograph', 'date_monograph_published_online': '2022', 'first_editor': 'Griggio, Alberto', 'access_type': 'openaccess', 'source_id': '20.500.12657/58896', 'source_id_type': 'File Handle'}
Record 1198: {'title_id': 'https://library.oapen.org/handle/20.500.12657/53356', 'publication_title': 'Education for Sustaining Peace through Historical Memory', 'title_url': 'https://patron-academic.thepalaceproject.org/ucdavis/book/https%3A%2F%2Fcdl.edu.thepalaceproject.org%2F110644%2Fworks%2FURI%252Fhttps%253A%252F%252Flibrary.oapen.org%252Fhandle%252F20.500.12657%252F53356', 'first_author': 'Schultze-Kraft, Markus', 'online_identifier': '', 'publisher_name': 'Springer Nature', 'publication_type': 'monograph', 'date_monograph_published_online': '2022', 'first_editor': '', 'access_type': 'openaccess', 'source_id': '20.500.12657/53356', 'source_id_type': 'File Handle'}
Record 1199: {'title_id': 'https://library.oapen.org/handle/20.500.12657/54410', 'publication_title': 'A Prodigy of Universal Genius: Robert Leslie Ellis, 1817-1859', 'title_url': 'https://patron-academic.thepalaceproject.org/ucdavis/book/https%3A%2F%2Fcdl.edu.thepalaceproject.org%2F110644%2Fworks%2FURI%252Fhttps%253A%252F%252Flibrary.oapen.org%252Fhandle%252F20.500.12657%252F54410', 'first_author': 'Verburgt, Lukas M.', 'online_identifier': '', 'publisher_name': 'Springer Nature', 'publication_type': 'monograph', 'date_monograph_published_online': '2022', 'first_editor': '', 'access_type': 'openaccess', 'source_id': '20.500.12657/54410', 'source_id_type': 'File Handle'}
Record 1200: {'title_id': 'https://library.oapen.org/handle/20.500.12657/57675', 'publication_title': 'Land, Life, and Emotional Landscapes at the Margins of Bangladesh', 'title_url': 'https://patron-academic.thepalaceproject.org/ucdavis/book/https%3A%2F%2Fcdl.edu.thepalaceproject.org%2F110644%2Fworks%2FURI%252Fhttps%253A%252F%252Flibrary.oapen.org%252Fhandle%252F20.500.12657%252F57675', 'first_author': 'Hölzle, Éva Rozália', 'online_identifier': '', 'publisher_name': 'Amsterdam University Press', 'publication_type': 'monograph', 'date_monograph_published_online': '2022', 'first_editor': '', 'access_type': 'openaccess', 'source_id': '20.500.12657/57675', 'source_id_type': 'File Handle'}
Record 1201: {'title_id': 'https://library.oapen.org/handle/20.500.12657/60222', 'publication_title': 'Chance Encounters A Bioethics for a Damaged Planet', 'title_url': 'https://patron-academic.thepalaceproject.org/ucdavis/book/https%3A%2F%2Fcdl.edu.thepalaceproject.org%2F110644%2Fworks%2FURI%252Fhttps%253A%252F%252Flibrary.oapen.org%252Fhandle%252F20.500.12657%252F60222', 'first_author': 'Hens, Kristien', 'online_identifier': '', 'publisher_name': 'Open Book Publishers', 'publication_type': 'monograph', 'date_monograph_published_online': '2022', 'first_editor': '', 'access_type': 'openaccess', 'source_id': '20.500.12657/60222', 'source_id_type': 'File Handle'}
Record 1202: {'title_id': 'https://library.oapen.org/handle/20.500.12657/59071', 'publication_title': 'Go Online! Reconfiguring Writing Courses for the New, Virtual World', 'title_url': 'https://patron-academic.thepalaceproject.org/ucdavis/book/https%3A%2F%2Fcdl.edu.thepalaceproject.org%2F110644%2Fworks%2FURI%252Fhttps%253A%252F%252Flibrary.oapen.org%252Fhandle%252F20.500.12657%252F59071', 'first_author': '', 'online_identifier': '', 'publisher_name': 'Peter Lang International Academic Publishers', 'publication_type': 'monograph', 'date_monograph_published_online': '2022', 'first_editor': 'Gray-Rosendale, Laura', 'access_type': 'openaccess', 'source_id': '20.500.12657/59071', 'source_id_type': 'File Handle'}
Record 1203: {'title_id': 'https://library.oapen.org/handle/20.500.12657/52656', 'publication_title': 'Contested Legitimacies Repression and Revolt in Post-Revolutionary Egypt', 'title_url': 'https://patron-academic.thepalaceproject.org/ucdavis/book/https%3A%2F%2Fcdl.edu.thepalaceproject.org%2F110644%2Fworks%2FURI%252Fhttps%253A%252F%252Flibrary.oapen.org%252Fhandle%252F20.500.12657%252F52656', 'first_author': 'Grimm, Jannis Julien', 'online_identifier': '', 'publisher_name': 'Amsterdam University Press', 'publication_type': 'monograph', 'date_monograph_published_online': '2022', 'first_editor': '', 'access_type': 'openaccess', 'source_id': '20.500.12657/52656', 'source_id_type': 'File Handle'}
Record 1204: {'title_id': 'https://library.oapen.org/handle/20.500.12657/58622', 'publication_title': 'The Institutions of Programmatic Action Policy Programs in French and German Health Policy', 'title_url': 'https://patron-academic.thepalaceproject.org/ucdavis/book/https%3A%2F%2Fcdl.edu.thepalaceproject.org%2F110644%2Fworks%2FURI%252Fhttps%253A%252F%252Flibrary.oapen.org%252Fhandle%252F20.500.12657%252F58622', 'first_author': 'Hornung, Johanna', 'online_identifier': '', 'publisher_name': 'Springer Nature', 'publication_type': 'monograph', 'date_monograph_published_online': '2022', 'first_editor': '', 'access_type': 'openaccess', 'source_id': '20.500.12657/58622', 'source_id_type': 'File Handle'}
Record 1205: {'title_id': 'https://library.oapen.org/handle/20.500.12657/62542', 'publication_title': 'China in the World Culture, Politics, and World Vision', 'title_url': 'https://patron-academic.thepalaceproject.org/ucdavis/book/https%3A%2F%2Fcdl.edu.thepalaceproject.org%2F110644%2Fworks%2FURI%252Fhttps%253A%252F%252Flibrary.oapen.org%252Fhandle%252F20.500.12657%252F62542', 'first_author': 'Wang, Ban', 'online_identifier': '', 'publisher_name': 'Duke University Press', 'publication_type': 'monograph', 'date_monograph_published_online': '2022', 'first_editor': '', 'access_type': 'openaccess', 'source_id': '20.500.12657/62542', 'source_id_type': 'File Handle'}
Record 1206: {'title_id': 'https://library.oapen.org/handle/20.500.12657/59184', 'publication_title': 'Homo Mimeticus A New Theory of Imitation', 'title_url': 'https://patron-academic.thepalaceproject.org/ucdavis/book/https%3A%2F%2Fcdl.edu.thepalaceproject.org%2F110644%2Fworks%2FURI%252Fhttps%253A%252F%252Flibrary.oapen.org%252Fhandle%252F20.500.12657%252F59184', 'first_author': 'Lawtoo, Nidesh', 'online_identifier': '', 'publisher_name': 'Leuven University Press', 'publication_type': 'monograph', 'date_monograph_published_online': '2022', 'first_editor': '', 'access_type': 'openaccess', 'source_id': '20.500.12657/59184', 'source_id_type': 'File Handle'}
Record 1207: {'title_id': 'https://library.oapen.org/handle/20.500.12657/87758', 'publication_title': 'Access to Power Electricity and the Infrastructural State in Pakistan', 'title_url': 'https://patron-academic.thepalaceproject.org/ucdavis/book/https%3A%2F%2Fcdl.edu.thepalaceproject.org%2F110644%2Fworks%2FURI%252Fhttps%253A%252F%252Flibrary.oapen.org%252Fhandle%252F20.500.12657%252F87758', 'first_author': 'Naqvi, Ijlal', 'online_identifier': '', 'publisher_name': 'Oxford University Press', 'publication_type': 'monograph', 'date_monograph_published_online': '2022', 'first_editor': '', 'access_type': 'openaccess', 'source_id': '20.500.12657/87758', 'source_id_type': 'File Handle'}
Record 1208: {'title_id': 'https://library.oapen.org/handle/20.500.12657/58630', 'publication_title': 'Hepatocellular Carcinoma', 'title_url': 'https://patron-academic.thepalaceproject.org/ucdavis/book/https%3A%2F%2Fcdl.edu.thepalaceproject.org%2F110644%2Fworks%2FURI%252Fhttps%253A%252F%252Flibrary.oapen.org%252Fhandle%252F20.500.12657%252F58630', 'first_author': 'Ettorre, Giuseppe Maria', 'online_identifier': '', 'publisher_name': 'Springer Nature', 'publication_type': 'monograph', 'date_monograph_published_online': '2022', 'first_editor': '', 'access_type': 'openaccess', 'source_id': '20.500.12657/58630', 'source_id_type': 'File Handle'}
Record 1209: {'title_id': 'https://library.oapen.org/handle/20.500.12657/57373', 'publication_title': 'Improving Oncology Worldwide Education, Clinical Research and Global Cancer Care', 'title_url': 'https://patron-academic.thepalaceproject.org/ucdavis/book/https%3A%2F%2Fcdl.edu.thepalaceproject.org%2F110644%2Fworks%2FURI%252Fhttps%253A%252F%252Flibrary.oapen.org%252Fhandle%252F20.500.12657%252F57373', 'first_author': 'Schmidt-Straßburger, Uta', 'online_identifier': '', 'publisher_name': 'Springer Nature', 'publication_type': 'monograph', 'date_monograph_published_online': '2022', 'first_editor': '', 'access_type': 'openaccess', 'source_id': '20.500.12657/57373', 'source_id_type': 'File Handle'}
Record 1210: {'title_id': 'https://library.oapen.org/handle/20.500.12657/59357', 'publication_title': 'How Can we Use Simulation to Improve Competencies in Nursing?', 'title_url': 'https://patron-academic.thepalaceproject.org/ucdavis/book/https%3A%2F%2Fcdl.edu.thepalaceproject.org%2F110644%2Fworks%2FURI%252Fhttps%253A%252F%252Flibrary.oapen.org%252Fhandle%252F20.500.12657%252F59357', 'first_author': '', 'online_identifier': '', 'publisher_name': 'Springer Nature', 'publication_type': 'monograph', 'date_monograph_published_online': '2022', 'first_editor': 'Akselbo, Iben', 'access_type': 'openaccess', 'source_id': '20.500.12657/59357', 'source_id_type': 'File Handle'}
Record 1211: {'title_id': 'https://library.oapen.org/handle/20.500.12657/60151', 'publication_title': 'AI in Learning: Designing the Future', 'title_url': 'https://patron-academic.thepalaceproject.org/ucdavis/book/https%3A%2F%2Fcdl.edu.thepalaceproject.org%2F110644%2Fworks%2FURI%252Fhttps%253A%252F%252Flibrary.oapen.org%252Fhandle%252F20.500.12657%252F60151', 'first_author': '', 'online_identifier': '', 'publisher_name': 'Springer Nature', 'publication_type': 'monograph', 'date_monograph_published_online': '2022', 'first_editor': 'Lu, Yu', 'access_type': 'openaccess', 'source_id': '20.500.12657/60151', 'source_id_type': 'File Handle'}
Record 1212: {'title_id': 'https://library.oapen.org/handle/20.500.12657/58021', 'publication_title': 'Nordic Design Cultures in Transformation, 1960–1980 Revolt and Resilience', 'title_url': 'https://patron-academic.thepalaceproject.org/ucdavis/book/https%3A%2F%2Fcdl.edu.thepalaceproject.org%2F110644%2Fworks%2FURI%252Fhttps%253A%252F%252Flibrary.oapen.org%252Fhandle%252F20.500.12657%252F58021', 'first_author': '', 'online_identifier': '', 'publisher_name': 'Taylor & Francis', 'publication_type': 'monograph', 'date_monograph_published_online': '2022', 'first_editor': 'Fallan, Kjetil', 'access_type': 'openaccess', 'source_id': '20.500.12657/58021', 'source_id_type': 'File Handle'}
Record 1213: {'title_id': 'https://library.oapen.org/handle/20.500.12657/58458', 'publication_title': 'Performance Analysis and Capacity Planning of Multi-stage Stochastic Order Fulfilment Systems with Levelled Order Release and Order Deadlines', 'title_url': 'https://patron-academic.thepalaceproject.org/ucdavis/book/https%3A%2F%2Fcdl.edu.thepalaceproject.org%2F110644%2Fworks%2FURI%252Fhttps%253A%252F%252Flibrary.oapen.org%252Fhandle%252F20.500.12657%252F58458', 'first_author': 'Mohring, Uta', 'online_identifier': '', 'publisher_name': 'KIT Scientific Publishing', 'publication_type': 'monograph', 'date_monograph_published_online': '2022', 'first_editor': '', 'access_type': 'openaccess', 'source_id': '20.500.12657/58458', 'source_id_type': 'File Handle'}
Record 1214: {'title_id': 'https://library.oapen.org/handle/20.500.12657/57588', 'publication_title': 'Modelling and Optimization of Wave Energy Converters', 'title_url': 'https://patron-academic.thepalaceproject.org/ucdavis/book/https%3A%2F%2Fcdl.edu.thepalaceproject.org%2F110644%2Fworks%2FURI%252Fhttps%253A%252F%252Flibrary.oapen.org%252Fhandle%252F20.500.12657%252F57588', 'first_author': '', 'online_identifier': '', 'publisher_name': 'Taylor & Francis', 'publication_type': 'monograph', 'date_monograph_published_online': '2022', 'first_editor': 'Ding, Boyin', 'access_type': 'openaccess', 'source_id': '20.500.12657/57588', 'source_id_type': 'File Handle'}
Record 1215: {'title_id': 'https://library.oapen.org/handle/20.500.12657/59462', 'publication_title': 'Viral Lobbying Strategies, Access and Influence During the COVID-19 Pandemic', 'title_url': 'https://patron-academic.thepalaceproject.org/ucdavis/book/https%3A%2F%2Fcdl.edu.thepalaceproject.org%2F110644%2Fworks%2FURI%252Fhttps%253A%252F%252Flibrary.oapen.org%252Fhandle%252F20.500.12657%252F59462', 'first_author': '', 'online_identifier': '', 'publisher_name': 'De Gruyter', 'publication_type': 'monograph', 'date_monograph_published_online': '2022', 'first_editor': '', 'access_type': 'openaccess', 'source_id': '20.500.12657/59462', 'source_id_type': 'File Handle'}
Record 1216: {'title_id': 'https://library.oapen.org/handle/20.500.12657/61994', 'publication_title': 'Towards a Democratic Franchise Suffrage Reform in the Twentieth-Century Bahamas', 'title_url': 'https://patron-academic.thepalaceproject.org/ucdavis/book/https%3A%2F%2Fcdl.edu.thepalaceproject.org%2F110644%2Fworks%2FURI%252Fhttps%253A%252F%252Flibrary.oapen.org%252Fhandle%252F20.500.12657%252F61994', 'first_author': '', 'online_identifier': '', 'publisher_name': 'Max Planck Institute for Legal History and Legal Theory', 'publication_type': 'monograph', 'date_monograph_published_online': '2022', 'first_editor': 'Auer, Marietta', 'access_type': 'openaccess', 'source_id': '20.500.12657/61994', 'source_id_type': 'File Handle'}
Record 1217: {'title_id': 'https://library.oapen.org/handle/20.500.12657/57676', 'publication_title': 'The Humanities and the Modern Politics of Knowledge The Impact and Organization of the Humanities in Sweden, 1850-2020', 'title_url': 'https://patron-academic.thepalaceproject.org/ucdavis/book/https%3A%2F%2Fcdl.edu.thepalaceproject.org%2F110644%2Fworks%2FURI%252Fhttps%253A%252F%252Flibrary.oapen.org%252Fhandle%252F20.500.12657%252F57676', 'first_author': '', 'online_identifier': '', 'publisher_name': 'Amsterdam University Press', 'publication_type': 'monograph', 'date_monograph_published_online': '2022', 'first_editor': 'Ekström, Anders', 'access_type': 'openaccess', 'source_id': '20.500.12657/57676', 'source_id_type': 'File Handle'}
Record 1218: {'title_id': 'https://library.oapen.org/handle/20.500.12657/57906', 'publication_title': 'Emotions in Korean Philosophy and Religion Confucian, Comparative, and Contemporary Perspectives', 'title_url': 'https://patron-academic.thepalaceproject.org/ucdavis/book/https%3A%2F%2Fcdl.edu.thepalaceproject.org%2F110644%2Fworks%2FURI%252Fhttps%253A%252F%252Flibrary.oapen.org%252Fhandle%252F20.500.12657%252F57906', 'first_author': '', 'online_identifier': '', 'publisher_name': 'Springer Nature', 'publication_type': 'monograph', 'date_monograph_published_online': '2022', 'first_editor': 'Chung, Edward Y. J.', 'access_type': 'openaccess', 'source_id': '20.500.12657/57906', 'source_id_type': 'File Handle'}
Record 1219: {'title_id': 'https://library.oapen.org/handle/20.500.12657/88411', 'publication_title': 'Why We Sing: Music, Word, and Liturgy in Early Christianity Essays in Honour of Anders Ekenberg’s 75th Birthday', 'title_url': 'https://patron-academic.thepalaceproject.org/ucdavis/book/https%3A%2F%2Fcdl.edu.thepalaceproject.org%2F110644%2Fworks%2FURI%252Fhttps%253A%252F%252Flibrary.oapen.org%252Fhandle%252F20.500.12657%252F88411', 'first_author': '', 'online_identifier': '', 'publisher_name': 'Brill', 'publication_type': 'monograph', 'date_monograph_published_online': '2022', 'first_editor': 'Berglund, Carl Johan', 'access_type': 'openaccess', 'source_id': '20.500.12657/88411', 'source_id_type': 'File Handle'}
Record 1220: {'title_id': 'https://library.oapen.org/handle/20.500.12657/57957', 'publication_title': 'Embracing Analytics in the Drinking Water Industry', 'title_url': 'https://patron-academic.thepalaceproject.org/ucdavis/book/https%3A%2F%2Fcdl.edu.thepalaceproject.org%2F110644%2Fworks%2FURI%252Fhttps%253A%252F%252Flibrary.oapen.org%252Fhandle%252F20.500.12657%252F57957', 'first_author': 'Lee, Juneseok', 'online_identifier': '', 'publisher_name': 'IWA Publishing', 'publication_type': 'monograph', 'date_monograph_published_online': '2022', 'first_editor': '', 'access_type': 'openaccess', 'source_id': '20.500.12657/57957', 'source_id_type': 'File Handle'}
Record 1221: {'title_id': 'https://library.oapen.org/handle/20.500.12657/61118', 'publication_title': 'We, the City Plurality and Resistance in Berlin and Istanbul', 'title_url': 'https://patron-academic.thepalaceproject.org/ucdavis/book/https%3A%2F%2Fcdl.edu.thepalaceproject.org%2F110644%2Fworks%2FURI%252Fhttps%253A%252F%252Flibrary.oapen.org%252Fhandle%252F20.500.12657%252F61118', 'first_author': '', 'online_identifier': '', 'publisher_name': 'De Gruyter', 'publication_type': 'monograph', 'date_monograph_published_online': '2022', 'first_editor': 'Woźniak, Urszula Ewa', 'access_type': 'openaccess', 'source_id': '20.500.12657/61118', 'source_id_type': 'File Handle'}
Record 1222: {'title_id': 'https://library.oapen.org/handle/20.500.12657/86443', 'publication_title': 'Astrophysics, Astronomy and Space Sciences in the History of the Max Planck Society', 'title_url': 'https://patron-academic.thepalaceproject.org/ucdavis/book/https%3A%2F%2Fcdl.edu.thepalaceproject.org%2F110644%2Fworks%2FURI%252Fhttps%253A%252F%252Flibrary.oapen.org%252Fhandle%252F20.500.12657%252F86443', 'first_author': '', 'online_identifier': '', 'publisher_name': 'Brill', 'publication_type': 'monograph', 'date_monograph_published_online': '2022', 'first_editor': '', 'access_type': 'openaccess', 'source_id': '20.500.12657/86443', 'source_id_type': 'File Handle'}
Record 1223: {'title_id': 'https://library.oapen.org/handle/20.500.12657/57237', 'publication_title': 'Coping with Urban Climates Comparative Perspectives on Architecture and Thermal Governance', 'title_url': 'https://patron-academic.thepalaceproject.org/ucdavis/book/https%3A%2F%2Fcdl.edu.thepalaceproject.org%2F110644%2Fworks%2FURI%252Fhttps%253A%252F%252Flibrary.oapen.org%252Fhandle%252F20.500.12657%252F57237', 'first_author': '', 'online_identifier': '', 'publisher_name': 'De Gruyter', 'publication_type': 'monograph', 'date_monograph_published_online': '2022', 'first_editor': 'Kobi, Madlen', 'access_type': 'openaccess', 'source_id': '20.500.12657/57237', 'source_id_type': 'File Handle'}
Record 1224: {'title_id': 'https://library.oapen.org/handle/20.500.12657/52819', 'publication_title': 'Forms of List-Making: Epistemic, Literary, and Visual Enumeration', 'title_url': 'https://patron-academic.thepalaceproject.org/ucdavis/book/https%3A%2F%2Fcdl.edu.thepalaceproject.org%2F110644%2Fworks%2FURI%252Fhttps%253A%252F%252Flibrary.oapen.org%252Fhandle%252F20.500.12657%252F52819', 'first_author': '', 'online_identifier': '', 'publisher_name': 'Springer Nature', 'publication_type': 'monograph', 'date_monograph_published_online': '2022', 'first_editor': 'Barton, Roman Alexander', 'access_type': 'openaccess', 'source_id': '20.500.12657/52819', 'source_id_type': 'File Handle'}
Record 1225: {'title_id': 'https://library.oapen.org/handle/20.500.12657/53088', 'publication_title': 'Understanding the Rights of Nature A Critical Introduction', 'title_url': 'https://patron-academic.thepalaceproject.org/ucdavis/book/https%3A%2F%2Fcdl.edu.thepalaceproject.org%2F110644%2Fworks%2FURI%252Fhttps%253A%252F%252Flibrary.oapen.org%252Fhandle%252F20.500.12657%252F53088', 'first_author': 'Tanasescu, Mihnea', 'online_identifier': '', 'publisher_name': 'transcript Verlag', 'publication_type': 'monograph', 'date_monograph_published_online': '2022', 'first_editor': '', 'access_type': 'openaccess', 'source_id': '20.500.12657/53088', 'source_id_type': 'File Handle'}
Record 1226: {'title_id': 'https://library.oapen.org/handle/20.500.12657/59291', 'publication_title': 'Hunting Nature Ivan Turgenev and the Organic World', 'title_url': 'https://patron-academic.thepalaceproject.org/ucdavis/book/https%3A%2F%2Fcdl.edu.thepalaceproject.org%2F110644%2Fworks%2FURI%252Fhttps%253A%252F%252Flibrary.oapen.org%252Fhandle%252F20.500.12657%252F59291', 'first_author': 'Hodge, Thomas P.', 'online_identifier': '', 'publisher_name': 'Academic Studies Press', 'publication_type': 'monograph', 'date_monograph_published_online': '2022', 'first_editor': '', 'access_type': 'openaccess', 'source_id': '20.500.12657/59291', 'source_id_type': 'File Handle'}
Record 1227: {'title_id': 'https://library.oapen.org/handle/20.500.12657/61091', 'publication_title': 'Exhibiting the Past Public Histories of Education', 'title_url': 'https://patron-academic.thepalaceproject.org/ucdavis/book/https%3A%2F%2Fcdl.edu.thepalaceproject.org%2F110644%2Fworks%2FURI%252Fhttps%253A%252F%252Flibrary.oapen.org%252Fhandle%252F20.500.12657%252F61091', 'first_author': '', 'online_identifier': '', 'publisher_name': 'De Gruyter', 'publication_type': 'monograph', 'date_monograph_published_online': '2022', 'first_editor': 'Braster, Sjaak', 'access_type': 'openaccess', 'source_id': '20.500.12657/61091', 'source_id_type': 'File Handle'}
Record 1228: {'title_id': 'https://library.oapen.org/handle/20.500.12657/58953', 'publication_title': 'CPC Futures The New Era of Socialism with Chinese Characteristics', 'title_url': 'https://patron-academic.thepalaceproject.org/ucdavis/book/https%3A%2F%2Fcdl.edu.thepalaceproject.org%2F110644%2Fworks%2FURI%252Fhttps%253A%252F%252Flibrary.oapen.org%252Fhandle%252F20.500.12657%252F58953', 'first_author': '', 'online_identifier': '', 'publisher_name': 'National University of Singapore Press', 'publication_type': 'monograph', 'date_monograph_published_online': '2022', 'first_editor': 'Hofman, Bert', 'access_type': 'openaccess', 'source_id': '20.500.12657/58953', 'source_id_type': 'File Handle'}
Record 1229: {'title_id': 'https://library.oapen.org/handle/20.500.12657/60764', 'publication_title': 'Research Methods in Deliberative Democracy', 'title_url': 'https://patron-academic.thepalaceproject.org/ucdavis/book/https%3A%2F%2Fcdl.edu.thepalaceproject.org%2F110644%2Fworks%2FURI%252Fhttps%253A%252F%252Flibrary.oapen.org%252Fhandle%252F20.500.12657%252F60764', 'first_author': '', 'online_identifier': '', 'publisher_name': 'Oxford University Press', 'publication_type': 'monograph', 'date_monograph_published_online': '2022', 'first_editor': 'Asenbaum, Hans', 'access_type': 'openaccess', 'source_id': '20.500.12657/60764', 'source_id_type': 'File Handle'}
Record 1230: {'title_id': 'https://library.oapen.org/handle/20.500.12657/61347', 'publication_title': 'Mobility Design Shaping Future MobilityVolume 1: Practice', 'title_url': 'https://patron-academic.thepalaceproject.org/ucdavis/book/https%3A%2F%2Fcdl.edu.thepalaceproject.org%2F110644%2Fworks%2FURI%252Fhttps%253A%252F%252Flibrary.oapen.org%252Fhandle%252F20.500.12657%252F61347', 'first_author': '', 'online_identifier': '', 'publisher_name': 'De Gruyter', 'publication_type': 'monograph', 'date_monograph_published_online': '2022', 'first_editor': 'Eckart, Peter', 'access_type': 'openaccess', 'source_id': '20.500.12657/61347', 'source_id_type': 'File Handle'}
Record 1231: {'title_id': 'https://library.oapen.org/handle/20.500.12657/86433', 'publication_title': 'A Poetic History of the Oceans Literature and Maritime Modernity', 'title_url': 'https://patron-academic.thepalaceproject.org/ucdavis/book/https%3A%2F%2Fcdl.edu.thepalaceproject.org%2F110644%2Fworks%2FURI%252Fhttps%253A%252F%252Flibrary.oapen.org%252Fhandle%252F20.500.12657%252F86433', 'first_author': 'Frank, Søren', 'online_identifier': '', 'publisher_name': 'Brill', 'publication_type': 'monograph', 'date_monograph_published_online': '2022', 'first_editor': '', 'access_type': 'openaccess', 'source_id': '20.500.12657/86433', 'source_id_type': 'File Handle'}
Record 1232: {'title_id': 'https://library.oapen.org/handle/20.500.12657/59620', 'publication_title': 'Gamification for Innovators and Entrepreneurs Using Games to Drive Innovation and Facilitate Learning', 'title_url': 'https://patron-academic.thepalaceproject.org/ucdavis/book/https%3A%2F%2Fcdl.edu.thepalaceproject.org%2F110644%2Fworks%2FURI%252Fhttps%253A%252F%252Flibrary.oapen.org%252Fhandle%252F20.500.12657%252F59620', 'first_author': '', 'online_identifier': '', 'publisher_name': 'De Gruyter', 'publication_type': 'monograph', 'date_monograph_published_online': '2022', 'first_editor': '', 'access_type': 'openaccess', 'source_id': '20.500.12657/59620', 'source_id_type': 'File Handle'}
Record 1233: {'title_id': 'https://library.oapen.org/handle/20.500.12657/60135', 'publication_title': 'Remembering African Labor Migration to the Second World Socialist Mobilities between Angola, Mozambique, and East Germany', 'title_url': 'https://patron-academic.thepalaceproject.org/ucdavis/book/https%3A%2F%2Fcdl.edu.thepalaceproject.org%2F110644%2Fworks%2FURI%252Fhttps%253A%252F%252Flibrary.oapen.org%252Fhandle%252F20.500.12657%252F60135', 'first_author': 'Schenck, Marcia C.', 'online_identifier': '', 'publisher_name': 'Springer Nature', 'publication_type': 'monograph', 'date_monograph_published_online': '2022', 'first_editor': '', 'access_type': 'openaccess', 'source_id': '20.500.12657/60135', 'source_id_type': 'File Handle'}
Record 1234: {'title_id': 'https://library.oapen.org/handle/20.500.12657/60194', 'publication_title': 'Sustainable Qatar Social, Political and Environmental Perspectives', 'title_url': 'https://patron-academic.thepalaceproject.org/ucdavis/book/https%3A%2F%2Fcdl.edu.thepalaceproject.org%2F110644%2Fworks%2FURI%252Fhttps%253A%252F%252Flibrary.oapen.org%252Fhandle%252F20.500.12657%252F60194', 'first_author': '', 'online_identifier': '', 'publisher_name': 'Springer Nature', 'publication_type': 'monograph', 'date_monograph_published_online': '2022', 'first_editor': 'Al-Hababi, Reem', 'access_type': 'openaccess', 'source_id': '20.500.12657/60194', 'source_id_type': 'File Handle'}
Record 1235: {'title_id': 'https://library.oapen.org/handle/20.500.12657/60719', 'publication_title': "The Developer's Dilemma Structural Transformation, Inequality Dynamics, and Inclusive Growth", 'title_url': 'https://patron-academic.thepalaceproject.org/ucdavis/book/https%3A%2F%2Fcdl.edu.thepalaceproject.org%2F110644%2Fworks%2FURI%252Fhttps%253A%252F%252Flibrary.oapen.org%252Fhandle%252F20.500.12657%252F60719', 'first_author': '', 'online_identifier': '', 'publisher_name': 'Oxford University Press', 'publication_type': 'monograph', 'date_monograph_published_online': '2022', 'first_editor': 'Alisjahbana, Armida Salsiah', 'access_type': 'openaccess', 'source_id': '20.500.12657/60719', 'source_id_type': 'File Handle'}
Record 1236: {'title_id': 'https://library.oapen.org/handle/20.500.12657/52409', 'publication_title': 'The Asian 21st Century', 'title_url': 'https://patron-academic.thepalaceproject.org/ucdavis/book/https%3A%2F%2Fcdl.edu.thepalaceproject.org%2F110644%2Fworks%2FURI%252Fhttps%253A%252F%252Flibrary.oapen.org%252Fhandle%252F20.500.12657%252F52409', 'first_author': 'Mahbubani, Kishore', 'online_identifier': '', 'publisher_name': 'Springer Nature', 'publication_type': 'monograph', 'date_monograph_published_online': '2022', 'first_editor': '', 'access_type': 'openaccess', 'source_id': '20.500.12657/52409', 'source_id_type': 'File Handle'}
Record 1237: {'title_id': 'https://library.oapen.org/handle/20.500.12657/57034', 'publication_title': 'How to Build a Modern Tontine Algorithms, Scripts and Tips', 'title_url': 'https://patron-academic.thepalaceproject.org/ucdavis/book/https%3A%2F%2Fcdl.edu.thepalaceproject.org%2F110644%2Fworks%2FURI%252Fhttps%253A%252F%252Flibrary.oapen.org%252Fhandle%252F20.500.12657%252F57034', 'first_author': 'Milevsky, Moshe Arye', 'online_identifier': '', 'publisher_name': 'Springer Nature', 'publication_type': 'monograph', 'date_monograph_published_online': '2022', 'first_editor': '', 'access_type': 'openaccess', 'source_id': '20.500.12657/57034', 'source_id_type': 'File Handle'}
Record 1238: {'title_id': 'https://library.oapen.org/handle/20.500.12657/59457', 'publication_title': 'When Tibetan Meditation Goes Global A Study of the Adaptation of Bon Religious Practices in the West', 'title_url': 'https://patron-academic.thepalaceproject.org/ucdavis/book/https%3A%2F%2Fcdl.edu.thepalaceproject.org%2F110644%2Fworks%2FURI%252Fhttps%253A%252F%252Flibrary.oapen.org%252Fhandle%252F20.500.12657%252F59457', 'first_author': 'Arizaga, Mara Lisa', 'online_identifier': '', 'publisher_name': 'De Gruyter', 'publication_type': 'monograph', 'date_monograph_published_online': '2022', 'first_editor': '', 'access_type': 'openaccess', 'source_id': '20.500.12657/59457', 'source_id_type': 'File Handle'}
Record 1239: {'title_id': 'https://library.oapen.org/handle/20.500.12657/62566', 'publication_title': 'Cities for talent Good practices for internationalisation in medium-sized European cities', 'title_url': 'https://patron-academic.thepalaceproject.org/ucdavis/book/https%3A%2F%2Fcdl.edu.thepalaceproject.org%2F110644%2Fworks%2FURI%252Fhttps%253A%252F%252Flibrary.oapen.org%252Fhandle%252F20.500.12657%252F62566', 'first_author': '', 'online_identifier': '', 'publisher_name': 'University of Groningen Press', 'publication_type': 'monograph', 'date_monograph_published_online': '2022', 'first_editor': 'Counihan, Marian', 'access_type': 'openaccess', 'source_id': '20.500.12657/62566', 'source_id_type': 'File Handle'}
Record 1240: {'title_id': 'https://library.oapen.org/handle/20.500.12657/62860', 'publication_title': 'Between Ostrogothic and Carolingian Italy Survivals, revivals, ruptures', 'title_url': 'https://patron-academic.thepalaceproject.org/ucdavis/book/https%3A%2F%2Fcdl.edu.thepalaceproject.org%2F110644%2Fworks%2FURI%252Fhttps%253A%252F%252Flibrary.oapen.org%252Fhandle%252F20.500.12657%252F62860', 'first_author': 'Oppedisano, Fabrizio', 'online_identifier': '', 'publisher_name': 'Firenze University Press', 'publication_type': 'monograph', 'date_monograph_published_online': '2022', 'first_editor': '', 'access_type': 'openaccess', 'source_id': '20.500.12657/62860', 'source_id_type': 'File Handle'}
Record 1241: {'title_id': 'https://library.oapen.org/handle/20.500.12657/58152', 'publication_title': 'An Outline of Romanticism in the West', 'title_url': 'https://patron-academic.thepalaceproject.org/ucdavis/book/https%3A%2F%2Fcdl.edu.thepalaceproject.org%2F110644%2Fworks%2FURI%252Fhttps%253A%252F%252Flibrary.oapen.org%252Fhandle%252F20.500.12657%252F58152', 'first_author': 'Isbell, John Claiborne', 'online_identifier': '', 'publisher_name': 'Open Book Publishers', 'publication_type': 'monograph', 'date_monograph_published_online': '2022', 'first_editor': '', 'access_type': 'openaccess', 'source_id': '20.500.12657/58152', 'source_id_type': 'File Handle'}
Record 1242: {'title_id': 'https://library.oapen.org/handle/20.500.12657/59638', 'publication_title': 'Working At Night The Temporal Organisation of Labour Across Political and Economic Regimes', 'title_url': 'https://patron-academic.thepalaceproject.org/ucdavis/book/https%3A%2F%2Fcdl.edu.thepalaceproject.org%2F110644%2Fworks%2FURI%252Fhttps%253A%252F%252Flibrary.oapen.org%252Fhandle%252F20.500.12657%252F59638', 'first_author': '', 'online_identifier': '', 'publisher_name': 'De Gruyter', 'publication_type': 'monograph', 'date_monograph_published_online': '2022', 'first_editor': 'Duijzings, Ger', 'access_type': 'openaccess', 'source_id': '20.500.12657/59638', 'source_id_type': 'File Handle'}
Record 1243: {'title_id': 'https://library.oapen.org/handle/20.500.12657/57595', 'publication_title': 'Cone Penetration Testing 2022 Proceedings of the 5th International Symposium on Cone Penetration Testing (CPT’22), 8-10 June 2022, Bologna, Italy', 'title_url': 'https://patron-academic.thepalaceproject.org/ucdavis/book/https%3A%2F%2Fcdl.edu.thepalaceproject.org%2F110644%2Fworks%2FURI%252Fhttps%253A%252F%252Flibrary.oapen.org%252Fhandle%252F20.500.12657%252F57595', 'first_author': '', 'online_identifier': '', 'publisher_name': 'Taylor & Francis', 'publication_type': 'monograph', 'date_monograph_published_online': '2022', 'first_editor': 'Gottardi, Guido', 'access_type': 'openaccess', 'source_id': '20.500.12657/57595', 'source_id_type': 'File Handle'}
Record 1244: {'title_id': 'https://library.oapen.org/handle/20.500.12657/76325', 'publication_title': 'Politics, Society and Culture in Orthodox Theology in a Global Age', 'title_url': 'https://patron-academic.thepalaceproject.org/ucdavis/book/https%3A%2F%2Fcdl.edu.thepalaceproject.org%2F110644%2Fworks%2FURI%252Fhttps%253A%252F%252Flibrary.oapen.org%252Fhandle%252F20.500.12657%252F76325', 'first_author': '', 'online_identifier': '', 'publisher_name': 'Brill', 'publication_type': 'monograph', 'date_monograph_published_online': '2022', 'first_editor': 'Grosshans, Hans-Peter', 'access_type': 'openaccess', 'source_id': '20.500.12657/76325', 'source_id_type': 'File Handle'}
Record 1245: {'title_id': 'https://library.oapen.org/handle/20.500.12657/53373', 'publication_title': 'The Sanitation Triangle Socio-Culture, Health and Materials', 'title_url': 'https://patron-academic.thepalaceproject.org/ucdavis/book/https%3A%2F%2Fcdl.edu.thepalaceproject.org%2F110644%2Fworks%2FURI%252Fhttps%253A%252F%252Flibrary.oapen.org%252Fhandle%252F20.500.12657%252F53373', 'first_author': '', 'online_identifier': '', 'publisher_name': 'Springer Nature', 'publication_type': 'monograph', 'date_monograph_published_online': '2022', 'first_editor': 'Harada, Hidenori', 'access_type': 'openaccess', 'source_id': '20.500.12657/53373', 'source_id_type': 'File Handle'}
Record 1246: {'title_id': 'https://library.oapen.org/handle/20.500.12657/60515', 'publication_title': 'Seven Years of Design Research at Politecnico di Milano Analysus of the funded research project', 'title_url': 'https://patron-academic.thepalaceproject.org/ucdavis/book/https%3A%2F%2Fcdl.edu.thepalaceproject.org%2F110644%2Fworks%2FURI%252Fhttps%253A%252F%252Flibrary.oapen.org%252Fhandle%252F20.500.12657%252F60515', 'first_author': 'Rizzo, Francesca', 'online_identifier': '', 'publisher_name': 'FrancoAngeli', 'publication_type': 'monograph', 'date_monograph_published_online': '2022', 'first_editor': '', 'access_type': 'openaccess', 'source_id': '20.500.12657/60515', 'source_id_type': 'File Handle'}
Record 1247: {'title_id': 'https://library.oapen.org/handle/20.500.12657/58621', 'publication_title': '50 Years World Heritage Convention: Shared Responsibility – Conflict & Reconciliation', 'title_url': 'https://patron-academic.thepalaceproject.org/ucdavis/book/https%3A%2F%2Fcdl.edu.thepalaceproject.org%2F110644%2Fworks%2FURI%252Fhttps%253A%252F%252Flibrary.oapen.org%252Fhandle%252F20.500.12657%252F58621', 'first_author': '', 'online_identifier': '', 'publisher_name': 'Springer Nature', 'publication_type': 'monograph', 'date_monograph_published_online': '2022', 'first_editor': 'Albert, Marie-Theres', 'access_type': 'openaccess', 'source_id': '20.500.12657/58621', 'source_id_type': 'File Handle'}
Record 1248: {'title_id': 'https://library.oapen.org/handle/20.500.12657/79432', 'publication_title': 'Saving Liberalism from Itself The Spirit of Political Participation', 'title_url': 'https://patron-academic.thepalaceproject.org/ucdavis/book/https%3A%2F%2Fcdl.edu.thepalaceproject.org%2F110644%2Fworks%2FURI%252Fhttps%253A%252F%252Flibrary.oapen.org%252Fhandle%252F20.500.12657%252F79432', 'first_author': 'Stacey, Timothy', 'online_identifier': '', 'publisher_name': 'Bristol University Press', 'publication_type': 'monograph', 'date_monograph_published_online': '2022', 'first_editor': '', 'access_type': 'openaccess', 'source_id': '20.500.12657/79432', 'source_id_type': 'File Handle'}
Record 1249: {'title_id': 'https://library.oapen.org/handle/20.500.12657/54112', 'publication_title': 'Remembering and Forgetting the Ancient City', 'title_url': 'https://patron-academic.thepalaceproject.org/ucdavis/book/https%3A%2F%2Fcdl.edu.thepalaceproject.org%2F110644%2Fworks%2FURI%252Fhttps%253A%252F%252Flibrary.oapen.org%252Fhandle%252F20.500.12657%252F54112', 'first_author': '', 'online_identifier': '', 'publisher_name': 'Oxbow Books', 'publication_type': 'monograph', 'date_monograph_published_online': '2022', 'first_editor': 'Martínez Jiménez, Javier', 'access_type': 'openaccess', 'source_id': '20.500.12657/54112', 'source_id_type': 'File Handle'}
Record 1250: {'title_id': 'https://library.oapen.org/handle/20.500.12657/57913', 'publication_title': 'Energy Poverty, Practice, and Policy', 'title_url': 'https://patron-academic.thepalaceproject.org/ucdavis/book/https%3A%2F%2Fcdl.edu.thepalaceproject.org%2F110644%2Fworks%2FURI%252Fhttps%253A%252F%252Flibrary.oapen.org%252Fhandle%252F20.500.12657%252F57913', 'first_author': 'Butler, Catherine', 'online_identifier': '', 'publisher_name': 'Springer Nature', 'publication_type': 'monograph', 'date_monograph_published_online': '2022', 'first_editor': '', 'access_type': 'openaccess', 'source_id': '20.500.12657/57913', 'source_id_type': 'File Handle'}
Record 1251: {'title_id': 'https://library.oapen.org/handle/20.500.12657/63258', 'publication_title': 'Hipster Porn Queer Masculinities and Affective Sexualities in the Fanzine Butt', 'title_url': 'https://patron-academic.thepalaceproject.org/ucdavis/book/https%3A%2F%2Fcdl.edu.thepalaceproject.org%2F110644%2Fworks%2FURI%252Fhttps%253A%252F%252Flibrary.oapen.org%252Fhandle%252F20.500.12657%252F63258', 'first_author': 'Rehberg, Peter', 'online_identifier': '', 'publisher_name': '', 'publication_type': 'monograph', 'date_monograph_published_online': '', 'first_editor': '', 'access_type': 'openaccess', 'source_id': '20.500.12657/63258', 'source_id_type': 'File Handle'}
Record 1252: {'title_id': 'https://library.oapen.org/handle/20.500.12657/61104', 'publication_title': 'Roman Women’s Dress Literary Sources, Terminology, and Historical Development', 'title_url': 'https://patron-academic.thepalaceproject.org/ucdavis/book/https%3A%2F%2Fcdl.edu.thepalaceproject.org%2F110644%2Fworks%2FURI%252Fhttps%253A%252F%252Flibrary.oapen.org%252Fhandle%252F20.500.12657%252F61104', 'first_author': 'Radicke, Jan', 'online_identifier': '', 'publisher_name': 'De Gruyter', 'publication_type': 'monograph', 'date_monograph_published_online': '2022', 'first_editor': '', 'access_type': 'openaccess', 'source_id': '20.500.12657/61104', 'source_id_type': 'File Handle'}
Record 1253: {'title_id': 'https://library.oapen.org/handle/20.500.12657/54436', 'publication_title': 'Fethullah Gülen’s Teaching and Practice Inheritance, Context, and Interactive Development', 'title_url': 'https://patron-academic.thepalaceproject.org/ucdavis/book/https%3A%2F%2Fcdl.edu.thepalaceproject.org%2F110644%2Fworks%2FURI%252Fhttps%253A%252F%252Flibrary.oapen.org%252Fhandle%252F20.500.12657%252F54436', 'first_author': 'Weller, Paul', 'online_identifier': '', 'publisher_name': 'Springer Nature', 'publication_type': 'monograph', 'date_monograph_published_online': '2022', 'first_editor': '', 'access_type': 'openaccess', 'source_id': '20.500.12657/54436', 'source_id_type': 'File Handle'}
Record 1254: {'title_id': 'https://library.oapen.org/handle/20.500.12657/57022', 'publication_title': 'New Perspectives in Critical Data Studies The Ambivalences of Data Power', 'title_url': 'https://patron-academic.thepalaceproject.org/ucdavis/book/https%3A%2F%2Fcdl.edu.thepalaceproject.org%2F110644%2Fworks%2FURI%252Fhttps%253A%252F%252Flibrary.oapen.org%252Fhandle%252F20.500.12657%252F57022', 'first_author': '', 'online_identifier': '', 'publisher_name': 'Springer Nature', 'publication_type': 'monograph', 'date_monograph_published_online': '2022', 'first_editor': 'Hepp, Andreas', 'access_type': 'openaccess', 'source_id': '20.500.12657/57022', 'source_id_type': 'File Handle'}
Record 1255: {'title_id': 'https://library.oapen.org/handle/20.500.12657/52866', 'publication_title': 'Green Infrastructure and Climate Change Adaptation Function, Implementation and Governance', 'title_url': 'https://patron-academic.thepalaceproject.org/ucdavis/book/https%3A%2F%2Fcdl.edu.thepalaceproject.org%2F110644%2Fworks%2FURI%252Fhttps%253A%252F%252Flibrary.oapen.org%252Fhandle%252F20.500.12657%252F52866', 'first_author': 'Nakamura, Futoshi', 'online_identifier': '', 'publisher_name': 'Springer Nature', 'publication_type': 'monograph', 'date_monograph_published_online': '2022', 'first_editor': '', 'access_type': 'openaccess', 'source_id': '20.500.12657/52866', 'source_id_type': 'File Handle'}
Record 1256: {'title_id': 'https://library.oapen.org/handle/20.500.12657/58546', 'publication_title': 'The Diaries of Anthony Hewitson, Provincial Journalist Volume 1: 1865–1887', 'title_url': 'https://patron-academic.thepalaceproject.org/ucdavis/book/https%3A%2F%2Fcdl.edu.thepalaceproject.org%2F110644%2Fworks%2FURI%252Fhttps%253A%252F%252Flibrary.oapen.org%252Fhandle%252F20.500.12657%252F58546', 'first_author': 'Hobbs, Andrew', 'online_identifier': '', 'publisher_name': 'Open Book Publishers', 'publication_type': 'monograph', 'date_monograph_published_online': '2022', 'first_editor': '', 'access_type': 'openaccess', 'source_id': '20.500.12657/58546', 'source_id_type': 'File Handle'}
Record 1257: {'title_id': 'https://library.oapen.org/handle/20.500.12657/59818', 'publication_title': 'Ecocinema Theory and Practice 2', 'title_url': 'https://patron-academic.thepalaceproject.org/ucdavis/book/https%3A%2F%2Fcdl.edu.thepalaceproject.org%2F110644%2Fworks%2FURI%252Fhttps%253A%252F%252Flibrary.oapen.org%252Fhandle%252F20.500.12657%252F59818', 'first_author': '', 'online_identifier': '', 'publisher_name': 'Taylor & Francis', 'publication_type': 'monograph', 'date_monograph_published_online': '2022', 'first_editor': 'Cubitt, Sean', 'access_type': 'openaccess', 'source_id': '20.500.12657/59818', 'source_id_type': 'File Handle'}
Record 1258: {'title_id': 'https://library.oapen.org/handle/20.500.12657/60447', 'publication_title': 'Les Demoiselles d’Avignon and Modernism', 'title_url': 'https://patron-academic.thepalaceproject.org/ucdavis/book/https%3A%2F%2Fcdl.edu.thepalaceproject.org%2F110644%2Fworks%2FURI%252Fhttps%253A%252F%252Flibrary.oapen.org%252Fhandle%252F20.500.12657%252F60447', 'first_author': 'Méndez Baiges, Maite', 'online_identifier': '', 'publisher_name': 'Firenze University Press', 'publication_type': 'monograph', 'date_monograph_published_online': '2022', 'first_editor': '', 'access_type': 'openaccess', 'source_id': '20.500.12657/60447', 'source_id_type': 'File Handle'}
Record 1259: {'title_id': 'https://library.oapen.org/handle/20.500.12657/52824', 'publication_title': 'Transformational Change for People and the Planet Evaluating Environment and Development', 'title_url': 'https://patron-academic.thepalaceproject.org/ucdavis/book/https%3A%2F%2Fcdl.edu.thepalaceproject.org%2F110644%2Fworks%2FURI%252Fhttps%253A%252F%252Flibrary.oapen.org%252Fhandle%252F20.500.12657%252F52824', 'first_author': '', 'online_identifier': '', 'publisher_name': 'Springer Nature', 'publication_type': 'monograph', 'date_monograph_published_online': '2022', 'first_editor': 'Batra, Geeta', 'access_type': 'openaccess', 'source_id': '20.500.12657/52824', 'source_id_type': 'File Handle'}
Record 1260: {'title_id': 'https://library.oapen.org/handle/20.500.12657/57270', 'publication_title': 'Matching minors in bipartite graphs', 'title_url': 'https://patron-academic.thepalaceproject.org/ucdavis/book/https%3A%2F%2Fcdl.edu.thepalaceproject.org%2F110644%2Fworks%2FURI%252Fhttps%253A%252F%252Flibrary.oapen.org%252Fhandle%252F20.500.12657%252F57270', 'first_author': 'Wiederrecht, Sebastian', 'online_identifier': '', 'publisher_name': 'Universitätsverlag der Technischen Universität Berlin', 'publication_type': 'monograph', 'date_monograph_published_online': '2022', 'first_editor': '', 'access_type': 'openaccess', 'source_id': '20.500.12657/57270', 'source_id_type': 'File Handle'}
Record 1261: {'title_id': 'https://library.oapen.org/handle/20.500.12657/61014', 'publication_title': 'Global Literary Studies Key Concepts', 'title_url': 'https://patron-academic.thepalaceproject.org/ucdavis/book/https%3A%2F%2Fcdl.edu.thepalaceproject.org%2F110644%2Fworks%2FURI%252Fhttps%253A%252F%252Flibrary.oapen.org%252Fhandle%252F20.500.12657%252F61014', 'first_author': '', 'online_identifier': '', 'publisher_name': 'De Gruyter', 'publication_type': 'monograph', 'date_monograph_published_online': '2022', 'first_editor': 'Roig-Sanz, Diana', 'access_type': 'openaccess', 'source_id': '20.500.12657/61014', 'source_id_type': 'File Handle'}
Record 1262: {'title_id': 'https://library.oapen.org/handle/20.500.12657/59199', 'publication_title': 'River Cities in Asia Waterways in Urban Development and History', 'title_url': 'https://patron-academic.thepalaceproject.org/ucdavis/book/https%3A%2F%2Fcdl.edu.thepalaceproject.org%2F110644%2Fworks%2FURI%252Fhttps%253A%252F%252Flibrary.oapen.org%252Fhandle%252F20.500.12657%252F59199', 'first_author': '', 'online_identifier': '', 'publisher_name': 'Amsterdam University Press', 'publication_type': 'monograph', 'date_monograph_published_online': '2022', 'first_editor': 'Padawangi, Rita', 'access_type': 'openaccess', 'source_id': '20.500.12657/59199', 'source_id_type': 'File Handle'}
Record 1263: {'title_id': 'https://library.oapen.org/handle/20.500.12657/57611', 'publication_title': 'Laws of the Sea Interdisciplinary Currents', 'title_url': 'https://patron-academic.thepalaceproject.org/ucdavis/book/https%3A%2F%2Fcdl.edu.thepalaceproject.org%2F110644%2Fworks%2FURI%252Fhttps%253A%252F%252Flibrary.oapen.org%252Fhandle%252F20.500.12657%252F57611', 'first_author': 'Braverman, Irus', 'online_identifier': '', 'publisher_name': 'Taylor & Francis', 'publication_type': 'monograph', 'date_monograph_published_online': '2022', 'first_editor': '', 'access_type': 'openaccess', 'source_id': '20.500.12657/57611', 'source_id_type': 'File Handle'}
Record 1264: {'title_id': 'https://library.oapen.org/handle/20.500.12657/53149', 'publication_title': 'Deep Learning based Vehicle Detection in Aerial Imagery', 'title_url': 'https://patron-academic.thepalaceproject.org/ucdavis/book/https%3A%2F%2Fcdl.edu.thepalaceproject.org%2F110644%2Fworks%2FURI%252Fhttps%253A%252F%252Flibrary.oapen.org%252Fhandle%252F20.500.12657%252F53149', 'first_author': 'Wilko Sommer, Lars', 'online_identifier': '', 'publisher_name': 'KIT Scientific Publishing', 'publication_type': 'monograph', 'date_monograph_published_online': '2022', 'first_editor': '', 'access_type': 'openaccess', 'source_id': '20.500.12657/53149', 'source_id_type': 'File Handle'}
Record 1265: {'title_id': 'https://library.oapen.org/handle/20.500.12657/64124', 'publication_title': 'Mesoamerican Codices Calendrical knowledge and ceremonial practice in Indigenous religion and history', 'title_url': 'https://patron-academic.thepalaceproject.org/ucdavis/book/https%3A%2F%2Fcdl.edu.thepalaceproject.org%2F110644%2Fworks%2FURI%252Fhttps%253A%252F%252Flibrary.oapen.org%252Fhandle%252F20.500.12657%252F64124', 'first_author': 'Frassani, Alessia', 'online_identifier': '', 'publisher_name': 'BAR Publishing', 'publication_type': 'monograph', 'date_monograph_published_online': '2022', 'first_editor': '', 'access_type': 'openaccess', 'source_id': '20.500.12657/64124', 'source_id_type': 'File Handle'}
Record 1266: {'title_id': 'https://library.oapen.org/handle/20.500.12657/58945', 'publication_title': 'Victorian Alchemy Science, magic and ancient Egypt', 'title_url': 'https://patron-academic.thepalaceproject.org/ucdavis/book/https%3A%2F%2Fcdl.edu.thepalaceproject.org%2F110644%2Fworks%2FURI%252Fhttps%253A%252F%252Flibrary.oapen.org%252Fhandle%252F20.500.12657%252F58945', 'first_author': 'Dobson, Eleanor', 'online_identifier': '', 'publisher_name': 'UCL Press', 'publication_type': 'monograph', 'date_monograph_published_online': '2022', 'first_editor': '', 'access_type': 'openaccess', 'source_id': '20.500.12657/58945', 'source_id_type': 'File Handle'}
Record 1267: {'title_id': 'https://library.oapen.org/handle/20.500.12657/57419', 'publication_title': 'The Development of Political Institutions Power, Legitimacy, Democracy', 'title_url': 'https://patron-academic.thepalaceproject.org/ucdavis/book/https%3A%2F%2Fcdl.edu.thepalaceproject.org%2F110644%2Fworks%2FURI%252Fhttps%253A%252F%252Flibrary.oapen.org%252Fhandle%252F20.500.12657%252F57419', 'first_author': 'Ferrari, Federico', 'online_identifier': '', 'publisher_name': 'University of Michigan Press', 'publication_type': 'monograph', 'date_monograph_published_online': '2022', 'first_editor': '', 'access_type': 'openaccess', 'source_id': '20.500.12657/57419', 'source_id_type': 'File Handle'}
Record 1268: {'title_id': 'https://library.oapen.org/handle/20.500.12657/53693', 'publication_title': 'Facility Location Planning in Relief Logistics: Decision Support for German Authorities', 'title_url': 'https://patron-academic.thepalaceproject.org/ucdavis/book/https%3A%2F%2Fcdl.edu.thepalaceproject.org%2F110644%2Fworks%2FURI%252Fhttps%253A%252F%252Flibrary.oapen.org%252Fhandle%252F20.500.12657%252F53693', 'first_author': 'Diehlmann, Florian', 'online_identifier': '', 'publisher_name': 'KIT Scientific Publishing', 'publication_type': 'monograph', 'date_monograph_published_online': '2022', 'first_editor': '', 'access_type': 'openaccess', 'source_id': '20.500.12657/53693', 'source_id_type': 'File Handle'}
Record 1269: {'title_id': 'https://library.oapen.org/handle/20.500.12657/57754', 'publication_title': 'Public Innovation and Digital Transformation', 'title_url': 'https://patron-academic.thepalaceproject.org/ucdavis/book/https%3A%2F%2Fcdl.edu.thepalaceproject.org%2F110644%2Fworks%2FURI%252Fhttps%253A%252F%252Flibrary.oapen.org%252Fhandle%252F20.500.12657%252F57754', 'first_author': '', 'online_identifier': '', 'publisher_name': 'Taylor & Francis', 'publication_type': 'monograph', 'date_monograph_published_online': '2022', 'first_editor': 'Helander, Nina', 'access_type': 'openaccess', 'source_id': '20.500.12657/57754', 'source_id_type': 'File Handle'}
Record 1270: {'title_id': 'https://library.oapen.org/handle/20.500.12657/54110', 'publication_title': 'Morphosyntactic change in Late Modern Swedish', 'title_url': 'https://patron-academic.thepalaceproject.org/ucdavis/book/https%3A%2F%2Fcdl.edu.thepalaceproject.org%2F110644%2Fworks%2FURI%252Fhttps%253A%252F%252Flibrary.oapen.org%252Fhandle%252F20.500.12657%252F54110', 'first_author': '', 'online_identifier': '', 'publisher_name': 'Language Science Press', 'publication_type': 'monograph', 'date_monograph_published_online': '2022', 'first_editor': 'Larsson, Ida', 'access_type': 'openaccess', 'source_id': '20.500.12657/54110', 'source_id_type': 'File Handle'}
Record 1271: {'title_id': 'https://library.oapen.org/handle/20.500.12657/57587', 'publication_title': 'Fire Safe Use of Wood in Buildings Global Design Guide', 'title_url': 'https://patron-academic.thepalaceproject.org/ucdavis/book/https%3A%2F%2Fcdl.edu.thepalaceproject.org%2F110644%2Fworks%2FURI%252Fhttps%253A%252F%252Flibrary.oapen.org%252Fhandle%252F20.500.12657%252F57587', 'first_author': '', 'online_identifier': '', 'publisher_name': 'Taylor & Francis', 'publication_type': 'monograph', 'date_monograph_published_online': '2022', 'first_editor': 'Buchanan, Andrew', 'access_type': 'openaccess', 'source_id': '20.500.12657/57587', 'source_id_type': 'File Handle'}
Record 1272: {'title_id': 'https://library.oapen.org/handle/20.500.12657/58637', 'publication_title': 'Digital Humanism For a Humane Transformation of Democracy, Economy and Culture in the Digital Age', 'title_url': 'https://patron-academic.thepalaceproject.org/ucdavis/book/https%3A%2F%2Fcdl.edu.thepalaceproject.org%2F110644%2Fworks%2FURI%252Fhttps%253A%252F%252Flibrary.oapen.org%252Fhandle%252F20.500.12657%252F58637', 'first_author': '', 'online_identifier': '', 'publisher_name': 'Springer Nature', 'publication_type': 'monograph', 'date_monograph_published_online': '2022', 'first_editor': '', 'access_type': 'openaccess', 'source_id': '20.500.12657/58637', 'source_id_type': 'File Handle'}
Record 1273: {'title_id': 'https://library.oapen.org/handle/20.500.12657/59135', 'publication_title': 'Dance, Ageing and Collaborative Arts-Based Research', 'title_url': 'https://patron-academic.thepalaceproject.org/ucdavis/book/https%3A%2F%2Fcdl.edu.thepalaceproject.org%2F110644%2Fworks%2FURI%252Fhttps%253A%252F%252Flibrary.oapen.org%252Fhandle%252F20.500.12657%252F59135', 'first_author': '', 'online_identifier': '', 'publisher_name': 'Taylor & Francis', 'publication_type': 'monograph', 'date_monograph_published_online': '2022', 'first_editor': 'Bar, Rachel', 'access_type': 'openaccess', 'source_id': '20.500.12657/59135', 'source_id_type': 'File Handle'}
Record 1274: {'title_id': 'https://library.oapen.org/handle/20.500.12657/89634', 'publication_title': 'Cultural Diversity in Motion Rethinking Cultural Policy and Performing Arts in an Intercultural Society', 'title_url': 'https://patron-academic.thepalaceproject.org/ucdavis/book/https%3A%2F%2Fcdl.edu.thepalaceproject.org%2F110644%2Fworks%2FURI%252Fhttps%253A%252F%252Flibrary.oapen.org%252Fhandle%252F20.500.12657%252F89634', 'first_author': 'Canyürek, Özlem', 'online_identifier': '', 'publisher_name': 'transcript Verlag', 'publication_type': 'monograph', 'date_monograph_published_online': '2022', 'first_editor': '', 'access_type': 'openaccess', 'source_id': '20.500.12657/89634', 'source_id_type': 'File Handle'}
Record 1275: {'title_id': 'https://library.oapen.org/handle/20.500.12657/57019', 'publication_title': 'Mapping selfies and memes as Touch', 'title_url': 'https://patron-academic.thepalaceproject.org/ucdavis/book/https%3A%2F%2Fcdl.edu.thepalaceproject.org%2F110644%2Fworks%2FURI%252Fhttps%253A%252F%252Flibrary.oapen.org%252Fhandle%252F20.500.12657%252F57019', 'first_author': 'Andreallo, Fiona', 'online_identifier': '', 'publisher_name': 'Springer Nature', 'publication_type': 'monograph', 'date_monograph_published_online': '2022', 'first_editor': '', 'access_type': 'openaccess', 'source_id': '20.500.12657/57019', 'source_id_type': 'File Handle'}
Record 1276: {'title_id': 'https://library.oapen.org/handle/20.500.12657/57008', 'publication_title': 'Immunogenetics Methods and Protocols', 'title_url': 'https://patron-academic.thepalaceproject.org/ucdavis/book/https%3A%2F%2Fcdl.edu.thepalaceproject.org%2F110644%2Fworks%2FURI%252Fhttps%253A%252F%252Flibrary.oapen.org%252Fhandle%252F20.500.12657%252F57008', 'first_author': 'Langerak, Anton W.', 'online_identifier': '', 'publisher_name': 'Springer Nature', 'publication_type': 'monograph', 'date_monograph_published_online': '2022', 'first_editor': '', 'access_type': 'openaccess', 'source_id': '20.500.12657/57008', 'source_id_type': 'File Handle'}
Record 1277: {'title_id': 'https://library.oapen.org/handle/20.500.12657/76553', 'publication_title': 'Oriental, Black, and White The Formation of Racial Habits in American Theater', 'title_url': 'https://patron-academic.thepalaceproject.org/ucdavis/book/https%3A%2F%2Fcdl.edu.thepalaceproject.org%2F110644%2Fworks%2FURI%252Fhttps%253A%252F%252Flibrary.oapen.org%252Fhandle%252F20.500.12657%252F76553', 'first_author': 'Lee, Josephine', 'online_identifier': '', 'publisher_name': 'University of North Carolina Press', 'publication_type': 'monograph', 'date_monograph_published_online': '2022', 'first_editor': '', 'access_type': 'openaccess', 'source_id': '20.500.12657/76553', 'source_id_type': 'File Handle'}
Record 1278: {'title_id': 'https://library.oapen.org/handle/20.500.12657/57137', 'publication_title': 'Affective intimacies', 'title_url': 'https://patron-academic.thepalaceproject.org/ucdavis/book/https%3A%2F%2Fcdl.edu.thepalaceproject.org%2F110644%2Fworks%2FURI%252Fhttps%253A%252F%252Flibrary.oapen.org%252Fhandle%252F20.500.12657%252F57137', 'first_author': '', 'online_identifier': '', 'publisher_name': 'Manchester University Press', 'publication_type': 'monograph', 'date_monograph_published_online': '2022', 'first_editor': 'Kolehmainen, Marjo', 'access_type': 'openaccess', 'source_id': '20.500.12657/57137', 'source_id_type': 'File Handle'}
Record 1279: {'title_id': 'https://library.oapen.org/handle/20.500.12657/53713', 'publication_title': 'Moses Dobruska and the Invention of Social Philosophy Utopia, Judaism, and Heresy under the French Revolution', 'title_url': 'https://patron-academic.thepalaceproject.org/ucdavis/book/https%3A%2F%2Fcdl.edu.thepalaceproject.org%2F110644%2Fworks%2FURI%252Fhttps%253A%252F%252Flibrary.oapen.org%252Fhandle%252F20.500.12657%252F53713', 'first_author': 'Greco, Silvana', 'online_identifier': '', 'publisher_name': 'De Gruyter', 'publication_type': 'monograph', 'date_monograph_published_online': '2022', 'first_editor': '', 'access_type': 'openaccess', 'source_id': '20.500.12657/53713', 'source_id_type': 'File Handle'}
Record 1280: {'title_id': 'https://library.oapen.org/handle/20.500.12657/61127', 'publication_title': 'Jews in East Norse Literature A Study of Othering in Medieval Denmark and Sweden', 'title_url': 'https://patron-academic.thepalaceproject.org/ucdavis/book/https%3A%2F%2Fcdl.edu.thepalaceproject.org%2F110644%2Fworks%2FURI%252Fhttps%253A%252F%252Flibrary.oapen.org%252Fhandle%252F20.500.12657%252F61127', 'first_author': 'Adams, Jonathan', 'online_identifier': '', 'publisher_name': 'De Gruyter', 'publication_type': 'monograph', 'date_monograph_published_online': '2022', 'first_editor': '', 'access_type': 'openaccess', 'source_id': '20.500.12657/61127', 'source_id_type': 'File Handle'}
Record 1281: {'title_id': 'https://library.oapen.org/handle/20.500.12657/59668', 'publication_title': 'The expression of “collectivity” in Romance languages An empirical analysis of nominal aspectuality with focus on French', 'title_url': 'https://patron-academic.thepalaceproject.org/ucdavis/book/https%3A%2F%2Fcdl.edu.thepalaceproject.org%2F110644%2Fworks%2FURI%252Fhttps%253A%252F%252Flibrary.oapen.org%252Fhandle%252F20.500.12657%252F59668', 'first_author': 'Kleineberg, Désirée', 'online_identifier': '', 'publisher_name': 'De Gruyter', 'publication_type': 'monograph', 'date_monograph_published_online': '2022', 'first_editor': '', 'access_type': 'openaccess', 'source_id': '20.500.12657/59668', 'source_id_type': 'File Handle'}
Record 1282: {'title_id': 'https://library.oapen.org/handle/20.500.12657/58668', 'publication_title': 'Traces of the Animal Past Methodological Challenges in Animal History', 'title_url': 'https://patron-academic.thepalaceproject.org/ucdavis/book/https%3A%2F%2Fcdl.edu.thepalaceproject.org%2F110644%2Fworks%2FURI%252Fhttps%253A%252F%252Flibrary.oapen.org%252Fhandle%252F20.500.12657%252F58668', 'first_author': '', 'online_identifier': '', 'publisher_name': 'University of Calgary Press', 'publication_type': 'monograph', 'date_monograph_published_online': '2022', 'first_editor': 'Bonnell, Jennifer', 'access_type': 'openaccess', 'source_id': '20.500.12657/58668', 'source_id_type': 'File Handle'}
Record 1283: {'title_id': 'https://library.oapen.org/handle/20.500.12657/56947', 'publication_title': 'Lexicon of Global Melodrama', 'title_url': 'https://patron-academic.thepalaceproject.org/ucdavis/book/https%3A%2F%2Fcdl.edu.thepalaceproject.org%2F110644%2Fworks%2FURI%252Fhttps%253A%252F%252Flibrary.oapen.org%252Fhandle%252F20.500.12657%252F56947', 'first_author': '', 'online_identifier': '', 'publisher_name': 'transcript Verlag', 'publication_type': 'monograph', 'date_monograph_published_online': '2022', 'first_editor': 'Gerund, Katharina', 'access_type': 'openaccess', 'source_id': '20.500.12657/56947', 'source_id_type': 'File Handle'}
Record 1284: {'title_id': 'https://library.oapen.org/handle/20.500.12657/60169', 'publication_title': 'Brain and Human Body Modelling 2021 Selected papers presented at 2021 BHBM Conference at Athinoula A. Martinos Center for Biomedical Imaging, Massachusetts General Hospital', 'title_url': 'https://patron-academic.thepalaceproject.org/ucdavis/book/https%3A%2F%2Fcdl.edu.thepalaceproject.org%2F110644%2Fworks%2FURI%252Fhttps%253A%252F%252Flibrary.oapen.org%252Fhandle%252F20.500.12657%252F60169', 'first_author': '', 'online_identifier': '', 'publisher_name': 'Springer Nature', 'publication_type': 'monograph', 'date_monograph_published_online': '2022', 'first_editor': 'Makarov, Sergey', 'access_type': 'openaccess', 'source_id': '20.500.12657/60169', 'source_id_type': 'File Handle'}
Record 1285: {'title_id': 'https://library.oapen.org/handle/20.500.12657/63470', 'publication_title': 'Invited to Witness Solidarity Tourism across Occupied Palestine', 'title_url': 'https://patron-academic.thepalaceproject.org/ucdavis/book/https%3A%2F%2Fcdl.edu.thepalaceproject.org%2F110644%2Fworks%2FURI%252Fhttps%253A%252F%252Flibrary.oapen.org%252Fhandle%252F20.500.12657%252F63470', 'first_author': 'Lynn Kelly, Jennifer', 'online_identifier': '', 'publisher_name': 'Duke University Press', 'publication_type': 'monograph', 'date_monograph_published_online': '2022', 'first_editor': '', 'access_type': 'openaccess', 'source_id': '20.500.12657/63470', 'source_id_type': 'File Handle'}
Record 1286: {'title_id': 'https://library.oapen.org/handle/20.500.12657/59391', 'publication_title': 'Martial Culture and Historical Martial Arts in Europe and Asia A Multi-perspective View on Sword Culture', 'title_url': 'https://patron-academic.thepalaceproject.org/ucdavis/book/https%3A%2F%2Fcdl.edu.thepalaceproject.org%2F110644%2Fworks%2FURI%252Fhttps%253A%252F%252Flibrary.oapen.org%252Fhandle%252F20.500.12657%252F59391', 'first_author': '', 'online_identifier': '', 'publisher_name': 'Springer Nature', 'publication_type': 'monograph', 'date_monograph_published_online': '2022', 'first_editor': 'Chao, Hing', 'access_type': 'openaccess', 'source_id': '20.500.12657/59391', 'source_id_type': 'File Handle'}
Record 1287: {'title_id': 'https://library.oapen.org/handle/20.500.12657/57054', 'publication_title': 'Journeys Towards Intercultural Capability in Language Classrooms Voices from Students, Teachers and Researchers', 'title_url': 'https://patron-academic.thepalaceproject.org/ucdavis/book/https%3A%2F%2Fcdl.edu.thepalaceproject.org%2F110644%2Fworks%2FURI%252Fhttps%253A%252F%252Flibrary.oapen.org%252Fhandle%252F20.500.12657%252F57054', 'first_author': '', 'online_identifier': '', 'publisher_name': 'Springer Nature', 'publication_type': 'monograph', 'date_monograph_published_online': '2022', 'first_editor': '', 'access_type': 'openaccess', 'source_id': '20.500.12657/57054', 'source_id_type': 'File Handle'}
Record 1288: {'title_id': 'https://library.oapen.org/handle/20.500.12657/57584', 'publication_title': 'Creating Through Mind and Emotions', 'title_url': 'https://patron-academic.thepalaceproject.org/ucdavis/book/https%3A%2F%2Fcdl.edu.thepalaceproject.org%2F110644%2Fworks%2FURI%252Fhttps%253A%252F%252Flibrary.oapen.org%252Fhandle%252F20.500.12657%252F57584', 'first_author': '', 'online_identifier': '', 'publisher_name': 'Taylor & Francis', 'publication_type': 'monograph', 'date_monograph_published_online': '2022', 'first_editor': 'Ming Kong, Mário S.', 'access_type': 'openaccess', 'source_id': '20.500.12657/57584', 'source_id_type': 'File Handle'}
Record 1289: {'title_id': 'https://library.oapen.org/handle/20.500.12657/52663', 'publication_title': 'Cities After Crisis Reinventing Neighborhood Design from the Ground-Up', 'title_url': 'https://patron-academic.thepalaceproject.org/ucdavis/book/https%3A%2F%2Fcdl.edu.thepalaceproject.org%2F110644%2Fworks%2FURI%252Fhttps%253A%252F%252Flibrary.oapen.org%252Fhandle%252F20.500.12657%252F52663', 'first_author': 'Vázquez, Carlos García', 'online_identifier': '', 'publisher_name': 'Taylor & Francis', 'publication_type': 'monograph', 'date_monograph_published_online': '2022', 'first_editor': '', 'access_type': 'openaccess', 'source_id': '20.500.12657/52663', 'source_id_type': 'File Handle'}
Record 1290: {'title_id': 'https://library.oapen.org/handle/20.500.12657/57923', 'publication_title': 'Evidence Based Global Health Manual for Preterm Birth Risk Assessment', 'title_url': 'https://patron-academic.thepalaceproject.org/ucdavis/book/https%3A%2F%2Fcdl.edu.thepalaceproject.org%2F110644%2Fworks%2FURI%252Fhttps%253A%252F%252Flibrary.oapen.org%252Fhandle%252F20.500.12657%252F57923', 'first_author': '', 'online_identifier': '', 'publisher_name': 'Springer Nature', 'publication_type': 'monograph', 'date_monograph_published_online': '2022', 'first_editor': 'Anumba, Dilly OC', 'access_type': 'openaccess', 'source_id': '20.500.12657/57923', 'source_id_type': 'File Handle'}
Record 1291: {'title_id': 'https://library.oapen.org/handle/20.500.12657/57923', 'publication_title': 'Evidence Based Global Health Manual for Preterm Birth Risk Assessment', 'title_url': 'https://patron-academic.thepalaceproject.org/ucdavis/book/https%3A%2F%2Fcdl.edu.thepalaceproject.org%2F110644%2Fworks%2FURI%252Fhttps%253A%252F%252Flibrary.oapen.org%252Fhandle%252F20.500.12657%252F57923', 'first_author': '', 'online_identifier': '', 'publisher_name': 'Springer Nature', 'publication_type': 'monograph', 'date_monograph_published_online': '2022', 'first_editor': 'Anumba, Dilly OC', 'access_type': 'openaccess', 'source_id': '20.500.12657/57923', 'source_id_type': 'File Handle'}
Record 1292: {'title_id': 'https://library.oapen.org/handle/20.500.12657/52538', 'publication_title': 'Early Modern Privacy Sources and Approaches', 'title_url': 'https://patron-academic.thepalaceproject.org/ucdavis/book/https%3A%2F%2Fcdl.edu.thepalaceproject.org%2F110644%2Fworks%2FURI%252Fhttps%253A%252F%252Flibrary.oapen.org%252Fhandle%252F20.500.12657%252F52538', 'first_author': '', 'online_identifier': '', 'publisher_name': 'Brill', 'publication_type': 'monograph', 'date_monograph_published_online': '2022', 'first_editor': 'Birkedal Bruun, Mette', 'access_type': 'openaccess', 'source_id': '20.500.12657/52538', 'source_id_type': 'File Handle'}
Record 1293: {'title_id': 'https://library.oapen.org/handle/20.500.12657/86819', 'publication_title': 'The Distance to China Twentieth-Century Italian Travel Narratives of Patriotism, Commitment and Disillusion (1898–1985)', 'title_url': 'https://patron-academic.thepalaceproject.org/ucdavis/book/https%3A%2F%2Fcdl.edu.thepalaceproject.org%2F110644%2Fworks%2FURI%252Fhttps%253A%252F%252Flibrary.oapen.org%252Fhandle%252F20.500.12657%252F86819', 'first_author': 'Basilone, Linetto', 'online_identifier': '', 'publisher_name': 'Peter Lang International Academic Publishers', 'publication_type': 'monograph', 'date_monograph_published_online': '2022', 'first_editor': '', 'access_type': 'openaccess', 'source_id': '20.500.12657/86819', 'source_id_type': 'File Handle'}
Record 1294: {'title_id': 'https://library.oapen.org/handle/20.500.12657/53718', 'publication_title': 'Reading History in the Roman Empire', 'title_url': 'https://patron-academic.thepalaceproject.org/ucdavis/book/https%3A%2F%2Fcdl.edu.thepalaceproject.org%2F110644%2Fworks%2FURI%252Fhttps%253A%252F%252Flibrary.oapen.org%252Fhandle%252F20.500.12657%252F53718', 'first_author': '', 'online_identifier': '', 'publisher_name': 'De Gruyter', 'publication_type': 'monograph', 'date_monograph_published_online': '2022', 'first_editor': 'Baumann, Mario', 'access_type': 'openaccess', 'source_id': '20.500.12657/53718', 'source_id_type': 'File Handle'}
Record 1295: {'title_id': 'https://library.oapen.org/handle/20.500.12657/53353', 'publication_title': 'Revisualising Intersectionality', 'title_url': 'https://patron-academic.thepalaceproject.org/ucdavis/book/https%3A%2F%2Fcdl.edu.thepalaceproject.org%2F110644%2Fworks%2FURI%252Fhttps%253A%252F%252Flibrary.oapen.org%252Fhandle%252F20.500.12657%252F53353', 'first_author': '', 'online_identifier': '', 'publisher_name': 'Springer Nature', 'publication_type': 'monograph', 'date_monograph_published_online': '2022', 'first_editor': '', 'access_type': 'openaccess', 'source_id': '20.500.12657/53353', 'source_id_type': 'File Handle'}
Record 1296: {'title_id': 'https://library.oapen.org/handle/20.500.12657/58141', 'publication_title': 'The Politics of Distributing Social Transfers State Capacity and Political Contestation in Sub-Saharan Africa and South Asia', 'title_url': 'https://patron-academic.thepalaceproject.org/ucdavis/book/https%3A%2F%2Fcdl.edu.thepalaceproject.org%2F110644%2Fworks%2FURI%252Fhttps%253A%252F%252Flibrary.oapen.org%252Fhandle%252F20.500.12657%252F58141', 'first_author': 'Lavers, Tom', 'online_identifier': '', 'publisher_name': 'Oxford University Press', 'publication_type': 'monograph', 'date_monograph_published_online': '2022', 'first_editor': '', 'access_type': 'openaccess', 'source_id': '20.500.12657/58141', 'source_id_type': 'File Handle'}
Record 1297: {'title_id': 'https://library.oapen.org/handle/20.500.12657/62216', 'publication_title': 'Contesting Race and Citizenship Youth Politics in the Black Mediterranean', 'title_url': 'https://patron-academic.thepalaceproject.org/ucdavis/book/https%3A%2F%2Fcdl.edu.thepalaceproject.org%2F110644%2Fworks%2FURI%252Fhttps%253A%252F%252Flibrary.oapen.org%252Fhandle%252F20.500.12657%252F62216', 'first_author': 'Hawthorne, Camilla', 'online_identifier': '', 'publisher_name': 'Cornell University Press', 'publication_type': 'monograph', 'date_monograph_published_online': '2022', 'first_editor': '', 'access_type': 'openaccess', 'source_id': '20.500.12657/62216', 'source_id_type': 'File Handle'}
Record 1298: {'title_id': 'https://library.oapen.org/handle/20.500.12657/57214', 'publication_title': 'Writing Systems and Their Use An Overview of Grapholinguistics', 'title_url': 'https://patron-academic.thepalaceproject.org/ucdavis/book/https%3A%2F%2Fcdl.edu.thepalaceproject.org%2F110644%2Fworks%2FURI%252Fhttps%253A%252F%252Flibrary.oapen.org%252Fhandle%252F20.500.12657%252F57214', 'first_author': '', 'online_identifier': '', 'publisher_name': 'De Gruyter', 'publication_type': 'monograph', 'date_monograph_published_online': '2022', 'first_editor': '', 'access_type': 'openaccess', 'source_id': '20.500.12657/57214', 'source_id_type': 'File Handle'}
Record 1299: {'title_id': 'https://library.oapen.org/handle/20.500.12657/57947', 'publication_title': 'Proceeding of 2021 International Conference on Wireless Communications, Networking and Applications', 'title_url': 'https://patron-academic.thepalaceproject.org/ucdavis/book/https%3A%2F%2Fcdl.edu.thepalaceproject.org%2F110644%2Fworks%2FURI%252Fhttps%253A%252F%252Flibrary.oapen.org%252Fhandle%252F20.500.12657%252F57947', 'first_author': '', 'online_identifier': '', 'publisher_name': 'Springer Nature', 'publication_type': 'monograph', 'date_monograph_published_online': '2022', 'first_editor': 'Jabbar, M.A.', 'access_type': 'openaccess', 'source_id': '20.500.12657/57947', 'source_id_type': 'File Handle'}
Record 1300: {'title_id': 'https://library.oapen.org/handle/20.500.12657/57591', 'publication_title': 'Eleventh International Conference on the Bearing Capacity of Roads, Railways and Airfields Volume 3', 'title_url': 'https://patron-academic.thepalaceproject.org/ucdavis/book/https%3A%2F%2Fcdl.edu.thepalaceproject.org%2F110644%2Fworks%2FURI%252Fhttps%253A%252F%252Flibrary.oapen.org%252Fhandle%252F20.500.12657%252F57591', 'first_author': '', 'online_identifier': '', 'publisher_name': 'Taylor & Francis', 'publication_type': 'monograph', 'date_monograph_published_online': '2022', 'first_editor': 'Hoff, Inge', 'access_type': 'openaccess', 'source_id': '20.500.12657/57591', 'source_id_type': 'File Handle'}
Record 1301: {'title_id': 'https://library.oapen.org/handle/20.500.12657/53768', 'publication_title': 'Møter og mangfold Religion og kultur i historie, samtid og skole', 'title_url': 'https://patron-academic.thepalaceproject.org/ucdavis/book/https%3A%2F%2Fcdl.edu.thepalaceproject.org%2F110644%2Fworks%2FURI%252Fhttps%253A%252F%252Flibrary.oapen.org%252Fhandle%252F20.500.12657%252F53768', 'first_author': '', 'online_identifier': '', 'publisher_name': 'Cappelen Damm Akademisk/NOASP (Nordic Open Access Scholarly Publishing)', 'publication_type': 'monograph', 'date_monograph_published_online': '2022', 'first_editor': 'Gamborg Lillebø, Jonas', 'access_type': 'openaccess', 'source_id': '20.500.12657/53768', 'source_id_type': 'File Handle'}
Record 1302: {'title_id': 'https://library.oapen.org/handle/20.500.12657/60763', 'publication_title': "Law Beyond Israel From the Bible to the Qur'an", 'title_url': 'https://patron-academic.thepalaceproject.org/ucdavis/book/https%3A%2F%2Fcdl.edu.thepalaceproject.org%2F110644%2Fworks%2FURI%252Fhttps%253A%252F%252Flibrary.oapen.org%252Fhandle%252F20.500.12657%252F60763', 'first_author': 'Zellentin, Holger M.', 'online_identifier': '', 'publisher_name': 'Oxford University Press', 'publication_type': 'monograph', 'date_monograph_published_online': '2022', 'first_editor': '', 'access_type': 'openaccess', 'source_id': '20.500.12657/60763', 'source_id_type': 'File Handle'}
Record 1303: {'title_id': 'https://library.oapen.org/handle/20.500.12657/77116', 'publication_title': 'Women Writing Intimate Spaces The Long Nineteenth Century at the Fringes of Europe', 'title_url': 'https://patron-academic.thepalaceproject.org/ucdavis/book/https%3A%2F%2Fcdl.edu.thepalaceproject.org%2F110644%2Fworks%2FURI%252Fhttps%253A%252F%252Flibrary.oapen.org%252Fhandle%252F20.500.12657%252F77116', 'first_author': '', 'online_identifier': '', 'publisher_name': 'Brill', 'publication_type': 'monograph', 'date_monograph_published_online': '2022', 'first_editor': 'Duțu, Carmen Beatrice', 'access_type': 'openaccess', 'source_id': '20.500.12657/77116', 'source_id_type': 'File Handle'}
Record 1304: {'title_id': 'https://library.oapen.org/handle/20.500.12657/57768', 'publication_title': 'Violent Times Rising Resistance: An Interdisciplinary Gender Perspective', 'title_url': 'https://patron-academic.thepalaceproject.org/ucdavis/book/https%3A%2F%2Fcdl.edu.thepalaceproject.org%2F110644%2Fworks%2FURI%252Fhttps%253A%252F%252Flibrary.oapen.org%252Fhandle%252F20.500.12657%252F57768', 'first_author': '', 'online_identifier': '', 'publisher_name': 'Seismo', 'publication_type': 'monograph', 'date_monograph_published_online': '2022', 'first_editor': 'Dahinden, Janine', 'access_type': 'openaccess', 'source_id': '20.500.12657/57768', 'source_id_type': 'File Handle'}
Record 1305: {'title_id': 'https://library.oapen.org/handle/20.500.12657/54418', 'publication_title': 'Demographic and Family Transition in Southeast Asia', 'title_url': 'https://patron-academic.thepalaceproject.org/ucdavis/book/https%3A%2F%2Fcdl.edu.thepalaceproject.org%2F110644%2Fworks%2FURI%252Fhttps%253A%252F%252Flibrary.oapen.org%252Fhandle%252F20.500.12657%252F54418', 'first_author': 'Yeung, Wei-Jun Jean', 'online_identifier': '', 'publisher_name': 'Springer Nature', 'publication_type': 'monograph', 'date_monograph_published_online': '2022', 'first_editor': '', 'access_type': 'openaccess', 'source_id': '20.500.12657/54418', 'source_id_type': 'File Handle'}
Record 1306: {'title_id': 'https://library.oapen.org/handle/20.500.12657/58958', 'publication_title': 'Diachronic Variation in the Omani Arabic Vernacular of the Al-ʿAwābī District From Carl Reinhardt (1894) to the Present Day', 'title_url': 'https://patron-academic.thepalaceproject.org/ucdavis/book/https%3A%2F%2Fcdl.edu.thepalaceproject.org%2F110644%2Fworks%2FURI%252Fhttps%253A%252F%252Flibrary.oapen.org%252Fhandle%252F20.500.12657%252F58958', 'first_author': 'Morano, Roberta', 'online_identifier': '', 'publisher_name': 'Open Book Publishers', 'publication_type': 'monograph', 'date_monograph_published_online': '2022', 'first_editor': '', 'access_type': 'openaccess', 'source_id': '20.500.12657/58958', 'source_id_type': 'File Handle'}
Record 1307: {'title_id': 'https://library.oapen.org/handle/20.500.12657/55768', 'publication_title': 'The Margins of Late Medieval London, 1430-1540', 'title_url': 'https://patron-academic.thepalaceproject.org/ucdavis/book/https%3A%2F%2Fcdl.edu.thepalaceproject.org%2F110644%2Fworks%2FURI%252Fhttps%253A%252F%252Flibrary.oapen.org%252Fhandle%252F20.500.12657%252F55768', 'first_author': 'Berry, Charlotte', 'online_identifier': '', 'publisher_name': 'University of London Press', 'publication_type': 'monograph', 'date_monograph_published_online': '2022', 'first_editor': '', 'access_type': 'openaccess', 'source_id': '20.500.12657/55768', 'source_id_type': 'File Handle'}
Record 1308: {'title_id': 'https://library.oapen.org/handle/20.500.12657/59053', 'publication_title': 'Histories of Australian Rock Art Research', 'title_url': 'https://patron-academic.thepalaceproject.org/ucdavis/book/https%3A%2F%2Fcdl.edu.thepalaceproject.org%2F110644%2Fworks%2FURI%252Fhttps%253A%252F%252Flibrary.oapen.org%252Fhandle%252F20.500.12657%252F59053', 'first_author': '', 'online_identifier': '', 'publisher_name': 'ANU Press', 'publication_type': 'monograph', 'date_monograph_published_online': '2022', 'first_editor': 'Frederick, Ursula K.', 'access_type': 'openaccess', 'source_id': '20.500.12657/59053', 'source_id_type': 'File Handle'}
Record 1309: {'title_id': 'https://library.oapen.org/handle/20.500.12657/61035', 'publication_title': 'The Russian Empire, Slaving and Liberation, 1480–1725 Trans-Cultural Worldviews in Eurasia', 'title_url': 'https://patron-academic.thepalaceproject.org/ucdavis/book/https%3A%2F%2Fcdl.edu.thepalaceproject.org%2F110644%2Fworks%2FURI%252Fhttps%253A%252F%252Flibrary.oapen.org%252Fhandle%252F20.500.12657%252F61035', 'first_author': 'Witzenrath, Christoph', 'online_identifier': '', 'publisher_name': 'De Gruyter', 'publication_type': 'monograph', 'date_monograph_published_online': '2022', 'first_editor': '', 'access_type': 'openaccess', 'source_id': '20.500.12657/61035', 'source_id_type': 'File Handle'}
Record 1310: {'title_id': 'https://library.oapen.org/handle/20.500.12657/61290', 'publication_title': 'Understanding Cultural Non-Participation in an Egalitarian Context', 'title_url': 'https://patron-academic.thepalaceproject.org/ucdavis/book/https%3A%2F%2Fcdl.edu.thepalaceproject.org%2F110644%2Fworks%2FURI%252Fhttps%253A%252F%252Flibrary.oapen.org%252Fhandle%252F20.500.12657%252F61290', 'first_author': 'Heikkilä, Riie', 'online_identifier': '', 'publisher_name': 'Springer Nature', 'publication_type': 'monograph', 'date_monograph_published_online': '2022', 'first_editor': '', 'access_type': 'openaccess', 'source_id': '20.500.12657/61290', 'source_id_type': 'File Handle'}
Record 1311: {'title_id': 'https://library.oapen.org/handle/20.500.12657/60192', 'publication_title': 'Introduction to Nuclear Reactor Experiments', 'title_url': 'https://patron-academic.thepalaceproject.org/ucdavis/book/https%3A%2F%2Fcdl.edu.thepalaceproject.org%2F110644%2Fworks%2FURI%252Fhttps%253A%252F%252Flibrary.oapen.org%252Fhandle%252F20.500.12657%252F60192', 'first_author': '', 'online_identifier': '', 'publisher_name': 'Springer Nature', 'publication_type': 'monograph', 'date_monograph_published_online': '2022', 'first_editor': '', 'access_type': 'openaccess', 'source_id': '20.500.12657/60192', 'source_id_type': 'File Handle'}
Record 1312: {'title_id': 'https://library.oapen.org/handle/20.500.12657/61990', 'publication_title': 'Environmental ergonomics Commercial kitchens in a semi-tropical city', 'title_url': 'https://patron-academic.thepalaceproject.org/ucdavis/book/https%3A%2F%2Fcdl.edu.thepalaceproject.org%2F110644%2Fworks%2FURI%252Fhttps%253A%252F%252Flibrary.oapen.org%252Fhandle%252F20.500.12657%252F61990', 'first_author': 'Gangiah, Sasi', 'online_identifier': '', 'publisher_name': 'AOSIS', 'publication_type': 'monograph', 'date_monograph_published_online': '2022', 'first_editor': '', 'access_type': 'openaccess', 'source_id': '20.500.12657/61990', 'source_id_type': 'File Handle'}
Record 1313: {'title_id': 'https://library.oapen.org/handle/20.500.12657/57794', 'publication_title': 'Rebuilding Public Confidence in Educational Assessment', 'title_url': 'https://patron-academic.thepalaceproject.org/ucdavis/book/https%3A%2F%2Fcdl.edu.thepalaceproject.org%2F110644%2Fworks%2FURI%252Fhttps%253A%252F%252Flibrary.oapen.org%252Fhandle%252F20.500.12657%252F57794', 'first_author': 'Richardson, Mary', 'online_identifier': '', 'publisher_name': 'UCL Press', 'publication_type': 'monograph', 'date_monograph_published_online': '2022', 'first_editor': '', 'access_type': 'openaccess', 'source_id': '20.500.12657/57794', 'source_id_type': 'File Handle'}
Record 1314: {'title_id': 'https://library.oapen.org/handle/20.500.12657/59661', 'publication_title': '300 Jahre Robinson Crusoe Ein Weltbestseller und seine Rezeptionsgeschichte', 'title_url': 'https://patron-academic.thepalaceproject.org/ucdavis/book/https%3A%2F%2Fcdl.edu.thepalaceproject.org%2F110644%2Fworks%2FURI%252Fhttps%253A%252F%252Flibrary.oapen.org%252Fhandle%252F20.500.12657%252F59661', 'first_author': '', 'online_identifier': '', 'publisher_name': 'De Gruyter', 'publication_type': 'monograph', 'date_monograph_published_online': '2022', 'first_editor': 'Bell, Bill', 'access_type': 'openaccess', 'source_id': '20.500.12657/59661', 'source_id_type': 'File Handle'}
Record 1315: {'title_id': 'https://library.oapen.org/handle/20.500.12657/54457', 'publication_title': 'Lives in Peace Research The Oslo Stories', 'title_url': 'https://patron-academic.thepalaceproject.org/ucdavis/book/https%3A%2F%2Fcdl.edu.thepalaceproject.org%2F110644%2Fworks%2FURI%252Fhttps%253A%252F%252Flibrary.oapen.org%252Fhandle%252F20.500.12657%252F54457', 'first_author': 'Tønnesson, Stein', 'online_identifier': '', 'publisher_name': 'Springer Nature', 'publication_type': 'monograph', 'date_monograph_published_online': '2022', 'first_editor': '', 'access_type': 'openaccess', 'source_id': '20.500.12657/54457', 'source_id_type': 'File Handle'}
Record 1316: {'title_id': 'https://library.oapen.org/handle/20.500.12657/55817', 'publication_title': 'Who Saved the Parthenon? A New History of the Acropolis Before, During and After the Greek Revolution', 'title_url': 'https://patron-academic.thepalaceproject.org/ucdavis/book/https%3A%2F%2Fcdl.edu.thepalaceproject.org%2F110644%2Fworks%2FURI%252Fhttps%253A%252F%252Flibrary.oapen.org%252Fhandle%252F20.500.12657%252F55817', 'first_author': 'st. clair, william', 'online_identifier': '', 'publisher_name': 'Open Book Publishers', 'publication_type': 'monograph', 'date_monograph_published_online': '2022', 'first_editor': '', 'access_type': 'openaccess', 'source_id': '20.500.12657/55817', 'source_id_type': 'File Handle'}
Record 1317: {'title_id': 'https://library.oapen.org/handle/20.500.12657/62570', 'publication_title': 'A Force of Energy Essays in Energy Law in Honour of Professor Martha Roggenkamp', 'title_url': 'https://patron-academic.thepalaceproject.org/ucdavis/book/https%3A%2F%2Fcdl.edu.thepalaceproject.org%2F110644%2Fworks%2FURI%252Fhttps%253A%252F%252Flibrary.oapen.org%252Fhandle%252F20.500.12657%252F62570', 'first_author': '', 'online_identifier': '', 'publisher_name': 'University of Groningen Press', 'publication_type': 'monograph', 'date_monograph_published_online': '2022', 'first_editor': 'Fleming, Ruven', 'access_type': 'openaccess', 'source_id': '20.500.12657/62570', 'source_id_type': 'File Handle'}
Record 1318: {'title_id': 'https://library.oapen.org/handle/20.500.12657/57945', 'publication_title': 'Recognizing Green Skills Through Non-formal Learning A Comparative Study in Asia', 'title_url': 'https://patron-academic.thepalaceproject.org/ucdavis/book/https%3A%2F%2Fcdl.edu.thepalaceproject.org%2F110644%2Fworks%2FURI%252Fhttps%253A%252F%252Flibrary.oapen.org%252Fhandle%252F20.500.12657%252F57945', 'first_author': '', 'online_identifier': '', 'publisher_name': 'Springer Nature', 'publication_type': 'monograph', 'date_monograph_published_online': '2022', 'first_editor': 'Pavlova, Margarita', 'access_type': 'openaccess', 'source_id': '20.500.12657/57945', 'source_id_type': 'File Handle'}
Record 1319: {'title_id': 'https://library.oapen.org/handle/20.500.12657/52945', 'publication_title': 'Monstrous Liminality Or, The Uncanny Strangers of Secularized Modernity', 'title_url': 'https://patron-academic.thepalaceproject.org/ucdavis/book/https%3A%2F%2Fcdl.edu.thepalaceproject.org%2F110644%2Fworks%2FURI%252Fhttps%253A%252F%252Flibrary.oapen.org%252Fhandle%252F20.500.12657%252F52945', 'first_author': 'Beghetto, Robert', 'online_identifier': '', 'publisher_name': 'Ubiquity Press', 'publication_type': 'monograph', 'date_monograph_published_online': '2022', 'first_editor': '', 'access_type': 'openaccess', 'source_id': '20.500.12657/52945', 'source_id_type': 'File Handle'}
Record 1320: {'title_id': 'https://library.oapen.org/handle/20.500.12657/60179', 'publication_title': 'English Medium Instruction as a Local Practice Language, culture and pedagogy', 'title_url': 'https://patron-academic.thepalaceproject.org/ucdavis/book/https%3A%2F%2Fcdl.edu.thepalaceproject.org%2F110644%2Fworks%2FURI%252Fhttps%253A%252F%252Flibrary.oapen.org%252Fhandle%252F20.500.12657%252F60179', 'first_author': 'Han, Jinghe', 'online_identifier': '', 'publisher_name': 'Springer Nature', 'publication_type': 'monograph', 'date_monograph_published_online': '2022', 'first_editor': '', 'access_type': 'openaccess', 'source_id': '20.500.12657/60179', 'source_id_type': 'File Handle'}
Record 1321: {'title_id': 'https://library.oapen.org/handle/20.500.12657/54432', 'publication_title': 'Cultural Representations of Gender Vulnerability and Resistance A Mediterranean Approach to the Anglosphere', 'title_url': 'https://patron-academic.thepalaceproject.org/ucdavis/book/https%3A%2F%2Fcdl.edu.thepalaceproject.org%2F110644%2Fworks%2FURI%252Fhttps%253A%252F%252Flibrary.oapen.org%252Fhandle%252F20.500.12657%252F54432', 'first_author': '', 'online_identifier': '', 'publisher_name': 'Springer Nature', 'publication_type': 'monograph', 'date_monograph_published_online': '2022', 'first_editor': 'Cuder-Domínguez, Pilar', 'access_type': 'openaccess', 'source_id': '20.500.12657/54432', 'source_id_type': 'File Handle'}
Record 1322: {'title_id': 'https://library.oapen.org/handle/20.500.12657/53173', 'publication_title': 'Beyond the Pale Dutch Extreme Violence in the Indonesian War of Independence, 1945-1949', 'title_url': 'https://patron-academic.thepalaceproject.org/ucdavis/book/https%3A%2F%2Fcdl.edu.thepalaceproject.org%2F110644%2Fworks%2FURI%252Fhttps%253A%252F%252Flibrary.oapen.org%252Fhandle%252F20.500.12657%252F53173', 'first_author': '', 'online_identifier': '', 'publisher_name': 'Amsterdam University Press', 'publication_type': 'monograph', 'date_monograph_published_online': '2022', 'first_editor': 'Oostindie, Gert', 'access_type': 'openaccess', 'source_id': '20.500.12657/53173', 'source_id_type': 'File Handle'}
Record 1323: {'title_id': 'https://library.oapen.org/handle/20.500.12657/57607', 'publication_title': 'Transforming Subjectivities Studies in Human Malleability in Contemporary Times', 'title_url': 'https://patron-academic.thepalaceproject.org/ucdavis/book/https%3A%2F%2Fcdl.edu.thepalaceproject.org%2F110644%2Fworks%2FURI%252Fhttps%253A%252F%252Flibrary.oapen.org%252Fhandle%252F20.500.12657%252F57607', 'first_author': '', 'online_identifier': '', 'publisher_name': 'Taylor & Francis', 'publication_type': 'monograph', 'date_monograph_published_online': '2022', 'first_editor': 'Hansen Löfstrand, Cecilia', 'access_type': 'openaccess', 'source_id': '20.500.12657/57607', 'source_id_type': 'File Handle'}
Record 1324: {'title_id': 'https://library.oapen.org/handle/20.500.12657/53378', 'publication_title': 'China and the World in a Changing Context Perspectives from Ambassadors to China', 'title_url': 'https://patron-academic.thepalaceproject.org/ucdavis/book/https%3A%2F%2Fcdl.edu.thepalaceproject.org%2F110644%2Fworks%2FURI%252Fhttps%253A%252F%252Flibrary.oapen.org%252Fhandle%252F20.500.12657%252F53378', 'first_author': '', 'online_identifier': '', 'publisher_name': 'Springer Nature', 'publication_type': 'monograph', 'date_monograph_published_online': '2022', 'first_editor': 'Miao, Lu', 'access_type': 'openaccess', 'source_id': '20.500.12657/53378', 'source_id_type': 'File Handle'}
Record 1325: {'title_id': 'https://library.oapen.org/handle/20.500.12657/58075', 'publication_title': 'Politico-ideological Mobilisation and Violence in the Arab World All In', 'title_url': 'https://patron-academic.thepalaceproject.org/ucdavis/book/https%3A%2F%2Fcdl.edu.thepalaceproject.org%2F110644%2Fworks%2FURI%252Fhttps%253A%252F%252Flibrary.oapen.org%252Fhandle%252F20.500.12657%252F58075', 'first_author': 'Ajil, Ahmed', 'online_identifier': '', 'publisher_name': 'Taylor & Francis', 'publication_type': 'monograph', 'date_monograph_published_online': '2022', 'first_editor': '', 'access_type': 'openaccess', 'source_id': '20.500.12657/58075', 'source_id_type': 'File Handle'}
Record 1326: {'title_id': 'https://library.oapen.org/handle/20.500.12657/59364', 'publication_title': 'Bayes Factors for Forensic Decision Analyses with R', 'title_url': 'https://patron-academic.thepalaceproject.org/ucdavis/book/https%3A%2F%2Fcdl.edu.thepalaceproject.org%2F110644%2Fworks%2FURI%252Fhttps%253A%252F%252Flibrary.oapen.org%252Fhandle%252F20.500.12657%252F59364', 'first_author': '', 'online_identifier': '', 'publisher_name': 'Springer Nature', 'publication_type': 'monograph', 'date_monograph_published_online': '2022', 'first_editor': '', 'access_type': 'openaccess', 'source_id': '20.500.12657/59364', 'source_id_type': 'File Handle'}
Record 1327: {'title_id': 'https://library.oapen.org/handle/20.500.12657/59440', 'publication_title': 'Philipp Melanchthon Die denker, leermeester en opvoeder van die Reformasie', 'title_url': 'https://patron-academic.thepalaceproject.org/ucdavis/book/https%3A%2F%2Fcdl.edu.thepalaceproject.org%2F110644%2Fworks%2FURI%252Fhttps%253A%252F%252Flibrary.oapen.org%252Fhandle%252F20.500.12657%252F59440', 'first_author': 'van Wyk, Ignatius W.C. (Natie)', 'online_identifier': '', 'publisher_name': 'AOSIS', 'publication_type': 'monograph', 'date_monograph_published_online': '2022', 'first_editor': '', 'access_type': 'openaccess', 'source_id': '20.500.12657/59440', 'source_id_type': 'File Handle'}
Record 1328: {'title_id': 'https://library.oapen.org/handle/20.500.12657/60558', 'publication_title': 'Interviews in the history of linguistics Volume I', 'title_url': 'https://patron-academic.thepalaceproject.org/ucdavis/book/https%3A%2F%2Fcdl.edu.thepalaceproject.org%2F110644%2Fworks%2FURI%252Fhttps%253A%252F%252Flibrary.oapen.org%252Fhandle%252F20.500.12657%252F60558', 'first_author': 'McElvenny, James', 'online_identifier': '', 'publisher_name': 'Language Science Press', 'publication_type': 'monograph', 'date_monograph_published_online': '2022', 'first_editor': '', 'access_type': 'openaccess', 'source_id': '20.500.12657/60558', 'source_id_type': 'File Handle'}
Record 1329: {'title_id': 'https://library.oapen.org/handle/20.500.12657/87172', 'publication_title': 'Democratic Situations', 'title_url': 'https://patron-academic.thepalaceproject.org/ucdavis/book/https%3A%2F%2Fcdl.edu.thepalaceproject.org%2F110644%2Fworks%2FURI%252Fhttps%253A%252F%252Flibrary.oapen.org%252Fhandle%252F20.500.12657%252F87172', 'first_author': 'Birkbak, Andreas', 'online_identifier': '', 'publisher_name': 'Mattering Press', 'publication_type': 'monograph', 'date_monograph_published_online': '2022', 'first_editor': '', 'access_type': 'openaccess', 'source_id': '20.500.12657/87172', 'source_id_type': 'File Handle'}
Record 1330: {'title_id': 'https://library.oapen.org/handle/20.500.12657/58610', 'publication_title': 'The Asymmetric Nature of Time Accounting for the Open Future and the Fixed Past', 'title_url': 'https://patron-academic.thepalaceproject.org/ucdavis/book/https%3A%2F%2Fcdl.edu.thepalaceproject.org%2F110644%2Fworks%2FURI%252Fhttps%253A%252F%252Flibrary.oapen.org%252Fhandle%252F20.500.12657%252F58610', 'first_author': 'Grandjean, Vincent', 'online_identifier': '', 'publisher_name': 'Springer Nature', 'publication_type': 'monograph', 'date_monograph_published_online': '2022', 'first_editor': '', 'access_type': 'openaccess', 'source_id': '20.500.12657/58610', 'source_id_type': 'File Handle'}
Record 1331: {'title_id': 'https://library.oapen.org/handle/20.500.12657/57294', 'publication_title': 'World of Patterns A Global History of Knowledge', 'title_url': 'https://patron-academic.thepalaceproject.org/ucdavis/book/https%3A%2F%2Fcdl.edu.thepalaceproject.org%2F110644%2Fworks%2FURI%252Fhttps%253A%252F%252Flibrary.oapen.org%252Fhandle%252F20.500.12657%252F57294', 'first_author': 'Bod, Rens', 'online_identifier': '', 'publisher_name': 'Johns Hopkins University Press', 'publication_type': 'monograph', 'date_monograph_published_online': '2022', 'first_editor': '', 'access_type': 'openaccess', 'source_id': '20.500.12657/57294', 'source_id_type': 'File Handle'}
Record 1332: {'title_id': 'https://library.oapen.org/handle/20.500.12657/52541', 'publication_title': 'Printing and Publishing Chinese Religion and Philosophy in the Dutch Republic, 1595–1700 The Chinese Imprint', 'title_url': 'https://patron-academic.thepalaceproject.org/ucdavis/book/https%3A%2F%2Fcdl.edu.thepalaceproject.org%2F110644%2Fworks%2FURI%252Fhttps%253A%252F%252Flibrary.oapen.org%252Fhandle%252F20.500.12657%252F52541', 'first_author': 'Dijkstra, Trude', 'online_identifier': '', 'publisher_name': 'Brill', 'publication_type': 'monograph', 'date_monograph_published_online': '2022', 'first_editor': '', 'access_type': 'openaccess', 'source_id': '20.500.12657/52541', 'source_id_type': 'File Handle'}
Record 1333: {'title_id': 'https://library.oapen.org/handle/20.500.12657/59183', 'publication_title': 'Unfinished Histories Empire and Postcolonial Resonance in Central Africa and Belgium', 'title_url': 'https://patron-academic.thepalaceproject.org/ucdavis/book/https%3A%2F%2Fcdl.edu.thepalaceproject.org%2F110644%2Fworks%2FURI%252Fhttps%253A%252F%252Flibrary.oapen.org%252Fhandle%252F20.500.12657%252F59183', 'first_author': 'Fraiture, Pierre-Philippe', 'online_identifier': '', 'publisher_name': 'Leuven University Press', 'publication_type': 'monograph', 'date_monograph_published_online': '2022', 'first_editor': '', 'access_type': 'openaccess', 'source_id': '20.500.12657/59183', 'source_id_type': 'File Handle'}
Record 1334: {'title_id': 'https://library.oapen.org/handle/20.500.12657/59456', 'publication_title': 'Culture as Soft Power Bridging Cultural Relations, Intellectual Cooperation, and Cultural Diplomacy', 'title_url': 'https://patron-academic.thepalaceproject.org/ucdavis/book/https%3A%2F%2Fcdl.edu.thepalaceproject.org%2F110644%2Fworks%2FURI%252Fhttps%253A%252F%252Flibrary.oapen.org%252Fhandle%252F20.500.12657%252F59456', 'first_author': '', 'online_identifier': '', 'publisher_name': 'De Gruyter', 'publication_type': 'monograph', 'date_monograph_published_online': '2022', 'first_editor': 'Carbó-Catalan, Elisabet', 'access_type': 'openaccess', 'source_id': '20.500.12657/59456', 'source_id_type': 'File Handle'}
Record 1335: {'title_id': 'https://library.oapen.org/handle/20.500.12657/60131', 'publication_title': 'Social and Affective Neuroscience of Everyday Human Interaction From Theory to Methodology', 'title_url': 'https://patron-academic.thepalaceproject.org/ucdavis/book/https%3A%2F%2Fcdl.edu.thepalaceproject.org%2F110644%2Fworks%2FURI%252Fhttps%253A%252F%252Flibrary.oapen.org%252Fhandle%252F20.500.12657%252F60131', 'first_author': '', 'online_identifier': '', 'publisher_name': 'Springer Nature', 'publication_type': 'monograph', 'date_monograph_published_online': '2022', 'first_editor': 'Alves, Marcus Vinicius C.', 'access_type': 'openaccess', 'source_id': '20.500.12657/60131', 'source_id_type': 'File Handle'}
Record 1336: {'title_id': 'https://library.oapen.org/handle/20.500.12657/60663', 'publication_title': 'The History of Indians in Zanzibar from the 1870s to 1963', 'title_url': 'https://patron-academic.thepalaceproject.org/ucdavis/book/https%3A%2F%2Fcdl.edu.thepalaceproject.org%2F110644%2Fworks%2FURI%252Fhttps%253A%252F%252Flibrary.oapen.org%252Fhandle%252F20.500.12657%252F60663', 'first_author': 'Wahab, Saada', 'online_identifier': '', 'publisher_name': 'Universitätsverlag Göttingen', 'publication_type': 'monograph', 'date_monograph_published_online': '2022', 'first_editor': '', 'access_type': 'openaccess', 'source_id': '20.500.12657/60663', 'source_id_type': 'File Handle'}
Record 1337: {'title_id': 'https://library.oapen.org/handle/20.500.12657/58382', 'publication_title': 'Old Ways for New Days Indigenous Survival and Agency in Climate Changed Times', 'title_url': 'https://patron-academic.thepalaceproject.org/ucdavis/book/https%3A%2F%2Fcdl.edu.thepalaceproject.org%2F110644%2Fworks%2FURI%252Fhttps%253A%252F%252Flibrary.oapen.org%252Fhandle%252F20.500.12657%252F58382', 'first_author': '', 'online_identifier': '', 'publisher_name': 'Springer Nature', 'publication_type': 'monograph', 'date_monograph_published_online': '2022', 'first_editor': '', 'access_type': 'openaccess', 'source_id': '20.500.12657/58382', 'source_id_type': 'File Handle'}
Record 1338: {'title_id': 'https://library.oapen.org/handle/20.500.12657/59198', 'publication_title': 'Postcolonial Memory in the Netherlands Meaningful Voices, Meaningful Silences', 'title_url': 'https://patron-academic.thepalaceproject.org/ucdavis/book/https%3A%2F%2Fcdl.edu.thepalaceproject.org%2F110644%2Fworks%2FURI%252Fhttps%253A%252F%252Flibrary.oapen.org%252Fhandle%252F20.500.12657%252F59198', 'first_author': 'van Engelenhoven, Gerlov', 'online_identifier': '', 'publisher_name': 'Amsterdam University Press', 'publication_type': 'monograph', 'date_monograph_published_online': '2022', 'first_editor': '', 'access_type': 'openaccess', 'source_id': '20.500.12657/59198', 'source_id_type': 'File Handle'}
Record 1339: {'title_id': 'https://library.oapen.org/handle/20.500.12657/58871', 'publication_title': 'Althusser and Education Reassessing Critical Education', 'title_url': 'https://patron-academic.thepalaceproject.org/ucdavis/book/https%3A%2F%2Fcdl.edu.thepalaceproject.org%2F110644%2Fworks%2FURI%252Fhttps%253A%252F%252Flibrary.oapen.org%252Fhandle%252F20.500.12657%252F58871', 'first_author': 'Backer, David I.', 'online_identifier': '', 'publisher_name': 'Bloomsbury Academic', 'publication_type': 'monograph', 'date_monograph_published_online': '2022', 'first_editor': '', 'access_type': 'openaccess', 'source_id': '20.500.12657/58871', 'source_id_type': 'File Handle'}
Record 1340: {'title_id': 'https://library.oapen.org/handle/20.500.12657/76641', 'publication_title': 'The Interpretation and Application of the Most-Favored-Nation Clause in Investment Arbitration', 'title_url': 'https://patron-academic.thepalaceproject.org/ucdavis/book/https%3A%2F%2Fcdl.edu.thepalaceproject.org%2F110644%2Fworks%2FURI%252Fhttps%253A%252F%252Flibrary.oapen.org%252Fhandle%252F20.500.12657%252F76641', 'first_author': 'Wang, Anqi', 'online_identifier': '', 'publisher_name': 'Brill', 'publication_type': 'monograph', 'date_monograph_published_online': '2022', 'first_editor': '', 'access_type': 'openaccess', 'source_id': '20.500.12657/76641', 'source_id_type': 'File Handle'}
Record 1341: {'title_id': 'https://library.oapen.org/handle/20.500.12657/56965', 'publication_title': 'A Multiscale In Silico Study to Characterize the Atrial Electrical Activity of Patients With Atrial Fibrillation A Translational Study to Guide Ablation Therapy', 'title_url': 'https://patron-academic.thepalaceproject.org/ucdavis/book/https%3A%2F%2Fcdl.edu.thepalaceproject.org%2F110644%2Fworks%2FURI%252Fhttps%253A%252F%252Flibrary.oapen.org%252Fhandle%252F20.500.12657%252F56965', 'first_author': 'Patricio Sánchez Arciniegas, Jorge', 'online_identifier': '', 'publisher_name': 'KIT Scientific Publishing', 'publication_type': 'monograph', 'date_monograph_published_online': '2022', 'first_editor': '', 'access_type': 'openaccess', 'source_id': '20.500.12657/56965', 'source_id_type': 'File Handle'}
Record 1342: {'title_id': 'https://library.oapen.org/handle/20.500.12657/54458', 'publication_title': 'Modern Cryptography Volume 1 A Classical Introduction to Informational and Mathematical Principle', 'title_url': 'https://patron-academic.thepalaceproject.org/ucdavis/book/https%3A%2F%2Fcdl.edu.thepalaceproject.org%2F110644%2Fworks%2FURI%252Fhttps%253A%252F%252Flibrary.oapen.org%252Fhandle%252F20.500.12657%252F54458', 'first_author': 'Zheng, Zhiyong', 'online_identifier': '', 'publisher_name': 'Springer Nature', 'publication_type': 'monograph', 'date_monograph_published_online': '2022', 'first_editor': '', 'access_type': 'openaccess', 'source_id': '20.500.12657/54458', 'source_id_type': 'File Handle'}
Record 1343: {'title_id': 'https://library.oapen.org/handle/20.500.12657/60141', 'publication_title': 'Understanding Globalization, Global Gaps, and Power Shifts in the 21st Century CCG Global Dialogues', 'title_url': 'https://patron-academic.thepalaceproject.org/ucdavis/book/https%3A%2F%2Fcdl.edu.thepalaceproject.org%2F110644%2Fworks%2FURI%252Fhttps%253A%252F%252Flibrary.oapen.org%252Fhandle%252F20.500.12657%252F60141', 'first_author': '', 'online_identifier': '', 'publisher_name': 'Springer Nature', 'publication_type': 'monograph', 'date_monograph_published_online': '2022', 'first_editor': 'Miao, Lu', 'access_type': 'openaccess', 'source_id': '20.500.12657/60141', 'source_id_type': 'File Handle'}
Record 1344: {'title_id': 'https://library.oapen.org/handle/20.500.12657/54425', 'publication_title': 'Control Problems for Conservation Laws with Traffic Applications Modeling, Analysis, and Numerical Methods', 'title_url': 'https://patron-academic.thepalaceproject.org/ucdavis/book/https%3A%2F%2Fcdl.edu.thepalaceproject.org%2F110644%2Fworks%2FURI%252Fhttps%253A%252F%252Flibrary.oapen.org%252Fhandle%252F20.500.12657%252F54425', 'first_author': '', 'online_identifier': '', 'publisher_name': 'Springer Nature', 'publication_type': 'monograph', 'date_monograph_published_online': '2022', 'first_editor': '', 'access_type': 'openaccess', 'source_id': '20.500.12657/54425', 'source_id_type': 'File Handle'}
Record 1345: {'title_id': 'https://library.oapen.org/handle/20.500.12657/57072', 'publication_title': 'European Roma Lives beyond Stereotypes', 'title_url': 'https://patron-academic.thepalaceproject.org/ucdavis/book/https%3A%2F%2Fcdl.edu.thepalaceproject.org%2F110644%2Fworks%2FURI%252Fhttps%253A%252F%252Flibrary.oapen.org%252Fhandle%252F20.500.12657%252F57072', 'first_author': '', 'online_identifier': '', 'publisher_name': 'Liverpool University Press', 'publication_type': 'monograph', 'date_monograph_published_online': '2022', 'first_editor': 'Rosenhaft, Eve', 'access_type': 'openaccess', 'source_id': '20.500.12657/57072', 'source_id_type': 'File Handle'}
Record 1346: {'title_id': 'https://library.oapen.org/handle/20.500.12657/54019', 'publication_title': 'Precision Oncology and Cancer Biomarkers Issues at Stake and Matters of Concern', 'title_url': 'https://patron-academic.thepalaceproject.org/ucdavis/book/https%3A%2F%2Fcdl.edu.thepalaceproject.org%2F110644%2Fworks%2FURI%252Fhttps%253A%252F%252Flibrary.oapen.org%252Fhandle%252F20.500.12657%252F54019', 'first_author': '', 'online_identifier': '', 'publisher_name': 'Springer Nature', 'publication_type': 'monograph', 'date_monograph_published_online': '2022', 'first_editor': 'Bremer, Anne', 'access_type': 'openaccess', 'source_id': '20.500.12657/54019', 'source_id_type': 'File Handle'}
Record 1347: {'title_id': 'https://library.oapen.org/handle/20.500.12657/57909', 'publication_title': 'Model and Mathematics: From the 19th to the 21st Century', 'title_url': 'https://patron-academic.thepalaceproject.org/ucdavis/book/https%3A%2F%2Fcdl.edu.thepalaceproject.org%2F110644%2Fworks%2FURI%252Fhttps%253A%252F%252Flibrary.oapen.org%252Fhandle%252F20.500.12657%252F57909', 'first_author': '', 'online_identifier': '', 'publisher_name': 'Springer Nature', 'publication_type': 'monograph', 'date_monograph_published_online': '2022', 'first_editor': 'Friedman, Michael', 'access_type': 'openaccess', 'source_id': '20.500.12657/57909', 'source_id_type': 'File Handle'}
Record 1348: {'title_id': 'https://library.oapen.org/handle/20.500.12657/59234', 'publication_title': 'Perspectives on Transitions in Refugee Education Ruptures, Passages, and Re-Orientations', 'title_url': 'https://patron-academic.thepalaceproject.org/ucdavis/book/https%3A%2F%2Fcdl.edu.thepalaceproject.org%2F110644%2Fworks%2FURI%252Fhttps%253A%252F%252Flibrary.oapen.org%252Fhandle%252F20.500.12657%252F59234', 'first_author': '', 'online_identifier': '', 'publisher_name': 'Verlag Barbara Budrich', 'publication_type': 'monograph', 'date_monograph_published_online': '2022', 'first_editor': 'Jovanović Milanović, Olja', 'access_type': 'openaccess', 'source_id': '20.500.12657/59234', 'source_id_type': 'File Handle'}
Record 1349: {'title_id': 'https://library.oapen.org/handle/20.500.12657/58355', 'publication_title': 'Managing Great Power Politics ASEAN, Institutional Strategy, and the South China Sea', 'title_url': 'https://patron-academic.thepalaceproject.org/ucdavis/book/https%3A%2F%2Fcdl.edu.thepalaceproject.org%2F110644%2Fworks%2FURI%252Fhttps%253A%252F%252Flibrary.oapen.org%252Fhandle%252F20.500.12657%252F58355', 'first_author': 'Koga, Kei', 'online_identifier': '', 'publisher_name': 'Springer Nature', 'publication_type': 'monograph', 'date_monograph_published_online': '2022', 'first_editor': '', 'access_type': 'openaccess', 'source_id': '20.500.12657/58355', 'source_id_type': 'File Handle'}
Record 1350: {'title_id': 'https://library.oapen.org/handle/20.500.12657/58360', 'publication_title': 'Analysis of Reaction-Diffusion Models with the Taxis Mechanism', 'title_url': 'https://patron-academic.thepalaceproject.org/ucdavis/book/https%3A%2F%2Fcdl.edu.thepalaceproject.org%2F110644%2Fworks%2FURI%252Fhttps%253A%252F%252Flibrary.oapen.org%252Fhandle%252F20.500.12657%252F58360', 'first_author': '', 'online_identifier': '', 'publisher_name': 'Springer Nature', 'publication_type': 'monograph', 'date_monograph_published_online': '2022', 'first_editor': '', 'access_type': 'openaccess', 'source_id': '20.500.12657/58360', 'source_id_type': 'File Handle'}
Record 1351: {'title_id': 'https://library.oapen.org/handle/20.500.12657/59052', 'publication_title': 'State and Society in Papua New Guinea, 2001–2021', 'title_url': 'https://patron-academic.thepalaceproject.org/ucdavis/book/https%3A%2F%2Fcdl.edu.thepalaceproject.org%2F110644%2Fworks%2FURI%252Fhttps%253A%252F%252Flibrary.oapen.org%252Fhandle%252F20.500.12657%252F59052', 'first_author': 'May, R.J.', 'online_identifier': '', 'publisher_name': 'ANU Press', 'publication_type': 'monograph', 'date_monograph_published_online': '2022', 'first_editor': '', 'access_type': 'openaccess', 'source_id': '20.500.12657/59052', 'source_id_type': 'File Handle'}
Record 1352: {'title_id': 'https://library.oapen.org/handle/20.500.12657/58003', 'publication_title': 'Across Species and Cultures Whales, Humans, and Pacific Worlds', 'title_url': 'https://patron-academic.thepalaceproject.org/ucdavis/book/https%3A%2F%2Fcdl.edu.thepalaceproject.org%2F110644%2Fworks%2FURI%252Fhttps%253A%252F%252Flibrary.oapen.org%252Fhandle%252F20.500.12657%252F58003', 'first_author': '', 'online_identifier': '', 'publisher_name': '', 'publication_type': 'monograph', 'date_monograph_published_online': '', 'first_editor': 'Jones, Ryan Tucker', 'access_type': 'openaccess', 'source_id': '20.500.12657/58003', 'source_id_type': 'File Handle'}
Record 1353: {'title_id': 'https://library.oapen.org/handle/20.500.12657/53513', 'publication_title': 'Jain Rāmāyaṇa Narratives Moral Vision and Literary Innovation', 'title_url': 'https://patron-academic.thepalaceproject.org/ucdavis/book/https%3A%2F%2Fcdl.edu.thepalaceproject.org%2F110644%2Fworks%2FURI%252Fhttps%253A%252F%252Flibrary.oapen.org%252Fhandle%252F20.500.12657%252F53513', 'first_author': 'Clines, Gregory M.', 'online_identifier': '', 'publisher_name': 'Taylor & Francis', 'publication_type': 'monograph', 'date_monograph_published_online': '2022', 'first_editor': '', 'access_type': 'openaccess', 'source_id': '20.500.12657/53513', 'source_id_type': 'File Handle'}
Record 1354: {'title_id': 'https://library.oapen.org/handle/20.500.12657/57770', 'publication_title': 'Japanese Americans at Heart Mountain Networks, Power, and Everyday Life', 'title_url': 'https://patron-academic.thepalaceproject.org/ucdavis/book/https%3A%2F%2Fcdl.edu.thepalaceproject.org%2F110644%2Fworks%2FURI%252Fhttps%253A%252F%252Flibrary.oapen.org%252Fhandle%252F20.500.12657%252F57770', 'first_author': 'Kekki, Saara', 'online_identifier': '', 'publisher_name': 'University of Oklahoma Press', 'publication_type': 'monograph', 'date_monograph_published_online': '2022', 'first_editor': '', 'access_type': 'openaccess', 'source_id': '20.500.12657/57770', 'source_id_type': 'File Handle'}
Record 1355: {'title_id': 'https://library.oapen.org/handle/20.500.12657/60188', 'publication_title': 'Sustainable Development Disciplines for Society Breaking Down the 5Ps—People, Planet, Prosperity, Peace, and Partnerships', 'title_url': 'https://patron-academic.thepalaceproject.org/ucdavis/book/https%3A%2F%2Fcdl.edu.thepalaceproject.org%2F110644%2Fworks%2FURI%252Fhttps%253A%252F%252Flibrary.oapen.org%252Fhandle%252F20.500.12657%252F60188', 'first_author': '', 'online_identifier': '', 'publisher_name': 'Springer Nature', 'publication_type': 'monograph', 'date_monograph_published_online': '2022', 'first_editor': 'Akao, Ken-Ichi', 'access_type': 'openaccess', 'source_id': '20.500.12657/60188', 'source_id_type': 'File Handle'}
Record 1356: {'title_id': 'https://library.oapen.org/handle/20.500.12657/57614', 'publication_title': 'Self-Organised Schools Educational Leadership and Innovative Learning Environments', 'title_url': 'https://patron-academic.thepalaceproject.org/ucdavis/book/https%3A%2F%2Fcdl.edu.thepalaceproject.org%2F110644%2Fworks%2FURI%252Fhttps%253A%252F%252Flibrary.oapen.org%252Fhandle%252F20.500.12657%252F57614', 'first_author': '', 'online_identifier': '', 'publisher_name': 'Taylor & Francis', 'publication_type': 'monograph', 'date_monograph_published_online': '2022', 'first_editor': '', 'access_type': 'openaccess', 'source_id': '20.500.12657/57614', 'source_id_type': 'File Handle'}
Record 1357: {'title_id': 'https://library.oapen.org/handle/20.500.12657/57067', 'publication_title': "India in the Indo-Pacific Understanding India's security orientation towards Southeast and East Asia", 'title_url': 'https://patron-academic.thepalaceproject.org/ucdavis/book/https%3A%2F%2Fcdl.edu.thepalaceproject.org%2F110644%2Fworks%2FURI%252Fhttps%253A%252F%252Flibrary.oapen.org%252Fhandle%252F20.500.12657%252F57067', 'first_author': 'Malhotra, Aditi', 'online_identifier': '', 'publisher_name': 'Verlag Barbara Budrich', 'publication_type': 'monograph', 'date_monograph_published_online': '2022', 'first_editor': '', 'access_type': 'openaccess', 'source_id': '20.500.12657/57067', 'source_id_type': 'File Handle'}
Record 1358: {'title_id': 'https://library.oapen.org/handle/20.500.12657/59872', 'publication_title': 'The Chamber Musician in the Twenty-First Century', 'title_url': 'https://patron-academic.thepalaceproject.org/ucdavis/book/https%3A%2F%2Fcdl.edu.thepalaceproject.org%2F110644%2Fworks%2FURI%252Fhttps%253A%252F%252Flibrary.oapen.org%252Fhandle%252F20.500.12657%252F59872', 'first_author': 'Dogantan-Dack, Mine', 'online_identifier': '', 'publisher_name': 'MDPI - Multidisciplinary Digital Publishing Institute', 'publication_type': 'monograph', 'date_monograph_published_online': '2022', 'first_editor': '', 'access_type': 'openaccess', 'source_id': '20.500.12657/59872', 'source_id_type': 'File Handle'}
Record 1359: {'title_id': 'https://library.oapen.org/handle/20.500.12657/58078', 'publication_title': 'Groupwork with Refugees and Survivors of Human Rights Abuses The Power of Togetherness', 'title_url': 'https://patron-academic.thepalaceproject.org/ucdavis/book/https%3A%2F%2Fcdl.edu.thepalaceproject.org%2F110644%2Fworks%2FURI%252Fhttps%253A%252F%252Flibrary.oapen.org%252Fhandle%252F20.500.12657%252F58078', 'first_author': '', 'online_identifier': '', 'publisher_name': 'Taylor & Francis', 'publication_type': 'monograph', 'date_monograph_published_online': '2022', 'first_editor': 'Boyles, Jude', 'access_type': 'openaccess', 'source_id': '20.500.12657/58078', 'source_id_type': 'File Handle'}
Record 1360: {'title_id': 'https://library.oapen.org/handle/20.500.12657/53390', 'publication_title': "Movements After Revolution A History of People's Struggles in Mexico", 'title_url': 'https://patron-academic.thepalaceproject.org/ucdavis/book/https%3A%2F%2Fcdl.edu.thepalaceproject.org%2F110644%2Fworks%2FURI%252Fhttps%253A%252F%252Flibrary.oapen.org%252Fhandle%252F20.500.12657%252F53390', 'first_author': 'Rodríguez, Miles V.', 'online_identifier': '', 'publisher_name': 'Oxford University Press', 'publication_type': 'monograph', 'date_monograph_published_online': '2022', 'first_editor': '', 'access_type': 'openaccess', 'source_id': '20.500.12657/53390', 'source_id_type': 'File Handle'}
Record 1361: {'title_id': 'https://library.oapen.org/handle/20.500.12657/53375', 'publication_title': 'The Future of Financial Systems in the Digital Age Perspectives from Europe and Japan', 'title_url': 'https://patron-academic.thepalaceproject.org/ucdavis/book/https%3A%2F%2Fcdl.edu.thepalaceproject.org%2F110644%2Fworks%2FURI%252Fhttps%253A%252F%252Flibrary.oapen.org%252Fhandle%252F20.500.12657%252F53375', 'first_author': '', 'online_identifier': '', 'publisher_name': 'Springer Nature', 'publication_type': 'monograph', 'date_monograph_published_online': '2022', 'first_editor': 'Heckel, Markus', 'access_type': 'openaccess', 'source_id': '20.500.12657/53375', 'source_id_type': 'File Handle'}
Record 1362: {'title_id': 'https://library.oapen.org/handle/20.500.12657/53936', 'publication_title': 'Postdramatic Dramaturgies Resonances between Asia and Europe', 'title_url': 'https://patron-academic.thepalaceproject.org/ucdavis/book/https%3A%2F%2Fcdl.edu.thepalaceproject.org%2F110644%2Fworks%2FURI%252Fhttps%253A%252F%252Flibrary.oapen.org%252Fhandle%252F20.500.12657%252F53936', 'first_author': 'Tuchmann, Kai', 'online_identifier': '', 'publisher_name': 'transcript Verlag', 'publication_type': 'monograph', 'date_monograph_published_online': '2022', 'first_editor': '', 'access_type': 'openaccess', 'source_id': '20.500.12657/53936', 'source_id_type': 'File Handle'}
Record 1363: {'title_id': 'https://library.oapen.org/handle/20.500.12657/54318', 'publication_title': 'Women in Supramolecular Chemistry Collectively Crafting the Rhythms of Our Work and Lives in STEM', 'title_url': 'https://patron-academic.thepalaceproject.org/ucdavis/book/https%3A%2F%2Fcdl.edu.thepalaceproject.org%2F110644%2Fworks%2FURI%252Fhttps%253A%252F%252Flibrary.oapen.org%252Fhandle%252F20.500.12657%252F54318', 'first_author': '', 'online_identifier': '', 'publisher_name': 'Policy Press', 'publication_type': 'monograph', 'date_monograph_published_online': '2022', 'first_editor': '', 'access_type': 'openaccess', 'source_id': '20.500.12657/54318', 'source_id_type': 'File Handle'}
Record 1364: {'title_id': 'https://library.oapen.org/handle/20.500.12657/59224', 'publication_title': 'Multiethnic Societies of Central Asia and Siberia Represented in Indigenous Oral and Written Literature The Role of Private Collections and Libraries', 'title_url': 'https://patron-academic.thepalaceproject.org/ucdavis/book/https%3A%2F%2Fcdl.edu.thepalaceproject.org%2F110644%2Fworks%2FURI%252Fhttps%253A%252F%252Flibrary.oapen.org%252Fhandle%252F20.500.12657%252F59224', 'first_author': '', 'online_identifier': '', 'publisher_name': 'Universitätsverlag Göttingen', 'publication_type': 'monograph', 'date_monograph_published_online': '2022', 'first_editor': '', 'access_type': 'openaccess', 'source_id': '20.500.12657/59224', 'source_id_type': 'File Handle'}
Record 1365: {'title_id': 'https://library.oapen.org/handle/20.500.12657/60334', 'publication_title': 'Adoption across Race and Nation US Histories and Legacies', 'title_url': 'https://patron-academic.thepalaceproject.org/ucdavis/book/https%3A%2F%2Fcdl.edu.thepalaceproject.org%2F110644%2Fworks%2FURI%252Fhttps%253A%252F%252Flibrary.oapen.org%252Fhandle%252F20.500.12657%252F60334', 'first_author': 'Hackenesch, Silke', 'online_identifier': '', 'publisher_name': 'The Ohio State University Press', 'publication_type': 'monograph', 'date_monograph_published_online': '2022', 'first_editor': '', 'access_type': 'openaccess', 'source_id': '20.500.12657/60334', 'source_id_type': 'File Handle'}
Record 1366: {'title_id': 'https://library.oapen.org/handle/20.500.12657/59163', 'publication_title': 'Business Meets the Humanities The Human Perspective in University-Industry Collaboration', 'title_url': 'https://patron-academic.thepalaceproject.org/ucdavis/book/https%3A%2F%2Fcdl.edu.thepalaceproject.org%2F110644%2Fworks%2FURI%252Fhttps%253A%252F%252Flibrary.oapen.org%252Fhandle%252F20.500.12657%252F59163', 'first_author': '', 'online_identifier': '', 'publisher_name': 'Taylor & Francis', 'publication_type': 'monograph', 'date_monograph_published_online': '2022', 'first_editor': 'Mahnke, Martina Skrubbeltrang', 'access_type': 'openaccess', 'source_id': '20.500.12657/59163', 'source_id_type': 'File Handle'}
Record 1367: {'title_id': 'https://library.oapen.org/handle/20.500.12657/59163', 'publication_title': 'Business Meets the Humanities The Human Perspective in University-Industry Collaboration', 'title_url': 'https://patron-academic.thepalaceproject.org/ucdavis/book/https%3A%2F%2Fcdl.edu.thepalaceproject.org%2F110644%2Fworks%2FURI%252Fhttps%253A%252F%252Flibrary.oapen.org%252Fhandle%252F20.500.12657%252F59163', 'first_author': '', 'online_identifier': '', 'publisher_name': 'Taylor & Francis', 'publication_type': 'monograph', 'date_monograph_published_online': '2022', 'first_editor': 'Mahnke, Martina Skrubbeltrang', 'access_type': 'openaccess', 'source_id': '20.500.12657/59163', 'source_id_type': 'File Handle'}
Record 1368: {'title_id': 'https://library.oapen.org/handle/20.500.12657/53116', 'publication_title': 'Georges River Blues Swamps, Mangroves and Resident Action, 1945–1980', 'title_url': 'https://patron-academic.thepalaceproject.org/ucdavis/book/https%3A%2F%2Fcdl.edu.thepalaceproject.org%2F110644%2Fworks%2FURI%252Fhttps%253A%252F%252Flibrary.oapen.org%252Fhandle%252F20.500.12657%252F53116', 'first_author': 'Goodall, Heather', 'online_identifier': '', 'publisher_name': 'ANU Press', 'publication_type': 'monograph', 'date_monograph_published_online': '2022', 'first_editor': '', 'access_type': 'openaccess', 'source_id': '20.500.12657/53116', 'source_id_type': 'File Handle'}
Record 1369: {'title_id': 'https://library.oapen.org/handle/20.500.12657/59441', 'publication_title': 'The 4IR and teacher education in South Africa: contemporary discourses and empirical evidence', 'title_url': 'https://patron-academic.thepalaceproject.org/ucdavis/book/https%3A%2F%2Fcdl.edu.thepalaceproject.org%2F110644%2Fworks%2FURI%252Fhttps%253A%252F%252Flibrary.oapen.org%252Fhandle%252F20.500.12657%252F59441', 'first_author': '', 'online_identifier': '', 'publisher_name': 'AOSIS', 'publication_type': 'monograph', 'date_monograph_published_online': '2022', 'first_editor': 'Chiramba, Otilia Fortunate', 'access_type': 'openaccess', 'source_id': '20.500.12657/59441', 'source_id_type': 'File Handle'}
Record 1370: {'title_id': 'https://library.oapen.org/handle/20.500.12657/60259', 'publication_title': 'EIB Working Paper 2022/15 - Estimating financial integration in Europe How to separate structural trends from cyclical fluctuations', 'title_url': 'https://patron-academic.thepalaceproject.org/ucdavis/book/https%3A%2F%2Fcdl.edu.thepalaceproject.org%2F110644%2Fworks%2FURI%252Fhttps%253A%252F%252Flibrary.oapen.org%252Fhandle%252F20.500.12657%252F60259', 'first_author': 'Bank, European Investment', 'online_identifier': '', 'publisher_name': 'European Investment Bank', 'publication_type': 'monograph', 'date_monograph_published_online': '2022', 'first_editor': '', 'access_type': 'openaccess', 'source_id': '20.500.12657/60259', 'source_id_type': 'File Handle'}
Record 1371: {'title_id': 'https://library.oapen.org/handle/20.500.12657/57592', 'publication_title': 'Improving Assessment and Evaluation Strategies on Online Learning Proceedings of the 5th International Conference on Learning Innovation (ICLI 2021), Malang, Indonesia, 29 July 2021', 'title_url': 'https://patron-academic.thepalaceproject.org/ucdavis/book/https%3A%2F%2Fcdl.edu.thepalaceproject.org%2F110644%2Fworks%2FURI%252Fhttps%253A%252F%252Flibrary.oapen.org%252Fhandle%252F20.500.12657%252F57592', 'first_author': '', 'online_identifier': '', 'publisher_name': 'Taylor & Francis', 'publication_type': 'monograph', 'date_monograph_published_online': '2022', 'first_editor': 'Karmina, Sari', 'access_type': 'openaccess', 'source_id': '20.500.12657/57592', 'source_id_type': 'File Handle'}
Record 1372: {'title_id': 'https://library.oapen.org/handle/20.500.12657/54446', 'publication_title': 'Product Development within Artificial Intelligence, Ethics and Legal Risk Exemplary for Safe Autonomous Vehicles', 'title_url': 'https://patron-academic.thepalaceproject.org/ucdavis/book/https%3A%2F%2Fcdl.edu.thepalaceproject.org%2F110644%2Fworks%2FURI%252Fhttps%253A%252F%252Flibrary.oapen.org%252Fhandle%252F20.500.12657%252F54446', 'first_author': 'Winkle, Thomas', 'online_identifier': '', 'publisher_name': 'Springer Nature', 'publication_type': 'monograph', 'date_monograph_published_online': '2022', 'first_editor': '', 'access_type': 'openaccess', 'source_id': '20.500.12657/54446', 'source_id_type': 'File Handle'}
Record 1373: {'title_id': 'https://library.oapen.org/handle/20.500.12657/57912', 'publication_title': 'Achieving the Paris Climate Agreement Goals Part 2: Science-based Target Setting for the Finance industry — Net-Zero Sectoral 1.5˚C Pathways for Real Economy Sectors', 'title_url': 'https://patron-academic.thepalaceproject.org/ucdavis/book/https%3A%2F%2Fcdl.edu.thepalaceproject.org%2F110644%2Fworks%2FURI%252Fhttps%253A%252F%252Flibrary.oapen.org%252Fhandle%252F20.500.12657%252F57912', 'first_author': 'Teske, Sven', 'online_identifier': '', 'publisher_name': 'Springer Nature', 'publication_type': 'monograph', 'date_monograph_published_online': '2022', 'first_editor': '', 'access_type': 'openaccess', 'source_id': '20.500.12657/57912', 'source_id_type': 'File Handle'}
Record 1374: {'title_id': 'https://library.oapen.org/handle/20.500.12657/52618', 'publication_title': 'Queer Rebels Rewriting Literary Traditions in Contemporary Spanish Novels', 'title_url': 'https://patron-academic.thepalaceproject.org/ucdavis/book/https%3A%2F%2Fcdl.edu.thepalaceproject.org%2F110644%2Fworks%2FURI%252Fhttps%253A%252F%252Flibrary.oapen.org%252Fhandle%252F20.500.12657%252F52618', 'first_author': '', 'online_identifier': '', 'publisher_name': 'Taylor & Francis', 'publication_type': 'monograph', 'date_monograph_published_online': '2022', 'first_editor': '', 'access_type': 'openaccess', 'source_id': '20.500.12657/52618', 'source_id_type': 'File Handle'}
Record 1375: {'title_id': 'https://library.oapen.org/handle/20.500.12657/86570', 'publication_title': 'Protestant Bible Scholarship: Antisemitism, Philosemitism and Anti-Judaism', 'title_url': 'https://patron-academic.thepalaceproject.org/ucdavis/book/https%3A%2F%2Fcdl.edu.thepalaceproject.org%2F110644%2Fworks%2FURI%252Fhttps%253A%252F%252Flibrary.oapen.org%252Fhandle%252F20.500.12657%252F86570', 'first_author': '', 'online_identifier': '', 'publisher_name': 'Brill', 'publication_type': 'monograph', 'date_monograph_published_online': '2022', 'first_editor': 'Bakker, Arjen F.', 'access_type': 'openaccess', 'source_id': '20.500.12657/86570', 'source_id_type': 'File Handle'}
Record 1376: {'title_id': 'https://library.oapen.org/handle/20.500.12657/59324', 'publication_title': 'Artificiality and Sustainability in Entrepreneurship Exploring the Unforeseen, and Paving the Way to a Sustainable Future', 'title_url': 'https://patron-academic.thepalaceproject.org/ucdavis/book/https%3A%2F%2Fcdl.edu.thepalaceproject.org%2F110644%2Fworks%2FURI%252Fhttps%253A%252F%252Flibrary.oapen.org%252Fhandle%252F20.500.12657%252F59324', 'first_author': '', 'online_identifier': '', 'publisher_name': 'Springer Nature', 'publication_type': 'monograph', 'date_monograph_published_online': '2022', 'first_editor': 'Adams, Richard', 'access_type': 'openaccess', 'source_id': '20.500.12657/59324', 'source_id_type': 'File Handle'}
Record 1377: {'title_id': 'https://library.oapen.org/handle/20.500.12657/58632', 'publication_title': 'Deforming the Reform The Impact of Elites on Romania’s Post-accession Europeanization', 'title_url': 'https://patron-academic.thepalaceproject.org/ucdavis/book/https%3A%2F%2Fcdl.edu.thepalaceproject.org%2F110644%2Fworks%2FURI%252Fhttps%253A%252F%252Flibrary.oapen.org%252Fhandle%252F20.500.12657%252F58632', 'first_author': 'Martin-Russu, Luana', 'online_identifier': '', 'publisher_name': 'Springer Nature', 'publication_type': 'monograph', 'date_monograph_published_online': '2022', 'first_editor': '', 'access_type': 'openaccess', 'source_id': '20.500.12657/58632', 'source_id_type': 'File Handle'}
Record 1378: {'title_id': 'https://library.oapen.org/handle/20.500.12657/57219', 'publication_title': 'Digital History and Hermeneutics Between Theory and Practice', 'title_url': 'https://patron-academic.thepalaceproject.org/ucdavis/book/https%3A%2F%2Fcdl.edu.thepalaceproject.org%2F110644%2Fworks%2FURI%252Fhttps%253A%252F%252Flibrary.oapen.org%252Fhandle%252F20.500.12657%252F57219', 'first_author': '', 'online_identifier': '', 'publisher_name': 'De Gruyter', 'publication_type': 'monograph', 'date_monograph_published_online': '2022', 'first_editor': 'Fickers, Andreas', 'access_type': 'openaccess', 'source_id': '20.500.12657/57219', 'source_id_type': 'File Handle'}
Record 1379: {'title_id': 'https://library.oapen.org/handle/20.500.12657/59355', 'publication_title': 'Sonic Interactions in Virtual Environments', 'title_url': 'https://patron-academic.thepalaceproject.org/ucdavis/book/https%3A%2F%2Fcdl.edu.thepalaceproject.org%2F110644%2Fworks%2FURI%252Fhttps%253A%252F%252Flibrary.oapen.org%252Fhandle%252F20.500.12657%252F59355', 'first_author': '', 'online_identifier': '', 'publisher_name': 'Springer Nature', 'publication_type': 'monograph', 'date_monograph_published_online': '2022', 'first_editor': 'Geronazzo, Michele', 'access_type': 'openaccess', 'source_id': '20.500.12657/59355', 'source_id_type': 'File Handle'}
Record 1380: {'title_id': 'https://library.oapen.org/handle/20.500.12657/76660', 'publication_title': 'The Origin and Early Development of the Zhou Changes', 'title_url': 'https://patron-academic.thepalaceproject.org/ucdavis/book/https%3A%2F%2Fcdl.edu.thepalaceproject.org%2F110644%2Fworks%2FURI%252Fhttps%253A%252F%252Flibrary.oapen.org%252Fhandle%252F20.500.12657%252F76660', 'first_author': 'Shaughnessy, Edward', 'online_identifier': '', 'publisher_name': 'Brill', 'publication_type': 'monograph', 'date_monograph_published_online': '2022', 'first_editor': '', 'access_type': 'openaccess', 'source_id': '20.500.12657/76660', 'source_id_type': 'File Handle'}
Record 1381: {'title_id': 'https://library.oapen.org/handle/20.500.12657/56964', 'publication_title': 'Stochastic Range Estimation Algorithms for Electric Vehicles using Data-Driven Learning Models', 'title_url': 'https://patron-academic.thepalaceproject.org/ucdavis/book/https%3A%2F%2Fcdl.edu.thepalaceproject.org%2F110644%2Fworks%2FURI%252Fhttps%253A%252F%252Flibrary.oapen.org%252Fhandle%252F20.500.12657%252F56964', 'first_author': 'Scheubner, Stefan', 'online_identifier': '', 'publisher_name': 'KIT Scientific Publishing', 'publication_type': 'monograph', 'date_monograph_published_online': '2022', 'first_editor': '', 'access_type': 'openaccess', 'source_id': '20.500.12657/56964', 'source_id_type': 'File Handle'}
Record 1382: {'title_id': 'https://library.oapen.org/handle/20.500.12657/53343', 'publication_title': 'Researching Values Methodological Approaches for Understanding Values Work in Organisations and Leadership', 'title_url': 'https://patron-academic.thepalaceproject.org/ucdavis/book/https%3A%2F%2Fcdl.edu.thepalaceproject.org%2F110644%2Fworks%2FURI%252Fhttps%253A%252F%252Flibrary.oapen.org%252Fhandle%252F20.500.12657%252F53343', 'first_author': '', 'online_identifier': '', 'publisher_name': 'Springer Nature', 'publication_type': 'monograph', 'date_monograph_published_online': '2022', 'first_editor': 'Espedal, Gry', 'access_type': 'openaccess', 'source_id': '20.500.12657/53343', 'source_id_type': 'File Handle'}
Record 1383: {'title_id': 'https://library.oapen.org/handle/20.500.12657/56966', 'publication_title': 'Craft Sciences', 'title_url': 'https://patron-academic.thepalaceproject.org/ucdavis/book/https%3A%2F%2Fcdl.edu.thepalaceproject.org%2F110644%2Fworks%2FURI%252Fhttps%253A%252F%252Flibrary.oapen.org%252Fhandle%252F20.500.12657%252F56966', 'first_author': '', 'online_identifier': '', 'publisher_name': 'Kriterium', 'publication_type': 'monograph', 'date_monograph_published_online': '2022', 'first_editor': 'Almevik, Gunnar', 'access_type': 'openaccess', 'source_id': '20.500.12657/56966', 'source_id_type': 'File Handle'}
Record 1384: {'title_id': 'https://library.oapen.org/handle/20.500.12657/57278', 'publication_title': 'Development of NbN based Kinetic Inductance Detectors on sapphire and diamond substrates for fusion plasma polarimetric diagnostics', 'title_url': 'https://patron-academic.thepalaceproject.org/ucdavis/book/https%3A%2F%2Fcdl.edu.thepalaceproject.org%2F110644%2Fworks%2FURI%252Fhttps%253A%252F%252Flibrary.oapen.org%252Fhandle%252F20.500.12657%252F57278', 'first_author': 'Mazzocchi, Francesco', 'online_identifier': '', 'publisher_name': 'KIT Scientific Publishing', 'publication_type': 'monograph', 'date_monograph_published_online': '2022', 'first_editor': '', 'access_type': 'openaccess', 'source_id': '20.500.12657/57278', 'source_id_type': 'File Handle'}
Record 1385: {'title_id': 'https://library.oapen.org/handle/20.500.12657/52781', 'publication_title': 'Discourses of Global Queer Mobility and the Mediatization of Equality', 'title_url': 'https://patron-academic.thepalaceproject.org/ucdavis/book/https%3A%2F%2Fcdl.edu.thepalaceproject.org%2F110644%2Fworks%2FURI%252Fhttps%253A%252F%252Flibrary.oapen.org%252Fhandle%252F20.500.12657%252F52781', 'first_author': 'Comer, Joseph', 'online_identifier': '', 'publisher_name': 'Taylor & Francis', 'publication_type': 'monograph', 'date_monograph_published_online': '2022', 'first_editor': '', 'access_type': 'openaccess', 'source_id': '20.500.12657/52781', 'source_id_type': 'File Handle'}
Record 1386: {'title_id': 'https://library.oapen.org/handle/20.500.12657/61194', 'publication_title': 'A Cultural History of Youth in the Modern Age', 'title_url': 'https://patron-academic.thepalaceproject.org/ucdavis/book/https%3A%2F%2Fcdl.edu.thepalaceproject.org%2F110644%2Fworks%2FURI%252Fhttps%253A%252F%252Flibrary.oapen.org%252Fhandle%252F20.500.12657%252F61194', 'first_author': '', 'online_identifier': '', 'publisher_name': 'Bloomsbury Academic', 'publication_type': 'monograph', 'date_monograph_published_online': '2022', 'first_editor': 'Alexander, Kristine', 'access_type': 'openaccess', 'source_id': '20.500.12657/61194', 'source_id_type': 'File Handle'}
Record 1387: {'title_id': 'https://library.oapen.org/handle/20.500.12657/58348', 'publication_title': 'Migration in South America IMISCOE Regional Reader', 'title_url': 'https://patron-academic.thepalaceproject.org/ucdavis/book/https%3A%2F%2Fcdl.edu.thepalaceproject.org%2F110644%2Fworks%2FURI%252Fhttps%253A%252F%252Flibrary.oapen.org%252Fhandle%252F20.500.12657%252F58348', 'first_author': '', 'online_identifier': '', 'publisher_name': 'Springer Nature', 'publication_type': 'monograph', 'date_monograph_published_online': '2022', 'first_editor': 'Gómez, Carmen', 'access_type': 'openaccess', 'source_id': '20.500.12657/58348', 'source_id_type': 'File Handle'}
Record 1388: {'title_id': 'https://library.oapen.org/handle/20.500.12657/57256', 'publication_title': 'Mapping Narrations – Narrating Maps Concepts of the World in the Middle Ages and the Early Modern Period', 'title_url': 'https://patron-academic.thepalaceproject.org/ucdavis/book/https%3A%2F%2Fcdl.edu.thepalaceproject.org%2F110644%2Fworks%2FURI%252Fhttps%253A%252F%252Flibrary.oapen.org%252Fhandle%252F20.500.12657%252F57256', 'first_author': '', 'online_identifier': '', 'publisher_name': 'De Gruyter', 'publication_type': 'monograph', 'date_monograph_published_online': '2022', 'first_editor': 'Gneckow, Daniel', 'access_type': 'openaccess', 'source_id': '20.500.12657/57256', 'source_id_type': 'File Handle'}
Record 1389: {'title_id': 'https://library.oapen.org/handle/20.500.12657/58564', 'publication_title': 'The Official Indonesian Qurʾān Translation The History and Politics of Al-Qur’an dan Terjemahnya', 'title_url': 'https://patron-academic.thepalaceproject.org/ucdavis/book/https%3A%2F%2Fcdl.edu.thepalaceproject.org%2F110644%2Fworks%2FURI%252Fhttps%253A%252F%252Flibrary.oapen.org%252Fhandle%252F20.500.12657%252F58564', 'first_author': 'Lukman, Fadhli', 'online_identifier': '', 'publisher_name': 'Open Book Publishers', 'publication_type': 'monograph', 'date_monograph_published_online': '2022', 'first_editor': '', 'access_type': 'openaccess', 'source_id': '20.500.12657/58564', 'source_id_type': 'File Handle'}
Record 1390: {'title_id': 'https://library.oapen.org/handle/20.500.12657/60722', 'publication_title': 'Discovering the New Place of Learning', 'title_url': 'https://patron-academic.thepalaceproject.org/ucdavis/book/https%3A%2F%2Fcdl.edu.thepalaceproject.org%2F110644%2Fworks%2FURI%252Fhttps%253A%252F%252Flibrary.oapen.org%252Fhandle%252F20.500.12657%252F60722', 'first_author': 'Mažeikienė, Natalija', 'online_identifier': '', 'publisher_name': 'Peter Lang International Academic Publishers', 'publication_type': 'monograph', 'date_monograph_published_online': '2022', 'first_editor': '', 'access_type': 'openaccess', 'source_id': '20.500.12657/60722', 'source_id_type': 'File Handle'}
Record 1391: {'title_id': 'https://library.oapen.org/handle/20.500.12657/62213', 'publication_title': 'States United A Survival Guide for Our Democracy', 'title_url': 'https://patron-academic.thepalaceproject.org/ucdavis/book/https%3A%2F%2Fcdl.edu.thepalaceproject.org%2F110644%2Fworks%2FURI%252Fhttps%253A%252F%252Flibrary.oapen.org%252Fhandle%252F20.500.12657%252F62213', 'first_author': '', 'online_identifier': '', 'publisher_name': 'Cornell University Press', 'publication_type': 'monograph', 'date_monograph_published_online': '2022', 'first_editor': '', 'access_type': 'openaccess', 'source_id': '20.500.12657/62213', 'source_id_type': 'File Handle'}
Record 1392: {'title_id': 'https://library.oapen.org/handle/20.500.12657/63872', 'publication_title': 'Sovereign Wealth Funds Between the State and Markets', 'title_url': 'https://patron-academic.thepalaceproject.org/ucdavis/book/https%3A%2F%2Fcdl.edu.thepalaceproject.org%2F110644%2Fworks%2FURI%252Fhttps%253A%252F%252Flibrary.oapen.org%252Fhandle%252F20.500.12657%252F63872', 'first_author': '', 'online_identifier': '', 'publisher_name': 'Agenda Publishing Limited', 'publication_type': 'monograph', 'date_monograph_published_online': '2022', 'first_editor': '', 'access_type': 'openaccess', 'source_id': '20.500.12657/63872', 'source_id_type': 'File Handle'}
Record 1393: {'title_id': 'https://library.oapen.org/handle/20.500.12657/57191', 'publication_title': 'Automated Model Generation and Observer Design for Interconnected Systems A Port-Hamiltonian Approach', 'title_url': 'https://patron-academic.thepalaceproject.org/ucdavis/book/https%3A%2F%2Fcdl.edu.thepalaceproject.org%2F110644%2Fworks%2FURI%252Fhttps%253A%252F%252Flibrary.oapen.org%252Fhandle%252F20.500.12657%252F57191', 'first_author': 'Pfeifer, Martin', 'online_identifier': '', 'publisher_name': 'KIT Scientific Publishing', 'publication_type': 'monograph', 'date_monograph_published_online': '2022', 'first_editor': '', 'access_type': 'openaccess', 'source_id': '20.500.12657/57191', 'source_id_type': 'File Handle'}
Record 1394: {'title_id': 'https://library.oapen.org/handle/20.500.12657/59591', 'publication_title': 'Primitive Thinking Figuring Alterity in German Modernity', 'title_url': 'https://patron-academic.thepalaceproject.org/ucdavis/book/https%3A%2F%2Fcdl.edu.thepalaceproject.org%2F110644%2Fworks%2FURI%252Fhttps%253A%252F%252Flibrary.oapen.org%252Fhandle%252F20.500.12657%252F59591', 'first_author': 'Gess, Nicola', 'online_identifier': '', 'publisher_name': 'De Gruyter', 'publication_type': 'monograph', 'date_monograph_published_online': '2022', 'first_editor': '', 'access_type': 'openaccess', 'source_id': '20.500.12657/59591', 'source_id_type': 'File Handle'}
Record 1395: {'title_id': 'https://library.oapen.org/handle/20.500.12657/86589', 'publication_title': 'Economics and Mathematical Modeling in Health-Related Research', 'title_url': 'https://patron-academic.thepalaceproject.org/ucdavis/book/https%3A%2F%2Fcdl.edu.thepalaceproject.org%2F110644%2Fworks%2FURI%252Fhttps%253A%252F%252Flibrary.oapen.org%252Fhandle%252F20.500.12657%252F86589', 'first_author': '', 'online_identifier': '', 'publisher_name': 'Brill', 'publication_type': 'monograph', 'date_monograph_published_online': '2022', 'first_editor': 'Ciecierski, Christina', 'access_type': 'openaccess', 'source_id': '20.500.12657/86589', 'source_id_type': 'File Handle'}
Record 1396: {'title_id': 'https://library.oapen.org/handle/20.500.12657/76316', 'publication_title': 'Material and Digital Reconstruction of Fragmentary Dead Sea Scrolls The Case of 4Q418a', 'title_url': 'https://patron-academic.thepalaceproject.org/ucdavis/book/https%3A%2F%2Fcdl.edu.thepalaceproject.org%2F110644%2Fworks%2FURI%252Fhttps%253A%252F%252Flibrary.oapen.org%252Fhandle%252F20.500.12657%252F76316', 'first_author': '', 'online_identifier': '', 'publisher_name': 'Brill', 'publication_type': 'monograph', 'date_monograph_published_online': '2022', 'first_editor': '', 'access_type': 'openaccess', 'source_id': '20.500.12657/76316', 'source_id_type': 'File Handle'}
Record 1397: {'title_id': 'https://library.oapen.org/handle/20.500.12657/59596', 'publication_title': 'Demystifying the Sacred Blasphemy and Violence from the French Revolution to Today', 'title_url': 'https://patron-academic.thepalaceproject.org/ucdavis/book/https%3A%2F%2Fcdl.edu.thepalaceproject.org%2F110644%2Fworks%2FURI%252Fhttps%253A%252F%252Flibrary.oapen.org%252Fhandle%252F20.500.12657%252F59596', 'first_author': '', 'online_identifier': '', 'publisher_name': 'De Gruyter', 'publication_type': 'monograph', 'date_monograph_published_online': '2022', 'first_editor': 'Bouwers, Eveline', 'access_type': 'openaccess', 'source_id': '20.500.12657/59596', 'source_id_type': 'File Handle'}
Record 1398: {'title_id': 'https://library.oapen.org/handle/20.500.12657/60534', 'publication_title': 'Ab Initio Language Teaching in British Higher Education The Case of German', 'title_url': 'https://patron-academic.thepalaceproject.org/ucdavis/book/https%3A%2F%2Fcdl.edu.thepalaceproject.org%2F110644%2Fworks%2FURI%252Fhttps%253A%252F%252Flibrary.oapen.org%252Fhandle%252F20.500.12657%252F60534', 'first_author': '', 'online_identifier': '', 'publisher_name': 'UCL Press', 'publication_type': 'monograph', 'date_monograph_published_online': '2022', 'first_editor': 'Bavendiek, Ulrike', 'access_type': 'openaccess', 'source_id': '20.500.12657/60534', 'source_id_type': 'File Handle'}
Record 1399: {'title_id': 'https://library.oapen.org/handle/20.500.12657/86590', 'publication_title': 'Regulation of Risk Transport, Trade and Environment in Perspective', 'title_url': 'https://patron-academic.thepalaceproject.org/ucdavis/book/https%3A%2F%2Fcdl.edu.thepalaceproject.org%2F110644%2Fworks%2FURI%252Fhttps%253A%252F%252Flibrary.oapen.org%252Fhandle%252F20.500.12657%252F86590', 'first_author': '', 'online_identifier': '', 'publisher_name': 'Brill', 'publication_type': 'monograph', 'date_monograph_published_online': '2022', 'first_editor': 'Argüello, Gabriela', 'access_type': 'openaccess', 'source_id': '20.500.12657/86590', 'source_id_type': 'File Handle'}
Record 1400: {'title_id': 'https://library.oapen.org/handle/20.500.12657/54424', 'publication_title': 'Covid-19 and Capitalism Success and Failure of the Legal Methods for Dealing with a Pandemic', 'title_url': 'https://patron-academic.thepalaceproject.org/ucdavis/book/https%3A%2F%2Fcdl.edu.thepalaceproject.org%2F110644%2Fworks%2FURI%252Fhttps%253A%252F%252Flibrary.oapen.org%252Fhandle%252F20.500.12657%252F54424', 'first_author': 'Byttebier, Koen', 'online_identifier': '', 'publisher_name': 'Springer Nature', 'publication_type': 'monograph', 'date_monograph_published_online': '2022', 'first_editor': '', 'access_type': 'openaccess', 'source_id': '20.500.12657/54424', 'source_id_type': 'File Handle'}
Record 1401: {'title_id': 'https://library.oapen.org/handle/20.500.12657/53319', 'publication_title': 'Metalearning Applications to Automated Machine Learning and Data Mining', 'title_url': 'https://patron-academic.thepalaceproject.org/ucdavis/book/https%3A%2F%2Fcdl.edu.thepalaceproject.org%2F110644%2Fworks%2FURI%252Fhttps%253A%252F%252Flibrary.oapen.org%252Fhandle%252F20.500.12657%252F53319', 'first_author': '', 'online_identifier': '', 'publisher_name': 'Springer Nature', 'publication_type': 'monograph', 'date_monograph_published_online': '2022', 'first_editor': '', 'access_type': 'openaccess', 'source_id': '20.500.12657/53319', 'source_id_type': 'File Handle'}
Record 1402: {'title_id': 'https://library.oapen.org/handle/20.500.12657/60654', 'publication_title': 'Waste PET-MOF-Cleanwater Waste PET-Derived Metal-Organic Framework (MOFs) as Cost-Effective Adsorbents for Removal of Hazardous Elements from Polluted Water', 'title_url': 'https://patron-academic.thepalaceproject.org/ucdavis/book/https%3A%2F%2Fcdl.edu.thepalaceproject.org%2F110644%2Fworks%2FURI%252Fhttps%253A%252F%252Flibrary.oapen.org%252Fhandle%252F20.500.12657%252F60654', 'first_author': '', 'online_identifier': '', 'publisher_name': 'UJ Press', 'publication_type': 'monograph', 'date_monograph_published_online': '2022', 'first_editor': 'Jen, Tien-Chien', 'access_type': 'openaccess', 'source_id': '20.500.12657/60654', 'source_id_type': 'File Handle'}
Record 1403: {'title_id': 'https://library.oapen.org/handle/20.500.12657/52471', 'publication_title': 'Post-Truth Imaginations New Starting Points for Critique of Politics and Technoscience', 'title_url': 'https://patron-academic.thepalaceproject.org/ucdavis/book/https%3A%2F%2Fcdl.edu.thepalaceproject.org%2F110644%2Fworks%2FURI%252Fhttps%253A%252F%252Flibrary.oapen.org%252Fhandle%252F20.500.12657%252F52471', 'first_author': 'Rommetveit, Kjetil', 'online_identifier': '', 'publisher_name': 'Taylor & Francis', 'publication_type': 'monograph', 'date_monograph_published_online': '2022', 'first_editor': '', 'access_type': 'openaccess', 'source_id': '20.500.12657/52471', 'source_id_type': 'File Handle'}
Record 1404: {'title_id': 'https://library.oapen.org/handle/20.500.12657/75318', 'publication_title': 'The Routledge Handbook of Sport and Sustainable Development', 'title_url': 'https://patron-academic.thepalaceproject.org/ucdavis/book/https%3A%2F%2Fcdl.edu.thepalaceproject.org%2F110644%2Fworks%2FURI%252Fhttps%253A%252F%252Flibrary.oapen.org%252Fhandle%252F20.500.12657%252F75318', 'first_author': '', 'online_identifier': '', 'publisher_name': 'Taylor & Francis', 'publication_type': 'monograph', 'date_monograph_published_online': '2022', 'first_editor': 'Kellison, Timothy', 'access_type': 'openaccess', 'source_id': '20.500.12657/75318', 'source_id_type': 'File Handle'}
Record 1405: {'title_id': 'https://library.oapen.org/handle/20.500.12657/60136', 'publication_title': 'Failures in Cultural Participation', 'title_url': 'https://patron-academic.thepalaceproject.org/ucdavis/book/https%3A%2F%2Fcdl.edu.thepalaceproject.org%2F110644%2Fworks%2FURI%252Fhttps%253A%252F%252Flibrary.oapen.org%252Fhandle%252F20.500.12657%252F60136', 'first_author': '', 'online_identifier': '', 'publisher_name': 'Springer Nature', 'publication_type': 'monograph', 'date_monograph_published_online': '2022', 'first_editor': '', 'access_type': 'openaccess', 'source_id': '20.500.12657/60136', 'source_id_type': 'File Handle'}
Record 1406: {'title_id': 'https://library.oapen.org/handle/20.500.12657/57258', 'publication_title': 'Feminist Conversations on Peace', 'title_url': 'https://patron-academic.thepalaceproject.org/ucdavis/book/https%3A%2F%2Fcdl.edu.thepalaceproject.org%2F110644%2Fworks%2FURI%252Fhttps%253A%252F%252Flibrary.oapen.org%252Fhandle%252F20.500.12657%252F57258', 'first_author': '', 'online_identifier': '', 'publisher_name': 'Bristol University Press', 'publication_type': 'monograph', 'date_monograph_published_online': '2022', 'first_editor': 'Smith, Sarah', 'access_type': 'openaccess', 'source_id': '20.500.12657/57258', 'source_id_type': 'File Handle'}
Record 1407: {'title_id': 'https://library.oapen.org/handle/20.500.12657/87109', 'publication_title': 'Material Perspectives on Religion, Conflict, and Violence Things of Conflict', 'title_url': 'https://patron-academic.thepalaceproject.org/ucdavis/book/https%3A%2F%2Fcdl.edu.thepalaceproject.org%2F110644%2Fworks%2FURI%252Fhttps%253A%252F%252Flibrary.oapen.org%252Fhandle%252F20.500.12657%252F87109', 'first_author': '', 'online_identifier': '', 'publisher_name': 'Brill', 'publication_type': 'monograph', 'date_monograph_published_online': '2022', 'first_editor': 'Meinema, Erik', 'access_type': 'openaccess', 'source_id': '20.500.12657/87109', 'source_id_type': 'File Handle'}
Record 1408: {'title_id': 'https://library.oapen.org/handle/20.500.12657/89488', 'publication_title': 'Jews in the Soviet Union: A History After Stalin, 1953–1967, Volume 5', 'title_url': 'https://patron-academic.thepalaceproject.org/ucdavis/book/https%3A%2F%2Fcdl.edu.thepalaceproject.org%2F110644%2Fworks%2FURI%252Fhttps%253A%252F%252Flibrary.oapen.org%252Fhandle%252F20.500.12657%252F89488', 'first_author': 'Estraikh, Gennady', 'online_identifier': '', 'publisher_name': 'New York University Press', 'publication_type': 'monograph', 'date_monograph_published_online': '2022', 'first_editor': '', 'access_type': 'openaccess', 'source_id': '20.500.12657/89488', 'source_id_type': 'File Handle'}
Record 1409: {'title_id': 'https://library.oapen.org/handle/20.500.12657/53155', 'publication_title': 'Parliaments’ Contributions to Security Sector Governance/Reform and the Sustainable Development Goals Testing Parliaments’ Resolve in Security Sector Governance During Covid-19', 'title_url': 'https://patron-academic.thepalaceproject.org/ucdavis/book/https%3A%2F%2Fcdl.edu.thepalaceproject.org%2F110644%2Fworks%2FURI%252Fhttps%253A%252F%252Flibrary.oapen.org%252Fhandle%252F20.500.12657%252F53155', 'first_author': '', 'online_identifier': '', 'publisher_name': 'Ubiquity Press', 'publication_type': 'monograph', 'date_monograph_published_online': '2022', 'first_editor': '', 'access_type': 'openaccess', 'source_id': '20.500.12657/53155', 'source_id_type': 'File Handle'}
Record 1410: {'title_id': 'https://library.oapen.org/handle/20.500.12657/58450', 'publication_title': 'Towards a New Enlightenment - The Case for Future-Oriented Humanities', 'title_url': 'https://patron-academic.thepalaceproject.org/ucdavis/book/https%3A%2F%2Fcdl.edu.thepalaceproject.org%2F110644%2Fworks%2FURI%252Fhttps%253A%252F%252Flibrary.oapen.org%252Fhandle%252F20.500.12657%252F58450', 'first_author': '', 'online_identifier': '', 'publisher_name': 'transcript Verlag', 'publication_type': 'monograph', 'date_monograph_published_online': '2022', 'first_editor': '', 'access_type': 'openaccess', 'source_id': '20.500.12657/58450', 'source_id_type': 'File Handle'}
Record 1411: {'title_id': 'https://library.oapen.org/handle/20.500.12657/54044', 'publication_title': 'Cancer in the Arab World', 'title_url': 'https://patron-academic.thepalaceproject.org/ucdavis/book/https%3A%2F%2Fcdl.edu.thepalaceproject.org%2F110644%2Fworks%2FURI%252Fhttps%253A%252F%252Flibrary.oapen.org%252Fhandle%252F20.500.12657%252F54044', 'first_author': '', 'online_identifier': '', 'publisher_name': 'Springer Nature', 'publication_type': 'monograph', 'date_monograph_published_online': '2022', 'first_editor': 'Abu-Gheida, Ibrahim H.', 'access_type': 'openaccess', 'source_id': '20.500.12657/54044', 'source_id_type': 'File Handle'}
Record 1412: {'title_id': 'https://library.oapen.org/handle/20.500.12657/52855', 'publication_title': 'The EBMT/EHA CAR-T Cell Handbook', 'title_url': 'https://patron-academic.thepalaceproject.org/ucdavis/book/https%3A%2F%2Fcdl.edu.thepalaceproject.org%2F110644%2Fworks%2FURI%252Fhttps%253A%252F%252Flibrary.oapen.org%252Fhandle%252F20.500.12657%252F52855', 'first_author': '', 'online_identifier': '', 'publisher_name': 'Springer Nature', 'publication_type': 'monograph', 'date_monograph_published_online': '2022', 'first_editor': 'Chabannon, Christian', 'access_type': 'openaccess', 'source_id': '20.500.12657/52855', 'source_id_type': 'File Handle'}
Record 1413: {'title_id': 'https://library.oapen.org/handle/20.500.12657/57300', 'publication_title': 'Innovative Tools and Methods Using BIM for an Efficient Renovation in Buildings', 'title_url': 'https://patron-academic.thepalaceproject.org/ucdavis/book/https%3A%2F%2Fcdl.edu.thepalaceproject.org%2F110644%2Fworks%2FURI%252Fhttps%253A%252F%252Flibrary.oapen.org%252Fhandle%252F20.500.12657%252F57300', 'first_author': '', 'online_identifier': '', 'publisher_name': 'Springer Nature', 'publication_type': 'monograph', 'date_monograph_published_online': '2022', 'first_editor': 'Bolognesi, Cecilia Maria', 'access_type': 'openaccess', 'source_id': '20.500.12657/57300', 'source_id_type': 'File Handle'}
Record 1414: {'title_id': 'https://library.oapen.org/handle/20.500.12657/63286', 'publication_title': 'Terrortimes, Terrorscapes Continuities of Space, Time, and Memory in Twentieth-Century War and Genocide', 'title_url': 'https://patron-academic.thepalaceproject.org/ucdavis/book/https%3A%2F%2Fcdl.edu.thepalaceproject.org%2F110644%2Fworks%2FURI%252Fhttps%253A%252F%252Flibrary.oapen.org%252Fhandle%252F20.500.12657%252F63286', 'first_author': '', 'online_identifier': '', 'publisher_name': '', 'publication_type': 'monograph', 'date_monograph_published_online': '', 'first_editor': 'Benkert, Volke', 'access_type': 'openaccess', 'source_id': '20.500.12657/63286', 'source_id_type': 'File Handle'}
Record 1415: {'title_id': 'https://library.oapen.org/handle/20.500.12657/53190', 'publication_title': 'William Sharp and “Fiona Macleod” A Life', 'title_url': 'https://patron-academic.thepalaceproject.org/ucdavis/book/https%3A%2F%2Fcdl.edu.thepalaceproject.org%2F110644%2Fworks%2FURI%252Fhttps%253A%252F%252Flibrary.oapen.org%252Fhandle%252F20.500.12657%252F53190', 'first_author': 'Halloran, William F.', 'online_identifier': '', 'publisher_name': 'Open Book Publishers', 'publication_type': 'monograph', 'date_monograph_published_online': '2022', 'first_editor': '', 'access_type': 'openaccess', 'source_id': '20.500.12657/53190', 'source_id_type': 'File Handle'}
Record 1416: {'title_id': 'https://library.oapen.org/handle/20.500.12657/59865', 'publication_title': 'International Cooperation in Competition Law Matters A Closer Look at Trade Agreements', 'title_url': 'https://patron-academic.thepalaceproject.org/ucdavis/book/https%3A%2F%2Fcdl.edu.thepalaceproject.org%2F110644%2Fworks%2FURI%252Fhttps%253A%252F%252Flibrary.oapen.org%252Fhandle%252F20.500.12657%252F59865', 'first_author': 'Godt, Anton', 'online_identifier': '', 'publisher_name': 'Universitätsverlag Göttingen', 'publication_type': 'monograph', 'date_monograph_published_online': '2022', 'first_editor': '', 'access_type': 'openaccess', 'source_id': '20.500.12657/59865', 'source_id_type': 'File Handle'}
Record 1417: {'title_id': 'https://library.oapen.org/handle/20.500.12657/52442', 'publication_title': 'Academic Flying and the Means of Communication', 'title_url': 'https://patron-academic.thepalaceproject.org/ucdavis/book/https%3A%2F%2Fcdl.edu.thepalaceproject.org%2F110644%2Fworks%2FURI%252Fhttps%253A%252F%252Flibrary.oapen.org%252Fhandle%252F20.500.12657%252F52442', 'first_author': '', 'online_identifier': '', 'publisher_name': 'Springer Nature', 'publication_type': 'monograph', 'date_monograph_published_online': '2022', 'first_editor': 'Bjørkdahl, Kristian', 'access_type': 'openaccess', 'source_id': '20.500.12657/52442', 'source_id_type': 'File Handle'}
Record 1418: {'title_id': 'https://library.oapen.org/handle/20.500.12657/59815', 'publication_title': 'Non-Ideal Foundations of Language', 'title_url': 'https://patron-academic.thepalaceproject.org/ucdavis/book/https%3A%2F%2Fcdl.edu.thepalaceproject.org%2F110644%2Fworks%2FURI%252Fhttps%253A%252F%252Flibrary.oapen.org%252Fhandle%252F20.500.12657%252F59815', 'first_author': 'Keiser, Jessica', 'online_identifier': '', 'publisher_name': 'Taylor & Francis', 'publication_type': 'monograph', 'date_monograph_published_online': '2022', 'first_editor': '', 'access_type': 'openaccess', 'source_id': '20.500.12657/59815', 'source_id_type': 'File Handle'}
Record 1419: {'title_id': 'https://library.oapen.org/handle/20.500.12657/59262', 'publication_title': 'The Impossibilities of the Circular Economy Separating Aspirations from Reality', 'title_url': 'https://patron-academic.thepalaceproject.org/ucdavis/book/https%3A%2F%2Fcdl.edu.thepalaceproject.org%2F110644%2Fworks%2FURI%252Fhttps%253A%252F%252Flibrary.oapen.org%252Fhandle%252F20.500.12657%252F59262', 'first_author': '', 'online_identifier': '', 'publisher_name': 'Taylor & Francis', 'publication_type': 'monograph', 'date_monograph_published_online': '2022', 'first_editor': 'Hinske, Christoph', 'access_type': 'openaccess', 'source_id': '20.500.12657/59262', 'source_id_type': 'File Handle'}
Record 1420: {'title_id': 'https://library.oapen.org/handle/20.500.12657/54027', 'publication_title': 'Foundations of Software Science and Computation Structures 25th International Conference, FOSSACS 2022, Held as Part of the European Joint Conferences on Theory and Practice of Software, ETAPS 2022, Munich, Germany, April 2–7, 2022, Proceedings', 'title_url': 'https://patron-academic.thepalaceproject.org/ucdavis/book/https%3A%2F%2Fcdl.edu.thepalaceproject.org%2F110644%2Fworks%2FURI%252Fhttps%253A%252F%252Flibrary.oapen.org%252Fhandle%252F20.500.12657%252F54027', 'first_author': '', 'online_identifier': '', 'publisher_name': 'Springer Nature', 'publication_type': 'monograph', 'date_monograph_published_online': '2022', 'first_editor': 'Bouyer, Patricia', 'access_type': 'openaccess', 'source_id': '20.500.12657/54027', 'source_id_type': 'File Handle'}
Record 1421: {'title_id': 'https://library.oapen.org/handle/20.500.12657/53949', 'publication_title': 'Experimental investigation and process simulation of the compression molding process of Sheet Molding Compound (SMC) with local reinforcements', 'title_url': 'https://patron-academic.thepalaceproject.org/ucdavis/book/https%3A%2F%2Fcdl.edu.thepalaceproject.org%2F110644%2Fworks%2FURI%252Fhttps%253A%252F%252Flibrary.oapen.org%252Fhandle%252F20.500.12657%252F53949', 'first_author': 'Hohberg, Martin', 'online_identifier': '', 'publisher_name': 'KIT Scientific Publishing', 'publication_type': 'monograph', 'date_monograph_published_online': '2022', 'first_editor': '', 'access_type': 'openaccess', 'source_id': '20.500.12657/53949', 'source_id_type': 'File Handle'}
Record 1422: {'title_id': 'https://library.oapen.org/handle/20.500.12657/86592', 'publication_title': 'Creating and Sharing Legal Knowledge in the Twelfth Century Sankt Gallen, Stiftsbibliothek, 673 and Its Context', 'title_url': 'https://patron-academic.thepalaceproject.org/ucdavis/book/https%3A%2F%2Fcdl.edu.thepalaceproject.org%2F110644%2Fworks%2FURI%252Fhttps%253A%252F%252Flibrary.oapen.org%252Fhandle%252F20.500.12657%252F86592', 'first_author': '', 'online_identifier': '', 'publisher_name': 'Brill', 'publication_type': 'monograph', 'date_monograph_published_online': '2022', 'first_editor': 'Dusil, Stephan', 'access_type': 'openaccess', 'source_id': '20.500.12657/86592', 'source_id_type': 'File Handle'}
Record 1423: {'title_id': 'https://library.oapen.org/handle/20.500.12657/53423', 'publication_title': 'Reisen zu den Quellen des Tigris … Studien von Josef Wünsch in Mesopotamien', 'title_url': 'https://patron-academic.thepalaceproject.org/ucdavis/book/https%3A%2F%2Fcdl.edu.thepalaceproject.org%2F110644%2Fworks%2FURI%252Fhttps%253A%252F%252Flibrary.oapen.org%252Fhandle%252F20.500.12657%252F53423', 'first_author': '', 'online_identifier': '', 'publisher_name': 'Verlag der Österreichischen Akademie der Wissenschaften', 'publication_type': 'monograph', 'date_monograph_published_online': '2022', 'first_editor': '', 'access_type': 'openaccess', 'source_id': '20.500.12657/53423', 'source_id_type': 'File Handle'}
Record 1424: {'title_id': 'https://library.oapen.org/handle/20.500.12657/87756', 'publication_title': 'The Nature of Physical Computation', 'title_url': 'https://patron-academic.thepalaceproject.org/ucdavis/book/https%3A%2F%2Fcdl.edu.thepalaceproject.org%2F110644%2Fworks%2FURI%252Fhttps%253A%252F%252Flibrary.oapen.org%252Fhandle%252F20.500.12657%252F87756', 'first_author': 'Shagrir, Oron', 'online_identifier': '', 'publisher_name': 'Oxford University Press', 'publication_type': 'monograph', 'date_monograph_published_online': '2022', 'first_editor': '', 'access_type': 'openaccess', 'source_id': '20.500.12657/87756', 'source_id_type': 'File Handle'}
Record 1425: {'title_id': 'https://library.oapen.org/handle/20.500.12657/57787', 'publication_title': 'Video Game Art Reader Volume 4', 'title_url': 'https://patron-academic.thepalaceproject.org/ucdavis/book/https%3A%2F%2Fcdl.edu.thepalaceproject.org%2F110644%2Fworks%2FURI%252Fhttps%253A%252F%252Flibrary.oapen.org%252Fhandle%252F20.500.12657%252F57787', 'first_author': 'Funk, Tiffany', 'online_identifier': '', 'publisher_name': 'Amherst College Press', 'publication_type': 'monograph', 'date_monograph_published_online': '2022', 'first_editor': '', 'access_type': 'openaccess', 'source_id': '20.500.12657/57787', 'source_id_type': 'File Handle'}
Record 1426: {'title_id': 'https://library.oapen.org/handle/20.500.12657/61888', 'publication_title': 'Digitale Literaturwissenschaft DFG-Symposion 2017', 'title_url': 'https://patron-academic.thepalaceproject.org/ucdavis/book/https%3A%2F%2Fcdl.edu.thepalaceproject.org%2F110644%2Fworks%2FURI%252Fhttps%253A%252F%252Flibrary.oapen.org%252Fhandle%252F20.500.12657%252F61888', 'first_author': 'Jannidis, Fotis', 'online_identifier': '', 'publisher_name': 'Springer Nature', 'publication_type': 'monograph', 'date_monograph_published_online': '2022', 'first_editor': '', 'access_type': 'openaccess', 'source_id': '20.500.12657/61888', 'source_id_type': 'File Handle'}
Record 1427: {'title_id': 'https://library.oapen.org/handle/20.500.12657/53157', 'publication_title': 'Migration and Development in Southern Europe and South America', 'title_url': 'https://patron-academic.thepalaceproject.org/ucdavis/book/https%3A%2F%2Fcdl.edu.thepalaceproject.org%2F110644%2Fworks%2FURI%252Fhttps%253A%252F%252Flibrary.oapen.org%252Fhandle%252F20.500.12657%252F53157', 'first_author': '', 'online_identifier': '', 'publisher_name': 'Taylor & Francis', 'publication_type': 'monograph', 'date_monograph_published_online': '2022', 'first_editor': 'Damilakou, Maria', 'access_type': 'openaccess', 'source_id': '20.500.12657/53157', 'source_id_type': 'File Handle'}
Record 1428: {'title_id': 'https://library.oapen.org/handle/20.500.12657/58661', 'publication_title': 'Annual Report on the Big Data of New Energy Vehicle in China (2021)', 'title_url': 'https://patron-academic.thepalaceproject.org/ucdavis/book/https%3A%2F%2Fcdl.edu.thepalaceproject.org%2F110644%2Fworks%2FURI%252Fhttps%253A%252F%252Flibrary.oapen.org%252Fhandle%252F20.500.12657%252F58661', 'first_author': 'Wang, Zhenpo', 'online_identifier': '', 'publisher_name': 'Springer Nature', 'publication_type': 'monograph', 'date_monograph_published_online': '2022', 'first_editor': '', 'access_type': 'openaccess', 'source_id': '20.500.12657/58661', 'source_id_type': 'File Handle'}
Record 1429: {'title_id': 'https://library.oapen.org/handle/20.500.12657/57625', 'publication_title': 'The Transformation of Tamil Religion Ramalinga Swamigal (1823–1874) and Modern Dravidian Sainthood', 'title_url': 'https://patron-academic.thepalaceproject.org/ucdavis/book/https%3A%2F%2Fcdl.edu.thepalaceproject.org%2F110644%2Fworks%2FURI%252Fhttps%253A%252F%252Flibrary.oapen.org%252Fhandle%252F20.500.12657%252F57625', 'first_author': 'Raman, Srilata', 'online_identifier': '', 'publisher_name': 'Taylor & Francis', 'publication_type': 'monograph', 'date_monograph_published_online': '2022', 'first_editor': '', 'access_type': 'openaccess', 'source_id': '20.500.12657/57625', 'source_id_type': 'File Handle'}
Record 1430: {'title_id': 'https://library.oapen.org/handle/20.500.12657/57990', 'publication_title': 'Quantification and Modelling of Fugitive Greenhouse Gas Emissions from Urban Water Systems', 'title_url': 'https://patron-academic.thepalaceproject.org/ucdavis/book/https%3A%2F%2Fcdl.edu.thepalaceproject.org%2F110644%2Fworks%2FURI%252Fhttps%253A%252F%252Flibrary.oapen.org%252Fhandle%252F20.500.12657%252F57990', 'first_author': '', 'online_identifier': '', 'publisher_name': 'IWA Publishing', 'publication_type': 'monograph', 'date_monograph_published_online': '2022', 'first_editor': 'Nopens, Ingmar', 'access_type': 'openaccess', 'source_id': '20.500.12657/57990', 'source_id_type': 'File Handle'}
Record 1431: {'title_id': 'https://library.oapen.org/handle/20.500.12657/54103', 'publication_title': 'Paradigms regained Theoretical and empirical arguments for the reassessment of the notion of paradigm', 'title_url': 'https://patron-academic.thepalaceproject.org/ucdavis/book/https%3A%2F%2Fcdl.edu.thepalaceproject.org%2F110644%2Fworks%2FURI%252Fhttps%253A%252F%252Flibrary.oapen.org%252Fhandle%252F20.500.12657%252F54103', 'first_author': '', 'online_identifier': '', 'publisher_name': 'Language Science Press', 'publication_type': 'monograph', 'date_monograph_published_online': '2022', 'first_editor': 'Diewald, Gabriele', 'access_type': 'openaccess', 'source_id': '20.500.12657/54103', 'source_id_type': 'File Handle'}
Record 1432: {'title_id': 'https://library.oapen.org/handle/20.500.12657/57555', 'publication_title': 'New Directions in the Ethics and Politics of Speech', 'title_url': 'https://patron-academic.thepalaceproject.org/ucdavis/book/https%3A%2F%2Fcdl.edu.thepalaceproject.org%2F110644%2Fworks%2FURI%252Fhttps%253A%252F%252Flibrary.oapen.org%252Fhandle%252F20.500.12657%252F57555', 'first_author': 'Messina, J.P.', 'online_identifier': '', 'publisher_name': 'Taylor & Francis', 'publication_type': 'monograph', 'date_monograph_published_online': '2022', 'first_editor': '', 'access_type': 'openaccess', 'source_id': '20.500.12657/57555', 'source_id_type': 'File Handle'}
Record 1433: {'title_id': 'https://library.oapen.org/handle/20.500.12657/57314', 'publication_title': 'The Responsibility of Science', 'title_url': 'https://patron-academic.thepalaceproject.org/ucdavis/book/https%3A%2F%2Fcdl.edu.thepalaceproject.org%2F110644%2Fworks%2FURI%252Fhttps%253A%252F%252Flibrary.oapen.org%252Fhandle%252F20.500.12657%252F57314', 'first_author': 'Mieg, Harald A.', 'online_identifier': '', 'publisher_name': 'Springer Nature', 'publication_type': 'monograph', 'date_monograph_published_online': '2022', 'first_editor': '', 'access_type': 'openaccess', 'source_id': '20.500.12657/57314', 'source_id_type': 'File Handle'}
Record 1434: {'title_id': 'https://library.oapen.org/handle/20.500.12657/57750', 'publication_title': 'The Dynamics of Influencer Marketing A Multidisciplinary Approach', 'title_url': 'https://patron-academic.thepalaceproject.org/ucdavis/book/https%3A%2F%2Fcdl.edu.thepalaceproject.org%2F110644%2Fworks%2FURI%252Fhttps%253A%252F%252Flibrary.oapen.org%252Fhandle%252F20.500.12657%252F57750', 'first_author': 'Alvarez-Monzoncillo, Jose M.', 'online_identifier': '', 'publisher_name': 'Taylor & Francis', 'publication_type': 'monograph', 'date_monograph_published_online': '2022', 'first_editor': '', 'access_type': 'openaccess', 'source_id': '20.500.12657/57750', 'source_id_type': 'File Handle'}
Record 1435: {'title_id': 'https://library.oapen.org/handle/20.500.12657/53355', 'publication_title': 'Dumbing Down The Crisis of Quality and Equity in a Once-Great School System—and How to Reverse the Trend', 'title_url': 'https://patron-academic.thepalaceproject.org/ucdavis/book/https%3A%2F%2Fcdl.edu.thepalaceproject.org%2F110644%2Fworks%2FURI%252Fhttps%253A%252F%252Flibrary.oapen.org%252Fhandle%252F20.500.12657%252F53355', 'first_author': '', 'online_identifier': '', 'publisher_name': 'Springer Nature', 'publication_type': 'monograph', 'date_monograph_published_online': '2022', 'first_editor': '', 'access_type': 'openaccess', 'source_id': '20.500.12657/53355', 'source_id_type': 'File Handle'}
Record 1436: {'title_id': 'https://library.oapen.org/handle/20.500.12657/58371', 'publication_title': 'Fertility Transition in the Developing World', 'title_url': 'https://patron-academic.thepalaceproject.org/ucdavis/book/https%3A%2F%2Fcdl.edu.thepalaceproject.org%2F110644%2Fworks%2FURI%252Fhttps%253A%252F%252Flibrary.oapen.org%252Fhandle%252F20.500.12657%252F58371', 'first_author': '', 'online_identifier': '', 'publisher_name': 'Springer Nature', 'publication_type': 'monograph', 'date_monograph_published_online': '2022', 'first_editor': '', 'access_type': 'openaccess', 'source_id': '20.500.12657/58371', 'source_id_type': 'File Handle'}
Record 1437: {'title_id': 'https://library.oapen.org/handle/20.500.12657/61564', 'publication_title': "China's Transition to a New Phase of Development", 'title_url': 'https://patron-academic.thepalaceproject.org/ucdavis/book/https%3A%2F%2Fcdl.edu.thepalaceproject.org%2F110644%2Fworks%2FURI%252Fhttps%253A%252F%252Flibrary.oapen.org%252Fhandle%252F20.500.12657%252F61564', 'first_author': '', 'online_identifier': '', 'publisher_name': 'ANU Press', 'publication_type': 'monograph', 'date_monograph_published_online': '2022', 'first_editor': 'Song, Ligang', 'access_type': 'openaccess', 'source_id': '20.500.12657/61564', 'source_id_type': 'File Handle'}
Record 1438: {'title_id': 'https://library.oapen.org/handle/20.500.12657/57092', 'publication_title': 'Inter- und multidisziplinäre Perspektiven der Geschlechterforschung', 'title_url': 'https://patron-academic.thepalaceproject.org/ucdavis/book/https%3A%2F%2Fcdl.edu.thepalaceproject.org%2F110644%2Fworks%2FURI%252Fhttps%253A%252F%252Flibrary.oapen.org%252Fhandle%252F20.500.12657%252F57092', 'first_author': '', 'online_identifier': '', 'publisher_name': 'innsbruck university press', 'publication_type': 'monograph', 'date_monograph_published_online': '2022', 'first_editor': 'Auer, Manfred', 'access_type': 'openaccess', 'source_id': '20.500.12657/57092', 'source_id_type': 'File Handle'}
Record 1439: {'title_id': 'https://library.oapen.org/handle/20.500.12657/52834', 'publication_title': 'The Sharing Economy in Europe Developments, Practices, and Contradictions', 'title_url': 'https://patron-academic.thepalaceproject.org/ucdavis/book/https%3A%2F%2Fcdl.edu.thepalaceproject.org%2F110644%2Fworks%2FURI%252Fhttps%253A%252F%252Flibrary.oapen.org%252Fhandle%252F20.500.12657%252F52834', 'first_author': '', 'online_identifier': '', 'publisher_name': 'Springer Nature', 'publication_type': 'monograph', 'date_monograph_published_online': '2022', 'first_editor': 'Avram, Gabriela', 'access_type': 'openaccess', 'source_id': '20.500.12657/52834', 'source_id_type': 'File Handle'}
Record 1440: {'title_id': 'https://library.oapen.org/handle/20.500.12657/53415', 'publication_title': 'Reframing Roman Liturgy A Critical Edition of Onofrio Panvinio’s Vetusti aliquot rituales libri', 'title_url': 'https://patron-academic.thepalaceproject.org/ucdavis/book/https%3A%2F%2Fcdl.edu.thepalaceproject.org%2F110644%2Fworks%2FURI%252Fhttps%253A%252F%252Flibrary.oapen.org%252Fhandle%252F20.500.12657%252F53415', 'first_author': 'Malesevic, Filip', 'online_identifier': '', 'publisher_name': 'Peter Lang International Academic Publishers', 'publication_type': 'monograph', 'date_monograph_published_online': '2022', 'first_editor': '', 'access_type': 'openaccess', 'source_id': '20.500.12657/53415', 'source_id_type': 'File Handle'}
Record 1441: {'title_id': 'https://library.oapen.org/handle/20.500.12657/57240', 'publication_title': 'A Basic Theory of Everything A Fundamental Theoretical Framework for Science and Philosophy', 'title_url': 'https://patron-academic.thepalaceproject.org/ucdavis/book/https%3A%2F%2Fcdl.edu.thepalaceproject.org%2F110644%2Fworks%2FURI%252Fhttps%253A%252F%252Flibrary.oapen.org%252Fhandle%252F20.500.12657%252F57240', 'first_author': 'Søvik, Atle Ottesen', 'online_identifier': '', 'publisher_name': 'De Gruyter', 'publication_type': 'monograph', 'date_monograph_published_online': '2022', 'first_editor': '', 'access_type': 'openaccess', 'source_id': '20.500.12657/57240', 'source_id_type': 'File Handle'}
Record 1442: {'title_id': 'https://library.oapen.org/handle/20.500.12657/53327', 'publication_title': 'Intelligent Systems for Sustainable Person-Centered Healthcare', 'title_url': 'https://patron-academic.thepalaceproject.org/ucdavis/book/https%3A%2F%2Fcdl.edu.thepalaceproject.org%2F110644%2Fworks%2FURI%252Fhttps%253A%252F%252Flibrary.oapen.org%252Fhandle%252F20.500.12657%252F53327', 'first_author': '', 'online_identifier': '', 'publisher_name': 'Springer Nature', 'publication_type': 'monograph', 'date_monograph_published_online': '2022', 'first_editor': 'Kriksciuniene, Dalia', 'access_type': 'openaccess', 'source_id': '20.500.12657/53327', 'source_id_type': 'File Handle'}
Record 1443: {'title_id': 'https://library.oapen.org/handle/20.500.12657/58483', 'publication_title': 'Contributions to Baltic-Slavonic Relations in Literature and Languages An Interdisciplinary Collection of Essays', 'title_url': 'https://patron-academic.thepalaceproject.org/ucdavis/book/https%3A%2F%2Fcdl.edu.thepalaceproject.org%2F110644%2Fworks%2FURI%252Fhttps%253A%252F%252Flibrary.oapen.org%252Fhandle%252F20.500.12657%252F58483', 'first_author': 'Kessler, Stephan', 'online_identifier': '', 'publisher_name': 'Logos Verlag Berlin', 'publication_type': 'monograph', 'date_monograph_published_online': '2022', 'first_editor': '', 'access_type': 'openaccess', 'source_id': '20.500.12657/58483', 'source_id_type': 'File Handle'}
Record 1444: {'title_id': 'https://library.oapen.org/handle/20.500.12657/52835', 'publication_title': 'Handbook of Digital Face Manipulation and Detection From DeepFakes to Morphing Attacks', 'title_url': 'https://patron-academic.thepalaceproject.org/ucdavis/book/https%3A%2F%2Fcdl.edu.thepalaceproject.org%2F110644%2Fworks%2FURI%252Fhttps%253A%252F%252Flibrary.oapen.org%252Fhandle%252F20.500.12657%252F52835', 'first_author': '', 'online_identifier': '', 'publisher_name': 'Springer Nature', 'publication_type': 'monograph', 'date_monograph_published_online': '2022', 'first_editor': 'Busch, Christoph', 'access_type': 'openaccess', 'source_id': '20.500.12657/52835', 'source_id_type': 'File Handle'}
Record 1445: {'title_id': 'https://library.oapen.org/handle/20.500.12657/53716', 'publication_title': 'Conflicts in Interreligious Education Exploring Theory and Practice', 'title_url': 'https://patron-academic.thepalaceproject.org/ucdavis/book/https%3A%2F%2Fcdl.edu.thepalaceproject.org%2F110644%2Fworks%2FURI%252Fhttps%253A%252F%252Flibrary.oapen.org%252Fhandle%252F20.500.12657%252F53716', 'first_author': '', 'online_identifier': '', 'publisher_name': 'De Gruyter', 'publication_type': 'monograph', 'date_monograph_published_online': '2022', 'first_editor': '', 'access_type': 'openaccess', 'source_id': '20.500.12657/53716', 'source_id_type': 'File Handle'}
Record 1446: {'title_id': 'https://library.oapen.org/handle/20.500.12657/57332', 'publication_title': 'Migration Research in a Digitized World Using Innovative Technology to Tackle Methodological Challenges', 'title_url': 'https://patron-academic.thepalaceproject.org/ucdavis/book/https%3A%2F%2Fcdl.edu.thepalaceproject.org%2F110644%2Fworks%2FURI%252Fhttps%253A%252F%252Flibrary.oapen.org%252Fhandle%252F20.500.12657%252F57332', 'first_author': '', 'online_identifier': '', 'publisher_name': 'Springer Nature', 'publication_type': 'monograph', 'date_monograph_published_online': '2022', 'first_editor': 'Pötzschke, Steffen', 'access_type': 'openaccess', 'source_id': '20.500.12657/57332', 'source_id_type': 'File Handle'}
Record 1447: {'title_id': 'https://library.oapen.org/handle/20.500.12657/85318', 'publication_title': 'Visceral Prostheses Somatechnics and Posthuman Embodiment', 'title_url': 'https://patron-academic.thepalaceproject.org/ucdavis/book/https%3A%2F%2Fcdl.edu.thepalaceproject.org%2F110644%2Fworks%2FURI%252Fhttps%253A%252F%252Flibrary.oapen.org%252Fhandle%252F20.500.12657%252F85318', 'first_author': 'Shildrick, Margrit', 'online_identifier': '', 'publisher_name': 'Bloomsbury Academic', 'publication_type': 'monograph', 'date_monograph_published_online': '2022', 'first_editor': '', 'access_type': 'openaccess', 'source_id': '20.500.12657/85318', 'source_id_type': 'File Handle'}
Record 1448: {'title_id': 'https://library.oapen.org/handle/20.500.12657/60130', 'publication_title': 'A Guide to Additive Manufacturing', 'title_url': 'https://patron-academic.thepalaceproject.org/ucdavis/book/https%3A%2F%2Fcdl.edu.thepalaceproject.org%2F110644%2Fworks%2FURI%252Fhttps%253A%252F%252Flibrary.oapen.org%252Fhandle%252F20.500.12657%252F60130', 'first_author': '', 'online_identifier': '', 'publisher_name': 'Springer Nature', 'publication_type': 'monograph', 'date_monograph_published_online': '2022', 'first_editor': 'Godec, Damir', 'access_type': 'openaccess', 'source_id': '20.500.12657/60130', 'source_id_type': 'File Handle'}
Record 1449: {'title_id': 'https://library.oapen.org/handle/20.500.12657/59714', 'publication_title': 'Architectures for Next Generation EU Cities Challenges, Key Drivers, and Research Trends', 'title_url': 'https://patron-academic.thepalaceproject.org/ucdavis/book/https%3A%2F%2Fcdl.edu.thepalaceproject.org%2F110644%2Fworks%2FURI%252Fhttps%253A%252F%252Flibrary.oapen.org%252Fhandle%252F20.500.12657%252F59714', 'first_author': '', 'online_identifier': '', 'publisher_name': 'FrancoAngeli', 'publication_type': 'monograph', 'date_monograph_published_online': '2022', 'first_editor': '', 'access_type': 'openaccess', 'source_id': '20.500.12657/59714', 'source_id_type': 'File Handle'}
Record 1450: {'title_id': 'https://library.oapen.org/handle/20.500.12657/52400', 'publication_title': 'A Multidisciplinary Approach to Capability in Age and Ageing', 'title_url': 'https://patron-academic.thepalaceproject.org/ucdavis/book/https%3A%2F%2Fcdl.edu.thepalaceproject.org%2F110644%2Fworks%2FURI%252Fhttps%253A%252F%252Flibrary.oapen.org%252Fhandle%252F20.500.12657%252F52400', 'first_author': '', 'online_identifier': '', 'publisher_name': 'Springer Nature', 'publication_type': 'monograph', 'date_monograph_published_online': '2022', 'first_editor': 'Falk Erhag, Hanna', 'access_type': 'openaccess', 'source_id': '20.500.12657/52400', 'source_id_type': 'File Handle'}
Record 1451: {'title_id': 'https://library.oapen.org/handle/20.500.12657/56958', 'publication_title': 'Public Space in Transition Co-production and Co-management of Privately Owned Public Space in Seoul and Berlin', 'title_url': 'https://patron-academic.thepalaceproject.org/ucdavis/book/https%3A%2F%2Fcdl.edu.thepalaceproject.org%2F110644%2Fworks%2FURI%252Fhttps%253A%252F%252Flibrary.oapen.org%252Fhandle%252F20.500.12657%252F56958', 'first_author': 'Lee, Dahae', 'online_identifier': '', 'publisher_name': 'transcript Verlag', 'publication_type': 'monograph', 'date_monograph_published_online': '2022', 'first_editor': '', 'access_type': 'openaccess', 'source_id': '20.500.12657/56958', 'source_id_type': 'File Handle'}
Record 1452: {'title_id': 'https://library.oapen.org/handle/20.500.12657/52498', 'publication_title': 'Vernaculars in an Age of World Literatures', 'title_url': 'https://patron-academic.thepalaceproject.org/ucdavis/book/https%3A%2F%2Fcdl.edu.thepalaceproject.org%2F110644%2Fworks%2FURI%252Fhttps%253A%252F%252Flibrary.oapen.org%252Fhandle%252F20.500.12657%252F52498', 'first_author': '', 'online_identifier': '', 'publisher_name': 'Bloomsbury Academic', 'publication_type': 'monograph', 'date_monograph_published_online': '2022', 'first_editor': 'Kullberg, Christina', 'access_type': 'openaccess', 'source_id': '20.500.12657/52498', 'source_id_type': 'File Handle'}
Record 1453: {'title_id': 'https://library.oapen.org/handle/20.500.12657/57822', 'publication_title': 'European Investment Advisory Hub Report 2021', 'title_url': 'https://patron-academic.thepalaceproject.org/ucdavis/book/https%3A%2F%2Fcdl.edu.thepalaceproject.org%2F110644%2Fworks%2FURI%252Fhttps%253A%252F%252Flibrary.oapen.org%252Fhandle%252F20.500.12657%252F57822', 'first_author': 'Bank, European Investment', 'online_identifier': '', 'publisher_name': '', 'publication_type': 'monograph', 'date_monograph_published_online': '', 'first_editor': '', 'access_type': 'openaccess', 'source_id': '20.500.12657/57822', 'source_id_type': 'File Handle'}
Record 1454: {'title_id': 'https://library.oapen.org/handle/20.500.12657/57692', 'publication_title': 'Peasant Wars in Bolivia Making, Thinking, and Living the Revolution in Cochabamba, 1952-64', 'title_url': 'https://patron-academic.thepalaceproject.org/ucdavis/book/https%3A%2F%2Fcdl.edu.thepalaceproject.org%2F110644%2Fworks%2FURI%252Fhttps%253A%252F%252Flibrary.oapen.org%252Fhandle%252F20.500.12657%252F57692', 'first_author': 'Gordillo, José M.', 'online_identifier': '', 'publisher_name': 'University of Calgary Press', 'publication_type': 'monograph', 'date_monograph_published_online': '2022', 'first_editor': '', 'access_type': 'openaccess', 'source_id': '20.500.12657/57692', 'source_id_type': 'File Handle'}
Record 1455: {'title_id': 'https://library.oapen.org/handle/20.500.12657/52187', 'publication_title': 'Multimodal Literacy in School Science Transdisciplinary Perspectives on Theory, Research and Pedagogy', 'title_url': 'https://patron-academic.thepalaceproject.org/ucdavis/book/https%3A%2F%2Fcdl.edu.thepalaceproject.org%2F110644%2Fworks%2FURI%252Fhttps%253A%252F%252Flibrary.oapen.org%252Fhandle%252F20.500.12657%252F52187', 'first_author': '', 'online_identifier': '', 'publisher_name': 'Taylor & Francis', 'publication_type': 'monograph', 'date_monograph_published_online': '2022', 'first_editor': '', 'access_type': 'openaccess', 'source_id': '20.500.12657/52187', 'source_id_type': 'File Handle'}
Record 1456: {'title_id': 'https://library.oapen.org/handle/20.500.12657/52786', 'publication_title': 'Global Perspectives on NGO Communication for Social Change', 'title_url': 'https://patron-academic.thepalaceproject.org/ucdavis/book/https%3A%2F%2Fcdl.edu.thepalaceproject.org%2F110644%2Fworks%2FURI%252Fhttps%253A%252F%252Flibrary.oapen.org%252Fhandle%252F20.500.12657%252F52786', 'first_author': 'Sorce, Giuliana', 'online_identifier': '', 'publisher_name': 'Taylor & Francis', 'publication_type': 'monograph', 'date_monograph_published_online': '2022', 'first_editor': '', 'access_type': 'openaccess', 'source_id': '20.500.12657/52786', 'source_id_type': 'File Handle'}
Record 1457: {'title_id': 'https://library.oapen.org/handle/20.500.12657/60294', 'publication_title': 'Rhyme and Rhyming in Verbal Art, Language, and Song', 'title_url': 'https://patron-academic.thepalaceproject.org/ucdavis/book/https%3A%2F%2Fcdl.edu.thepalaceproject.org%2F110644%2Fworks%2FURI%252Fhttps%253A%252F%252Flibrary.oapen.org%252Fhandle%252F20.500.12657%252F60294', 'first_author': '', 'online_identifier': '', 'publisher_name': 'Finnish Literature Society / SKS', 'publication_type': 'monograph', 'date_monograph_published_online': '2022', 'first_editor': 'Fabb, Nigel', 'access_type': 'openaccess', 'source_id': '20.500.12657/60294', 'source_id_type': 'File Handle'}
Record 1458: {'title_id': 'https://library.oapen.org/handle/20.500.12657/89777', 'publication_title': 'MIMOS 2021 Martin Zimmermann', 'title_url': 'https://patron-academic.thepalaceproject.org/ucdavis/book/https%3A%2F%2Fcdl.edu.thepalaceproject.org%2F110644%2Fworks%2FURI%252Fhttps%253A%252F%252Flibrary.oapen.org%252Fhandle%252F20.500.12657%252F89777', 'first_author': '', 'online_identifier': '', 'publisher_name': 'Peter Lang International Academic Publishers', 'publication_type': 'monograph', 'date_monograph_published_online': '2022', 'first_editor': 'Fournier, Anne', 'access_type': 'openaccess', 'source_id': '20.500.12657/89777', 'source_id_type': 'File Handle'}
Record 1459: {'title_id': 'https://library.oapen.org/handle/20.500.12657/61008', 'publication_title': 'Vagueness Markers in Italian Age variation and pragmatic change', 'title_url': 'https://patron-academic.thepalaceproject.org/ucdavis/book/https%3A%2F%2Fcdl.edu.thepalaceproject.org%2F110644%2Fworks%2FURI%252Fhttps%253A%252F%252Flibrary.oapen.org%252Fhandle%252F20.500.12657%252F61008', 'first_author': 'Ghezzi, Chiara', 'online_identifier': '', 'publisher_name': 'FrancoAngeli', 'publication_type': 'monograph', 'date_monograph_published_online': '2022', 'first_editor': '', 'access_type': 'openaccess', 'source_id': '20.500.12657/61008', 'source_id_type': 'File Handle'}
Record 1460: {'title_id': 'https://library.oapen.org/handle/20.500.12657/88700', 'publication_title': 'Technopharmacology', 'title_url': 'https://patron-academic.thepalaceproject.org/ucdavis/book/https%3A%2F%2Fcdl.edu.thepalaceproject.org%2F110644%2Fworks%2FURI%252Fhttps%253A%252F%252Flibrary.oapen.org%252Fhandle%252F20.500.12657%252F88700', 'first_author': '', 'online_identifier': '', 'publisher_name': 'meson press', 'publication_type': 'monograph', 'date_monograph_published_online': '2022', 'first_editor': '', 'access_type': 'openaccess', 'source_id': '20.500.12657/88700', 'source_id_type': 'File Handle'}
Record 1461: {'title_id': 'https://library.oapen.org/handle/20.500.12657/59623', 'publication_title': 'Nationalism and Populism Expressions of Fear or Political Strategies?', 'title_url': 'https://patron-academic.thepalaceproject.org/ucdavis/book/https%3A%2F%2Fcdl.edu.thepalaceproject.org%2F110644%2Fworks%2FURI%252Fhttps%253A%252F%252Flibrary.oapen.org%252Fhandle%252F20.500.12657%252F59623', 'first_author': '', 'online_identifier': '', 'publisher_name': 'De Gruyter', 'publication_type': 'monograph', 'date_monograph_published_online': '2022', 'first_editor': 'Jacob, Frank', 'access_type': 'openaccess', 'source_id': '20.500.12657/59623', 'source_id_type': 'File Handle'}
Record 1462: {'title_id': 'https://library.oapen.org/handle/20.500.12657/52398', 'publication_title': 'A Guide to Sustainable Corporate Responsibility From Theory to Action', 'title_url': 'https://patron-academic.thepalaceproject.org/ucdavis/book/https%3A%2F%2Fcdl.edu.thepalaceproject.org%2F110644%2Fworks%2FURI%252Fhttps%253A%252F%252Flibrary.oapen.org%252Fhandle%252F20.500.12657%252F52398', 'first_author': 'Ditlev-Simonsen, Caroline D.', 'online_identifier': '', 'publisher_name': 'Springer Nature', 'publication_type': 'monograph', 'date_monograph_published_online': '2022', 'first_editor': '', 'access_type': 'openaccess', 'source_id': '20.500.12657/52398', 'source_id_type': 'File Handle'}
Record 1463: {'title_id': 'https://library.oapen.org/handle/20.500.12657/57834', 'publication_title': 'EIB Financial Report 2021', 'title_url': 'https://patron-academic.thepalaceproject.org/ucdavis/book/https%3A%2F%2Fcdl.edu.thepalaceproject.org%2F110644%2Fworks%2FURI%252Fhttps%253A%252F%252Flibrary.oapen.org%252Fhandle%252F20.500.12657%252F57834', 'first_author': 'Bank, European Investment', 'online_identifier': '', 'publisher_name': '', 'publication_type': 'monograph', 'date_monograph_published_online': '', 'first_editor': '', 'access_type': 'openaccess', 'source_id': '20.500.12657/57834', 'source_id_type': 'File Handle'}
Record 1464: {'title_id': 'https://library.oapen.org/handle/20.500.12657/52932', 'publication_title': 'Railways & Music', 'title_url': 'https://patron-academic.thepalaceproject.org/ucdavis/book/https%3A%2F%2Fcdl.edu.thepalaceproject.org%2F110644%2Fworks%2FURI%252Fhttps%253A%252F%252Flibrary.oapen.org%252Fhandle%252F20.500.12657%252F52932', 'first_author': 'Winterson, Julia', 'online_identifier': '', 'publisher_name': 'University of Huddersfield Press', 'publication_type': 'monograph', 'date_monograph_published_online': '2022', 'first_editor': '', 'access_type': 'openaccess', 'source_id': '20.500.12657/52932', 'source_id_type': 'File Handle'}
Record 1465: {'title_id': 'https://library.oapen.org/handle/20.500.12657/53243', 'publication_title': 'Authorizing Early Modern European Women From Biography to Biofiction', 'title_url': 'https://patron-academic.thepalaceproject.org/ucdavis/book/https%3A%2F%2Fcdl.edu.thepalaceproject.org%2F110644%2Fworks%2FURI%252Fhttps%253A%252F%252Flibrary.oapen.org%252Fhandle%252F20.500.12657%252F53243', 'first_author': '', 'online_identifier': '', 'publisher_name': 'Amsterdam University Press', 'publication_type': 'monograph', 'date_monograph_published_online': '2022', 'first_editor': 'Fitzmaurice, James', 'access_type': 'openaccess', 'source_id': '20.500.12657/53243', 'source_id_type': 'File Handle'}
Record 1466: {'title_id': 'https://library.oapen.org/handle/20.500.12657/54201', 'publication_title': 'Investment Report 2021/2022 — Key Findings Recovery as a springboard for change', 'title_url': 'https://patron-academic.thepalaceproject.org/ucdavis/book/https%3A%2F%2Fcdl.edu.thepalaceproject.org%2F110644%2Fworks%2FURI%252Fhttps%253A%252F%252Flibrary.oapen.org%252Fhandle%252F20.500.12657%252F54201', 'first_author': 'Bank, European Investment', 'online_identifier': '', 'publisher_name': 'European Investment Bank', 'publication_type': 'monograph', 'date_monograph_published_online': '2022', 'first_editor': '', 'access_type': 'openaccess', 'source_id': '20.500.12657/54201', 'source_id_type': 'File Handle'}
Record 1467: {'title_id': 'https://library.oapen.org/handle/20.500.12657/55792', 'publication_title': 'Gender Inequalities in Tech-driven Research and Innovation Living the Contradiction', 'title_url': 'https://patron-academic.thepalaceproject.org/ucdavis/book/https%3A%2F%2Fcdl.edu.thepalaceproject.org%2F110644%2Fworks%2FURI%252Fhttps%253A%252F%252Flibrary.oapen.org%252Fhandle%252F20.500.12657%252F55792', 'first_author': 'Griffin, Gabriele', 'online_identifier': '', 'publisher_name': 'Bristol University Press', 'publication_type': 'monograph', 'date_monograph_published_online': '2022', 'first_editor': '', 'access_type': 'openaccess', 'source_id': '20.500.12657/55792', 'source_id_type': 'File Handle'}
Record 1468: {'title_id': 'https://library.oapen.org/handle/20.500.12657/76657', 'publication_title': 'The Idea of Economic Constitution in Europe Genealogy and Overview', 'title_url': 'https://patron-academic.thepalaceproject.org/ucdavis/book/https%3A%2F%2Fcdl.edu.thepalaceproject.org%2F110644%2Fworks%2FURI%252Fhttps%253A%252F%252Flibrary.oapen.org%252Fhandle%252F20.500.12657%252F76657', 'first_author': '', 'online_identifier': '', 'publisher_name': 'Brill', 'publication_type': 'monograph', 'date_monograph_published_online': '2022', 'first_editor': 'Grégoire, Guillaume', 'access_type': 'openaccess', 'source_id': '20.500.12657/76657', 'source_id_type': 'File Handle'}
Record 1469: {'title_id': 'https://library.oapen.org/handle/20.500.12657/61298', 'publication_title': 'Silicon Valley Cybersecurity Conference Third Conference, SVCC 2022, Virtual Event, August 17–19, 2022, Revised Selected Papers', 'title_url': 'https://patron-academic.thepalaceproject.org/ucdavis/book/https%3A%2F%2Fcdl.edu.thepalaceproject.org%2F110644%2Fworks%2FURI%252Fhttps%253A%252F%252Flibrary.oapen.org%252Fhandle%252F20.500.12657%252F61298', 'first_author': '', 'online_identifier': '', 'publisher_name': 'Springer Nature', 'publication_type': 'monograph', 'date_monograph_published_online': '2022', 'first_editor': 'Austin, Thomas H.', 'access_type': 'openaccess', 'source_id': '20.500.12657/61298', 'source_id_type': 'File Handle'}
Record 1470: {'title_id': 'https://library.oapen.org/handle/20.500.12657/60876', 'publication_title': 'The Life and Journey of Neolithic Copper Objects Transformations of the Neuenkirchen Hoard, North-East Germany (3800 BCE)', 'title_url': 'https://patron-academic.thepalaceproject.org/ucdavis/book/https%3A%2F%2Fcdl.edu.thepalaceproject.org%2F110644%2Fworks%2FURI%252Fhttps%253A%252F%252Flibrary.oapen.org%252Fhandle%252F20.500.12657%252F60876', 'first_author': 'Skorna, Henry', 'online_identifier': '', 'publisher_name': 'Sidestone Press', 'publication_type': 'monograph', 'date_monograph_published_online': '2022', 'first_editor': '', 'access_type': 'openaccess', 'source_id': '20.500.12657/60876', 'source_id_type': 'File Handle'}
Record 1471: {'title_id': 'https://library.oapen.org/handle/20.500.12657/61101', 'publication_title': 'Fontanes Medien', 'title_url': 'https://patron-academic.thepalaceproject.org/ucdavis/book/https%3A%2F%2Fcdl.edu.thepalaceproject.org%2F110644%2Fworks%2FURI%252Fhttps%253A%252F%252Flibrary.oapen.org%252Fhandle%252F20.500.12657%252F61101', 'first_author': 'Trilcke, Peer', 'online_identifier': '', 'publisher_name': 'De Gruyter', 'publication_type': 'monograph', 'date_monograph_published_online': '2022', 'first_editor': '', 'access_type': 'openaccess', 'source_id': '20.500.12657/61101', 'source_id_type': 'File Handle'}
Record 1472: {'title_id': 'https://library.oapen.org/handle/20.500.12657/59677', 'publication_title': 'Language is a complex adaptive system Explorations and evidence', 'title_url': 'https://patron-academic.thepalaceproject.org/ucdavis/book/https%3A%2F%2Fcdl.edu.thepalaceproject.org%2F110644%2Fworks%2FURI%252Fhttps%253A%252F%252Flibrary.oapen.org%252Fhandle%252F20.500.12657%252F59677', 'first_author': '', 'online_identifier': '', 'publisher_name': 'Language Science Press', 'publication_type': 'monograph', 'date_monograph_published_online': '2022', 'first_editor': 'Basso Fossali, Pierluigi', 'access_type': 'openaccess', 'source_id': '20.500.12657/59677', 'source_id_type': 'File Handle'}
Record 1473: {'title_id': 'https://library.oapen.org/handle/20.500.12657/58617', 'publication_title': 'Feminist Methodologies Experiments, Collaborations and Reflections', 'title_url': 'https://patron-academic.thepalaceproject.org/ucdavis/book/https%3A%2F%2Fcdl.edu.thepalaceproject.org%2F110644%2Fworks%2FURI%252Fhttps%253A%252F%252Flibrary.oapen.org%252Fhandle%252F20.500.12657%252F58617', 'first_author': '', 'online_identifier': '', 'publisher_name': 'Springer Nature', 'publication_type': 'monograph', 'date_monograph_published_online': '2022', 'first_editor': 'Dupuis, Constance', 'access_type': 'openaccess', 'source_id': '20.500.12657/58617', 'source_id_type': 'File Handle'}
Record 1474: {'title_id': 'https://library.oapen.org/handle/20.500.12657/60562', 'publication_title': 'Living on a Time Bomb Local Negotiations of Oil Extraction in a Mexican Community', 'title_url': 'https://patron-academic.thepalaceproject.org/ucdavis/book/https%3A%2F%2Fcdl.edu.thepalaceproject.org%2F110644%2Fworks%2FURI%252Fhttps%253A%252F%252Flibrary.oapen.org%252Fhandle%252F20.500.12657%252F60562', 'first_author': 'Schöneich, Svenja', 'online_identifier': '', 'publisher_name': 'Berghahn Books', 'publication_type': 'monograph', 'date_monograph_published_online': '2022', 'first_editor': '', 'access_type': 'openaccess', 'source_id': '20.500.12657/60562', 'source_id_type': 'File Handle'}
Record 1475: {'title_id': 'https://library.oapen.org/handle/20.500.12657/57391', 'publication_title': 'Before American History Nationalist Mythmaking and Indigenous Dispossession', 'title_url': 'https://patron-academic.thepalaceproject.org/ucdavis/book/https%3A%2F%2Fcdl.edu.thepalaceproject.org%2F110644%2Fworks%2FURI%252Fhttps%253A%252F%252Flibrary.oapen.org%252Fhandle%252F20.500.12657%252F57391', 'first_author': 'Mucher, Christen', 'online_identifier': '', 'publisher_name': 'University of Virginia Press', 'publication_type': 'monograph', 'date_monograph_published_online': '2022', 'first_editor': '', 'access_type': 'openaccess', 'source_id': '20.500.12657/57391', 'source_id_type': 'File Handle'}
Record 1476: {'title_id': 'https://library.oapen.org/handle/20.500.12657/52208', 'publication_title': 'Gender, Food and COVID-19 Global Stories of Harm and Hope', 'title_url': 'https://patron-academic.thepalaceproject.org/ucdavis/book/https%3A%2F%2Fcdl.edu.thepalaceproject.org%2F110644%2Fworks%2FURI%252Fhttps%253A%252F%252Flibrary.oapen.org%252Fhandle%252F20.500.12657%252F52208', 'first_author': '', 'online_identifier': '', 'publisher_name': 'Taylor & Francis', 'publication_type': 'monograph', 'date_monograph_published_online': '2022', 'first_editor': 'Castellanos, Paige', 'access_type': 'openaccess', 'source_id': '20.500.12657/52208', 'source_id_type': 'File Handle'}
Record 1477: {'title_id': 'https://library.oapen.org/handle/20.500.12657/53014', 'publication_title': 'Fisheries and the Law in Europe Regulation After Brexit', 'title_url': 'https://patron-academic.thepalaceproject.org/ucdavis/book/https%3A%2F%2Fcdl.edu.thepalaceproject.org%2F110644%2Fworks%2FURI%252Fhttps%253A%252F%252Flibrary.oapen.org%252Fhandle%252F20.500.12657%252F53014', 'first_author': '', 'online_identifier': '', 'publisher_name': 'Taylor & Francis', 'publication_type': 'monograph', 'date_monograph_published_online': '2022', 'first_editor': 'Echebarria Fernández, Jonatan', 'access_type': 'openaccess', 'source_id': '20.500.12657/53014', 'source_id_type': 'File Handle'}
Record 1478: {'title_id': 'https://library.oapen.org/handle/20.500.12657/57096', 'publication_title': 'The VALIDATE handbook An approach on the integration of values in doing assessments of health technologies', 'title_url': 'https://patron-academic.thepalaceproject.org/ucdavis/book/https%3A%2F%2Fcdl.edu.thepalaceproject.org%2F110644%2Fworks%2FURI%252Fhttps%253A%252F%252Flibrary.oapen.org%252Fhandle%252F20.500.12657%252F57096', 'first_author': '', 'online_identifier': '', 'publisher_name': 'Radboud University Press', 'publication_type': 'monograph', 'date_monograph_published_online': '2022', 'first_editor': 'Oortwijn, Wija', 'access_type': 'openaccess', 'source_id': '20.500.12657/57096', 'source_id_type': 'File Handle'}
Record 1479: {'title_id': 'https://library.oapen.org/handle/20.500.12657/53723', 'publication_title': 'Intention and Interpretation: A Short History', 'title_url': 'https://patron-academic.thepalaceproject.org/ucdavis/book/https%3A%2F%2Fcdl.edu.thepalaceproject.org%2F110644%2Fworks%2FURI%252Fhttps%253A%252F%252Flibrary.oapen.org%252Fhandle%252F20.500.12657%252F53723', 'first_author': 'Grüttemeier, Ralf', 'online_identifier': '', 'publisher_name': 'De Gruyter', 'publication_type': 'monograph', 'date_monograph_published_online': '2022', 'first_editor': '', 'access_type': 'openaccess', 'source_id': '20.500.12657/53723', 'source_id_type': 'File Handle'}
Record 1480: {'title_id': 'https://library.oapen.org/handle/20.500.12657/57647', 'publication_title': 'Voles and Lemmings (Arvicolinae) of the Palaearctic Region', 'title_url': 'https://patron-academic.thepalaceproject.org/ucdavis/book/https%3A%2F%2Fcdl.edu.thepalaceproject.org%2F110644%2Fworks%2FURI%252Fhttps%253A%252F%252Flibrary.oapen.org%252Fhandle%252F20.500.12657%252F57647', 'first_author': '', 'online_identifier': '', 'publisher_name': 'University of Maribor, University Press', 'publication_type': 'monograph', 'date_monograph_published_online': '2022', 'first_editor': '', 'access_type': 'openaccess', 'source_id': '20.500.12657/57647', 'source_id_type': 'File Handle'}
Record 1481: {'title_id': 'https://library.oapen.org/handle/20.500.12657/53180', 'publication_title': 'Cold War Liberation The Soviet Union and the Collapse of the Portuguese Empire in Africa, 1961–1975', 'title_url': 'https://patron-academic.thepalaceproject.org/ucdavis/book/https%3A%2F%2Fcdl.edu.thepalaceproject.org%2F110644%2Fworks%2FURI%252Fhttps%253A%252F%252Flibrary.oapen.org%252Fhandle%252F20.500.12657%252F53180', 'first_author': 'Telepneva, Natalia', 'online_identifier': '', 'publisher_name': 'The University of North Carolina Press', 'publication_type': 'monograph', 'date_monograph_published_online': '2022', 'first_editor': '', 'access_type': 'openaccess', 'source_id': '20.500.12657/53180', 'source_id_type': 'File Handle'}
Record 1482: {'title_id': 'https://library.oapen.org/handle/20.500.12657/57036', 'publication_title': 'Socio-Spatial Theory in Nordic Geography Intellectual Histories and Critical Interventions', 'title_url': 'https://patron-academic.thepalaceproject.org/ucdavis/book/https%3A%2F%2Fcdl.edu.thepalaceproject.org%2F110644%2Fworks%2FURI%252Fhttps%253A%252F%252Flibrary.oapen.org%252Fhandle%252F20.500.12657%252F57036', 'first_author': '', 'online_identifier': '', 'publisher_name': 'Springer Nature', 'publication_type': 'monograph', 'date_monograph_published_online': '2022', 'first_editor': 'Jakobsen, Peter', 'access_type': 'openaccess', 'source_id': '20.500.12657/57036', 'source_id_type': 'File Handle'}
Record 1483: {'title_id': 'https://library.oapen.org/handle/20.500.12657/54016', 'publication_title': 'Root, Tuber and Banana Food System Innovations Value Creation for Inclusive Outcomes', 'title_url': 'https://patron-academic.thepalaceproject.org/ucdavis/book/https%3A%2F%2Fcdl.edu.thepalaceproject.org%2F110644%2Fworks%2FURI%252Fhttps%253A%252F%252Flibrary.oapen.org%252Fhandle%252F20.500.12657%252F54016', 'first_author': '', 'online_identifier': '', 'publisher_name': 'Springer Nature', 'publication_type': 'monograph', 'date_monograph_published_online': '2022', 'first_editor': 'Bentley, Jeffery W.', 'access_type': 'openaccess', 'source_id': '20.500.12657/54016', 'source_id_type': 'File Handle'}
Record 1484: {'title_id': 'https://library.oapen.org/handle/20.500.12657/85994', 'publication_title': 'Berlioz in Time From Early Recognition to Lasting Renown', 'title_url': 'https://patron-academic.thepalaceproject.org/ucdavis/book/https%3A%2F%2Fcdl.edu.thepalaceproject.org%2F110644%2Fworks%2FURI%252Fhttps%253A%252F%252Flibrary.oapen.org%252Fhandle%252F20.500.12657%252F85994', 'first_author': 'Bloom, Peter', 'online_identifier': '', 'publisher_name': 'Boydell & Brewer', 'publication_type': 'monograph', 'date_monograph_published_online': '2022', 'first_editor': '', 'access_type': 'openaccess', 'source_id': '20.500.12657/85994', 'source_id_type': 'File Handle'}
Record 1485: {'title_id': 'https://library.oapen.org/handle/20.500.12657/61840', 'publication_title': 'Inquisitive Logic Consequence and Inference in the Realm of Questions', 'title_url': 'https://patron-academic.thepalaceproject.org/ucdavis/book/https%3A%2F%2Fcdl.edu.thepalaceproject.org%2F110644%2Fworks%2FURI%252Fhttps%253A%252F%252Flibrary.oapen.org%252Fhandle%252F20.500.12657%252F61840', 'first_author': 'Ciardelli, Ivano', 'online_identifier': '', 'publisher_name': 'Springer Nature', 'publication_type': 'monograph', 'date_monograph_published_online': '2022', 'first_editor': '', 'access_type': 'openaccess', 'source_id': '20.500.12657/61840', 'source_id_type': 'File Handle'}
Record 1486: {'title_id': 'https://library.oapen.org/handle/20.500.12657/57644', 'publication_title': 'Globalisation, Geopolitics, and Gender in Professional Communication', 'title_url': 'https://patron-academic.thepalaceproject.org/ucdavis/book/https%3A%2F%2Fcdl.edu.thepalaceproject.org%2F110644%2Fworks%2FURI%252Fhttps%253A%252F%252Flibrary.oapen.org%252Fhandle%252F20.500.12657%252F57644', 'first_author': '', 'online_identifier': '', 'publisher_name': 'Taylor & Francis', 'publication_type': 'monograph', 'date_monograph_published_online': '2022', 'first_editor': 'Mullany, Louise', 'access_type': 'openaccess', 'source_id': '20.500.12657/57644', 'source_id_type': 'File Handle'}
Record 1487: {'title_id': 'https://library.oapen.org/handle/20.500.12657/52934', 'publication_title': 'The Heirs of Vijayanagara Court Politics in Early Modern South India', 'title_url': 'https://patron-academic.thepalaceproject.org/ucdavis/book/https%3A%2F%2Fcdl.edu.thepalaceproject.org%2F110644%2Fworks%2FURI%252Fhttps%253A%252F%252Flibrary.oapen.org%252Fhandle%252F20.500.12657%252F52934', 'first_author': 'Bes, Lennart', 'online_identifier': '', 'publisher_name': 'Leiden University Press', 'publication_type': 'monograph', 'date_monograph_published_online': '2022', 'first_editor': '', 'access_type': 'openaccess', 'source_id': '20.500.12657/52934', 'source_id_type': 'File Handle'}
Record 1488: {'title_id': 'https://library.oapen.org/handle/20.500.12657/54427', 'publication_title': 'Questioning the Entrepreneurial State Status-quo, Pitfalls, and the Need for Credible Innovation Policy', 'title_url': 'https://patron-academic.thepalaceproject.org/ucdavis/book/https%3A%2F%2Fcdl.edu.thepalaceproject.org%2F110644%2Fworks%2FURI%252Fhttps%253A%252F%252Flibrary.oapen.org%252Fhandle%252F20.500.12657%252F54427', 'first_author': '', 'online_identifier': '', 'publisher_name': 'Springer Nature', 'publication_type': 'monograph', 'date_monograph_published_online': '2022', 'first_editor': 'Sandström, Christian', 'access_type': 'openaccess', 'source_id': '20.500.12657/54427', 'source_id_type': 'File Handle'}
Record 1489: {'title_id': 'https://library.oapen.org/handle/20.500.12657/58634', 'publication_title': 'Challenging Mobilities in and to the EU during Times of Crises The Case of Greece', 'title_url': 'https://patron-academic.thepalaceproject.org/ucdavis/book/https%3A%2F%2Fcdl.edu.thepalaceproject.org%2F110644%2Fworks%2FURI%252Fhttps%253A%252F%252Flibrary.oapen.org%252Fhandle%252F20.500.12657%252F58634', 'first_author': '', 'online_identifier': '', 'publisher_name': 'Springer Nature', 'publication_type': 'monograph', 'date_monograph_published_online': '2022', 'first_editor': 'Chatzidaki, Aspasia', 'access_type': 'openaccess', 'source_id': '20.500.12657/58634', 'source_id_type': 'File Handle'}
Record 1490: {'title_id': 'https://library.oapen.org/handle/20.500.12657/57267', 'publication_title': 'The Economics of Gender in China Women, Work and the Glass Ceiling', 'title_url': 'https://patron-academic.thepalaceproject.org/ucdavis/book/https%3A%2F%2Fcdl.edu.thepalaceproject.org%2F110644%2Fworks%2FURI%252Fhttps%253A%252F%252Flibrary.oapen.org%252Fhandle%252F20.500.12657%252F57267', 'first_author': 'Sung, Sisi', 'online_identifier': '', 'publisher_name': 'Taylor & Francis', 'publication_type': 'monograph', 'date_monograph_published_online': '2022', 'first_editor': '', 'access_type': 'openaccess', 'source_id': '20.500.12657/57267', 'source_id_type': 'File Handle'}
Record 1491: {'title_id': 'https://library.oapen.org/handle/20.500.12657/56985', 'publication_title': 'The Socially Responsible Organization Lessons from COVID', 'title_url': 'https://patron-academic.thepalaceproject.org/ucdavis/book/https%3A%2F%2Fcdl.edu.thepalaceproject.org%2F110644%2Fworks%2FURI%252Fhttps%253A%252F%252Flibrary.oapen.org%252Fhandle%252F20.500.12657%252F56985', 'first_author': 'Mitroff, Ian I.', 'online_identifier': '', 'publisher_name': 'Springer Nature', 'publication_type': 'monograph', 'date_monograph_published_online': '2022', 'first_editor': '', 'access_type': 'openaccess', 'source_id': '20.500.12657/56985', 'source_id_type': 'File Handle'}
Record 1492: {'title_id': 'https://library.oapen.org/handle/20.500.12657/87765', 'publication_title': 'On Cyprian Norwid. Studies and Essays Vol. 3. Interpretations', 'title_url': 'https://patron-academic.thepalaceproject.org/ucdavis/book/https%3A%2F%2Fcdl.edu.thepalaceproject.org%2F110644%2Fworks%2FURI%252Fhttps%253A%252F%252Flibrary.oapen.org%252Fhandle%252F20.500.12657%252F87765', 'first_author': '', 'online_identifier': '', 'publisher_name': 'Peter Lang International Academic Publishers', 'publication_type': 'monograph', 'date_monograph_published_online': '2022', 'first_editor': 'Brajerska-Mazur, Agata', 'access_type': 'openaccess', 'source_id': '20.500.12657/87765', 'source_id_type': 'File Handle'}
Record 1493: {'title_id': 'https://library.oapen.org/handle/20.500.12657/61054', 'publication_title': 'Thinking the Re-Thinking of the World Decolonial Challenges to the Humanities and Social Sciences from Africa, Asia and the Middle East', 'title_url': 'https://patron-academic.thepalaceproject.org/ucdavis/book/https%3A%2F%2Fcdl.edu.thepalaceproject.org%2F110644%2Fworks%2FURI%252Fhttps%253A%252F%252Flibrary.oapen.org%252Fhandle%252F20.500.12657%252F61054', 'first_author': '', 'online_identifier': '', 'publisher_name': 'De Gruyter', 'publication_type': 'monograph', 'date_monograph_published_online': '2022', 'first_editor': 'Kresse, Kai', 'access_type': 'openaccess', 'source_id': '20.500.12657/61054', 'source_id_type': 'File Handle'}
Record 1494: {'title_id': 'https://library.oapen.org/handle/20.500.12657/53704', 'publication_title': 'Workplace Spirituality Making a Difference', 'title_url': 'https://patron-academic.thepalaceproject.org/ucdavis/book/https%3A%2F%2Fcdl.edu.thepalaceproject.org%2F110644%2Fworks%2FURI%252Fhttps%253A%252F%252Flibrary.oapen.org%252Fhandle%252F20.500.12657%252F53704', 'first_author': '', 'online_identifier': '', 'publisher_name': 'De Gruyter', 'publication_type': 'monograph', 'date_monograph_published_online': '2022', 'first_editor': 'Altman, Yochanan', 'access_type': 'openaccess', 'source_id': '20.500.12657/53704', 'source_id_type': 'File Handle'}
Record 1495: {'title_id': 'https://library.oapen.org/handle/20.500.12657/61005', 'publication_title': 'Circular Economy in the Agrifood Sector The SinCE-AFC ebook', 'title_url': 'https://patron-academic.thepalaceproject.org/ucdavis/book/https%3A%2F%2Fcdl.edu.thepalaceproject.org%2F110644%2Fworks%2FURI%252Fhttps%253A%252F%252Flibrary.oapen.org%252Fhandle%252F20.500.12657%252F61005', 'first_author': '', 'online_identifier': '', 'publisher_name': 'FrancoAngeli', 'publication_type': 'monograph', 'date_monograph_published_online': '2022', 'first_editor': '', 'access_type': 'openaccess', 'source_id': '20.500.12657/61005', 'source_id_type': 'File Handle'}
Record 1496: {'title_id': 'https://library.oapen.org/handle/20.500.12657/53658', 'publication_title': 'Archaeological Perspectives on Conflict and Warfare in Australia and the Pacific', 'title_url': 'https://patron-academic.thepalaceproject.org/ucdavis/book/https%3A%2F%2Fcdl.edu.thepalaceproject.org%2F110644%2Fworks%2FURI%252Fhttps%253A%252F%252Flibrary.oapen.org%252Fhandle%252F20.500.12657%252F53658', 'first_author': '', 'online_identifier': '', 'publisher_name': 'ANU Press', 'publication_type': 'monograph', 'date_monograph_published_online': '2022', 'first_editor': 'Clarke, Geoffrey', 'access_type': 'openaccess', 'source_id': '20.500.12657/53658', 'source_id_type': 'File Handle'}
Record 1497: {'title_id': 'https://library.oapen.org/handle/20.500.12657/54423', 'publication_title': 'Water-filtered Infrared A (wIRA) Irradiation From Research to Clinical Settings', 'title_url': 'https://patron-academic.thepalaceproject.org/ucdavis/book/https%3A%2F%2Fcdl.edu.thepalaceproject.org%2F110644%2Fworks%2FURI%252Fhttps%253A%252F%252Flibrary.oapen.org%252Fhandle%252F20.500.12657%252F54423', 'first_author': 'Vaupel, Peter', 'online_identifier': '', 'publisher_name': 'Springer Nature', 'publication_type': 'monograph', 'date_monograph_published_online': '2022', 'first_editor': '', 'access_type': 'openaccess', 'source_id': '20.500.12657/54423', 'source_id_type': 'File Handle'}
Record 1498: {'title_id': 'https://library.oapen.org/handle/20.500.12657/52629', 'publication_title': 'Archaeological 3D GIS', 'title_url': 'https://patron-academic.thepalaceproject.org/ucdavis/book/https%3A%2F%2Fcdl.edu.thepalaceproject.org%2F110644%2Fworks%2FURI%252Fhttps%253A%252F%252Flibrary.oapen.org%252Fhandle%252F20.500.12657%252F52629', 'first_author': '', 'online_identifier': '', 'publisher_name': 'Taylor & Francis', 'publication_type': 'monograph', 'date_monograph_published_online': '2022', 'first_editor': '', 'access_type': 'openaccess', 'source_id': '20.500.12657/52629', 'source_id_type': 'File Handle'}
Record 1499: {'title_id': 'https://library.oapen.org/handle/20.500.12657/58989', 'publication_title': '"The Plague Cemetery of Alghero, Sardinia (1582-1583) " The Bioarchaeological Study', 'title_url': 'https://patron-academic.thepalaceproject.org/ucdavis/book/https%3A%2F%2Fcdl.edu.thepalaceproject.org%2F110644%2Fworks%2FURI%252Fhttps%253A%252F%252Flibrary.oapen.org%252Fhandle%252F20.500.12657%252F58989', 'first_author': 'Giuffra, Valentina', 'online_identifier': '', 'publisher_name': 'Archaeopress Publishing', 'publication_type': 'monograph', 'date_monograph_published_online': '2022', 'first_editor': '', 'access_type': 'openaccess', 'source_id': '20.500.12657/58989', 'source_id_type': 'File Handle'}
Record 1500: {'title_id': 'https://library.oapen.org/handle/20.500.12657/53315', 'publication_title': 'European Union Competition Policy versus Industrial Competitiveness Stringent Regulation and its External Implications', 'title_url': 'https://patron-academic.thepalaceproject.org/ucdavis/book/https%3A%2F%2Fcdl.edu.thepalaceproject.org%2F110644%2Fworks%2FURI%252Fhttps%253A%252F%252Flibrary.oapen.org%252Fhandle%252F20.500.12657%252F53315', 'first_author': 'Yoshizawa, Hikaru', 'online_identifier': '', 'publisher_name': 'Taylor & Francis', 'publication_type': 'monograph', 'date_monograph_published_online': '2022', 'first_editor': '', 'access_type': 'openaccess', 'source_id': '20.500.12657/53315', 'source_id_type': 'File Handle'}
Record 1501: {'title_id': 'https://library.oapen.org/handle/20.500.12657/53315', 'publication_title': 'European Union Competition Policy versus Industrial Competitiveness Stringent Regulation and its External Implications', 'title_url': 'https://patron-academic.thepalaceproject.org/ucdavis/book/https%3A%2F%2Fcdl.edu.thepalaceproject.org%2F110644%2Fworks%2FURI%252Fhttps%253A%252F%252Flibrary.oapen.org%252Fhandle%252F20.500.12657%252F53315', 'first_author': 'Yoshizawa, Hikaru', 'online_identifier': '', 'publisher_name': 'Taylor & Francis', 'publication_type': 'monograph', 'date_monograph_published_online': '2022', 'first_editor': '', 'access_type': 'openaccess', 'source_id': '20.500.12657/53315', 'source_id_type': 'File Handle'}
Record 1502: {'title_id': 'https://library.oapen.org/handle/20.500.12657/59801', 'publication_title': 'Transitioning Vocational Education and Training in Africa A Social Skills Ecosystem Perspective VET Africa 4.0 Collective', 'title_url': 'https://patron-academic.thepalaceproject.org/ucdavis/book/https%3A%2F%2Fcdl.edu.thepalaceproject.org%2F110644%2Fworks%2FURI%252Fhttps%253A%252F%252Flibrary.oapen.org%252Fhandle%252F20.500.12657%252F59801', 'first_author': '', 'online_identifier': '', 'publisher_name': 'Bristol University Press', 'publication_type': 'monograph', 'date_monograph_published_online': '2022', 'first_editor': '', 'access_type': 'openaccess', 'source_id': '20.500.12657/59801', 'source_id_type': 'File Handle'}
Record 1503: {'title_id': 'https://library.oapen.org/handle/20.500.12657/59454', 'publication_title': 'Kellers Erzählen Strukturen – Funktionen – Reflexionen', 'title_url': 'https://patron-academic.thepalaceproject.org/ucdavis/book/https%3A%2F%2Fcdl.edu.thepalaceproject.org%2F110644%2Fworks%2FURI%252Fhttps%253A%252F%252Flibrary.oapen.org%252Fhandle%252F20.500.12657%252F59454', 'first_author': 'Theisohn, Philipp', 'online_identifier': '', 'publisher_name': 'De Gruyter', 'publication_type': 'monograph', 'date_monograph_published_online': '2022', 'first_editor': '', 'access_type': 'openaccess', 'source_id': '20.500.12657/59454', 'source_id_type': 'File Handle'}
Record 1504: {'title_id': 'https://library.oapen.org/handle/20.500.12657/52787', 'publication_title': 'Popular Protest, Political Opportunities, and Change in Africa', 'title_url': 'https://patron-academic.thepalaceproject.org/ucdavis/book/https%3A%2F%2Fcdl.edu.thepalaceproject.org%2F110644%2Fworks%2FURI%252Fhttps%253A%252F%252Flibrary.oapen.org%252Fhandle%252F20.500.12657%252F52787', 'first_author': 'Sanches, Edalina Rodrigues', 'online_identifier': '', 'publisher_name': 'Taylor & Francis', 'publication_type': 'monograph', 'date_monograph_published_online': '2022', 'first_editor': '', 'access_type': 'openaccess', 'source_id': '20.500.12657/52787', 'source_id_type': 'File Handle'}
Record 1505: {'title_id': 'https://library.oapen.org/handle/20.500.12657/60895', 'publication_title': 'Afrikaners and the Boundaries of Faith in Post-Apartheid South Africa', 'title_url': 'https://patron-academic.thepalaceproject.org/ucdavis/book/https%3A%2F%2Fcdl.edu.thepalaceproject.org%2F110644%2Fworks%2FURI%252Fhttps%253A%252F%252Flibrary.oapen.org%252Fhandle%252F20.500.12657%252F60895', 'first_author': 'Björnsdotter Teppo, Annika', 'online_identifier': '', 'publisher_name': 'Taylor & Francis', 'publication_type': 'monograph', 'date_monograph_published_online': '2022', 'first_editor': '', 'access_type': 'openaccess', 'source_id': '20.500.12657/60895', 'source_id_type': 'File Handle'}
Record 1506: {'title_id': 'https://library.oapen.org/handle/20.500.12657/59245', 'publication_title': 'Gender Violence, the Law, and Society Interdisciplinary Perspectives from India, Japan and South Africa', 'title_url': 'https://patron-academic.thepalaceproject.org/ucdavis/book/https%3A%2F%2Fcdl.edu.thepalaceproject.org%2F110644%2Fworks%2FURI%252Fhttps%253A%252F%252Flibrary.oapen.org%252Fhandle%252F20.500.12657%252F59245', 'first_author': 'Schotanus, M. Susanne', 'online_identifier': '', 'publisher_name': '', 'publication_type': 'monograph', 'date_monograph_published_online': '', 'first_editor': '', 'access_type': 'openaccess', 'source_id': '20.500.12657/59245', 'source_id_type': 'File Handle'}
Record 1507: {'title_id': 'https://library.oapen.org/handle/20.500.12657/58659', 'publication_title': 'Self as Method Thinking Through China and the World', 'title_url': 'https://patron-academic.thepalaceproject.org/ucdavis/book/https%3A%2F%2Fcdl.edu.thepalaceproject.org%2F110644%2Fworks%2FURI%252Fhttps%253A%252F%252Flibrary.oapen.org%252Fhandle%252F20.500.12657%252F58659', 'first_author': '', 'online_identifier': '', 'publisher_name': 'Springer Nature', 'publication_type': 'monograph', 'date_monograph_published_online': '2022', 'first_editor': '', 'access_type': 'openaccess', 'source_id': '20.500.12657/58659', 'source_id_type': 'File Handle'}
Record 1508: {'title_id': 'https://library.oapen.org/handle/20.500.12657/58882', 'publication_title': 'Space, Place, and Children’s Reading Development Mapping the Connections', 'title_url': 'https://patron-academic.thepalaceproject.org/ucdavis/book/https%3A%2F%2Fcdl.edu.thepalaceproject.org%2F110644%2Fworks%2FURI%252Fhttps%253A%252F%252Flibrary.oapen.org%252Fhandle%252F20.500.12657%252F58882', 'first_author': 'Mackey, Margaret', 'online_identifier': '', 'publisher_name': 'Bloomsbury Academic', 'publication_type': 'monograph', 'date_monograph_published_online': '2022', 'first_editor': '', 'access_type': 'openaccess', 'source_id': '20.500.12657/58882', 'source_id_type': 'File Handle'}
Record 1509: {'title_id': 'https://library.oapen.org/handle/20.500.12657/54430', 'publication_title': 'Learning, Philosophy, and African Citizenship', 'title_url': 'https://patron-academic.thepalaceproject.org/ucdavis/book/https%3A%2F%2Fcdl.edu.thepalaceproject.org%2F110644%2Fworks%2FURI%252Fhttps%253A%252F%252Flibrary.oapen.org%252Fhandle%252F20.500.12657%252F54430', 'first_author': '', 'online_identifier': '', 'publisher_name': 'Springer Nature', 'publication_type': 'monograph', 'date_monograph_published_online': '2022', 'first_editor': 'Holma, Katariina', 'access_type': 'openaccess', 'source_id': '20.500.12657/54430', 'source_id_type': 'File Handle'}
Record 1510: {'title_id': 'https://library.oapen.org/handle/20.500.12657/57379', 'publication_title': 'European Parliament’s Political Groups in Turbulent Times', 'title_url': 'https://patron-academic.thepalaceproject.org/ucdavis/book/https%3A%2F%2Fcdl.edu.thepalaceproject.org%2F110644%2Fworks%2FURI%252Fhttps%253A%252F%252Flibrary.oapen.org%252Fhandle%252F20.500.12657%252F57379', 'first_author': '', 'online_identifier': '', 'publisher_name': 'Springer Nature', 'publication_type': 'monograph', 'date_monograph_published_online': '2022', 'first_editor': 'Ahrens, Petra', 'access_type': 'openaccess', 'source_id': '20.500.12657/57379', 'source_id_type': 'File Handle'}
Record 1511: {'title_id': 'https://library.oapen.org/handle/20.500.12657/59635', 'publication_title': 'Jewish Life and Culture in Germany after 1945 Sacred Spaces, Objects and Musical Traditions', 'title_url': 'https://patron-academic.thepalaceproject.org/ucdavis/book/https%3A%2F%2Fcdl.edu.thepalaceproject.org%2F110644%2Fworks%2FURI%252Fhttps%253A%252F%252Flibrary.oapen.org%252Fhandle%252F20.500.12657%252F59635', 'first_author': '', 'online_identifier': '', 'publisher_name': 'De Gruyter', 'publication_type': 'monograph', 'date_monograph_published_online': '2022', 'first_editor': 'Keßler, Katrin', 'access_type': 'openaccess', 'source_id': '20.500.12657/59635', 'source_id_type': 'File Handle'}
Record 1512: {'title_id': 'https://library.oapen.org/handle/20.500.12657/57383', 'publication_title': 'Bioethics and the Holocaust A Comprehensive Study in How the Holocaust Continues to Shape the Ethics of Health, Medicine and Human Rights', 'title_url': 'https://patron-academic.thepalaceproject.org/ucdavis/book/https%3A%2F%2Fcdl.edu.thepalaceproject.org%2F110644%2Fworks%2FURI%252Fhttps%253A%252F%252Flibrary.oapen.org%252Fhandle%252F20.500.12657%252F57383', 'first_author': '', 'online_identifier': '', 'publisher_name': 'Springer Nature', 'publication_type': 'monograph', 'date_monograph_published_online': '2022', 'first_editor': 'Bedzow, Ira', 'access_type': 'openaccess', 'source_id': '20.500.12657/57383', 'source_id_type': 'File Handle'}
Record 1513: {'title_id': 'https://library.oapen.org/handle/20.500.12657/57593', 'publication_title': 'Embracing New Perspectives in History, Social Sciences, and Education Proceedings of the International Conference on History, Social Sciences, and Education (ICHSE 2021), Malang, Indonesia, 11 September 2021', 'title_url': 'https://patron-academic.thepalaceproject.org/ucdavis/book/https%3A%2F%2Fcdl.edu.thepalaceproject.org%2F110644%2Fworks%2FURI%252Fhttps%253A%252F%252Flibrary.oapen.org%252Fhandle%252F20.500.12657%252F57593', 'first_author': '', 'online_identifier': '', 'publisher_name': 'Taylor & Francis', 'publication_type': 'monograph', 'date_monograph_published_online': '2022', 'first_editor': 'Navarro, Francis M.', 'access_type': 'openaccess', 'source_id': '20.500.12657/57593', 'source_id_type': 'File Handle'}
Record 1514: {'title_id': 'https://library.oapen.org/handle/20.500.12657/58641', 'publication_title': 'Novel Foods and Edible Insects in the European Union An Interdisciplinary Analysis', 'title_url': 'https://patron-academic.thepalaceproject.org/ucdavis/book/https%3A%2F%2Fcdl.edu.thepalaceproject.org%2F110644%2Fworks%2FURI%252Fhttps%253A%252F%252Flibrary.oapen.org%252Fhandle%252F20.500.12657%252F58641', 'first_author': '', 'online_identifier': '', 'publisher_name': 'Springer Nature', 'publication_type': 'monograph', 'date_monograph_published_online': '2022', 'first_editor': 'Formici, Giulia', 'access_type': 'openaccess', 'source_id': '20.500.12657/58641', 'source_id_type': 'File Handle'}
Record 1515: {'title_id': 'https://library.oapen.org/handle/20.500.12657/59397', 'publication_title': 'Mental Health | Atmospheres | Video Games New Directions in Game Research II', 'title_url': 'https://patron-academic.thepalaceproject.org/ucdavis/book/https%3A%2F%2Fcdl.edu.thepalaceproject.org%2F110644%2Fworks%2FURI%252Fhttps%253A%252F%252Flibrary.oapen.org%252Fhandle%252F20.500.12657%252F59397', 'first_author': '', 'online_identifier': '', 'publisher_name': 'transcript Verlag', 'publication_type': 'monograph', 'date_monograph_published_online': '2022', 'first_editor': 'Aguilar Rodríguez, Jimena', 'access_type': 'openaccess', 'source_id': '20.500.12657/59397', 'source_id_type': 'File Handle'}
Record 1516: {'title_id': 'https://library.oapen.org/handle/20.500.12657/58390', 'publication_title': 'The Pilgrim’s Guide to the Workplace', 'title_url': 'https://patron-academic.thepalaceproject.org/ucdavis/book/https%3A%2F%2Fcdl.edu.thepalaceproject.org%2F110644%2Fworks%2FURI%252Fhttps%253A%252F%252Flibrary.oapen.org%252Fhandle%252F20.500.12657%252F58390', 'first_author': 'Chevez, Agustin', 'online_identifier': '', 'publisher_name': 'Springer Nature', 'publication_type': 'monograph', 'date_monograph_published_online': '2022', 'first_editor': '', 'access_type': 'openaccess', 'source_id': '20.500.12657/58390', 'source_id_type': 'File Handle'}
Record 1517: {'title_id': 'https://library.oapen.org/handle/20.500.12657/61950', 'publication_title': 'Occupational noise-induced hearing loss An African perspective', 'title_url': 'https://patron-academic.thepalaceproject.org/ucdavis/book/https%3A%2F%2Fcdl.edu.thepalaceproject.org%2F110644%2Fworks%2FURI%252Fhttps%253A%252F%252Flibrary.oapen.org%252Fhandle%252F20.500.12657%252F61950', 'first_author': '', 'online_identifier': '', 'publisher_name': 'AOSIS', 'publication_type': 'monograph', 'date_monograph_published_online': '2022', 'first_editor': 'Khoza-Shangase, Katijah', 'access_type': 'openaccess', 'source_id': '20.500.12657/61950', 'source_id_type': 'File Handle'}
Record 1518: {'title_id': 'https://library.oapen.org/handle/20.500.12657/58175', 'publication_title': 'Navigating the European Migration Regime Male Migrants, Interrupted Journeys and Precarious Lives', 'title_url': 'https://patron-academic.thepalaceproject.org/ucdavis/book/https%3A%2F%2Fcdl.edu.thepalaceproject.org%2F110644%2Fworks%2FURI%252Fhttps%253A%252F%252Flibrary.oapen.org%252Fhandle%252F20.500.12657%252F58175', 'first_author': 'Wyss, Anna', 'online_identifier': '', 'publisher_name': 'Bristol University Press', 'publication_type': 'monograph', 'date_monograph_published_online': '2022', 'first_editor': '', 'access_type': 'openaccess', 'source_id': '20.500.12657/58175', 'source_id_type': 'File Handle'}
Record 1519: {'title_id': 'https://library.oapen.org/handle/20.500.12657/57212', 'publication_title': 'A Grammar of Yélî Dnye The Papuan Language of Rossel Island', 'title_url': 'https://patron-academic.thepalaceproject.org/ucdavis/book/https%3A%2F%2Fcdl.edu.thepalaceproject.org%2F110644%2Fworks%2FURI%252Fhttps%253A%252F%252Flibrary.oapen.org%252Fhandle%252F20.500.12657%252F57212', 'first_author': 'Levinson, Stephen C.', 'online_identifier': '', 'publisher_name': 'De Gruyter', 'publication_type': 'monograph', 'date_monograph_published_online': '2022', 'first_editor': '', 'access_type': 'openaccess', 'source_id': '20.500.12657/57212', 'source_id_type': 'File Handle'}
Record 1520: {'title_id': 'https://library.oapen.org/handle/20.500.12657/76640', 'publication_title': 'The Human Right to Citizenship Situating the Right to Citizenship within International and Regional Human Rights Law', 'title_url': 'https://patron-academic.thepalaceproject.org/ucdavis/book/https%3A%2F%2Fcdl.edu.thepalaceproject.org%2F110644%2Fworks%2FURI%252Fhttps%253A%252F%252Flibrary.oapen.org%252Fhandle%252F20.500.12657%252F76640', 'first_author': 'von Rütte, Barbara', 'online_identifier': '', 'publisher_name': 'Brill', 'publication_type': 'monograph', 'date_monograph_published_online': '2022', 'first_editor': '', 'access_type': 'openaccess', 'source_id': '20.500.12657/76640', 'source_id_type': 'File Handle'}
Record 1521: {'title_id': 'https://library.oapen.org/handle/20.500.12657/59175', 'publication_title': 'Geological Filmmaking', 'title_url': 'https://patron-academic.thepalaceproject.org/ucdavis/book/https%3A%2F%2Fcdl.edu.thepalaceproject.org%2F110644%2Fworks%2FURI%252Fhttps%253A%252F%252Flibrary.oapen.org%252Fhandle%252F20.500.12657%252F59175', 'first_author': 'Litvintseva, Sasha', 'online_identifier': '', 'publisher_name': 'Open Humanities Press', 'publication_type': 'monograph', 'date_monograph_published_online': '2022', 'first_editor': '', 'access_type': 'openaccess', 'source_id': '20.500.12657/59175', 'source_id_type': 'File Handle'}
Record 1522: {'title_id': 'https://library.oapen.org/handle/20.500.12657/61287', 'publication_title': 'Nordic Artificial Intelligence Research and Development 4th Symposium of the Norwegian AI Society, NAIS 2022, Oslo, Norway, May 31 – June 1, 2022, Revised Selected Papers', 'title_url': 'https://patron-academic.thepalaceproject.org/ucdavis/book/https%3A%2F%2Fcdl.edu.thepalaceproject.org%2F110644%2Fworks%2FURI%252Fhttps%253A%252F%252Flibrary.oapen.org%252Fhandle%252F20.500.12657%252F61287', 'first_author': '', 'online_identifier': '', 'publisher_name': 'Springer Nature', 'publication_type': 'monograph', 'date_monograph_published_online': '2022', 'first_editor': 'Lind, Pedro', 'access_type': 'openaccess', 'source_id': '20.500.12657/61287', 'source_id_type': 'File Handle'}
Record 1523: {'title_id': 'https://library.oapen.org/handle/20.500.12657/57295', 'publication_title': 'Applied Design Research A Mosaic of 22 Examples, Experiences and Interpretations Focussing on Bridging the Gap between Practice and Academics', 'title_url': 'https://patron-academic.thepalaceproject.org/ucdavis/book/https%3A%2F%2Fcdl.edu.thepalaceproject.org%2F110644%2Fworks%2FURI%252Fhttps%253A%252F%252Flibrary.oapen.org%252Fhandle%252F20.500.12657%252F57295', 'first_author': '', 'online_identifier': '', 'publisher_name': 'Taylor & Francis', 'publication_type': 'monograph', 'date_monograph_published_online': '2022', 'first_editor': 'Joore, Peter', 'access_type': 'openaccess', 'source_id': '20.500.12657/57295', 'source_id_type': 'File Handle'}
Record 1524: {'title_id': 'https://library.oapen.org/handle/20.500.12657/53864', 'publication_title': "Meanings and Functions of the Ruler's Image in the Mediterranean World (11th – 15th Centuries)", 'title_url': 'https://patron-academic.thepalaceproject.org/ucdavis/book/https%3A%2F%2Fcdl.edu.thepalaceproject.org%2F110644%2Fworks%2FURI%252Fhttps%253A%252F%252Flibrary.oapen.org%252Fhandle%252F20.500.12657%252F53864', 'first_author': '', 'online_identifier': '', 'publisher_name': 'Brill', 'publication_type': 'monograph', 'date_monograph_published_online': '2022', 'first_editor': 'Bacci, Michele', 'access_type': 'openaccess', 'source_id': '20.500.12657/53864', 'source_id_type': 'File Handle'}
Record 1525: {'title_id': 'https://library.oapen.org/handle/20.500.12657/59660', 'publication_title': 'Image, Text, Stone Intermedial Perspectives on Graeco-Roman Sculpture', 'title_url': 'https://patron-academic.thepalaceproject.org/ucdavis/book/https%3A%2F%2Fcdl.edu.thepalaceproject.org%2F110644%2Fworks%2FURI%252Fhttps%253A%252F%252Flibrary.oapen.org%252Fhandle%252F20.500.12657%252F59660', 'first_author': '', 'online_identifier': '', 'publisher_name': 'De Gruyter', 'publication_type': 'monograph', 'date_monograph_published_online': '2022', 'first_editor': 'Dietrich, Nikolaus', 'access_type': 'openaccess', 'source_id': '20.500.12657/59660', 'source_id_type': 'File Handle'}
Record 1526: {'title_id': 'https://library.oapen.org/handle/20.500.12657/86584', 'publication_title': 'Qing Imperial Illustrations of Tributary Peoples (Huang Qing zhigong tu) A Cultural Cartography of Empire', 'title_url': 'https://patron-academic.thepalaceproject.org/ucdavis/book/https%3A%2F%2Fcdl.edu.thepalaceproject.org%2F110644%2Fworks%2FURI%252Fhttps%253A%252F%252Flibrary.oapen.org%252Fhandle%252F20.500.12657%252F86584', 'first_author': '', 'online_identifier': '', 'publisher_name': 'Brill', 'publication_type': 'monograph', 'date_monograph_published_online': '2022', 'first_editor': 'Hostetler, Laura', 'access_type': 'openaccess', 'source_id': '20.500.12657/86584', 'source_id_type': 'File Handle'}
Record 1527: {'title_id': 'https://library.oapen.org/handle/20.500.12657/52655', 'publication_title': 'Xinjiang Year Zero', 'title_url': 'https://patron-academic.thepalaceproject.org/ucdavis/book/https%3A%2F%2Fcdl.edu.thepalaceproject.org%2F110644%2Fworks%2FURI%252Fhttps%253A%252F%252Flibrary.oapen.org%252Fhandle%252F20.500.12657%252F52655', 'first_author': '', 'online_identifier': '', 'publisher_name': 'ANU Press', 'publication_type': 'monograph', 'date_monograph_published_online': '2022', 'first_editor': 'Byler, Darren', 'access_type': 'openaccess', 'source_id': '20.500.12657/52655', 'source_id_type': 'File Handle'}
Record 1528: {'title_id': 'https://library.oapen.org/handle/20.500.12657/58358', 'publication_title': 'Youth Suicide Prevention and Intervention Best Practices and Policy Implications', 'title_url': 'https://patron-academic.thepalaceproject.org/ucdavis/book/https%3A%2F%2Fcdl.edu.thepalaceproject.org%2F110644%2Fworks%2FURI%252Fhttps%253A%252F%252Flibrary.oapen.org%252Fhandle%252F20.500.12657%252F58358', 'first_author': '', 'online_identifier': '', 'publisher_name': 'Springer Nature', 'publication_type': 'monograph', 'date_monograph_published_online': '2022', 'first_editor': 'Ackerman, John P.', 'access_type': 'openaccess', 'source_id': '20.500.12657/58358', 'source_id_type': 'File Handle'}
Record 1529: {'title_id': 'https://library.oapen.org/handle/20.500.12657/57821', 'publication_title': 'Unlocking Sustainable Private Sector Growth in the Middle East and North Africa', 'title_url': 'https://patron-academic.thepalaceproject.org/ucdavis/book/https%3A%2F%2Fcdl.edu.thepalaceproject.org%2F110644%2Fworks%2FURI%252Fhttps%253A%252F%252Flibrary.oapen.org%252Fhandle%252F20.500.12657%252F57821', 'first_author': 'Bank, European Investment', 'online_identifier': '', 'publisher_name': '', 'publication_type': 'monograph', 'date_monograph_published_online': '', 'first_editor': '', 'access_type': 'openaccess', 'source_id': '20.500.12657/57821', 'source_id_type': 'File Handle'}
Record 1530: {'title_id': 'https://library.oapen.org/handle/20.500.12657/87703', 'publication_title': 'Poverty and Wealth in East Africa A Conceptual History', 'title_url': 'https://patron-academic.thepalaceproject.org/ucdavis/book/https%3A%2F%2Fcdl.edu.thepalaceproject.org%2F110644%2Fworks%2FURI%252Fhttps%253A%252F%252Flibrary.oapen.org%252Fhandle%252F20.500.12657%252F87703', 'first_author': 'Stephens, Rhiannon', 'online_identifier': '', 'publisher_name': 'Duke University Press', 'publication_type': 'monograph', 'date_monograph_published_online': '2022', 'first_editor': '', 'access_type': 'openaccess', 'source_id': '20.500.12657/87703', 'source_id_type': 'File Handle'}
Record 1531: {'title_id': 'https://library.oapen.org/handle/20.500.12657/53340', 'publication_title': 'International Impacts on Social Policy Short Histories in Global Perspective', 'title_url': 'https://patron-academic.thepalaceproject.org/ucdavis/book/https%3A%2F%2Fcdl.edu.thepalaceproject.org%2F110644%2Fworks%2FURI%252Fhttps%253A%252F%252Flibrary.oapen.org%252Fhandle%252F20.500.12657%252F53340', 'first_author': '', 'online_identifier': '', 'publisher_name': 'Springer Nature', 'publication_type': 'monograph', 'date_monograph_published_online': '2022', 'first_editor': 'González de Reufels, Delia', 'access_type': 'openaccess', 'source_id': '20.500.12657/53340', 'source_id_type': 'File Handle'}
Record 1532: {'title_id': 'https://library.oapen.org/handle/20.500.12657/52377', 'publication_title': 'Technologies and Innovations in Regional Development: The European Union and its Strategies', 'title_url': 'https://patron-academic.thepalaceproject.org/ucdavis/book/https%3A%2F%2Fcdl.edu.thepalaceproject.org%2F110644%2Fworks%2FURI%252Fhttps%253A%252F%252Flibrary.oapen.org%252Fhandle%252F20.500.12657%252F52377', 'first_author': '', 'online_identifier': '', 'publisher_name': 'Peter Lang International Academic Publishers', 'publication_type': 'monograph', 'date_monograph_published_online': '2022', 'first_editor': 'Cepoi, Victor', 'access_type': 'openaccess', 'source_id': '20.500.12657/52377', 'source_id_type': 'File Handle'}
Record 1533: {'title_id': 'https://library.oapen.org/handle/20.500.12657/58877', 'publication_title': 'Spatial Histories of Occupation Colonialism, Conquest and Foreign Control in Asia', 'title_url': 'https://patron-academic.thepalaceproject.org/ucdavis/book/https%3A%2F%2Fcdl.edu.thepalaceproject.org%2F110644%2Fworks%2FURI%252Fhttps%253A%252F%252Flibrary.oapen.org%252Fhandle%252F20.500.12657%252F58877', 'first_author': '', 'online_identifier': '', 'publisher_name': 'Bloomsbury Academic', 'publication_type': 'monograph', 'date_monograph_published_online': '2022', 'first_editor': 'Baillargeon, David', 'access_type': 'openaccess', 'source_id': '20.500.12657/58877', 'source_id_type': 'File Handle'}
Record 1534: {'title_id': 'https://library.oapen.org/handle/20.500.12657/57242', 'publication_title': 'City, Climate, and Architecture A Theory of Collective Practice', 'title_url': 'https://patron-academic.thepalaceproject.org/ucdavis/book/https%3A%2F%2Fcdl.edu.thepalaceproject.org%2F110644%2Fworks%2FURI%252Fhttps%253A%252F%252Flibrary.oapen.org%252Fhandle%252F20.500.12657%252F57242', 'first_author': 'Roesler, Sascha', 'online_identifier': '', 'publisher_name': 'De Gruyter', 'publication_type': 'monograph', 'date_monograph_published_online': '2022', 'first_editor': '', 'access_type': 'openaccess', 'source_id': '20.500.12657/57242', 'source_id_type': 'File Handle'}
Record 1535: {'title_id': 'https://library.oapen.org/handle/20.500.12657/60761', 'publication_title': 'Public Policy to Reduce Inequalities across Europe Hope Versus Reality', 'title_url': 'https://patron-academic.thepalaceproject.org/ucdavis/book/https%3A%2F%2Fcdl.edu.thepalaceproject.org%2F110644%2Fworks%2FURI%252Fhttps%253A%252F%252Flibrary.oapen.org%252Fhandle%252F20.500.12657%252F60761', 'first_author': '', 'online_identifier': '', 'publisher_name': 'Oxford University Press', 'publication_type': 'monograph', 'date_monograph_published_online': '2022', 'first_editor': '', 'access_type': 'openaccess', 'source_id': '20.500.12657/60761', 'source_id_type': 'File Handle'}
Record 1536: {'title_id': 'https://library.oapen.org/handle/20.500.12657/53558', 'publication_title': '(In)visible Acts of Resistance in the Twilight of the Franco Regime A Historical Narration', 'title_url': 'https://patron-academic.thepalaceproject.org/ucdavis/book/https%3A%2F%2Fcdl.edu.thepalaceproject.org%2F110644%2Fworks%2FURI%252Fhttps%253A%252F%252Flibrary.oapen.org%252Fhandle%252F20.500.12657%252F53558', 'first_author': 'Morcillo, Aurora G.', 'online_identifier': '', 'publisher_name': 'transcript Verlag', 'publication_type': 'monograph', 'date_monograph_published_online': '2022', 'first_editor': '', 'access_type': 'openaccess', 'source_id': '20.500.12657/53558', 'source_id_type': 'File Handle'}
Record 1537: {'title_id': 'https://library.oapen.org/handle/20.500.12657/60127', 'publication_title': 'Making Humanitarian Crises Emotions and Images in History', 'title_url': 'https://patron-academic.thepalaceproject.org/ucdavis/book/https%3A%2F%2Fcdl.edu.thepalaceproject.org%2F110644%2Fworks%2FURI%252Fhttps%253A%252F%252Flibrary.oapen.org%252Fhandle%252F20.500.12657%252F60127', 'first_author': '', 'online_identifier': '', 'publisher_name': 'Springer Nature', 'publication_type': 'monograph', 'date_monograph_published_online': '2022', 'first_editor': 'Edgar, Brenda Lynn', 'access_type': 'openaccess', 'source_id': '20.500.12657/60127', 'source_id_type': 'File Handle'}
Record 1538: {'title_id': 'https://library.oapen.org/handle/20.500.12657/59341', 'publication_title': 'Human Flourishing A Multidisciplinary Perspective on Neuroscience, Health, Organizations and Arts', 'title_url': 'https://patron-academic.thepalaceproject.org/ucdavis/book/https%3A%2F%2Fcdl.edu.thepalaceproject.org%2F110644%2Fworks%2FURI%252Fhttps%253A%252F%252Flibrary.oapen.org%252Fhandle%252F20.500.12657%252F59341', 'first_author': '', 'online_identifier': '', 'publisher_name': 'Springer Nature', 'publication_type': 'monograph', 'date_monograph_published_online': '2022', 'first_editor': 'Grau Grau, Marc', 'access_type': 'openaccess', 'source_id': '20.500.12657/59341', 'source_id_type': 'File Handle'}
Record 1539: {'title_id': 'https://library.oapen.org/handle/20.500.12657/53654', 'publication_title': 'Building Transformation Networks for Consistent Evolution of Interrelated Models', 'title_url': 'https://patron-academic.thepalaceproject.org/ucdavis/book/https%3A%2F%2Fcdl.edu.thepalaceproject.org%2F110644%2Fworks%2FURI%252Fhttps%253A%252F%252Flibrary.oapen.org%252Fhandle%252F20.500.12657%252F53654', 'first_author': 'Klare, Heiko', 'online_identifier': '', 'publisher_name': 'KIT Scientific Publishing', 'publication_type': 'monograph', 'date_monograph_published_online': '2022', 'first_editor': '', 'access_type': 'openaccess', 'source_id': '20.500.12657/53654', 'source_id_type': 'File Handle'}
Record 1540: {'title_id': 'https://library.oapen.org/handle/20.500.12657/59571', 'publication_title': 'Commentary on Aristotle, ›Nicomachean Ethics‹ Critical Edition with Introduction and Translation', 'title_url': 'https://patron-academic.thepalaceproject.org/ucdavis/book/https%3A%2F%2Fcdl.edu.thepalaceproject.org%2F110644%2Fworks%2FURI%252Fhttps%253A%252F%252Flibrary.oapen.org%252Fhandle%252F20.500.12657%252F59571', 'first_author': '', 'online_identifier': '', 'publisher_name': 'De Gruyter', 'publication_type': 'monograph', 'date_monograph_published_online': '2022', 'first_editor': 'Xenophontos, Sophia', 'access_type': 'openaccess', 'source_id': '20.500.12657/59571', 'source_id_type': 'File Handle'}
Record 1541: {'title_id': 'https://library.oapen.org/handle/20.500.12657/54417', 'publication_title': 'Making Ammonia Fritz Haber, Walther Nernst, and the Nature of Scientific Discovery', 'title_url': 'https://patron-academic.thepalaceproject.org/ucdavis/book/https%3A%2F%2Fcdl.edu.thepalaceproject.org%2F110644%2Fworks%2FURI%252Fhttps%253A%252F%252Flibrary.oapen.org%252Fhandle%252F20.500.12657%252F54417', 'first_author': 'Johnson, Benjamin', 'online_identifier': '', 'publisher_name': 'Springer Nature', 'publication_type': 'monograph', 'date_monograph_published_online': '2022', 'first_editor': '', 'access_type': 'openaccess', 'source_id': '20.500.12657/54417', 'source_id_type': 'File Handle'}
Record 1542: {'title_id': 'https://library.oapen.org/handle/20.500.12657/57955', 'publication_title': 'Asking and Answering Rivalling Approaches to Interrogative Methods', 'title_url': 'https://patron-academic.thepalaceproject.org/ucdavis/book/https%3A%2F%2Fcdl.edu.thepalaceproject.org%2F110644%2Fworks%2FURI%252Fhttps%253A%252F%252Flibrary.oapen.org%252Fhandle%252F20.500.12657%252F57955', 'first_author': 'Cordes, Moritz', 'online_identifier': '', 'publisher_name': '', 'publication_type': 'monograph', 'date_monograph_published_online': '', 'first_editor': '', 'access_type': 'openaccess', 'source_id': '20.500.12657/57955', 'source_id_type': 'File Handle'}
Record 1543: {'title_id': 'https://library.oapen.org/handle/20.500.12657/54050', 'publication_title': 'A Buddha Land in This World Philosophy, Utopia, and Radical Buddhism', 'title_url': 'https://patron-academic.thepalaceproject.org/ucdavis/book/https%3A%2F%2Fcdl.edu.thepalaceproject.org%2F110644%2Fworks%2FURI%252Fhttps%253A%252F%252Flibrary.oapen.org%252Fhandle%252F20.500.12657%252F54050', 'first_author': 'Brons, Lajos', 'online_identifier': '', 'publisher_name': 'punctum books', 'publication_type': 'monograph', 'date_monograph_published_online': '2022', 'first_editor': '', 'access_type': 'openaccess', 'source_id': '20.500.12657/54050', 'source_id_type': 'File Handle'}
Record 1544: {'title_id': 'https://library.oapen.org/handle/20.500.12657/53576', 'publication_title': 'Constitutional Law and Precedent International Perspectives on Case-Based Reasoning', 'title_url': 'https://patron-academic.thepalaceproject.org/ucdavis/book/https%3A%2F%2Fcdl.edu.thepalaceproject.org%2F110644%2Fworks%2FURI%252Fhttps%253A%252F%252Flibrary.oapen.org%252Fhandle%252F20.500.12657%252F53576', 'first_author': 'Florczak-Wątor, Monika', 'online_identifier': '', 'publisher_name': 'Taylor & Francis', 'publication_type': 'monograph', 'date_monograph_published_online': '2022', 'first_editor': '', 'access_type': 'openaccess', 'source_id': '20.500.12657/53576', 'source_id_type': 'File Handle'}
Record 1545: {'title_id': 'https://library.oapen.org/handle/20.500.12657/60329', 'publication_title': 'Women’s Friendship in Medieval Literature', 'title_url': 'https://patron-academic.thepalaceproject.org/ucdavis/book/https%3A%2F%2Fcdl.edu.thepalaceproject.org%2F110644%2Fworks%2FURI%252Fhttps%253A%252F%252Flibrary.oapen.org%252Fhandle%252F20.500.12657%252F60329', 'first_author': '', 'online_identifier': '', 'publisher_name': 'The Ohio State University Press', 'publication_type': 'monograph', 'date_monograph_published_online': '2022', 'first_editor': 'Lochrie, Karma', 'access_type': 'openaccess', 'source_id': '20.500.12657/60329', 'source_id_type': 'File Handle'}
Record 1546: {'title_id': 'https://library.oapen.org/handle/20.500.12657/59392', 'publication_title': 'Explanatory Models, Unit Standards, and Personalized Learning in Educational Measurement Selected Papers by A. Jackson Stenner', 'title_url': 'https://patron-academic.thepalaceproject.org/ucdavis/book/https%3A%2F%2Fcdl.edu.thepalaceproject.org%2F110644%2Fworks%2FURI%252Fhttps%253A%252F%252Flibrary.oapen.org%252Fhandle%252F20.500.12657%252F59392', 'first_author': '', 'online_identifier': '', 'publisher_name': 'Springer Nature', 'publication_type': 'monograph', 'date_monograph_published_online': '2022', 'first_editor': 'Fisher, William P. Jr.', 'access_type': 'openaccess', 'source_id': '20.500.12657/59392', 'source_id_type': 'File Handle'}
Record 1547: {'title_id': 'https://library.oapen.org/handle/20.500.12657/57831', 'publication_title': "What drives firms' investment in climate action?", 'title_url': 'https://patron-academic.thepalaceproject.org/ucdavis/book/https%3A%2F%2Fcdl.edu.thepalaceproject.org%2F110644%2Fworks%2FURI%252Fhttps%253A%252F%252Flibrary.oapen.org%252Fhandle%252F20.500.12657%252F57831', 'first_author': 'Bank, European Investment', 'online_identifier': '', 'publisher_name': '', 'publication_type': 'monograph', 'date_monograph_published_online': '', 'first_editor': '', 'access_type': 'openaccess', 'source_id': '20.500.12657/57831', 'source_id_type': 'File Handle'}
Record 1548: {'title_id': 'https://library.oapen.org/handle/20.500.12657/52870', 'publication_title': 'Cyber Security 18th China Annual Conference, CNCERT 2021, Beijing, China, July 20–21, 2021, Revised Selected Papers', 'title_url': 'https://patron-academic.thepalaceproject.org/ucdavis/book/https%3A%2F%2Fcdl.edu.thepalaceproject.org%2F110644%2Fworks%2FURI%252Fhttps%253A%252F%252Flibrary.oapen.org%252Fhandle%252F20.500.12657%252F52870', 'first_author': '', 'online_identifier': '', 'publisher_name': 'Springer Nature', 'publication_type': 'monograph', 'date_monograph_published_online': '2022', 'first_editor': 'Li, Chao', 'access_type': 'openaccess', 'source_id': '20.500.12657/52870', 'source_id_type': 'File Handle'}
Record 1549: {'title_id': 'https://library.oapen.org/handle/20.500.12657/53264', 'publication_title': 'Literary Reimaginings of Argentina’s Independence History, Fiction, Politics', 'title_url': 'https://patron-academic.thepalaceproject.org/ucdavis/book/https%3A%2F%2Fcdl.edu.thepalaceproject.org%2F110644%2Fworks%2FURI%252Fhttps%253A%252F%252Flibrary.oapen.org%252Fhandle%252F20.500.12657%252F53264', 'first_author': 'McAllister, Catriona', 'online_identifier': '', 'publisher_name': 'Liverpool University Press', 'publication_type': 'monograph', 'date_monograph_published_online': '2022', 'first_editor': '', 'access_type': 'openaccess', 'source_id': '20.500.12657/53264', 'source_id_type': 'File Handle'}
Record 1550: {'title_id': 'https://library.oapen.org/handle/20.500.12657/58410', 'publication_title': 'Rereading Travellers to the East Shaping Identities and Building the Nation in Post-unification Italy', 'title_url': 'https://patron-academic.thepalaceproject.org/ucdavis/book/https%3A%2F%2Fcdl.edu.thepalaceproject.org%2F110644%2Fworks%2FURI%252Fhttps%253A%252F%252Flibrary.oapen.org%252Fhandle%252F20.500.12657%252F58410', 'first_author': '', 'online_identifier': '', 'publisher_name': 'Firenze University Press', 'publication_type': 'monograph', 'date_monograph_published_online': '2022', 'first_editor': 'Falcucci, Beatrice', 'access_type': 'openaccess', 'source_id': '20.500.12657/58410', 'source_id_type': 'File Handle'}
Record 1551: {'title_id': 'https://library.oapen.org/handle/20.500.12657/61099', 'publication_title': 'Universal Singular Public Space Design of the Early 21st Century', 'title_url': 'https://patron-academic.thepalaceproject.org/ucdavis/book/https%3A%2F%2Fcdl.edu.thepalaceproject.org%2F110644%2Fworks%2FURI%252Fhttps%253A%252F%252Flibrary.oapen.org%252Fhandle%252F20.500.12657%252F61099', 'first_author': 'Curnier, Sonia', 'online_identifier': '', 'publisher_name': 'De Gruyter', 'publication_type': 'monograph', 'date_monograph_published_online': '2022', 'first_editor': '', 'access_type': 'openaccess', 'source_id': '20.500.12657/61099', 'source_id_type': 'File Handle'}
Record 1552: {'title_id': 'https://library.oapen.org/handle/20.500.12657/64045', 'publication_title': 'Beyond Death Beliefs, Practice, and Material Expression', 'title_url': 'https://patron-academic.thepalaceproject.org/ucdavis/book/https%3A%2F%2Fcdl.edu.thepalaceproject.org%2F110644%2Fworks%2FURI%252Fhttps%253A%252F%252Flibrary.oapen.org%252Fhandle%252F20.500.12657%252F64045', 'first_author': '', 'online_identifier': '', 'publisher_name': 'BAR Publishing', 'publication_type': 'monograph', 'date_monograph_published_online': '2022', 'first_editor': 'Feinman, Gary', 'access_type': 'openaccess', 'source_id': '20.500.12657/64045', 'source_id_type': 'File Handle'}
Record 1553: {'title_id': 'https://library.oapen.org/handle/20.500.12657/53098', 'publication_title': "Comparative Practices Literature, Language, and Culture in Britain's Long Eighteenth Century", 'title_url': 'https://patron-academic.thepalaceproject.org/ucdavis/book/https%3A%2F%2Fcdl.edu.thepalaceproject.org%2F110644%2Fworks%2FURI%252Fhttps%253A%252F%252Flibrary.oapen.org%252Fhandle%252F20.500.12657%252F53098', 'first_author': '', 'online_identifier': '', 'publisher_name': 'transcript Verlag', 'publication_type': 'monograph', 'date_monograph_published_online': '2022', 'first_editor': 'Böhm-Schnitker, Nadine', 'access_type': 'openaccess', 'source_id': '20.500.12657/53098', 'source_id_type': 'File Handle'}
Record 1554: {'title_id': 'https://library.oapen.org/handle/20.500.12657/87096', 'publication_title': 'Shipwrecks, Legal Landscapes and Mediterranean Paradigms Gone Under Sea', 'title_url': 'https://patron-academic.thepalaceproject.org/ucdavis/book/https%3A%2F%2Fcdl.edu.thepalaceproject.org%2F110644%2Fworks%2FURI%252Fhttps%253A%252F%252Flibrary.oapen.org%252Fhandle%252F20.500.12657%252F87096', 'first_author': 'Mataix Ferrándiz, Emilia', 'online_identifier': '', 'publisher_name': 'Brill', 'publication_type': 'monograph', 'date_monograph_published_online': '2022', 'first_editor': '', 'access_type': 'openaccess', 'source_id': '20.500.12657/87096', 'source_id_type': 'File Handle'}
Record 1555: {'title_id': 'https://library.oapen.org/handle/20.500.12657/60541', 'publication_title': 'Chronologics Periodisation in a Global Context', 'title_url': 'https://patron-academic.thepalaceproject.org/ucdavis/book/https%3A%2F%2Fcdl.edu.thepalaceproject.org%2F110644%2Fworks%2FURI%252Fhttps%253A%252F%252Flibrary.oapen.org%252Fhandle%252F20.500.12657%252F60541', 'first_author': '', 'online_identifier': '', 'publisher_name': 'Heidelberg University Publishing (heiUP)', 'publication_type': 'monograph', 'date_monograph_published_online': '2022', 'first_editor': 'Maissen, Thomas', 'access_type': 'openaccess', 'source_id': '20.500.12657/60541', 'source_id_type': 'File Handle'}
Record 1556: {'title_id': 'https://library.oapen.org/handle/20.500.12657/59013', 'publication_title': 'Volume 1 Context and Methodology :', 'title_url': 'https://patron-academic.thepalaceproject.org/ucdavis/book/https%3A%2F%2Fcdl.edu.thepalaceproject.org%2F110644%2Fworks%2FURI%252Fhttps%253A%252F%252Flibrary.oapen.org%252Fhandle%252F20.500.12657%252F59013', 'first_author': '', 'online_identifier': '', 'publisher_name': 'Archaeopress Publishing', 'publication_type': 'monograph', 'date_monograph_published_online': '2022', 'first_editor': 'Fitch, Simon', 'access_type': 'openaccess', 'source_id': '20.500.12657/59013', 'source_id_type': 'File Handle'}
Record 1557: {'title_id': 'https://library.oapen.org/handle/20.500.12657/52868', 'publication_title': 'Central Bank Policy Mix: Issues, Challenges, and Policy Responses Handbook of Central Banking Studies', 'title_url': 'https://patron-academic.thepalaceproject.org/ucdavis/book/https%3A%2F%2Fcdl.edu.thepalaceproject.org%2F110644%2Fworks%2FURI%252Fhttps%253A%252F%252Flibrary.oapen.org%252Fhandle%252F20.500.12657%252F52868', 'first_author': '', 'online_identifier': '', 'publisher_name': 'Springer Nature', 'publication_type': 'monograph', 'date_monograph_published_online': '2022', 'first_editor': 'Juhro, Solikin M.', 'access_type': 'openaccess', 'source_id': '20.500.12657/52868', 'source_id_type': 'File Handle'}
Record 1558: {'title_id': 'https://library.oapen.org/handle/20.500.12657/57025', 'publication_title': 'Towards Gender Equality in Law An Analysis of State Failures from a Global Perspective', 'title_url': 'https://patron-academic.thepalaceproject.org/ucdavis/book/https%3A%2F%2Fcdl.edu.thepalaceproject.org%2F110644%2Fworks%2FURI%252Fhttps%253A%252F%252Flibrary.oapen.org%252Fhandle%252F20.500.12657%252F57025', 'first_author': '', 'online_identifier': '', 'publisher_name': 'Springer Nature', 'publication_type': 'monograph', 'date_monograph_published_online': '2022', 'first_editor': 'Davies, David', 'access_type': 'openaccess', 'source_id': '20.500.12657/57025', 'source_id_type': 'File Handle'}
Record 1559: {'title_id': 'https://library.oapen.org/handle/20.500.12657/53163', 'publication_title': 'The Germanic Tribes, the Gods and the German Far Right Today', 'title_url': 'https://patron-academic.thepalaceproject.org/ucdavis/book/https%3A%2F%2Fcdl.edu.thepalaceproject.org%2F110644%2Fworks%2FURI%252Fhttps%253A%252F%252Flibrary.oapen.org%252Fhandle%252F20.500.12657%252F53163', 'first_author': 'Schuppener, Georg', 'online_identifier': '', 'publisher_name': 'Taylor & Francis', 'publication_type': 'monograph', 'date_monograph_published_online': '2022', 'first_editor': '', 'access_type': 'openaccess', 'source_id': '20.500.12657/53163', 'source_id_type': 'File Handle'}
Record 1560: {'title_id': 'https://library.oapen.org/handle/20.500.12657/53388', 'publication_title': 'Middle English Medical Recipes and Literary Play, 1375-1500', 'title_url': 'https://patron-academic.thepalaceproject.org/ucdavis/book/https%3A%2F%2Fcdl.edu.thepalaceproject.org%2F110644%2Fworks%2FURI%252Fhttps%253A%252F%252Flibrary.oapen.org%252Fhandle%252F20.500.12657%252F53388', 'first_author': 'Bower, Hannah', 'online_identifier': '', 'publisher_name': 'Oxford University Press', 'publication_type': 'monograph', 'date_monograph_published_online': '2022', 'first_editor': '', 'access_type': 'openaccess', 'source_id': '20.500.12657/53388', 'source_id_type': 'File Handle'}
Record 1561: {'title_id': 'https://library.oapen.org/handle/20.500.12657/53929', 'publication_title': '(Dis)Obedience in Digital Societies Perspectives on the Power of Algorithms and Data', 'title_url': 'https://patron-academic.thepalaceproject.org/ucdavis/book/https%3A%2F%2Fcdl.edu.thepalaceproject.org%2F110644%2Fworks%2FURI%252Fhttps%253A%252F%252Flibrary.oapen.org%252Fhandle%252F20.500.12657%252F53929', 'first_author': '', 'online_identifier': '', 'publisher_name': 'transcript Verlag', 'publication_type': 'monograph', 'date_monograph_published_online': '2022', 'first_editor': 'Nestler, Simon', 'access_type': 'openaccess', 'source_id': '20.500.12657/53929', 'source_id_type': 'File Handle'}
Record 1562: {'title_id': 'https://library.oapen.org/handle/20.500.12657/59332', 'publication_title': 'Construction, Operation and Maintenance of Network System(Junior Level)', 'title_url': 'https://patron-academic.thepalaceproject.org/ucdavis/book/https%3A%2F%2Fcdl.edu.thepalaceproject.org%2F110644%2Fworks%2FURI%252Fhttps%253A%252F%252Flibrary.oapen.org%252Fhandle%252F20.500.12657%252F59332', 'first_author': 'Huawei Technologies Co., Ltd.', 'online_identifier': '', 'publisher_name': 'Springer Nature', 'publication_type': 'monograph', 'date_monograph_published_online': '2022', 'first_editor': '', 'access_type': 'openaccess', 'source_id': '20.500.12657/59332', 'source_id_type': 'File Handle'}
Record 1563: {'title_id': 'https://library.oapen.org/handle/20.500.12657/58393', 'publication_title': 'Nontoxic: Masculinity, Allyship, and Feminist Philosophy', 'title_url': 'https://patron-academic.thepalaceproject.org/ucdavis/book/https%3A%2F%2Fcdl.edu.thepalaceproject.org%2F110644%2Fworks%2FURI%252Fhttps%253A%252F%252Flibrary.oapen.org%252Fhandle%252F20.500.12657%252F58393', 'first_author': 'Almassi, Ben', 'online_identifier': '', 'publisher_name': 'Springer Nature', 'publication_type': 'monograph', 'date_monograph_published_online': '2022', 'first_editor': '', 'access_type': 'openaccess', 'source_id': '20.500.12657/58393', 'source_id_type': 'File Handle'}
Record 1564: {'title_id': 'https://library.oapen.org/handle/20.500.12657/53015', 'publication_title': 'The Value & Purpose of Management Education Looking Back and Thinking Forward in Global Focus', 'title_url': 'https://patron-academic.thepalaceproject.org/ucdavis/book/https%3A%2F%2Fcdl.edu.thepalaceproject.org%2F110644%2Fworks%2FURI%252Fhttps%253A%252F%252Flibrary.oapen.org%252Fhandle%252F20.500.12657%252F53015', 'first_author': '', 'online_identifier': '', 'publisher_name': 'Taylor & Francis', 'publication_type': 'monograph', 'date_monograph_published_online': '2022', 'first_editor': 'Cornuel, Eric', 'access_type': 'openaccess', 'source_id': '20.500.12657/53015', 'source_id_type': 'File Handle'}
Record 1565: {'title_id': 'https://library.oapen.org/handle/20.500.12657/52893', 'publication_title': 'Ludwig Senfl, Motets for Four Voices (N–V)', 'title_url': 'https://patron-academic.thepalaceproject.org/ucdavis/book/https%3A%2F%2Fcdl.edu.thepalaceproject.org%2F110644%2Fworks%2FURI%252Fhttps%253A%252F%252Flibrary.oapen.org%252Fhandle%252F20.500.12657%252F52893', 'first_author': '', 'online_identifier': '', 'publisher_name': '', 'publication_type': 'monograph', 'date_monograph_published_online': '', 'first_editor': '', 'access_type': 'openaccess', 'source_id': '20.500.12657/52893', 'source_id_type': 'File Handle'}
Record 1566: {'title_id': 'https://library.oapen.org/handle/20.500.12657/76648', 'publication_title': 'The Post-Secular City The New Secularization Debate', 'title_url': 'https://patron-academic.thepalaceproject.org/ucdavis/book/https%3A%2F%2Fcdl.edu.thepalaceproject.org%2F110644%2Fworks%2FURI%252Fhttps%253A%252F%252Flibrary.oapen.org%252Fhandle%252F20.500.12657%252F76648', 'first_author': 'Costa, Paolo', 'online_identifier': '', 'publisher_name': 'Brill', 'publication_type': 'monograph', 'date_monograph_published_online': '2022', 'first_editor': '', 'access_type': 'openaccess', 'source_id': '20.500.12657/76648', 'source_id_type': 'File Handle'}
Record 1567: {'title_id': 'https://library.oapen.org/handle/20.500.12657/53350', 'publication_title': 'Feminist IR in Europe Knowledge Production in Academic Institutions', 'title_url': 'https://patron-academic.thepalaceproject.org/ucdavis/book/https%3A%2F%2Fcdl.edu.thepalaceproject.org%2F110644%2Fworks%2FURI%252Fhttps%253A%252F%252Flibrary.oapen.org%252Fhandle%252F20.500.12657%252F53350', 'first_author': '', 'online_identifier': '', 'publisher_name': 'Springer Nature', 'publication_type': 'monograph', 'date_monograph_published_online': '2022', 'first_editor': 'Stern, Maria', 'access_type': 'openaccess', 'source_id': '20.500.12657/53350', 'source_id_type': 'File Handle'}
Record 1568: {'title_id': 'https://library.oapen.org/handle/20.500.12657/54012', 'publication_title': 'Recent Advances in Industrial and Applied Mathematics', 'title_url': 'https://patron-academic.thepalaceproject.org/ucdavis/book/https%3A%2F%2Fcdl.edu.thepalaceproject.org%2F110644%2Fworks%2FURI%252Fhttps%253A%252F%252Flibrary.oapen.org%252Fhandle%252F20.500.12657%252F54012', 'first_author': '', 'online_identifier': '', 'publisher_name': 'Springer Nature', 'publication_type': 'monograph', 'date_monograph_published_online': '2022', 'first_editor': 'Chacón Rebollo, Tomás', 'access_type': 'openaccess', 'source_id': '20.500.12657/54012', 'source_id_type': 'File Handle'}
Record 1569: {'title_id': 'https://library.oapen.org/handle/20.500.12657/53252', 'publication_title': 'New Models for Managing Longevity Risk Public-Private Partnerships', 'title_url': 'https://patron-academic.thepalaceproject.org/ucdavis/book/https%3A%2F%2Fcdl.edu.thepalaceproject.org%2F110644%2Fworks%2FURI%252Fhttps%253A%252F%252Flibrary.oapen.org%252Fhandle%252F20.500.12657%252F53252', 'first_author': 'Mitchell, Olivia', 'online_identifier': '', 'publisher_name': 'Oxford University Press', 'publication_type': 'monograph', 'date_monograph_published_online': '2022', 'first_editor': '', 'access_type': 'openaccess', 'source_id': '20.500.12657/53252', 'source_id_type': 'File Handle'}
Record 1570: {'title_id': 'https://library.oapen.org/handle/20.500.12657/89839', 'publication_title': 'The Face-to-Face Principle Science, Trust, Democracy and the Internet', 'title_url': 'https://patron-academic.thepalaceproject.org/ucdavis/book/https%3A%2F%2Fcdl.edu.thepalaceproject.org%2F110644%2Fworks%2FURI%252Fhttps%253A%252F%252Flibrary.oapen.org%252Fhandle%252F20.500.12657%252F89839', 'first_author': '', 'online_identifier': '', 'publisher_name': 'Cardiff University Press', 'publication_type': 'monograph', 'date_monograph_published_online': '2022', 'first_editor': '', 'access_type': 'openaccess', 'source_id': '20.500.12657/89839', 'source_id_type': 'File Handle'}
Record 1571: {'title_id': 'https://library.oapen.org/handle/20.500.12657/58588', 'publication_title': 'Paradoxes of Digital Disengagement In Search of the Opt-Out Button', 'title_url': 'https://patron-academic.thepalaceproject.org/ucdavis/book/https%3A%2F%2Fcdl.edu.thepalaceproject.org%2F110644%2Fworks%2FURI%252Fhttps%253A%252F%252Flibrary.oapen.org%252Fhandle%252F20.500.12657%252F58588', 'first_author': '', 'online_identifier': '', 'publisher_name': 'University of Westminster Press', 'publication_type': 'monograph', 'date_monograph_published_online': '2022', 'first_editor': '', 'access_type': 'openaccess', 'source_id': '20.500.12657/58588', 'source_id_type': 'File Handle'}
Record 1572: {'title_id': 'https://library.oapen.org/handle/20.500.12657/56516', 'publication_title': 'Letters on the Autonomy Project', 'title_url': 'https://patron-academic.thepalaceproject.org/ucdavis/book/https%3A%2F%2Fcdl.edu.thepalaceproject.org%2F110644%2Fworks%2FURI%252Fhttps%253A%252F%252Flibrary.oapen.org%252Fhandle%252F20.500.12657%252F56516', 'first_author': 'Sarbanes, Janet', 'online_identifier': '', 'publisher_name': 'punctum books', 'publication_type': 'monograph', 'date_monograph_published_online': '2022', 'first_editor': '', 'access_type': 'openaccess', 'source_id': '20.500.12657/56516', 'source_id_type': 'File Handle'}
Record 1573: {'title_id': 'https://library.oapen.org/handle/20.500.12657/86429', 'publication_title': "A Critical Companion to the 'Mirrors for Princes' Literature", 'title_url': 'https://patron-academic.thepalaceproject.org/ucdavis/book/https%3A%2F%2Fcdl.edu.thepalaceproject.org%2F110644%2Fworks%2FURI%252Fhttps%253A%252F%252Flibrary.oapen.org%252Fhandle%252F20.500.12657%252F86429', 'first_author': '', 'online_identifier': '', 'publisher_name': 'Brill', 'publication_type': 'monograph', 'date_monograph_published_online': '2022', 'first_editor': 'Perret, Noëlle-Laetitia', 'access_type': 'openaccess', 'source_id': '20.500.12657/86429', 'source_id_type': 'File Handle'}
Record 1574: {'title_id': 'https://library.oapen.org/handle/20.500.12657/86582', 'publication_title': 'End-of-Life Care, Dying and Death in the Islamic Moral Tradition أخلاق العناية في الإسلام: الرعاية الصحية عند نهاية العمر والاحتضار والموت', 'title_url': 'https://patron-academic.thepalaceproject.org/ucdavis/book/https%3A%2F%2Fcdl.edu.thepalaceproject.org%2F110644%2Fworks%2FURI%252Fhttps%253A%252F%252Flibrary.oapen.org%252Fhandle%252F20.500.12657%252F86582', 'first_author': 'Ghaly, Mohammed', 'online_identifier': '', 'publisher_name': 'Brill', 'publication_type': 'monograph', 'date_monograph_published_online': '2022', 'first_editor': '', 'access_type': 'openaccess', 'source_id': '20.500.12657/86582', 'source_id_type': 'File Handle'}
Record 1575: {'title_id': 'https://library.oapen.org/handle/20.500.12657/59886', 'publication_title': 'Living the Opposite Sex Trans Journeys in Southern Spain', 'title_url': 'https://patron-academic.thepalaceproject.org/ucdavis/book/https%3A%2F%2Fcdl.edu.thepalaceproject.org%2F110644%2Fworks%2FURI%252Fhttps%253A%252F%252Flibrary.oapen.org%252Fhandle%252F20.500.12657%252F59886', 'first_author': 'Imhof, Christoph', 'online_identifier': '', 'publisher_name': 'transcript Verlag', 'publication_type': 'monograph', 'date_monograph_published_online': '2022', 'first_editor': '', 'access_type': 'openaccess', 'source_id': '20.500.12657/59886', 'source_id_type': 'File Handle'}
Record 1576: {'title_id': 'https://library.oapen.org/handle/20.500.12657/59185', 'publication_title': 'Studies in the Masoretic Tradition of the Hebrew Bible', 'title_url': 'https://patron-academic.thepalaceproject.org/ucdavis/book/https%3A%2F%2Fcdl.edu.thepalaceproject.org%2F110644%2Fworks%2FURI%252Fhttps%253A%252F%252Flibrary.oapen.org%252Fhandle%252F20.500.12657%252F59185', 'first_author': '', 'online_identifier': '', 'publisher_name': 'Open Book Publishers', 'publication_type': 'monograph', 'date_monograph_published_online': '2022', 'first_editor': 'Crowther, Daniel J.', 'access_type': 'openaccess', 'source_id': '20.500.12657/59185', 'source_id_type': 'File Handle'}
Record 1577: {'title_id': 'https://library.oapen.org/handle/20.500.12657/56968', 'publication_title': 'Stable Isotopes in Tree Rings Inferring Physiological, Climatic and Environmental Responses', 'title_url': 'https://patron-academic.thepalaceproject.org/ucdavis/book/https%3A%2F%2Fcdl.edu.thepalaceproject.org%2F110644%2Fworks%2FURI%252Fhttps%253A%252F%252Flibrary.oapen.org%252Fhandle%252F20.500.12657%252F56968', 'first_author': '', 'online_identifier': '', 'publisher_name': 'Springer Nature', 'publication_type': 'monograph', 'date_monograph_published_online': '2022', 'first_editor': 'Brooks, J. Renée', 'access_type': 'openaccess', 'source_id': '20.500.12657/56968', 'source_id_type': 'File Handle'}
Record 1578: {'title_id': 'https://library.oapen.org/handle/20.500.12657/57538', 'publication_title': 'Probabilistic Models and Inference for Multi-View People Detection in Overlapping Depth Images', 'title_url': 'https://patron-academic.thepalaceproject.org/ucdavis/book/https%3A%2F%2Fcdl.edu.thepalaceproject.org%2F110644%2Fworks%2FURI%252Fhttps%253A%252F%252Flibrary.oapen.org%252Fhandle%252F20.500.12657%252F57538', 'first_author': 'Wetzel, Johannes', 'online_identifier': '', 'publisher_name': 'KIT Scientific Publishing', 'publication_type': 'monograph', 'date_monograph_published_online': '2022', 'first_editor': '', 'access_type': 'openaccess', 'source_id': '20.500.12657/57538', 'source_id_type': 'File Handle'}
Record 1579: {'title_id': 'https://library.oapen.org/handle/20.500.12657/57796', 'publication_title': 'The Covert Life of Hospital Architecture', 'title_url': 'https://patron-academic.thepalaceproject.org/ucdavis/book/https%3A%2F%2Fcdl.edu.thepalaceproject.org%2F110644%2Fworks%2FURI%252Fhttps%253A%252F%252Flibrary.oapen.org%252Fhandle%252F20.500.12657%252F57796', 'first_author': '', 'online_identifier': '', 'publisher_name': 'UCL Press', 'publication_type': 'monograph', 'date_monograph_published_online': '2022', 'first_editor': 'Sailer, Kerstin', 'access_type': 'openaccess', 'source_id': '20.500.12657/57796', 'source_id_type': 'File Handle'}
Record 1580: {'title_id': 'https://library.oapen.org/handle/20.500.12657/76314', 'publication_title': 'Maimonides Review of Philosophy and Religion Volume 1, 2022', 'title_url': 'https://patron-academic.thepalaceproject.org/ucdavis/book/https%3A%2F%2Fcdl.edu.thepalaceproject.org%2F110644%2Fworks%2FURI%252Fhttps%253A%252F%252Flibrary.oapen.org%252Fhandle%252F20.500.12657%252F76314', 'first_author': "Strauss, Ze'ev", 'online_identifier': '', 'publisher_name': 'Brill', 'publication_type': 'monograph', 'date_monograph_published_online': '2022', 'first_editor': '', 'access_type': 'openaccess', 'source_id': '20.500.12657/76314', 'source_id_type': 'File Handle'}
Record 1581: {'title_id': 'https://library.oapen.org/handle/20.500.12657/63426', 'publication_title': 'Migrants shaping Europe, past and present', 'title_url': 'https://patron-academic.thepalaceproject.org/ucdavis/book/https%3A%2F%2Fcdl.edu.thepalaceproject.org%2F110644%2Fworks%2FURI%252Fhttps%253A%252F%252Flibrary.oapen.org%252Fhandle%252F20.500.12657%252F63426', 'first_author': '', 'online_identifier': '', 'publisher_name': 'Manchester University Press', 'publication_type': 'monograph', 'date_monograph_published_online': '2022', 'first_editor': 'Joos, Vincent', 'access_type': 'openaccess', 'source_id': '20.500.12657/63426', 'source_id_type': 'File Handle'}
Record 1582: {'title_id': 'https://library.oapen.org/handle/20.500.12657/60762', 'publication_title': 'Successful Public Policy in the Nordic Countries Cases, Lessons, Challenges', 'title_url': 'https://patron-academic.thepalaceproject.org/ucdavis/book/https%3A%2F%2Fcdl.edu.thepalaceproject.org%2F110644%2Fworks%2FURI%252Fhttps%253A%252F%252Flibrary.oapen.org%252Fhandle%252F20.500.12657%252F60762', 'first_author': '', 'online_identifier': '', 'publisher_name': 'Oxford University Press', 'publication_type': 'monograph', 'date_monograph_published_online': '2022', 'first_editor': "'t Hart, Paul", 'access_type': 'openaccess', 'source_id': '20.500.12657/60762', 'source_id_type': 'File Handle'}
Record 1583: {'title_id': 'https://library.oapen.org/handle/20.500.12657/58572', 'publication_title': 'The Elemental Analysis of Glass Beads Technology, Chronology and Exchange', 'title_url': 'https://patron-academic.thepalaceproject.org/ucdavis/book/https%3A%2F%2Fcdl.edu.thepalaceproject.org%2F110644%2Fworks%2FURI%252Fhttps%253A%252F%252Flibrary.oapen.org%252Fhandle%252F20.500.12657%252F58572', 'first_author': '', 'online_identifier': '', 'publisher_name': 'Leuven University Press', 'publication_type': 'monograph', 'date_monograph_published_online': '2022', 'first_editor': 'Dussubieux, Laure', 'access_type': 'openaccess', 'source_id': '20.500.12657/58572', 'source_id_type': 'File Handle'}
Record 1584: {'title_id': 'https://library.oapen.org/handle/20.500.12657/52944', 'publication_title': 'COVID-19 in Southeast Asia Insights for a post-pandemic world', 'title_url': 'https://patron-academic.thepalaceproject.org/ucdavis/book/https%3A%2F%2Fcdl.edu.thepalaceproject.org%2F110644%2Fworks%2FURI%252Fhttps%253A%252F%252Flibrary.oapen.org%252Fhandle%252F20.500.12657%252F52944', 'first_author': '', 'online_identifier': '', 'publisher_name': 'LSE Press', 'publication_type': 'monograph', 'date_monograph_published_online': '2022', 'first_editor': 'Bang Shin, Hyun', 'access_type': 'openaccess', 'source_id': '20.500.12657/52944', 'source_id_type': 'File Handle'}
Record 1585: {'title_id': 'https://library.oapen.org/handle/20.500.12657/52946', 'publication_title': 'Plan S for Shock Science. Shock. Solution. Speed.', 'title_url': 'https://patron-academic.thepalaceproject.org/ucdavis/book/https%3A%2F%2Fcdl.edu.thepalaceproject.org%2F110644%2Fworks%2FURI%252Fhttps%253A%252F%252Flibrary.oapen.org%252Fhandle%252F20.500.12657%252F52946', 'first_author': '', 'online_identifier': '', 'publisher_name': 'Ubiquity Press', 'publication_type': 'monograph', 'date_monograph_published_online': '2022', 'first_editor': '', 'access_type': 'openaccess', 'source_id': '20.500.12657/52946', 'source_id_type': 'File Handle'}
Record 1586: {'title_id': 'https://library.oapen.org/handle/20.500.12657/59350', 'publication_title': 'Informal Livelihoods and Governance in South Africa The Hustle', 'title_url': 'https://patron-academic.thepalaceproject.org/ucdavis/book/https%3A%2F%2Fcdl.edu.thepalaceproject.org%2F110644%2Fworks%2FURI%252Fhttps%253A%252F%252Flibrary.oapen.org%252Fhandle%252F20.500.12657%252F59350', 'first_author': 'Jinnah, Zaheera', 'online_identifier': '', 'publisher_name': 'Springer Nature', 'publication_type': 'monograph', 'date_monograph_published_online': '2022', 'first_editor': '', 'access_type': 'openaccess', 'source_id': '20.500.12657/59350', 'source_id_type': 'File Handle'}
Record 1587: {'title_id': 'https://library.oapen.org/handle/20.500.12657/58496', 'publication_title': 'Religiöser Wandel in muslimischen Gesellschaften Individualisierung, Geschlecht und soziale Milieus', 'title_url': 'https://patron-academic.thepalaceproject.org/ucdavis/book/https%3A%2F%2Fcdl.edu.thepalaceproject.org%2F110644%2Fworks%2FURI%252Fhttps%253A%252F%252Flibrary.oapen.org%252Fhandle%252F20.500.12657%252F58496', 'first_author': '', 'online_identifier': '', 'publisher_name': 'Universitätsverlag Göttingen', 'publication_type': 'monograph', 'date_monograph_published_online': '2022', 'first_editor': '', 'access_type': 'openaccess', 'source_id': '20.500.12657/58496', 'source_id_type': 'File Handle'}
Record 1588: {'title_id': 'https://library.oapen.org/handle/20.500.12657/57209', 'publication_title': 'Time and Soul From Aristotle to St. Augustine', 'title_url': 'https://patron-academic.thepalaceproject.org/ucdavis/book/https%3A%2F%2Fcdl.edu.thepalaceproject.org%2F110644%2Fworks%2FURI%252Fhttps%253A%252F%252Flibrary.oapen.org%252Fhandle%252F20.500.12657%252F57209', 'first_author': 'Zachhuber, Johannes', 'online_identifier': '', 'publisher_name': 'De Gruyter', 'publication_type': 'monograph', 'date_monograph_published_online': '2022', 'first_editor': '', 'access_type': 'openaccess', 'source_id': '20.500.12657/57209', 'source_id_type': 'File Handle'}
Record 1589: {'title_id': 'https://library.oapen.org/handle/20.500.12657/52368', 'publication_title': 'Significance in Language A Theory of Semantics', 'title_url': 'https://patron-academic.thepalaceproject.org/ucdavis/book/https%3A%2F%2Fcdl.edu.thepalaceproject.org%2F110644%2Fworks%2FURI%252Fhttps%253A%252F%252Flibrary.oapen.org%252Fhandle%252F20.500.12657%252F52368', 'first_author': 'Feist, Jim', 'online_identifier': '', 'publisher_name': 'Taylor & Francis', 'publication_type': 'monograph', 'date_monograph_published_online': '2022', 'first_editor': '', 'access_type': 'openaccess', 'source_id': '20.500.12657/52368', 'source_id_type': 'File Handle'}
Record 1590: {'title_id': 'https://library.oapen.org/handle/20.500.12657/58865', 'publication_title': 'State, Society and Islam in the Western Regions of the Sahara Regional Interactions and Social Change', 'title_url': 'https://patron-academic.thepalaceproject.org/ucdavis/book/https%3A%2F%2Fcdl.edu.thepalaceproject.org%2F110644%2Fworks%2FURI%252Fhttps%253A%252F%252Flibrary.oapen.org%252Fhandle%252F20.500.12657%252F58865', 'first_author': 'Freire, Francisco', 'online_identifier': '', 'publisher_name': 'Bloomsbury Academic', 'publication_type': 'monograph', 'date_monograph_published_online': '2022', 'first_editor': '', 'access_type': 'openaccess', 'source_id': '20.500.12657/58865', 'source_id_type': 'File Handle'}
Record 1591: {'title_id': 'https://library.oapen.org/handle/20.500.12657/54487', 'publication_title': 'Music as Labour Inequalities and Activism in the Past and Present', 'title_url': 'https://patron-academic.thepalaceproject.org/ucdavis/book/https%3A%2F%2Fcdl.edu.thepalaceproject.org%2F110644%2Fworks%2FURI%252Fhttps%253A%252F%252Flibrary.oapen.org%252Fhandle%252F20.500.12657%252F54487', 'first_author': '', 'online_identifier': '', 'publisher_name': 'Taylor & Francis', 'publication_type': 'monograph', 'date_monograph_published_online': '2022', 'first_editor': 'Abfalter, Dagmar', 'access_type': 'openaccess', 'source_id': '20.500.12657/54487', 'source_id_type': 'File Handle'}
Record 1592: {'title_id': 'https://library.oapen.org/handle/20.500.12657/58002', 'publication_title': 'Violence Situation, Speciality, Politics, and Storytelling', 'title_url': 'https://patron-academic.thepalaceproject.org/ucdavis/book/https%3A%2F%2Fcdl.edu.thepalaceproject.org%2F110644%2Fworks%2FURI%252Fhttps%253A%252F%252Flibrary.oapen.org%252Fhandle%252F20.500.12657%252F58002', 'first_author': 'Wästerfors, David', 'online_identifier': '', 'publisher_name': 'Taylor & Francis', 'publication_type': 'monograph', 'date_monograph_published_online': '2022', 'first_editor': '', 'access_type': 'openaccess', 'source_id': '20.500.12657/58002', 'source_id_type': 'File Handle'}
Record 1593: {'title_id': 'https://library.oapen.org/handle/20.500.12657/57797', 'publication_title': 'Financing Prosperity by Dealing with Debt', 'title_url': 'https://patron-academic.thepalaceproject.org/ucdavis/book/https%3A%2F%2Fcdl.edu.thepalaceproject.org%2F110644%2Fworks%2FURI%252Fhttps%253A%252F%252Flibrary.oapen.org%252Fhandle%252F20.500.12657%252F57797', 'first_author': '', 'online_identifier': '', 'publisher_name': 'UCL Press', 'publication_type': 'monograph', 'date_monograph_published_online': '2022', 'first_editor': 'Harker, Christopher', 'access_type': 'openaccess', 'source_id': '20.500.12657/57797', 'source_id_type': 'File Handle'}
Record 1594: {'title_id': 'https://library.oapen.org/handle/20.500.12657/62876', 'publication_title': 'Ninth International Symposium “Monitoring of Mediterranean Coastal Areas: Problems and Measurement Techniques” Livorno (Italy) 14th-16th June 2022', 'title_url': 'https://patron-academic.thepalaceproject.org/ucdavis/book/https%3A%2F%2Fcdl.edu.thepalaceproject.org%2F110644%2Fworks%2FURI%252Fhttps%253A%252F%252Flibrary.oapen.org%252Fhandle%252F20.500.12657%252F62876', 'first_author': '', 'online_identifier': '', 'publisher_name': 'Firenze University Press', 'publication_type': 'monograph', 'date_monograph_published_online': '2022', 'first_editor': 'Bonora, Laura', 'access_type': 'openaccess', 'source_id': '20.500.12657/62876', 'source_id_type': 'File Handle'}
Record 1595: {'title_id': 'https://library.oapen.org/handle/20.500.12657/58373', 'publication_title': 'Planning Cities in Africa Current Issues and Future Prospects of Urban Governance and Planning', 'title_url': 'https://patron-academic.thepalaceproject.org/ucdavis/book/https%3A%2F%2Fcdl.edu.thepalaceproject.org%2F110644%2Fworks%2FURI%252Fhttps%253A%252F%252Flibrary.oapen.org%252Fhandle%252F20.500.12657%252F58373', 'first_author': '', 'online_identifier': '', 'publisher_name': 'Springer Nature', 'publication_type': 'monograph', 'date_monograph_published_online': '2022', 'first_editor': 'Alem Gebregiorgis, Genet', 'access_type': 'openaccess', 'source_id': '20.500.12657/58373', 'source_id_type': 'File Handle'}
Record 1596: {'title_id': 'https://library.oapen.org/handle/20.500.12657/87081', 'publication_title': 'The Challenge of Radicalization and Extremism Integrating Research on Education and Citizenship in the Context of Migration', 'title_url': 'https://patron-academic.thepalaceproject.org/ucdavis/book/https%3A%2F%2Fcdl.edu.thepalaceproject.org%2F110644%2Fworks%2FURI%252Fhttps%253A%252F%252Flibrary.oapen.org%252Fhandle%252F20.500.12657%252F87081', 'first_author': '', 'online_identifier': '', 'publisher_name': 'Brill', 'publication_type': 'monograph', 'date_monograph_published_online': '2022', 'first_editor': 'Abs, Hermann J.', 'access_type': 'openaccess', 'source_id': '20.500.12657/87081', 'source_id_type': 'File Handle'}
Record 1597: {'title_id': 'https://library.oapen.org/handle/20.500.12657/77112', 'publication_title': 'Up in Arms: Gun Imaginaries in Texas', 'title_url': 'https://patron-academic.thepalaceproject.org/ucdavis/book/https%3A%2F%2Fcdl.edu.thepalaceproject.org%2F110644%2Fworks%2FURI%252Fhttps%253A%252F%252Flibrary.oapen.org%252Fhandle%252F20.500.12657%252F77112', 'first_author': '', 'online_identifier': '', 'publisher_name': 'Brill', 'publication_type': 'monograph', 'date_monograph_published_online': '2022', 'first_editor': 'Butters, Albion M.', 'access_type': 'openaccess', 'source_id': '20.500.12657/77112', 'source_id_type': 'File Handle'}
Record 1598: {'title_id': 'https://library.oapen.org/handle/20.500.12657/58879', 'publication_title': 'Creating the Cape Colony The Political Economy of Settler Colonization', 'title_url': 'https://patron-academic.thepalaceproject.org/ucdavis/book/https%3A%2F%2Fcdl.edu.thepalaceproject.org%2F110644%2Fworks%2FURI%252Fhttps%253A%252F%252Flibrary.oapen.org%252Fhandle%252F20.500.12657%252F58879', 'first_author': 'Green, Erik', 'online_identifier': '', 'publisher_name': 'Bloomsbury Academic', 'publication_type': 'monograph', 'date_monograph_published_online': '2022', 'first_editor': '', 'access_type': 'openaccess', 'source_id': '20.500.12657/58879', 'source_id_type': 'File Handle'}
Record 1599: {'title_id': 'https://library.oapen.org/handle/20.500.12657/58197', 'publication_title': 'Towards a Global Core Value System in Doctoral Education', 'title_url': 'https://patron-academic.thepalaceproject.org/ucdavis/book/https%3A%2F%2Fcdl.edu.thepalaceproject.org%2F110644%2Fworks%2FURI%252Fhttps%253A%252F%252Flibrary.oapen.org%252Fhandle%252F20.500.12657%252F58197', 'first_author': '', 'online_identifier': '', 'publisher_name': 'UCL Press', 'publication_type': 'monograph', 'date_monograph_published_online': '2022', 'first_editor': 'Bogle, David', 'access_type': 'openaccess', 'source_id': '20.500.12657/58197', 'source_id_type': 'File Handle'}
Record 1600: {'title_id': 'https://library.oapen.org/handle/20.500.12657/57050', 'publication_title': 'Educational Theory in the 21st Century Science, Technology, Society and Education', 'title_url': 'https://patron-academic.thepalaceproject.org/ucdavis/book/https%3A%2F%2Fcdl.edu.thepalaceproject.org%2F110644%2Fworks%2FURI%252Fhttps%253A%252F%252Flibrary.oapen.org%252Fhandle%252F20.500.12657%252F57050', 'first_author': '', 'online_identifier': '', 'publisher_name': 'Springer Nature', 'publication_type': 'monograph', 'date_monograph_published_online': '2022', 'first_editor': 'Alpaydın, Yusuf', 'access_type': 'openaccess', 'source_id': '20.500.12657/57050', 'source_id_type': 'File Handle'}
Record 1601: {'title_id': 'https://library.oapen.org/handle/20.500.12657/63366', 'publication_title': 'The Languages of COVID-19 Translational and Multilingual Perspectives on Global Healthcare', 'title_url': 'https://patron-academic.thepalaceproject.org/ucdavis/book/https%3A%2F%2Fcdl.edu.thepalaceproject.org%2F110644%2Fworks%2FURI%252Fhttps%253A%252F%252Flibrary.oapen.org%252Fhandle%252F20.500.12657%252F63366', 'first_author': '', 'online_identifier': '', 'publisher_name': '', 'publication_type': 'monograph', 'date_monograph_published_online': '', 'first_editor': 'Blumczynski, Piotr', 'access_type': 'openaccess', 'source_id': '20.500.12657/63366', 'source_id_type': 'File Handle'}
Record 1602: {'title_id': 'https://library.oapen.org/handle/20.500.12657/89774', 'publication_title': 'The Civil Administration of Eastern Territories (1919–1920) The Reasons for the Failure of Piłsudski’s Federation Idea', 'title_url': 'https://patron-academic.thepalaceproject.org/ucdavis/book/https%3A%2F%2Fcdl.edu.thepalaceproject.org%2F110644%2Fworks%2FURI%252Fhttps%253A%252F%252Flibrary.oapen.org%252Fhandle%252F20.500.12657%252F89774', 'first_author': 'Gierowska-Kałłaur, Joanna', 'online_identifier': '', 'publisher_name': 'Peter Lang International Academic Publishers', 'publication_type': 'monograph', 'date_monograph_published_online': '2022', 'first_editor': '', 'access_type': 'openaccess', 'source_id': '20.500.12657/89774', 'source_id_type': 'File Handle'}
Record 1603: {'title_id': 'https://library.oapen.org/handle/20.500.12657/58352', 'publication_title': 'Droplet Dynamics Under Extreme Ambient Conditions', 'title_url': 'https://patron-academic.thepalaceproject.org/ucdavis/book/https%3A%2F%2Fcdl.edu.thepalaceproject.org%2F110644%2Fworks%2FURI%252Fhttps%253A%252F%252Flibrary.oapen.org%252Fhandle%252F20.500.12657%252F58352', 'first_author': '', 'online_identifier': '', 'publisher_name': 'Springer Nature', 'publication_type': 'monograph', 'date_monograph_published_online': '2022', 'first_editor': 'Schulte, Kathrin', 'access_type': 'openaccess', 'source_id': '20.500.12657/58352', 'source_id_type': 'File Handle'}
Record 1604: {'title_id': 'https://library.oapen.org/handle/20.500.12657/52361', 'publication_title': 'Abruptly Dogen', 'title_url': 'https://patron-academic.thepalaceproject.org/ucdavis/book/https%3A%2F%2Fcdl.edu.thepalaceproject.org%2F110644%2Fworks%2FURI%252Fhttps%253A%252F%252Flibrary.oapen.org%252Fhandle%252F20.500.12657%252F52361', 'first_author': 'Smith, Kidder', 'online_identifier': '', 'publisher_name': 'punctum books', 'publication_type': 'monograph', 'date_monograph_published_online': '2022', 'first_editor': '', 'access_type': 'openaccess', 'source_id': '20.500.12657/52361', 'source_id_type': 'File Handle'}
Record 1605: {'title_id': 'https://library.oapen.org/handle/20.500.12657/89770', 'publication_title': 'Pirate Waves Polish Private Radio Broadcasting in the Period of Transformation 1989–1995', 'title_url': 'https://patron-academic.thepalaceproject.org/ucdavis/book/https%3A%2F%2Fcdl.edu.thepalaceproject.org%2F110644%2Fworks%2FURI%252Fhttps%253A%252F%252Flibrary.oapen.org%252Fhandle%252F20.500.12657%252F89770', 'first_author': 'Doliwa, Urszula', 'online_identifier': '', 'publisher_name': 'Peter Lang International Academic Publishers', 'publication_type': 'monograph', 'date_monograph_published_online': '2022', 'first_editor': '', 'access_type': 'openaccess', 'source_id': '20.500.12657/89770', 'source_id_type': 'File Handle'}
Record 1606: {'title_id': 'https://library.oapen.org/handle/20.500.12657/58591', 'publication_title': 'Remembering the Liberation Struggles in Cape Verde A Mnemohistory', 'title_url': 'https://patron-academic.thepalaceproject.org/ucdavis/book/https%3A%2F%2Fcdl.edu.thepalaceproject.org%2F110644%2Fworks%2FURI%252Fhttps%253A%252F%252Flibrary.oapen.org%252Fhandle%252F20.500.12657%252F58591', 'first_author': '', 'online_identifier': '', 'publisher_name': 'Taylor & Francis', 'publication_type': 'monograph', 'date_monograph_published_online': '2022', 'first_editor': '', 'access_type': 'openaccess', 'source_id': '20.500.12657/58591', 'source_id_type': 'File Handle'}
Record 1607: {'title_id': 'https://library.oapen.org/handle/20.500.12657/54013', 'publication_title': 'Value Sets for EQ-5D-5L A Compendium, Comparative Review & User Guide', 'title_url': 'https://patron-academic.thepalaceproject.org/ucdavis/book/https%3A%2F%2Fcdl.edu.thepalaceproject.org%2F110644%2Fworks%2FURI%252Fhttps%253A%252F%252Flibrary.oapen.org%252Fhandle%252F20.500.12657%252F54013', 'first_author': '', 'online_identifier': '', 'publisher_name': 'Springer Nature', 'publication_type': 'monograph', 'date_monograph_published_online': '2022', 'first_editor': 'Devlin, Nancy', 'access_type': 'openaccess', 'source_id': '20.500.12657/54013', 'source_id_type': 'File Handle'}
Record 1608: {'title_id': 'https://library.oapen.org/handle/20.500.12657/52421', 'publication_title': 'Religion and Governance in England’s Emerging Colonial Empire, 1601–1698', 'title_url': 'https://patron-academic.thepalaceproject.org/ucdavis/book/https%3A%2F%2Fcdl.edu.thepalaceproject.org%2F110644%2Fworks%2FURI%252Fhttps%253A%252F%252Flibrary.oapen.org%252Fhandle%252F20.500.12657%252F52421', 'first_author': 'Smith, Haig Z.', 'online_identifier': '', 'publisher_name': 'Springer Nature', 'publication_type': 'monograph', 'date_monograph_published_online': '2022', 'first_editor': '', 'access_type': 'openaccess', 'source_id': '20.500.12657/52421', 'source_id_type': 'File Handle'}
Record 1609: {'title_id': 'https://library.oapen.org/handle/20.500.12657/58475', 'publication_title': 'Aspects of Roman Dance Culture Religious Cults, Theatrical Entertainments, Metaphorical Appropriations', 'title_url': 'https://patron-academic.thepalaceproject.org/ucdavis/book/https%3A%2F%2Fcdl.edu.thepalaceproject.org%2F110644%2Fworks%2FURI%252Fhttps%253A%252F%252Flibrary.oapen.org%252Fhandle%252F20.500.12657%252F58475', 'first_author': 'Schlapbach, Karin', 'online_identifier': '', 'publisher_name': 'Franz Steiner Verlag', 'publication_type': 'monograph', 'date_monograph_published_online': '2022', 'first_editor': '', 'access_type': 'openaccess', 'source_id': '20.500.12657/58475', 'source_id_type': 'File Handle'}
Record 1610: {'title_id': 'https://library.oapen.org/handle/20.500.12657/59384', 'publication_title': 'Transforming Urban Food Systems in Secondary Cities in Africa', 'title_url': 'https://patron-academic.thepalaceproject.org/ucdavis/book/https%3A%2F%2Fcdl.edu.thepalaceproject.org%2F110644%2Fworks%2FURI%252Fhttps%253A%252F%252Flibrary.oapen.org%252Fhandle%252F20.500.12657%252F59384', 'first_author': '', 'online_identifier': '', 'publisher_name': 'Springer Nature', 'publication_type': 'monograph', 'date_monograph_published_online': '2022', 'first_editor': 'Crush, Jonathan', 'access_type': 'openaccess', 'source_id': '20.500.12657/59384', 'source_id_type': 'File Handle'}
Record 1611: {'title_id': 'https://library.oapen.org/handle/20.500.12657/57662', 'publication_title': 'Football and Nation Building in Colombia (2010-2018) The Only Thing That Unites Us', 'title_url': 'https://patron-academic.thepalaceproject.org/ucdavis/book/https%3A%2F%2Fcdl.edu.thepalaceproject.org%2F110644%2Fworks%2FURI%252Fhttps%253A%252F%252Flibrary.oapen.org%252Fhandle%252F20.500.12657%252F57662', 'first_author': 'Watson, Peter J.', 'online_identifier': '', 'publisher_name': 'Liverpool University Press', 'publication_type': 'monograph', 'date_monograph_published_online': '2022', 'first_editor': '', 'access_type': 'openaccess', 'source_id': '20.500.12657/57662', 'source_id_type': 'File Handle'}
Record 1612: {'title_id': 'https://library.oapen.org/handle/20.500.12657/54640', 'publication_title': 'Oblivionism Forgetting and Forgetfulness in Modern Science', 'title_url': 'https://patron-academic.thepalaceproject.org/ucdavis/book/https%3A%2F%2Fcdl.edu.thepalaceproject.org%2F110644%2Fworks%2FURI%252Fhttps%253A%252F%252Flibrary.oapen.org%252Fhandle%252F20.500.12657%252F54640', 'first_author': 'Dimbath, Oliver', 'online_identifier': '', 'publisher_name': 'Brill', 'publication_type': 'monograph', 'date_monograph_published_online': '2022', 'first_editor': '', 'access_type': 'openaccess', 'source_id': '20.500.12657/54640', 'source_id_type': 'File Handle'}
Record 1613: {'title_id': 'https://library.oapen.org/handle/20.500.12657/56704', 'publication_title': 'India in the Persian World of Letters Ḳhān-i Ārzū among the Eighteenth-Century Philologists', 'title_url': 'https://patron-academic.thepalaceproject.org/ucdavis/book/https%3A%2F%2Fcdl.edu.thepalaceproject.org%2F110644%2Fworks%2FURI%252Fhttps%253A%252F%252Flibrary.oapen.org%252Fhandle%252F20.500.12657%252F56704', 'first_author': 'Dudney, Arthur', 'online_identifier': '', 'publisher_name': 'Oxford University Press', 'publication_type': 'monograph', 'date_monograph_published_online': '2022', 'first_editor': '', 'access_type': 'openaccess', 'source_id': '20.500.12657/56704', 'source_id_type': 'File Handle'}
Record 1614: {'title_id': 'https://library.oapen.org/handle/20.500.12657/52837', 'publication_title': 'Multivariate Statistical Machine Learning Methods for Genomic Prediction', 'title_url': 'https://patron-academic.thepalaceproject.org/ucdavis/book/https%3A%2F%2Fcdl.edu.thepalaceproject.org%2F110644%2Fworks%2FURI%252Fhttps%253A%252F%252Flibrary.oapen.org%252Fhandle%252F20.500.12657%252F52837', 'first_author': '', 'online_identifier': '', 'publisher_name': 'Springer Nature', 'publication_type': 'monograph', 'date_monograph_published_online': '2022', 'first_editor': '', 'access_type': 'openaccess', 'source_id': '20.500.12657/52837', 'source_id_type': 'File Handle'}
Record 1615: {'title_id': 'https://library.oapen.org/handle/20.500.12657/59338', 'publication_title': 'Beyond 100: The Next Century in Geodesy Proceedings of the IAG General Assembly, Montreal, Canada, July 8-18, 2019', 'title_url': 'https://patron-academic.thepalaceproject.org/ucdavis/book/https%3A%2F%2Fcdl.edu.thepalaceproject.org%2F110644%2Fworks%2FURI%252Fhttps%253A%252F%252Flibrary.oapen.org%252Fhandle%252F20.500.12657%252F59338', 'first_author': '', 'online_identifier': '', 'publisher_name': 'Springer Nature', 'publication_type': 'monograph', 'date_monograph_published_online': '2022', 'first_editor': 'Freymueller, Jeffrey T.', 'access_type': 'openaccess', 'source_id': '20.500.12657/59338', 'source_id_type': 'File Handle'}
Record 1616: {'title_id': 'https://library.oapen.org/handle/20.500.12657/57748', 'publication_title': 'Towards Sustainable Transport and Mobility Perspectives on Travelling and Commuting in Small Island States', 'title_url': 'https://patron-academic.thepalaceproject.org/ucdavis/book/https%3A%2F%2Fcdl.edu.thepalaceproject.org%2F110644%2Fworks%2FURI%252Fhttps%253A%252F%252Flibrary.oapen.org%252Fhandle%252F20.500.12657%252F57748', 'first_author': 'Kotzebue, Julia', 'online_identifier': '', 'publisher_name': 'Hamburg University Press', 'publication_type': 'monograph', 'date_monograph_published_online': '2022', 'first_editor': '', 'access_type': 'openaccess', 'source_id': '20.500.12657/57748', 'source_id_type': 'File Handle'}
Record 1617: {'title_id': 'https://library.oapen.org/handle/20.500.12657/58517', 'publication_title': 'Sacred Rivals Catholic Missions and the Making of Islam in Nineteenth-Century France and Algeria', 'title_url': 'https://patron-academic.thepalaceproject.org/ucdavis/book/https%3A%2F%2Fcdl.edu.thepalaceproject.org%2F110644%2Fworks%2FURI%252Fhttps%253A%252F%252Flibrary.oapen.org%252Fhandle%252F20.500.12657%252F58517', 'first_author': 'Peterson, Joseph W.', 'online_identifier': '', 'publisher_name': 'Oxford University Press', 'publication_type': 'monograph', 'date_monograph_published_online': '2022', 'first_editor': '', 'access_type': 'openaccess', 'source_id': '20.500.12657/58517', 'source_id_type': 'File Handle'}
Record 1618: {'title_id': 'https://library.oapen.org/handle/20.500.12657/57560', 'publication_title': 'Smart Industry - Better Management', 'title_url': 'https://patron-academic.thepalaceproject.org/ucdavis/book/https%3A%2F%2Fcdl.edu.thepalaceproject.org%2F110644%2Fworks%2FURI%252Fhttps%253A%252F%252Flibrary.oapen.org%252Fhandle%252F20.500.12657%252F57560', 'first_author': '', 'online_identifier': '', 'publisher_name': 'Emerald Publishing', 'publication_type': 'monograph', 'date_monograph_published_online': '2022', 'first_editor': 'Bondarouk, Tanya', 'access_type': 'openaccess', 'source_id': '20.500.12657/57560', 'source_id_type': 'File Handle'}
Record 1619: {'title_id': 'https://library.oapen.org/handle/20.500.12657/58881', 'publication_title': 'Structure Phenomenology Preconscious Formation in the Epistemic Disclosure of Reality', 'title_url': 'https://patron-academic.thepalaceproject.org/ucdavis/book/https%3A%2F%2Fcdl.edu.thepalaceproject.org%2F110644%2Fworks%2FURI%252Fhttps%253A%252F%252Flibrary.oapen.org%252Fhandle%252F20.500.12657%252F58881', 'first_author': '', 'online_identifier': '', 'publisher_name': 'Bloomsbury Academic', 'publication_type': 'monograph', 'date_monograph_published_online': '2022', 'first_editor': 'Wagemann, Johannes', 'access_type': 'openaccess', 'source_id': '20.500.12657/58881', 'source_id_type': 'File Handle'}
Record 1620: {'title_id': 'https://library.oapen.org/handle/20.500.12657/58663', 'publication_title': 'Transformation Thermotics and Extended Theories Inside and Outside Metamaterials', 'title_url': 'https://patron-academic.thepalaceproject.org/ucdavis/book/https%3A%2F%2Fcdl.edu.thepalaceproject.org%2F110644%2Fworks%2FURI%252Fhttps%253A%252F%252Flibrary.oapen.org%252Fhandle%252F20.500.12657%252F58663', 'first_author': '', 'online_identifier': '', 'publisher_name': 'Springer Nature', 'publication_type': 'monograph', 'date_monograph_published_online': '2022', 'first_editor': '', 'access_type': 'openaccess', 'source_id': '20.500.12657/58663', 'source_id_type': 'File Handle'}
Record 1621: {'title_id': 'https://library.oapen.org/handle/20.500.12657/59400', 'publication_title': 'Interrogating Datafication Towards a Praxeology of Data', 'title_url': 'https://patron-academic.thepalaceproject.org/ucdavis/book/https%3A%2F%2Fcdl.edu.thepalaceproject.org%2F110644%2Fworks%2FURI%252Fhttps%253A%252F%252Flibrary.oapen.org%252Fhandle%252F20.500.12657%252F59400', 'first_author': '', 'online_identifier': '', 'publisher_name': 'transcript Verlag', 'publication_type': 'monograph', 'date_monograph_published_online': '2022', 'first_editor': 'Burkhardt, Marcus', 'access_type': 'openaccess', 'source_id': '20.500.12657/59400', 'source_id_type': 'File Handle'}
Record 1622: {'title_id': 'https://library.oapen.org/handle/20.500.12657/58911', 'publication_title': 'Architecture and Development', 'title_url': 'https://patron-academic.thepalaceproject.org/ucdavis/book/https%3A%2F%2Fcdl.edu.thepalaceproject.org%2F110644%2Fworks%2FURI%252Fhttps%253A%252F%252Flibrary.oapen.org%252Fhandle%252F20.500.12657%252F58911', 'first_author': 'Levin, Ayala', 'online_identifier': '', 'publisher_name': 'Duke University Press', 'publication_type': 'monograph', 'date_monograph_published_online': '2022', 'first_editor': '', 'access_type': 'openaccess', 'source_id': '20.500.12657/58911', 'source_id_type': 'File Handle'}
Record 1623: {'title_id': 'https://library.oapen.org/handle/20.500.12657/57173', 'publication_title': 'Ethical Evidence and Policymaking Interdisciplinary and International Research', 'title_url': 'https://patron-academic.thepalaceproject.org/ucdavis/book/https%3A%2F%2Fcdl.edu.thepalaceproject.org%2F110644%2Fworks%2FURI%252Fhttps%253A%252F%252Flibrary.oapen.org%252Fhandle%252F20.500.12657%252F57173', 'first_author': '', 'online_identifier': '', 'publisher_name': 'Policy Press', 'publication_type': 'monograph', 'date_monograph_published_online': '2022', 'first_editor': 'Iphofen, Ron', 'access_type': 'openaccess', 'source_id': '20.500.12657/57173', 'source_id_type': 'File Handle'}
Record 1624: {'title_id': 'https://library.oapen.org/handle/20.500.12657/60497', 'publication_title': 'Statistical Analysis of Networks', 'title_url': 'https://patron-academic.thepalaceproject.org/ucdavis/book/https%3A%2F%2Fcdl.edu.thepalaceproject.org%2F110644%2Fworks%2FURI%252Fhttps%253A%252F%252Flibrary.oapen.org%252Fhandle%252F20.500.12657%252F60497', 'first_author': '', 'online_identifier': '', 'publisher_name': 'Now Publishers', 'publication_type': 'monograph', 'date_monograph_published_online': '2022', 'first_editor': '', 'access_type': 'openaccess', 'source_id': '20.500.12657/60497', 'source_id_type': 'File Handle'}
Record 1625: {'title_id': 'https://library.oapen.org/handle/20.500.12657/64046', 'publication_title': 'Kilns in East and North Asia The adoption of ceramic industries', 'title_url': 'https://patron-academic.thepalaceproject.org/ucdavis/book/https%3A%2F%2Fcdl.edu.thepalaceproject.org%2F110644%2Fworks%2FURI%252Fhttps%253A%252F%252Flibrary.oapen.org%252Fhandle%252F20.500.12657%252F64046', 'first_author': '', 'online_identifier': '', 'publisher_name': 'BAR Publishing', 'publication_type': 'monograph', 'date_monograph_published_online': '2022', 'first_editor': 'Nagatomo, Tomoko', 'access_type': 'openaccess', 'source_id': '20.500.12657/64046', 'source_id_type': 'File Handle'}
Record 1626: {'title_id': 'https://library.oapen.org/handle/20.500.12657/52788', 'publication_title': 'Governance and Business Models for Sustainable Capitalism', 'title_url': 'https://patron-academic.thepalaceproject.org/ucdavis/book/https%3A%2F%2Fcdl.edu.thepalaceproject.org%2F110644%2Fworks%2FURI%252Fhttps%253A%252F%252Flibrary.oapen.org%252Fhandle%252F20.500.12657%252F52788', 'first_author': 'Midttun, Atle', 'online_identifier': '', 'publisher_name': 'Taylor & Francis', 'publication_type': 'monograph', 'date_monograph_published_online': '2022', 'first_editor': '', 'access_type': 'openaccess', 'source_id': '20.500.12657/52788', 'source_id_type': 'File Handle'}
Record 1627: {'title_id': 'https://library.oapen.org/handle/20.500.12657/52788', 'publication_title': 'Governance and Business Models for Sustainable Capitalism', 'title_url': 'https://patron-academic.thepalaceproject.org/ucdavis/book/https%3A%2F%2Fcdl.edu.thepalaceproject.org%2F110644%2Fworks%2FURI%252Fhttps%253A%252F%252Flibrary.oapen.org%252Fhandle%252F20.500.12657%252F52788', 'first_author': 'Midttun, Atle', 'online_identifier': '', 'publisher_name': 'Taylor & Francis', 'publication_type': 'monograph', 'date_monograph_published_online': '2022', 'first_editor': '', 'access_type': 'openaccess', 'source_id': '20.500.12657/52788', 'source_id_type': 'File Handle'}
Record 1628: {'title_id': 'https://library.oapen.org/handle/20.500.12657/58611', 'publication_title': 'Doing Indefinite Time An Ethnography of Long-Term Imprisonment in Switzerland', 'title_url': 'https://patron-academic.thepalaceproject.org/ucdavis/book/https%3A%2F%2Fcdl.edu.thepalaceproject.org%2F110644%2Fworks%2FURI%252Fhttps%253A%252F%252Flibrary.oapen.org%252Fhandle%252F20.500.12657%252F58611', 'first_author': 'Marti, Irene', 'online_identifier': '', 'publisher_name': 'Springer Nature', 'publication_type': 'monograph', 'date_monograph_published_online': '2022', 'first_editor': '', 'access_type': 'openaccess', 'source_id': '20.500.12657/58611', 'source_id_type': 'File Handle'}
Record 1629: {'title_id': 'https://library.oapen.org/handle/20.500.12657/76597', 'publication_title': "The French Invention of Menopause and the Medicalisation of Women's Ageing A History", 'title_url': 'https://patron-academic.thepalaceproject.org/ucdavis/book/https%3A%2F%2Fcdl.edu.thepalaceproject.org%2F110644%2Fworks%2FURI%252Fhttps%253A%252F%252Flibrary.oapen.org%252Fhandle%252F20.500.12657%252F76597', 'first_author': 'Downham Moore, Alison M.', 'online_identifier': '', 'publisher_name': 'Oxford University Press', 'publication_type': 'monograph', 'date_monograph_published_online': '2022', 'first_editor': '', 'access_type': 'openaccess', 'source_id': '20.500.12657/76597', 'source_id_type': 'File Handle'}
Record 1630: {'title_id': 'https://library.oapen.org/handle/20.500.12657/58416', 'publication_title': 'Tourism, Knowledge and Learning', 'title_url': 'https://patron-academic.thepalaceproject.org/ucdavis/book/https%3A%2F%2Fcdl.edu.thepalaceproject.org%2F110644%2Fworks%2FURI%252Fhttps%253A%252F%252Flibrary.oapen.org%252Fhandle%252F20.500.12657%252F58416', 'first_author': '', 'online_identifier': '', 'publisher_name': 'Taylor & Francis', 'publication_type': 'monograph', 'date_monograph_published_online': '2022', 'first_editor': 'Jernsand, Eva Maria', 'access_type': 'openaccess', 'source_id': '20.500.12657/58416', 'source_id_type': 'File Handle'}
Record 1631: {'title_id': 'https://library.oapen.org/handle/20.500.12657/57023', 'publication_title': 'Landscapes of Lifelong Learning Policies across Europe Comparative Case Studies', 'title_url': 'https://patron-academic.thepalaceproject.org/ucdavis/book/https%3A%2F%2Fcdl.edu.thepalaceproject.org%2F110644%2Fworks%2FURI%252Fhttps%253A%252F%252Flibrary.oapen.org%252Fhandle%252F20.500.12657%252F57023', 'first_author': '', 'online_identifier': '', 'publisher_name': 'Springer Nature', 'publication_type': 'monograph', 'date_monograph_published_online': '2022', 'first_editor': 'Benasso, Sebastiano', 'access_type': 'openaccess', 'source_id': '20.500.12657/57023', 'source_id_type': 'File Handle'}
Record 1632: {'title_id': 'https://library.oapen.org/handle/20.500.12657/58868', 'publication_title': "The Renaissance of Shi'i Islam Facets of Thought and Practice", 'title_url': 'https://patron-academic.thepalaceproject.org/ucdavis/book/https%3A%2F%2Fcdl.edu.thepalaceproject.org%2F110644%2Fworks%2FURI%252Fhttps%253A%252F%252Flibrary.oapen.org%252Fhandle%252F20.500.12657%252F58868', 'first_author': '', 'online_identifier': '', 'publisher_name': 'Bloomsbury Academic', 'publication_type': 'monograph', 'date_monograph_published_online': '2022', 'first_editor': 'Daftary, Farhad', 'access_type': 'openaccess', 'source_id': '20.500.12657/58868', 'source_id_type': 'File Handle'}
Record 1633: {'title_id': 'https://library.oapen.org/handle/20.500.12657/57533', 'publication_title': "Consequences of hydroxyl generation by the silica/water reaction Part II: Global and local Swelling - Part III: Damage and Young's Modulus", 'title_url': 'https://patron-academic.thepalaceproject.org/ucdavis/book/https%3A%2F%2Fcdl.edu.thepalaceproject.org%2F110644%2Fworks%2FURI%252Fhttps%253A%252F%252Flibrary.oapen.org%252Fhandle%252F20.500.12657%252F57533', 'first_author': '', 'online_identifier': '', 'publisher_name': 'KIT Scientific Publishing', 'publication_type': 'monograph', 'date_monograph_published_online': '2022', 'first_editor': '', 'access_type': 'openaccess', 'source_id': '20.500.12657/57533', 'source_id_type': 'File Handle'}
Record 1634: {'title_id': 'https://library.oapen.org/handle/20.500.12657/57533', 'publication_title': "Consequences of hydroxyl generation by the silica/water reaction Part II: Global and local Swelling - Part III: Damage and Young's Modulus", 'title_url': 'https://patron-academic.thepalaceproject.org/ucdavis/book/https%3A%2F%2Fcdl.edu.thepalaceproject.org%2F110644%2Fworks%2FURI%252Fhttps%253A%252F%252Flibrary.oapen.org%252Fhandle%252F20.500.12657%252F57533', 'first_author': '', 'online_identifier': '', 'publisher_name': 'KIT Scientific Publishing', 'publication_type': 'monograph', 'date_monograph_published_online': '2022', 'first_editor': '', 'access_type': 'openaccess', 'source_id': '20.500.12657/57533', 'source_id_type': 'File Handle'}
Record 1635: {'title_id': 'https://library.oapen.org/handle/20.500.12657/87101', 'publication_title': 'Remaking Communities and Adult Learning Social and Community-based Learning, New Forms of Knowledge and Action for Change', 'title_url': 'https://patron-academic.thepalaceproject.org/ucdavis/book/https%3A%2F%2Fcdl.edu.thepalaceproject.org%2F110644%2Fworks%2FURI%252Fhttps%253A%252F%252Flibrary.oapen.org%252Fhandle%252F20.500.12657%252F87101', 'first_author': '', 'online_identifier': '', 'publisher_name': 'Brill', 'publication_type': 'monograph', 'date_monograph_published_online': '2022', 'first_editor': 'Evans, Rob', 'access_type': 'openaccess', 'source_id': '20.500.12657/87101', 'source_id_type': 'File Handle'}
Record 1636: {'title_id': 'https://library.oapen.org/handle/20.500.12657/57620', 'publication_title': 'Models and Theories A Philosophical Inquiry', 'title_url': 'https://patron-academic.thepalaceproject.org/ucdavis/book/https%3A%2F%2Fcdl.edu.thepalaceproject.org%2F110644%2Fworks%2FURI%252Fhttps%253A%252F%252Flibrary.oapen.org%252Fhandle%252F20.500.12657%252F57620', 'first_author': 'Frigg, Roman', 'online_identifier': '', 'publisher_name': 'Taylor & Francis', 'publication_type': 'monograph', 'date_monograph_published_online': '2022', 'first_editor': '', 'access_type': 'openaccess', 'source_id': '20.500.12657/57620', 'source_id_type': 'File Handle'}
Record 1637: {'title_id': 'https://library.oapen.org/handle/20.500.12657/57304', 'publication_title': 'The Diversity Of Worldviews Among Young Adults Contemporary (Non)Religiosity And Spirituality Through The Lens Of An International Mixed Method Study', 'title_url': 'https://patron-academic.thepalaceproject.org/ucdavis/book/https%3A%2F%2Fcdl.edu.thepalaceproject.org%2F110644%2Fworks%2FURI%252Fhttps%253A%252F%252Flibrary.oapen.org%252Fhandle%252F20.500.12657%252F57304', 'first_author': '', 'online_identifier': '', 'publisher_name': 'Springer Nature', 'publication_type': 'monograph', 'date_monograph_published_online': '2022', 'first_editor': 'Keysar, Ariela', 'access_type': 'openaccess', 'source_id': '20.500.12657/57304', 'source_id_type': 'File Handle'}
Record 1638: {'title_id': 'https://library.oapen.org/handle/20.500.12657/56669', 'publication_title': 'Contesting Austerity Social Movements and the Left in Portugal and Spain (2008-2015)', 'title_url': 'https://patron-academic.thepalaceproject.org/ucdavis/book/https%3A%2F%2Fcdl.edu.thepalaceproject.org%2F110644%2Fworks%2FURI%252Fhttps%253A%252F%252Flibrary.oapen.org%252Fhandle%252F20.500.12657%252F56669', 'first_author': 'Carvalho, Tiago', 'online_identifier': '', 'publisher_name': 'Amsterdam University Press', 'publication_type': 'monograph', 'date_monograph_published_online': '2022', 'first_editor': '', 'access_type': 'openaccess', 'source_id': '20.500.12657/56669', 'source_id_type': 'File Handle'}
Record 1639: {'title_id': 'https://library.oapen.org/handle/20.500.12657/58063', 'publication_title': 'Finnishness, Whiteness and Coloniality', 'title_url': 'https://patron-academic.thepalaceproject.org/ucdavis/book/https%3A%2F%2Fcdl.edu.thepalaceproject.org%2F110644%2Fworks%2FURI%252Fhttps%253A%252F%252Flibrary.oapen.org%252Fhandle%252F20.500.12657%252F58063', 'first_author': '', 'online_identifier': '', 'publisher_name': 'Helsinki University Press', 'publication_type': 'monograph', 'date_monograph_published_online': '2022', 'first_editor': 'Hekanaho, Laura', 'access_type': 'openaccess', 'source_id': '20.500.12657/58063', 'source_id_type': 'File Handle'}
Record 1640: {'title_id': 'https://library.oapen.org/handle/20.500.12657/53413', 'publication_title': 'Gemeinsam/Together Kognitiv beeintraechtigte Menschen in europaeischen Theatern – Theorie und Praxis/People with Learning Disabilities in European Theatres – Theory and Practice. Unter Mitarbeit von Soledad Pereyra', 'title_url': 'https://patron-academic.thepalaceproject.org/ucdavis/book/https%3A%2F%2Fcdl.edu.thepalaceproject.org%2F110644%2Fworks%2FURI%252Fhttps%253A%252F%252Flibrary.oapen.org%252Fhandle%252F20.500.12657%252F53413', 'first_author': 'Hartwig, Susanne', 'online_identifier': '', 'publisher_name': 'Peter Lang International Academic Publishers', 'publication_type': 'monograph', 'date_monograph_published_online': '2022', 'first_editor': '', 'access_type': 'openaccess', 'source_id': '20.500.12657/53413', 'source_id_type': 'File Handle'}
Record 1641: {'title_id': 'https://library.oapen.org/handle/20.500.12657/57196', 'publication_title': 'QoS-Based Optimization of Runtime Management of Sensing Cloud Applications', 'title_url': 'https://patron-academic.thepalaceproject.org/ucdavis/book/https%3A%2F%2Fcdl.edu.thepalaceproject.org%2F110644%2Fworks%2FURI%252Fhttps%253A%252F%252Flibrary.oapen.org%252Fhandle%252F20.500.12657%252F57196', 'first_author': 'Gotin, Manuel', 'online_identifier': '', 'publisher_name': 'KIT Scientific Publishing', 'publication_type': 'monograph', 'date_monograph_published_online': '2022', 'first_editor': '', 'access_type': 'openaccess', 'source_id': '20.500.12657/57196', 'source_id_type': 'File Handle'}
Record 1642: {'title_id': 'https://library.oapen.org/handle/20.500.12657/60220', 'publication_title': 'The EU Towards the Global South During the COVID-19 Pandemic', 'title_url': 'https://patron-academic.thepalaceproject.org/ucdavis/book/https%3A%2F%2Fcdl.edu.thepalaceproject.org%2F110644%2Fworks%2FURI%252Fhttps%253A%252F%252Flibrary.oapen.org%252Fhandle%252F20.500.12657%252F60220', 'first_author': 'Kołodziejczyk, Katarzyna', 'online_identifier': '', 'publisher_name': 'Peter Lang International Academic Publishers', 'publication_type': 'monograph', 'date_monograph_published_online': '2022', 'first_editor': '', 'access_type': 'openaccess', 'source_id': '20.500.12657/60220', 'source_id_type': 'File Handle'}
Record 1643: {'title_id': 'https://library.oapen.org/handle/20.500.12657/58918', 'publication_title': 'Obeah, Orisa, and Religious Identity in Trinidad, Volume II, Orisa', 'title_url': 'https://patron-academic.thepalaceproject.org/ucdavis/book/https%3A%2F%2Fcdl.edu.thepalaceproject.org%2F110644%2Fworks%2FURI%252Fhttps%253A%252F%252Flibrary.oapen.org%252Fhandle%252F20.500.12657%252F58918', 'first_author': 'Stewart, Dianne', 'online_identifier': '', 'publisher_name': 'Duke University Press', 'publication_type': 'monograph', 'date_monograph_published_online': '2022', 'first_editor': '', 'access_type': 'openaccess', 'source_id': '20.500.12657/58918', 'source_id_type': 'File Handle'}
Record 1644: {'title_id': 'https://library.oapen.org/handle/20.500.12657/56665', 'publication_title': 'The Weaker Sex in War Gender and Nationalism in Civil War Virginia', 'title_url': 'https://patron-academic.thepalaceproject.org/ucdavis/book/https%3A%2F%2Fcdl.edu.thepalaceproject.org%2F110644%2Fworks%2FURI%252Fhttps%253A%252F%252Flibrary.oapen.org%252Fhandle%252F20.500.12657%252F56665', 'first_author': 'Brill, Kristen', 'online_identifier': '', 'publisher_name': 'University of Virginia Press', 'publication_type': 'monograph', 'date_monograph_published_online': '2022', 'first_editor': '', 'access_type': 'openaccess', 'source_id': '20.500.12657/56665', 'source_id_type': 'File Handle'}
Record 1645: {'title_id': 'https://library.oapen.org/handle/20.500.12657/52942', 'publication_title': 'Sensitive Reading The Pleasures of South Asian Literature in Translation', 'title_url': 'https://patron-academic.thepalaceproject.org/ucdavis/book/https%3A%2F%2Fcdl.edu.thepalaceproject.org%2F110644%2Fworks%2FURI%252Fhttps%253A%252F%252Flibrary.oapen.org%252Fhandle%252F20.500.12657%252F52942', 'first_author': '', 'online_identifier': '', 'publisher_name': 'University of California Press', 'publication_type': 'monograph', 'date_monograph_published_online': '2022', 'first_editor': 'Bronner, Yigal', 'access_type': 'openaccess', 'source_id': '20.500.12657/52942', 'source_id_type': 'File Handle'}
Record 1646: {'title_id': 'https://library.oapen.org/handle/20.500.12657/62509', 'publication_title': 'Transformation of learning and teaching in rehabilitation sciences: A case study from South Africa, in Human Functioning', 'title_url': 'https://patron-academic.thepalaceproject.org/ucdavis/book/https%3A%2F%2Fcdl.edu.thepalaceproject.org%2F110644%2Fworks%2FURI%252Fhttps%253A%252F%252Flibrary.oapen.org%252Fhandle%252F20.500.12657%252F62509', 'first_author': '', 'online_identifier': '', 'publisher_name': 'AOSIS', 'publication_type': 'monograph', 'date_monograph_published_online': '2022', 'first_editor': 'Bardien, Faeza', 'access_type': 'openaccess', 'source_id': '20.500.12657/62509', 'source_id_type': 'File Handle'}
Record 1647: {'title_id': 'https://library.oapen.org/handle/20.500.12657/59049', 'publication_title': 'Exploring the Transnational Neighbourhood Perspectives on Community-Building, Identity and Belonging', 'title_url': 'https://patron-academic.thepalaceproject.org/ucdavis/book/https%3A%2F%2Fcdl.edu.thepalaceproject.org%2F110644%2Fworks%2FURI%252Fhttps%253A%252F%252Flibrary.oapen.org%252Fhandle%252F20.500.12657%252F59049', 'first_author': '', 'online_identifier': '', 'publisher_name': 'Leuven University Press', 'publication_type': 'monograph', 'date_monograph_published_online': '2022', 'first_editor': 'Ehrig, Stephan', 'access_type': 'openaccess', 'source_id': '20.500.12657/59049', 'source_id_type': 'File Handle'}
Record 1648: {'title_id': 'https://library.oapen.org/handle/20.500.12657/60107', 'publication_title': 'Consistent View-Based Management of Variability in Space and Time', 'title_url': 'https://patron-academic.thepalaceproject.org/ucdavis/book/https%3A%2F%2Fcdl.edu.thepalaceproject.org%2F110644%2Fworks%2FURI%252Fhttps%253A%252F%252Flibrary.oapen.org%252Fhandle%252F20.500.12657%252F60107', 'first_author': 'Ananieva, Sofia', 'online_identifier': '', 'publisher_name': 'KIT Scientific Publishing', 'publication_type': 'monograph', 'date_monograph_published_online': '2022', 'first_editor': '', 'access_type': 'openaccess', 'source_id': '20.500.12657/60107', 'source_id_type': 'File Handle'}
Record 1649: {'title_id': 'https://library.oapen.org/handle/20.500.12657/57234', 'publication_title': "Rethinking Orality I Codification, Transcodification and Transmission of 'Cultural Messages'", 'title_url': 'https://patron-academic.thepalaceproject.org/ucdavis/book/https%3A%2F%2Fcdl.edu.thepalaceproject.org%2F110644%2Fworks%2FURI%252Fhttps%253A%252F%252Flibrary.oapen.org%252Fhandle%252F20.500.12657%252F57234', 'first_author': '', 'online_identifier': '', 'publisher_name': 'De Gruyter', 'publication_type': 'monograph', 'date_monograph_published_online': '2022', 'first_editor': 'Ercolani, Andrea', 'access_type': 'openaccess', 'source_id': '20.500.12657/57234', 'source_id_type': 'File Handle'}
Record 1650: {'title_id': 'https://library.oapen.org/handle/20.500.12657/53578', 'publication_title': 'War as Entertainment and Contents Tourism in Japan', 'title_url': 'https://patron-academic.thepalaceproject.org/ucdavis/book/https%3A%2F%2Fcdl.edu.thepalaceproject.org%2F110644%2Fworks%2FURI%252Fhttps%253A%252F%252Flibrary.oapen.org%252Fhandle%252F20.500.12657%252F53578', 'first_author': '', 'online_identifier': '', 'publisher_name': 'Taylor & Francis', 'publication_type': 'monograph', 'date_monograph_published_online': '2022', 'first_editor': 'Seaton, Philip', 'access_type': 'openaccess', 'source_id': '20.500.12657/53578', 'source_id_type': 'File Handle'}
Record 1651: {'title_id': 'https://library.oapen.org/handle/20.500.12657/58149', 'publication_title': 'The Classical Parthenon Recovering the Strangeness of the Ancient World', 'title_url': 'https://patron-academic.thepalaceproject.org/ucdavis/book/https%3A%2F%2Fcdl.edu.thepalaceproject.org%2F110644%2Fworks%2FURI%252Fhttps%253A%252F%252Flibrary.oapen.org%252Fhandle%252F20.500.12657%252F58149', 'first_author': '', 'online_identifier': '', 'publisher_name': 'Open Book Publishers', 'publication_type': 'monograph', 'date_monograph_published_online': '2022', 'first_editor': 'Barnes, Lucy', 'access_type': 'openaccess', 'source_id': '20.500.12657/58149', 'source_id_type': 'File Handle'}
Record 1652: {'title_id': 'https://library.oapen.org/handle/20.500.12657/58585', 'publication_title': 'The Rise and Demise of the Myth of the Rus’ Land', 'title_url': 'https://patron-academic.thepalaceproject.org/ucdavis/book/https%3A%2F%2Fcdl.edu.thepalaceproject.org%2F110644%2Fworks%2FURI%252Fhttps%253A%252F%252Flibrary.oapen.org%252Fhandle%252F20.500.12657%252F58585', 'first_author': 'Halperin, Charles J.', 'online_identifier': '', 'publisher_name': 'Arc Humanities Press', 'publication_type': 'monograph', 'date_monograph_published_online': '2022', 'first_editor': '', 'access_type': 'openaccess', 'source_id': '20.500.12657/58585', 'source_id_type': 'File Handle'}
Record 1653: {'title_id': 'https://library.oapen.org/handle/20.500.12657/57899', 'publication_title': 'Wildland Fire Smoke in the United States A Scientific Assessment', 'title_url': 'https://patron-academic.thepalaceproject.org/ucdavis/book/https%3A%2F%2Fcdl.edu.thepalaceproject.org%2F110644%2Fworks%2FURI%252Fhttps%253A%252F%252Flibrary.oapen.org%252Fhandle%252F20.500.12657%252F57899', 'first_author': '', 'online_identifier': '', 'publisher_name': 'Springer Nature', 'publication_type': 'monograph', 'date_monograph_published_online': '2022', 'first_editor': 'McCaffrey, Sarah M.', 'access_type': 'openaccess', 'source_id': '20.500.12657/57899', 'source_id_type': 'File Handle'}
Record 1654: {'title_id': 'https://library.oapen.org/handle/20.500.12657/58490', 'publication_title': 'The World We Want to Live In Compendium of Digitalisation, Digital Networks, and Artificial Intelligence', 'title_url': 'https://patron-academic.thepalaceproject.org/ucdavis/book/https%3A%2F%2Fcdl.edu.thepalaceproject.org%2F110644%2Fworks%2FURI%252Fhttps%253A%252F%252Flibrary.oapen.org%252Fhandle%252F20.500.12657%252F58490', 'first_author': '', 'online_identifier': '', 'publisher_name': 'Logos Verlag Berlin', 'publication_type': 'monograph', 'date_monograph_published_online': '2022', 'first_editor': 'Kratzer, Klaus Peter', 'access_type': 'openaccess', 'source_id': '20.500.12657/58490', 'source_id_type': 'File Handle'}
Record 1655: {'title_id': 'https://library.oapen.org/handle/20.500.12657/61952', 'publication_title': 'Promoting sustainable local economic development initiatives Case studies', 'title_url': 'https://patron-academic.thepalaceproject.org/ucdavis/book/https%3A%2F%2Fcdl.edu.thepalaceproject.org%2F110644%2Fworks%2FURI%252Fhttps%253A%252F%252Flibrary.oapen.org%252Fhandle%252F20.500.12657%252F61952', 'first_author': '', 'online_identifier': '', 'publisher_name': 'AOSIS', 'publication_type': 'monograph', 'date_monograph_published_online': '2022', 'first_editor': 'Venter, Marius', 'access_type': 'openaccess', 'source_id': '20.500.12657/61952', 'source_id_type': 'File Handle'}
Record 1656: {'title_id': 'https://library.oapen.org/handle/20.500.12657/54334', 'publication_title': 'Compaction and cementation controls on reservoir quality in Buntsandstein red beds', 'title_url': 'https://patron-academic.thepalaceproject.org/ucdavis/book/https%3A%2F%2Fcdl.edu.thepalaceproject.org%2F110644%2Fworks%2FURI%252Fhttps%253A%252F%252Flibrary.oapen.org%252Fhandle%252F20.500.12657%252F54334', 'first_author': 'Schmidt, Christina', 'online_identifier': '', 'publisher_name': 'KIT Scientific Publishing', 'publication_type': 'monograph', 'date_monograph_published_online': '2022', 'first_editor': '', 'access_type': 'openaccess', 'source_id': '20.500.12657/54334', 'source_id_type': 'File Handle'}
Record 1657: {'title_id': 'https://library.oapen.org/handle/20.500.12657/89743', 'publication_title': 'Towards a Vigilant Society From Citizen Participation to Anti-Migrant Vigilantism', 'title_url': 'https://patron-academic.thepalaceproject.org/ucdavis/book/https%3A%2F%2Fcdl.edu.thepalaceproject.org%2F110644%2Fworks%2FURI%252Fhttps%253A%252F%252Flibrary.oapen.org%252Fhandle%252F20.500.12657%252F89743', 'first_author': 'Gardenier, Matthijs', 'online_identifier': '', 'publisher_name': 'Oxford University Press', 'publication_type': 'monograph', 'date_monograph_published_online': '2022', 'first_editor': '', 'access_type': 'openaccess', 'source_id': '20.500.12657/89743', 'source_id_type': 'File Handle'}
Record 1658: {'title_id': 'https://library.oapen.org/handle/20.500.12657/57193', 'publication_title': 'Application of diffractive lens arrays in confocal microscopy', 'title_url': 'https://patron-academic.thepalaceproject.org/ucdavis/book/https%3A%2F%2Fcdl.edu.thepalaceproject.org%2F110644%2Fworks%2FURI%252Fhttps%253A%252F%252Flibrary.oapen.org%252Fhandle%252F20.500.12657%252F57193', 'first_author': 'Li, Zheng', 'online_identifier': '', 'publisher_name': 'KIT Scientific Publishing', 'publication_type': 'monograph', 'date_monograph_published_online': '2022', 'first_editor': '', 'access_type': 'openaccess', 'source_id': '20.500.12657/57193', 'source_id_type': 'File Handle'}
Record 1659: {'title_id': 'https://library.oapen.org/handle/20.500.12657/87763', 'publication_title': 'In Search of Academic Excellence Social Sciences and Humanities in Focus (Vol. II)', 'title_url': 'https://patron-academic.thepalaceproject.org/ucdavis/book/https%3A%2F%2Fcdl.edu.thepalaceproject.org%2F110644%2Fworks%2FURI%252Fhttps%253A%252F%252Flibrary.oapen.org%252Fhandle%252F20.500.12657%252F87763', 'first_author': '', 'online_identifier': '', 'publisher_name': 'Peter Lang International Academic Publishers', 'publication_type': 'monograph', 'date_monograph_published_online': '2022', 'first_editor': 'Klichowski, Michał', 'access_type': 'openaccess', 'source_id': '20.500.12657/87763', 'source_id_type': 'File Handle'}
Record 1660: {'title_id': 'https://library.oapen.org/handle/20.500.12657/58128', 'publication_title': 'From Shelters to Dwellings The Zaatari Refugee Camp', 'title_url': 'https://patron-academic.thepalaceproject.org/ucdavis/book/https%3A%2F%2Fcdl.edu.thepalaceproject.org%2F110644%2Fworks%2FURI%252Fhttps%253A%252F%252Flibrary.oapen.org%252Fhandle%252F20.500.12657%252F58128', 'first_author': 'Dalal, Ayham', 'online_identifier': '', 'publisher_name': 'transcript Verlag', 'publication_type': 'monograph', 'date_monograph_published_online': '2022', 'first_editor': '', 'access_type': 'openaccess', 'source_id': '20.500.12657/58128', 'source_id_type': 'File Handle'}
Record 1661: {'title_id': 'https://library.oapen.org/handle/20.500.12657/58377', 'publication_title': 'Migration and Domestic Work IMISCOE Short Reader', 'title_url': 'https://patron-academic.thepalaceproject.org/ucdavis/book/https%3A%2F%2Fcdl.edu.thepalaceproject.org%2F110644%2Fworks%2FURI%252Fhttps%253A%252F%252Flibrary.oapen.org%252Fhandle%252F20.500.12657%252F58377', 'first_author': 'Marchetti, Sabrina', 'online_identifier': '', 'publisher_name': 'Springer Nature', 'publication_type': 'monograph', 'date_monograph_published_online': '2022', 'first_editor': '', 'access_type': 'openaccess', 'source_id': '20.500.12657/58377', 'source_id_type': 'File Handle'}
Record 1662: {'title_id': 'https://library.oapen.org/handle/20.500.12657/57594', 'publication_title': 'The Mechanical Behavior of Salt X PROCEEDINGS OF THE 10TH CONFERENCE ON THE MECHANICAL BEHAVIOR OF SALT (SALTMECH X), UTRECHT, THE NETHERLANDS, 06-08 JULY 2022', 'title_url': 'https://patron-academic.thepalaceproject.org/ucdavis/book/https%3A%2F%2Fcdl.edu.thepalaceproject.org%2F110644%2Fworks%2FURI%252Fhttps%253A%252F%252Flibrary.oapen.org%252Fhandle%252F20.500.12657%252F57594', 'first_author': '', 'online_identifier': '', 'publisher_name': 'Taylor & Francis', 'publication_type': 'monograph', 'date_monograph_published_online': '2022', 'first_editor': 'Drury, M.R.', 'access_type': 'openaccess', 'source_id': '20.500.12657/57594', 'source_id_type': 'File Handle'}
Record 1663: {'title_id': 'https://library.oapen.org/handle/20.500.12657/58456', 'publication_title': 'Microstructure generation and micromechanical modeling of sheet molding compound composites', 'title_url': 'https://patron-academic.thepalaceproject.org/ucdavis/book/https%3A%2F%2Fcdl.edu.thepalaceproject.org%2F110644%2Fworks%2FURI%252Fhttps%253A%252F%252Flibrary.oapen.org%252Fhandle%252F20.500.12657%252F58456', 'first_author': 'Görthofer, Johannes', 'online_identifier': '', 'publisher_name': 'KIT Scientific Publishing', 'publication_type': 'monograph', 'date_monograph_published_online': '2022', 'first_editor': '', 'access_type': 'openaccess', 'source_id': '20.500.12657/58456', 'source_id_type': 'File Handle'}
Record 1664: {'title_id': 'https://library.oapen.org/handle/20.500.12657/62514', 'publication_title': 'Innovations in online teaching and learning Case studies of teacher educators from South Africa during the COVID-19 era', 'title_url': 'https://patron-academic.thepalaceproject.org/ucdavis/book/https%3A%2F%2Fcdl.edu.thepalaceproject.org%2F110644%2Fworks%2FURI%252Fhttps%253A%252F%252Flibrary.oapen.org%252Fhandle%252F20.500.12657%252F62514', 'first_author': '', 'online_identifier': '', 'publisher_name': 'AOSIS', 'publication_type': 'monograph', 'date_monograph_published_online': '2022', 'first_editor': 'Makonye, Judah P.', 'access_type': 'openaccess', 'source_id': '20.500.12657/62514', 'source_id_type': 'File Handle'}
Record 1665: {'title_id': 'https://library.oapen.org/handle/20.500.12657/60768', 'publication_title': 'Interwar Itineraries Authenticity in Anglophone and French Travel Writing', 'title_url': 'https://patron-academic.thepalaceproject.org/ucdavis/book/https%3A%2F%2Fcdl.edu.thepalaceproject.org%2F110644%2Fworks%2FURI%252Fhttps%253A%252F%252Flibrary.oapen.org%252Fhandle%252F20.500.12657%252F60768', 'first_author': 'Wittman, Emily O.', 'online_identifier': '', 'publisher_name': 'Amherst College Press', 'publication_type': 'monograph', 'date_monograph_published_online': '2022', 'first_editor': '', 'access_type': 'openaccess', 'source_id': '20.500.12657/60768', 'source_id_type': 'File Handle'}
Record 1666: {'title_id': 'https://library.oapen.org/handle/20.500.12657/62214', 'publication_title': 'Reliability and Alliance Interdependence The United States and Its Allies in Asia, 1949–1969', 'title_url': 'https://patron-academic.thepalaceproject.org/ucdavis/book/https%3A%2F%2Fcdl.edu.thepalaceproject.org%2F110644%2Fworks%2FURI%252Fhttps%253A%252F%252Flibrary.oapen.org%252Fhandle%252F20.500.12657%252F62214', 'first_author': 'Henry, Iain D.', 'online_identifier': '', 'publisher_name': 'Cornell University Press', 'publication_type': 'monograph', 'date_monograph_published_online': '2022', 'first_editor': '', 'access_type': 'openaccess', 'source_id': '20.500.12657/62214', 'source_id_type': 'File Handle'}
Record 1667: {'title_id': 'https://library.oapen.org/handle/20.500.12657/52434', 'publication_title': 'Vaccines, Medicines and COVID-19 How Can WHO Be Given a Stronger Voice?', 'title_url': 'https://patron-academic.thepalaceproject.org/ucdavis/book/https%3A%2F%2Fcdl.edu.thepalaceproject.org%2F110644%2Fworks%2FURI%252Fhttps%253A%252F%252Flibrary.oapen.org%252Fhandle%252F20.500.12657%252F52434', 'first_author': 'Velásquez, Germán', 'online_identifier': '', 'publisher_name': 'Springer Nature', 'publication_type': 'monograph', 'date_monograph_published_online': '2022', 'first_editor': '', 'access_type': 'openaccess', 'source_id': '20.500.12657/52434', 'source_id_type': 'File Handle'}
Record 1668: {'title_id': 'https://library.oapen.org/handle/20.500.12657/57803', 'publication_title': 'Paradise from behind the Iron Curtain Reading, translating and staging Milton in Communist Hungary', 'title_url': 'https://patron-academic.thepalaceproject.org/ucdavis/book/https%3A%2F%2Fcdl.edu.thepalaceproject.org%2F110644%2Fworks%2FURI%252Fhttps%253A%252F%252Flibrary.oapen.org%252Fhandle%252F20.500.12657%252F57803', 'first_author': 'Péti, Miklós', 'online_identifier': '', 'publisher_name': 'UCL Press', 'publication_type': 'monograph', 'date_monograph_published_online': '2022', 'first_editor': '', 'access_type': 'openaccess', 'source_id': '20.500.12657/57803', 'source_id_type': 'File Handle'}
Record 1669: {'title_id': 'https://library.oapen.org/handle/20.500.12657/59307', 'publication_title': 'Biodiversity of the Gulf of Guinea Oceanic Islands Science and Conservation', 'title_url': 'https://patron-academic.thepalaceproject.org/ucdavis/book/https%3A%2F%2Fcdl.edu.thepalaceproject.org%2F110644%2Fworks%2FURI%252Fhttps%253A%252F%252Flibrary.oapen.org%252Fhandle%252F20.500.12657%252F59307', 'first_author': '', 'online_identifier': '', 'publisher_name': 'Springer Nature', 'publication_type': 'monograph', 'date_monograph_published_online': '2022', 'first_editor': 'Bell, Rayna C.', 'access_type': 'openaccess', 'source_id': '20.500.12657/59307', 'source_id_type': 'File Handle'}
Record 1670: {'title_id': 'https://library.oapen.org/handle/20.500.12657/57320', 'publication_title': 'Stem Cell Transplantations Between Siblings as Social Phenomena The Child’s Body and Family Decision-making', 'title_url': 'https://patron-academic.thepalaceproject.org/ucdavis/book/https%3A%2F%2Fcdl.edu.thepalaceproject.org%2F110644%2Fworks%2FURI%252Fhttps%253A%252F%252Flibrary.oapen.org%252Fhandle%252F20.500.12657%252F57320', 'first_author': '', 'online_identifier': '', 'publisher_name': 'Springer Nature', 'publication_type': 'monograph', 'date_monograph_published_online': '2022', 'first_editor': 'Herzog, Madeleine', 'access_type': 'openaccess', 'source_id': '20.500.12657/57320', 'source_id_type': 'File Handle'}
Record 1671: {'title_id': 'https://library.oapen.org/handle/20.500.12657/60560', 'publication_title': 'Animals, Plants and Afterimages The Art and Science of Representing Extinction', 'title_url': 'https://patron-academic.thepalaceproject.org/ucdavis/book/https%3A%2F%2Fcdl.edu.thepalaceproject.org%2F110644%2Fworks%2FURI%252Fhttps%253A%252F%252Flibrary.oapen.org%252Fhandle%252F20.500.12657%252F60560', 'first_author': 'Bienvenue, Valerie', 'online_identifier': '', 'publisher_name': 'Berghahn Books', 'publication_type': 'monograph', 'date_monograph_published_online': '2022', 'first_editor': '', 'access_type': 'openaccess', 'source_id': '20.500.12657/60560', 'source_id_type': 'File Handle'}
Record 1672: {'title_id': 'https://library.oapen.org/handle/20.500.12657/60313', 'publication_title': 'Religion in Global Health and Development The Case of Twentieth-Century Ghana', 'title_url': 'https://patron-academic.thepalaceproject.org/ucdavis/book/https%3A%2F%2Fcdl.edu.thepalaceproject.org%2F110644%2Fworks%2FURI%252Fhttps%253A%252F%252Flibrary.oapen.org%252Fhandle%252F20.500.12657%252F60313', 'first_author': 'Walker, Benjamin Bronnert', 'online_identifier': '', 'publisher_name': 'McGill-Queen’s University Press (mqup)', 'publication_type': 'monograph', 'date_monograph_published_online': '2022', 'first_editor': '', 'access_type': 'openaccess', 'source_id': '20.500.12657/60313', 'source_id_type': 'File Handle'}
Record 1673: {'title_id': 'https://library.oapen.org/handle/20.500.12657/59028', 'publication_title': 'Global Citizenship in Foreign Language Education Concepts, Practices, Connections', 'title_url': 'https://patron-academic.thepalaceproject.org/ucdavis/book/https%3A%2F%2Fcdl.edu.thepalaceproject.org%2F110644%2Fworks%2FURI%252Fhttps%253A%252F%252Flibrary.oapen.org%252Fhandle%252F20.500.12657%252F59028', 'first_author': '', 'online_identifier': '', 'publisher_name': 'Taylor & Francis', 'publication_type': 'monograph', 'date_monograph_published_online': '2022', 'first_editor': 'Lütge, Christiane', 'access_type': 'openaccess', 'source_id': '20.500.12657/59028', 'source_id_type': 'File Handle'}
Record 1674: {'title_id': 'https://library.oapen.org/handle/20.500.12657/57580', 'publication_title': 'Sustainable food systems for food security Need for combination of local and global approaches', 'title_url': 'https://patron-academic.thepalaceproject.org/ucdavis/book/https%3A%2F%2Fcdl.edu.thepalaceproject.org%2F110644%2Fworks%2FURI%252Fhttps%253A%252F%252Flibrary.oapen.org%252Fhandle%252F20.500.12657%252F57580', 'first_author': '', 'online_identifier': '', 'publisher_name': 'éditions Quae', 'publication_type': 'monograph', 'date_monograph_published_online': '2022', 'first_editor': 'Alpha, Arlène', 'access_type': 'openaccess', 'source_id': '20.500.12657/57580', 'source_id_type': 'File Handle'}
Record 1675: {'title_id': 'https://library.oapen.org/handle/20.500.12657/58182', 'publication_title': 'Sticky Power Global Financial Networks in the World Economy', 'title_url': 'https://patron-academic.thepalaceproject.org/ucdavis/book/https%3A%2F%2Fcdl.edu.thepalaceproject.org%2F110644%2Fworks%2FURI%252Fhttps%253A%252F%252Flibrary.oapen.org%252Fhandle%252F20.500.12657%252F58182', 'first_author': '', 'online_identifier': '', 'publisher_name': 'Oxford University Press', 'publication_type': 'monograph', 'date_monograph_published_online': '2022', 'first_editor': '', 'access_type': 'openaccess', 'source_id': '20.500.12657/58182', 'source_id_type': 'File Handle'}
Record 1676: {'title_id': 'https://library.oapen.org/handle/20.500.12657/52614', 'publication_title': 'The Right-Wing Critique of Europe Nationalist, Sovereignist and Right-Wing Populist Attitudes to the EU', 'title_url': 'https://patron-academic.thepalaceproject.org/ucdavis/book/https%3A%2F%2Fcdl.edu.thepalaceproject.org%2F110644%2Fworks%2FURI%252Fhttps%253A%252F%252Flibrary.oapen.org%252Fhandle%252F20.500.12657%252F52614', 'first_author': '', 'online_identifier': '', 'publisher_name': 'Taylor & Francis', 'publication_type': 'monograph', 'date_monograph_published_online': '2022', 'first_editor': 'Berti, Francesco', 'access_type': 'openaccess', 'source_id': '20.500.12657/52614', 'source_id_type': 'File Handle'}
Record 1677: {'title_id': 'https://library.oapen.org/handle/20.500.12657/52940', 'publication_title': 'Acquired Alterity Migration, Identity, and Literary Nationalism', 'title_url': 'https://patron-academic.thepalaceproject.org/ucdavis/book/https%3A%2F%2Fcdl.edu.thepalaceproject.org%2F110644%2Fworks%2FURI%252Fhttps%253A%252F%252Flibrary.oapen.org%252Fhandle%252F20.500.12657%252F52940', 'first_author': 'Mack, Edward', 'online_identifier': '', 'publisher_name': 'University of California Press', 'publication_type': 'monograph', 'date_monograph_published_online': '2022', 'first_editor': '', 'access_type': 'openaccess', 'source_id': '20.500.12657/52940', 'source_id_type': 'File Handle'}
Record 1678: {'title_id': 'https://library.oapen.org/handle/20.500.12657/54271', 'publication_title': 'Computational Modelling of Concrete and Concrete Structures', 'title_url': 'https://patron-academic.thepalaceproject.org/ucdavis/book/https%3A%2F%2Fcdl.edu.thepalaceproject.org%2F110644%2Fworks%2FURI%252Fhttps%253A%252F%252Flibrary.oapen.org%252Fhandle%252F20.500.12657%252F54271', 'first_author': '', 'online_identifier': '', 'publisher_name': 'Taylor & Francis', 'publication_type': 'monograph', 'date_monograph_published_online': '2022', 'first_editor': 'Meschke, Günther', 'access_type': 'openaccess', 'source_id': '20.500.12657/54271', 'source_id_type': 'File Handle'}
Record 1679: {'title_id': 'https://library.oapen.org/handle/20.500.12657/57088', 'publication_title': 'Keeping the World’s Environment under Review An Intellectual History of the Global Environment Outlook', 'title_url': 'https://patron-academic.thepalaceproject.org/ucdavis/book/https%3A%2F%2Fcdl.edu.thepalaceproject.org%2F110644%2Fworks%2FURI%252Fhttps%253A%252F%252Flibrary.oapen.org%252Fhandle%252F20.500.12657%252F57088', 'first_author': '', 'online_identifier': '', 'publisher_name': 'Central European University Press', 'publication_type': 'monograph', 'date_monograph_published_online': '2022', 'first_editor': '', 'access_type': 'openaccess', 'source_id': '20.500.12657/57088', 'source_id_type': 'File Handle'}
Record 1680: {'title_id': 'https://library.oapen.org/handle/20.500.12657/87764', 'publication_title': 'Sparta: History, State and Society', 'title_url': 'https://patron-academic.thepalaceproject.org/ucdavis/book/https%3A%2F%2Fcdl.edu.thepalaceproject.org%2F110644%2Fworks%2FURI%252Fhttps%253A%252F%252Flibrary.oapen.org%252Fhandle%252F20.500.12657%252F87764', 'first_author': 'Kulesza, Ryszard', 'online_identifier': '', 'publisher_name': 'Peter Lang International Academic Publishers', 'publication_type': 'monograph', 'date_monograph_published_online': '2022', 'first_editor': '', 'access_type': 'openaccess', 'source_id': '20.500.12657/87764', 'source_id_type': 'File Handle'}
Record 1681: {'title_id': 'https://library.oapen.org/handle/20.500.12657/57819', 'publication_title': 'Measuring impacts – The experience of the EIB-GDN programme', 'title_url': 'https://patron-academic.thepalaceproject.org/ucdavis/book/https%3A%2F%2Fcdl.edu.thepalaceproject.org%2F110644%2Fworks%2FURI%252Fhttps%253A%252F%252Flibrary.oapen.org%252Fhandle%252F20.500.12657%252F57819', 'first_author': 'Bank, European Investment', 'online_identifier': '', 'publisher_name': '', 'publication_type': 'monograph', 'date_monograph_published_online': '', 'first_editor': '', 'access_type': 'openaccess', 'source_id': '20.500.12657/57819', 'source_id_type': 'File Handle'}
Record 1682: {'title_id': 'https://library.oapen.org/handle/20.500.12657/76633', 'publication_title': 'The Saqqara Necropolis through the New Kingdom Biography of an Ancient Egyptian Cultural Landscape', 'title_url': 'https://patron-academic.thepalaceproject.org/ucdavis/book/https%3A%2F%2Fcdl.edu.thepalaceproject.org%2F110644%2Fworks%2FURI%252Fhttps%253A%252F%252Flibrary.oapen.org%252Fhandle%252F20.500.12657%252F76633', 'first_author': 'Staring, Nico', 'online_identifier': '', 'publisher_name': 'Brill', 'publication_type': 'monograph', 'date_monograph_published_online': '2022', 'first_editor': '', 'access_type': 'openaccess', 'source_id': '20.500.12657/76633', 'source_id_type': 'File Handle'}
Record 1683: {'title_id': 'https://library.oapen.org/handle/20.500.12657/57552', 'publication_title': 'Free-Market Socialists European Émigrés Who Made Capitalist Culture in America, 1918–1968', 'title_url': 'https://patron-academic.thepalaceproject.org/ucdavis/book/https%3A%2F%2Fcdl.edu.thepalaceproject.org%2F110644%2Fworks%2FURI%252Fhttps%253A%252F%252Flibrary.oapen.org%252Fhandle%252F20.500.12657%252F57552', 'first_author': 'Malherek, Joseph', 'online_identifier': '', 'publisher_name': 'Central European University Press', 'publication_type': 'monograph', 'date_monograph_published_online': '2022', 'first_editor': '', 'access_type': 'openaccess', 'source_id': '20.500.12657/57552', 'source_id_type': 'File Handle'}
Record 1684: {'title_id': 'https://library.oapen.org/handle/20.500.12657/54252', 'publication_title': 'Flows and Frictions in Trans-Himalayan Spaces Histories of Networking and Border Crossing', 'title_url': 'https://patron-academic.thepalaceproject.org/ucdavis/book/https%3A%2F%2Fcdl.edu.thepalaceproject.org%2F110644%2Fworks%2FURI%252Fhttps%253A%252F%252Flibrary.oapen.org%252Fhandle%252F20.500.12657%252F54252', 'first_author': '', 'online_identifier': '', 'publisher_name': 'Amsterdam University Press', 'publication_type': 'monograph', 'date_monograph_published_online': '2022', 'first_editor': 'Cederlöf, Gunnel', 'access_type': 'openaccess', 'source_id': '20.500.12657/54252', 'source_id_type': 'File Handle'}
Record 1685: {'title_id': 'https://library.oapen.org/handle/20.500.12657/59235', 'publication_title': 'The Fluvial Imagination On Lesotho’s Water-Export Economy', 'title_url': 'https://patron-academic.thepalaceproject.org/ucdavis/book/https%3A%2F%2Fcdl.edu.thepalaceproject.org%2F110644%2Fworks%2FURI%252Fhttps%253A%252F%252Flibrary.oapen.org%252Fhandle%252F20.500.12657%252F59235', 'first_author': 'Hoag, Colin', 'online_identifier': '', 'publisher_name': 'University of California Press', 'publication_type': 'monograph', 'date_monograph_published_online': '2022', 'first_editor': '', 'access_type': 'openaccess', 'source_id': '20.500.12657/59235', 'source_id_type': 'File Handle'}
Record 1686: {'title_id': 'https://library.oapen.org/handle/20.500.12657/56659', 'publication_title': 'Hvem styrte byene? Nordisk byhistorie 1500–1800', 'title_url': 'https://patron-academic.thepalaceproject.org/ucdavis/book/https%3A%2F%2Fcdl.edu.thepalaceproject.org%2F110644%2Fworks%2FURI%252Fhttps%253A%252F%252Flibrary.oapen.org%252Fhandle%252F20.500.12657%252F56659', 'first_author': 'Dørum, knut', 'online_identifier': '', 'publisher_name': 'Cappelen Damm Akademisk/NOASP (Nordic Open Access Scholarly Publishing)', 'publication_type': 'monograph', 'date_monograph_published_online': '2022', 'first_editor': '', 'access_type': 'openaccess', 'source_id': '20.500.12657/56659', 'source_id_type': 'File Handle'}
Record 1687: {'title_id': 'https://library.oapen.org/handle/20.500.12657/54244', 'publication_title': 'Sacred Civics Building Seven Generation Cities', 'title_url': 'https://patron-academic.thepalaceproject.org/ucdavis/book/https%3A%2F%2Fcdl.edu.thepalaceproject.org%2F110644%2Fworks%2FURI%252Fhttps%253A%252F%252Flibrary.oapen.org%252Fhandle%252F20.500.12657%252F54244', 'first_author': '', 'online_identifier': '', 'publisher_name': 'Taylor & Francis', 'publication_type': 'monograph', 'date_monograph_published_online': '2022', 'first_editor': 'Agyeman, Julian', 'access_type': 'openaccess', 'source_id': '20.500.12657/54244', 'source_id_type': 'File Handle'}
Record 1688: {'title_id': 'https://library.oapen.org/handle/20.500.12657/57832', 'publication_title': 'EIB Working Paper 2022/05 - How much is too much?', 'title_url': 'https://patron-academic.thepalaceproject.org/ucdavis/book/https%3A%2F%2Fcdl.edu.thepalaceproject.org%2F110644%2Fworks%2FURI%252Fhttps%253A%252F%252Flibrary.oapen.org%252Fhandle%252F20.500.12657%252F57832', 'first_author': 'Bank, European Investment', 'online_identifier': '', 'publisher_name': '', 'publication_type': 'monograph', 'date_monograph_published_online': '', 'first_editor': '', 'access_type': 'openaccess', 'source_id': '20.500.12657/57832', 'source_id_type': 'File Handle'}
Record 1689: {'title_id': 'https://library.oapen.org/handle/20.500.12657/58463', 'publication_title': 'The Customary of the Shrine of St. Thomas Becket at Canterbury Cathedral Latin Text and Translation', 'title_url': 'https://patron-academic.thepalaceproject.org/ucdavis/book/https%3A%2F%2Fcdl.edu.thepalaceproject.org%2F110644%2Fworks%2FURI%252Fhttps%253A%252F%252Flibrary.oapen.org%252Fhandle%252F20.500.12657%252F58463', 'first_author': 'Jenkins, John', 'online_identifier': '', 'publisher_name': 'Arc Humanities Press', 'publication_type': 'monograph', 'date_monograph_published_online': '2022', 'first_editor': '', 'access_type': 'openaccess', 'source_id': '20.500.12657/58463', 'source_id_type': 'File Handle'}
Record 1690: {'title_id': 'https://library.oapen.org/handle/20.500.12657/59312', 'publication_title': 'Practical Clinical Andrology', 'title_url': 'https://patron-academic.thepalaceproject.org/ucdavis/book/https%3A%2F%2Fcdl.edu.thepalaceproject.org%2F110644%2Fworks%2FURI%252Fhttps%253A%252F%252Flibrary.oapen.org%252Fhandle%252F20.500.12657%252F59312', 'first_author': '', 'online_identifier': '', 'publisher_name': 'Springer Nature', 'publication_type': 'monograph', 'date_monograph_published_online': '2022', 'first_editor': 'Bettocchi, Carlo', 'access_type': 'openaccess', 'source_id': '20.500.12657/59312', 'source_id_type': 'File Handle'}
Record 1691: {'title_id': 'https://library.oapen.org/handle/20.500.12657/59029', 'publication_title': 'The Development of L2 Interactional Competence A Multimodal Study of Complaining in French Interactions', 'title_url': 'https://patron-academic.thepalaceproject.org/ucdavis/book/https%3A%2F%2Fcdl.edu.thepalaceproject.org%2F110644%2Fworks%2FURI%252Fhttps%253A%252F%252Flibrary.oapen.org%252Fhandle%252F20.500.12657%252F59029', 'first_author': 'Skogmyr Marian, Klara', 'online_identifier': '', 'publisher_name': 'Taylor & Francis', 'publication_type': 'monograph', 'date_monograph_published_online': '2022', 'first_editor': '', 'access_type': 'openaccess', 'source_id': '20.500.12657/59029', 'source_id_type': 'File Handle'}
Record 1692: {'title_id': 'https://library.oapen.org/handle/20.500.12657/87086', 'publication_title': 'Space, Time, Myth, and Morals: A Selection of Jao Tsung-i’s Studies on Cosmological Thought in Early China and Beyond', 'title_url': 'https://patron-academic.thepalaceproject.org/ucdavis/book/https%3A%2F%2Fcdl.edu.thepalaceproject.org%2F110644%2Fworks%2FURI%252Fhttps%253A%252F%252Flibrary.oapen.org%252Fhandle%252F20.500.12657%252F87086', 'first_author': '', 'online_identifier': '', 'publisher_name': 'Brill', 'publication_type': 'monograph', 'date_monograph_published_online': '2022', 'first_editor': 'Grundmann, Joern Peter', 'access_type': 'openaccess', 'source_id': '20.500.12657/87086', 'source_id_type': 'File Handle'}
Record 1693: {'title_id': 'https://library.oapen.org/handle/20.500.12657/57629', 'publication_title': 'International Legal Responsibility of International Organizations in the ILC Draft Articles and Beyond', 'title_url': 'https://patron-academic.thepalaceproject.org/ucdavis/book/https%3A%2F%2Fcdl.edu.thepalaceproject.org%2F110644%2Fworks%2FURI%252Fhttps%253A%252F%252Flibrary.oapen.org%252Fhandle%252F20.500.12657%252F57629', 'first_author': 'Bayani, Sarah', 'online_identifier': '', 'publisher_name': 'Universitätsverlag Göttingen', 'publication_type': 'monograph', 'date_monograph_published_online': '2022', 'first_editor': '', 'access_type': 'openaccess', 'source_id': '20.500.12657/57629', 'source_id_type': 'File Handle'}
Record 1694: {'title_id': 'https://library.oapen.org/handle/20.500.12657/52424', 'publication_title': 'Information and Communication Technologies in Tourism 2022 Proceedings of the ENTER 2022 eTourism Conference, January 11-14, 2022', 'title_url': 'https://patron-academic.thepalaceproject.org/ucdavis/book/https%3A%2F%2Fcdl.edu.thepalaceproject.org%2F110644%2Fworks%2FURI%252Fhttps%253A%252F%252Flibrary.oapen.org%252Fhandle%252F20.500.12657%252F52424', 'first_author': '', 'online_identifier': '', 'publisher_name': 'Springer Nature', 'publication_type': 'monograph', 'date_monograph_published_online': '2022', 'first_editor': 'Ferrer-Rosell, Berta', 'access_type': 'openaccess', 'source_id': '20.500.12657/52424', 'source_id_type': 'File Handle'}
Record 1695: {'title_id': 'https://library.oapen.org/handle/20.500.12657/75535', 'publication_title': 'Lahore Cinema Between Realism and Fable', 'title_url': 'https://patron-academic.thepalaceproject.org/ucdavis/book/https%3A%2F%2Fcdl.edu.thepalaceproject.org%2F110644%2Fworks%2FURI%252Fhttps%253A%252F%252Flibrary.oapen.org%252Fhandle%252F20.500.12657%252F75535', 'first_author': 'Dadi, Iftikhar', 'online_identifier': '', 'publisher_name': 'University of Washington Press', 'publication_type': 'monograph', 'date_monograph_published_online': '2022', 'first_editor': '', 'access_type': 'openaccess', 'source_id': '20.500.12657/75535', 'source_id_type': 'File Handle'}
Record 1696: {'title_id': 'https://library.oapen.org/handle/20.500.12657/63309', 'publication_title': 'Social Science Perspectives on Global Public Health', 'title_url': 'https://patron-academic.thepalaceproject.org/ucdavis/book/https%3A%2F%2Fcdl.edu.thepalaceproject.org%2F110644%2Fworks%2FURI%252Fhttps%253A%252F%252Flibrary.oapen.org%252Fhandle%252F20.500.12657%252F63309', 'first_author': '', 'online_identifier': '', 'publisher_name': '', 'publication_type': 'monograph', 'date_monograph_published_online': '', 'first_editor': 'La Placa, Vincent', 'access_type': 'openaccess', 'source_id': '20.500.12657/63309', 'source_id_type': 'File Handle'}
Record 1697: {'title_id': 'https://library.oapen.org/handle/20.500.12657/59069', 'publication_title': 'Protagonists of Production in Preindustrial European Literature (1700-1800) Male and Female Entrepreneurs, Craftspeople, and Workers', 'title_url': 'https://patron-academic.thepalaceproject.org/ucdavis/book/https%3A%2F%2Fcdl.edu.thepalaceproject.org%2F110644%2Fworks%2FURI%252Fhttps%253A%252F%252Flibrary.oapen.org%252Fhandle%252F20.500.12657%252F59069', 'first_author': '', 'online_identifier': '', 'publisher_name': 'Peter Lang International Academic Publishers', 'publication_type': 'monograph', 'date_monograph_published_online': '2022', 'first_editor': 'Schuchardt, Beatrice', 'access_type': 'openaccess', 'source_id': '20.500.12657/59069', 'source_id_type': 'File Handle'}
Record 1698: {'title_id': 'https://library.oapen.org/handle/20.500.12657/57027', 'publication_title': 'Integrating Science and Politics for Public Health', 'title_url': 'https://patron-academic.thepalaceproject.org/ucdavis/book/https%3A%2F%2Fcdl.edu.thepalaceproject.org%2F110644%2Fworks%2FURI%252Fhttps%253A%252F%252Flibrary.oapen.org%252Fhandle%252F20.500.12657%252F57027', 'first_author': '', 'online_identifier': '', 'publisher_name': 'Springer Nature', 'publication_type': 'monograph', 'date_monograph_published_online': '2022', 'first_editor': 'Cassola, Adèle', 'access_type': 'openaccess', 'source_id': '20.500.12657/57027', 'source_id_type': 'File Handle'}
Record 1699: {'title_id': 'https://library.oapen.org/handle/20.500.12657/59134', 'publication_title': 'Diversity and Inclusion in Japan Issues in Business and Higher Education', 'title_url': 'https://patron-academic.thepalaceproject.org/ucdavis/book/https%3A%2F%2Fcdl.edu.thepalaceproject.org%2F110644%2Fworks%2FURI%252Fhttps%253A%252F%252Flibrary.oapen.org%252Fhandle%252F20.500.12657%252F59134', 'first_author': '', 'online_identifier': '', 'publisher_name': 'Taylor & Francis', 'publication_type': 'monograph', 'date_monograph_published_online': '2022', 'first_editor': 'Alcantara, Lailani', 'access_type': 'openaccess', 'source_id': '20.500.12657/59134', 'source_id_type': 'File Handle'}
Record 1700: {'title_id': 'https://library.oapen.org/handle/20.500.12657/57132', 'publication_title': 'Nothing As We Need It A Chimera', 'title_url': 'https://patron-academic.thepalaceproject.org/ucdavis/book/https%3A%2F%2Fcdl.edu.thepalaceproject.org%2F110644%2Fworks%2FURI%252Fhttps%253A%252F%252Flibrary.oapen.org%252Fhandle%252F20.500.12657%252F57132', 'first_author': 'Cascella, Daniela', 'online_identifier': '', 'publisher_name': 'punctum books', 'publication_type': 'monograph', 'date_monograph_published_online': '2022', 'first_editor': '', 'access_type': 'openaccess', 'source_id': '20.500.12657/57132', 'source_id_type': 'File Handle'}
Record 1701: {'title_id': 'https://library.oapen.org/handle/20.500.12657/59284', 'publication_title': 'EIB Working Paper 2022/11 - A structural analysis of foreign exchange markets in sub-Saharan Africa', 'title_url': 'https://patron-academic.thepalaceproject.org/ucdavis/book/https%3A%2F%2Fcdl.edu.thepalaceproject.org%2F110644%2Fworks%2FURI%252Fhttps%253A%252F%252Flibrary.oapen.org%252Fhandle%252F20.500.12657%252F59284', 'first_author': '', 'online_identifier': '', 'publisher_name': 'European Investment Bank', 'publication_type': 'monograph', 'date_monograph_published_online': '2022', 'first_editor': '', 'access_type': 'openaccess', 'source_id': '20.500.12657/59284', 'source_id_type': 'File Handle'}
Record 1702: {'title_id': 'https://library.oapen.org/handle/20.500.12657/54653', 'publication_title': 'African Futures', 'title_url': 'https://patron-academic.thepalaceproject.org/ucdavis/book/https%3A%2F%2Fcdl.edu.thepalaceproject.org%2F110644%2Fworks%2FURI%252Fhttps%253A%252F%252Flibrary.oapen.org%252Fhandle%252F20.500.12657%252F54653', 'first_author': '', 'online_identifier': '', 'publisher_name': 'Brill', 'publication_type': 'monograph', 'date_monograph_published_online': '2022', 'first_editor': 'Bollig, Michael', 'access_type': 'openaccess', 'source_id': '20.500.12657/54653', 'source_id_type': 'File Handle'}
Record 1703: {'title_id': 'https://library.oapen.org/handle/20.500.12657/54501', 'publication_title': 'Grazing Communities Pastoralism on the Move and Biocultural Heritage Frictions (Volume 29)', 'title_url': 'https://patron-academic.thepalaceproject.org/ucdavis/book/https%3A%2F%2Fcdl.edu.thepalaceproject.org%2F110644%2Fworks%2FURI%252Fhttps%253A%252F%252Flibrary.oapen.org%252Fhandle%252F20.500.12657%252F54501', 'first_author': 'Bindi, Letizia', 'online_identifier': '', 'publisher_name': 'Berghahn Books', 'publication_type': 'monograph', 'date_monograph_published_online': '2022', 'first_editor': '', 'access_type': 'openaccess', 'source_id': '20.500.12657/54501', 'source_id_type': 'File Handle'}
Record 1704: {'title_id': 'https://library.oapen.org/handle/20.500.12657/57032', 'publication_title': 'Citizen Participation in the Information Society Comparing Participatory Channels in Urban Development', 'title_url': 'https://patron-academic.thepalaceproject.org/ucdavis/book/https%3A%2F%2Fcdl.edu.thepalaceproject.org%2F110644%2Fworks%2FURI%252Fhttps%253A%252F%252Flibrary.oapen.org%252Fhandle%252F20.500.12657%252F57032', 'first_author': '', 'online_identifier': '', 'publisher_name': 'Springer Nature', 'publication_type': 'monograph', 'date_monograph_published_online': '2022', 'first_editor': 'Giannoumis, G. Anthony', 'access_type': 'openaccess', 'source_id': '20.500.12657/57032', 'source_id_type': 'File Handle'}
Record 1705: {'title_id': 'https://library.oapen.org/handle/20.500.12657/58885', 'publication_title': 'Collective Bargaining and the Gig Economy A Traditional Tool for New Business Models', 'title_url': 'https://patron-academic.thepalaceproject.org/ucdavis/book/https%3A%2F%2Fcdl.edu.thepalaceproject.org%2F110644%2Fworks%2FURI%252Fhttps%253A%252F%252Flibrary.oapen.org%252Fhandle%252F20.500.12657%252F58885', 'first_author': '', 'online_identifier': '', 'publisher_name': 'Bloomsbury Academic', 'publication_type': 'monograph', 'date_monograph_published_online': '2022', 'first_editor': 'Brameshuber, Elisabeth', 'access_type': 'openaccess', 'source_id': '20.500.12657/58885', 'source_id_type': 'File Handle'}
Record 1706: {'title_id': 'https://library.oapen.org/handle/20.500.12657/74769', 'publication_title': 'Haunted Empire Gothic and the Russian Imperial Uncanny', 'title_url': 'https://patron-academic.thepalaceproject.org/ucdavis/book/https%3A%2F%2Fcdl.edu.thepalaceproject.org%2F110644%2Fworks%2FURI%252Fhttps%253A%252F%252Flibrary.oapen.org%252Fhandle%252F20.500.12657%252F74769', 'first_author': 'Sobol, Valeria', 'online_identifier': '', 'publisher_name': 'Cornell University Press', 'publication_type': 'monograph', 'date_monograph_published_online': '2022', 'first_editor': '', 'access_type': 'openaccess', 'source_id': '20.500.12657/74769', 'source_id_type': 'File Handle'}
Record 1707: {'title_id': 'https://library.oapen.org/handle/20.500.12657/86286', 'publication_title': 'Becoming a Historian An Informal Guide', 'title_url': 'https://patron-academic.thepalaceproject.org/ucdavis/book/https%3A%2F%2Fcdl.edu.thepalaceproject.org%2F110644%2Fworks%2FURI%252Fhttps%253A%252F%252Flibrary.oapen.org%252Fhandle%252F20.500.12657%252F86286', 'first_author': '', 'online_identifier': '', 'publisher_name': 'University of London Press', 'publication_type': 'monograph', 'date_monograph_published_online': '2022', 'first_editor': '', 'access_type': 'openaccess', 'source_id': '20.500.12657/86286', 'source_id_type': 'File Handle'}
Record 1708: {'title_id': 'https://library.oapen.org/handle/20.500.12657/60309', 'publication_title': "The Angels Won't Help You", 'title_url': 'https://patron-academic.thepalaceproject.org/ucdavis/book/https%3A%2F%2Fcdl.edu.thepalaceproject.org%2F110644%2Fworks%2FURI%252Fhttps%253A%252F%252Flibrary.oapen.org%252Fhandle%252F20.500.12657%252F60309', 'first_author': 'Bowker, Matthew', 'online_identifier': '', 'publisher_name': 'punctum books', 'publication_type': 'monograph', 'date_monograph_published_online': '2022', 'first_editor': '', 'access_type': 'openaccess', 'source_id': '20.500.12657/60309', 'source_id_type': 'File Handle'}
Record 1709: {'title_id': 'https://library.oapen.org/handle/20.500.12657/53575', 'publication_title': 'Racialized Health, COVID-19, and Religious Responses Black Atlantic Contexts and Perspectives', 'title_url': 'https://patron-academic.thepalaceproject.org/ucdavis/book/https%3A%2F%2Fcdl.edu.thepalaceproject.org%2F110644%2Fworks%2FURI%252Fhttps%253A%252F%252Flibrary.oapen.org%252Fhandle%252F20.500.12657%252F53575', 'first_author': '', 'online_identifier': '', 'publisher_name': 'Taylor & Francis', 'publication_type': 'monograph', 'date_monograph_published_online': '2022', 'first_editor': 'Boddie, Stephanie C.', 'access_type': 'openaccess', 'source_id': '20.500.12657/53575', 'source_id_type': 'File Handle'}
Record 1710: {'title_id': 'https://library.oapen.org/handle/20.500.12657/52852', 'publication_title': 'Education to Build Back Better What Can We Learn from Education Reform for a Post-pandemic World', 'title_url': 'https://patron-academic.thepalaceproject.org/ucdavis/book/https%3A%2F%2Fcdl.edu.thepalaceproject.org%2F110644%2Fworks%2FURI%252Fhttps%253A%252F%252Flibrary.oapen.org%252Fhandle%252F20.500.12657%252F52852', 'first_author': '', 'online_identifier': '', 'publisher_name': 'Springer Nature', 'publication_type': 'monograph', 'date_monograph_published_online': '2022', 'first_editor': 'Amaechi, Uche', 'access_type': 'openaccess', 'source_id': '20.500.12657/52852', 'source_id_type': 'File Handle'}
Record 1711: {'title_id': 'https://library.oapen.org/handle/20.500.12657/58547', 'publication_title': "Flavian Responses to Nero's Rome", 'title_url': 'https://patron-academic.thepalaceproject.org/ucdavis/book/https%3A%2F%2Fcdl.edu.thepalaceproject.org%2F110644%2Fworks%2FURI%252Fhttps%253A%252F%252Flibrary.oapen.org%252Fhandle%252F20.500.12657%252F58547', 'first_author': '', 'online_identifier': '', 'publisher_name': 'Amsterdam University Press', 'publication_type': 'monograph', 'date_monograph_published_online': '2022', 'first_editor': 'Heerink, Mark', 'access_type': 'openaccess', 'source_id': '20.500.12657/58547', 'source_id_type': 'File Handle'}
Record 1712: {'title_id': 'https://library.oapen.org/handle/20.500.12657/58943', 'publication_title': 'The Bentham Brothers and Russia The Imperial Russian Constitution and the St Petersburg Panopticon', 'title_url': 'https://patron-academic.thepalaceproject.org/ucdavis/book/https%3A%2F%2Fcdl.edu.thepalaceproject.org%2F110644%2Fworks%2FURI%252Fhttps%253A%252F%252Flibrary.oapen.org%252Fhandle%252F20.500.12657%252F58943', 'first_author': 'Bartlett, Roger', 'online_identifier': '', 'publisher_name': 'UCL Press', 'publication_type': 'monograph', 'date_monograph_published_online': '2022', 'first_editor': '', 'access_type': 'openaccess', 'source_id': '20.500.12657/58943', 'source_id_type': 'File Handle'}
Record 1713: {'title_id': 'https://library.oapen.org/handle/20.500.12657/61071', 'publication_title': 'Healing Grief A Commentary on Seneca’s Consolatio ad Marciam', 'title_url': 'https://patron-academic.thepalaceproject.org/ucdavis/book/https%3A%2F%2Fcdl.edu.thepalaceproject.org%2F110644%2Fworks%2FURI%252Fhttps%253A%252F%252Flibrary.oapen.org%252Fhandle%252F20.500.12657%252F61071', 'first_author': 'Tutrone, Fabio', 'online_identifier': '', 'publisher_name': 'De Gruyter', 'publication_type': 'monograph', 'date_monograph_published_online': '2022', 'first_editor': '', 'access_type': 'openaccess', 'source_id': '20.500.12657/61071', 'source_id_type': 'File Handle'}
Record 1714: {'title_id': 'https://library.oapen.org/handle/20.500.12657/61212', 'publication_title': 'The United States And South Asia From The Age Of Empire To Decolonization A History of Entanglements', 'title_url': 'https://patron-academic.thepalaceproject.org/ucdavis/book/https%3A%2F%2Fcdl.edu.thepalaceproject.org%2F110644%2Fworks%2FURI%252Fhttps%253A%252F%252Flibrary.oapen.org%252Fhandle%252F20.500.12657%252F61212', 'first_author': '', 'online_identifier': '', 'publisher_name': 'Leiden University Press', 'publication_type': 'monograph', 'date_monograph_published_online': '2022', 'first_editor': 'Fischer-Tiné, Harald', 'access_type': 'openaccess', 'source_id': '20.500.12657/61212', 'source_id_type': 'File Handle'}
Record 1715: {'title_id': 'https://library.oapen.org/handle/20.500.12657/53100', 'publication_title': 'Digital Capitalism and Distributive Forces; Digitalisierung als Distributivkraft. Über das Neue am digitalen Kapitalismus', 'title_url': 'https://patron-academic.thepalaceproject.org/ucdavis/book/https%3A%2F%2Fcdl.edu.thepalaceproject.org%2F110644%2Fworks%2FURI%252Fhttps%253A%252F%252Flibrary.oapen.org%252Fhandle%252F20.500.12657%252F53100', 'first_author': 'Pfeiffer, Sabine', 'online_identifier': '', 'publisher_name': 'transcript Verlag', 'publication_type': 'monograph', 'date_monograph_published_online': '2022', 'first_editor': '', 'access_type': 'openaccess', 'source_id': '20.500.12657/53100', 'source_id_type': 'File Handle'}
Record 1716: {'title_id': 'https://library.oapen.org/handle/20.500.12657/60250', 'publication_title': 'Allied Air Attacks and Civilian Harm in Italy, 1940–1945 Bombing among Friends', 'title_url': 'https://patron-academic.thepalaceproject.org/ucdavis/book/https%3A%2F%2Fcdl.edu.thepalaceproject.org%2F110644%2Fworks%2FURI%252Fhttps%253A%252F%252Flibrary.oapen.org%252Fhandle%252F20.500.12657%252F60250', 'first_author': 'Evangelista, Matthew', 'online_identifier': '', 'publisher_name': 'Taylor & Francis', 'publication_type': 'monograph', 'date_monograph_published_online': '2022', 'first_editor': '', 'access_type': 'openaccess', 'source_id': '20.500.12657/60250', 'source_id_type': 'File Handle'}
Record 1717: {'title_id': 'https://library.oapen.org/handle/20.500.12657/54431', 'publication_title': 'Putting PIRLS to Use in Classrooms Across the Globe Evidence-Based Contributions for Teaching Reading Comprehension in a Multilingual Context', 'title_url': 'https://patron-academic.thepalaceproject.org/ucdavis/book/https%3A%2F%2Fcdl.edu.thepalaceproject.org%2F110644%2Fworks%2FURI%252Fhttps%253A%252F%252Flibrary.oapen.org%252Fhandle%252F20.500.12657%252F54431', 'first_author': '', 'online_identifier': '', 'publisher_name': 'Springer Nature', 'publication_type': 'monograph', 'date_monograph_published_online': '2022', 'first_editor': '', 'access_type': 'openaccess', 'source_id': '20.500.12657/54431', 'source_id_type': 'File Handle'}
Record 1718: {'title_id': 'https://library.oapen.org/handle/20.500.12657/53323', 'publication_title': 'Intercultural Approaches to Education From Theory to Practice', 'title_url': 'https://patron-academic.thepalaceproject.org/ucdavis/book/https%3A%2F%2Fcdl.edu.thepalaceproject.org%2F110644%2Fworks%2FURI%252Fhttps%253A%252F%252Flibrary.oapen.org%252Fhandle%252F20.500.12657%252F53323', 'first_author': '', 'online_identifier': '', 'publisher_name': 'Springer Nature', 'publication_type': 'monograph', 'date_monograph_published_online': '2022', 'first_editor': '', 'access_type': 'openaccess', 'source_id': '20.500.12657/53323', 'source_id_type': 'File Handle'}
Record 1719: {'title_id': 'https://library.oapen.org/handle/20.500.12657/61335', 'publication_title': 'Reading the New Testament in the Manifold Contexts of a Globalized World Exegetical Perspectives', 'title_url': 'https://patron-academic.thepalaceproject.org/ucdavis/book/https%3A%2F%2Fcdl.edu.thepalaceproject.org%2F110644%2Fworks%2FURI%252Fhttps%253A%252F%252Flibrary.oapen.org%252Fhandle%252F20.500.12657%252F61335', 'first_author': '', 'online_identifier': '', 'publisher_name': 'A. Francke Verlag', 'publication_type': 'monograph', 'date_monograph_published_online': '2022', 'first_editor': 'Becker, Eve-Marie', 'access_type': 'openaccess', 'source_id': '20.500.12657/61335', 'source_id_type': 'File Handle'}
Record 1720: {'title_id': 'https://library.oapen.org/handle/20.500.12657/57297', 'publication_title': 'Engaged Humanities Rethinking Art, Culture, and Public Life', 'title_url': 'https://patron-academic.thepalaceproject.org/ucdavis/book/https%3A%2F%2Fcdl.edu.thepalaceproject.org%2F110644%2Fworks%2FURI%252Fhttps%253A%252F%252Flibrary.oapen.org%252Fhandle%252F20.500.12657%252F57297', 'first_author': '', 'online_identifier': '', 'publisher_name': 'Amsterdam University Press', 'publication_type': 'monograph', 'date_monograph_published_online': '2022', 'first_editor': 'Kluveld, Amanda', 'access_type': 'openaccess', 'source_id': '20.500.12657/57297', 'source_id_type': 'File Handle'}
Record 1721: {'title_id': 'https://library.oapen.org/handle/20.500.12657/58462', 'publication_title': 'The Maritime Silk Road Global Connectivities, Regional Nodes, Localities', 'title_url': 'https://patron-academic.thepalaceproject.org/ucdavis/book/https%3A%2F%2Fcdl.edu.thepalaceproject.org%2F110644%2Fworks%2FURI%252Fhttps%253A%252F%252Flibrary.oapen.org%252Fhandle%252F20.500.12657%252F58462', 'first_author': '', 'online_identifier': '', 'publisher_name': 'Amsterdam University Press', 'publication_type': 'monograph', 'date_monograph_published_online': '2022', 'first_editor': 'Billé, Franck', 'access_type': 'openaccess', 'source_id': '20.500.12657/58462', 'source_id_type': 'File Handle'}
Record 1722: {'title_id': 'https://library.oapen.org/handle/20.500.12657/57382', 'publication_title': 'The Logical Writings of Karl Popper', 'title_url': 'https://patron-academic.thepalaceproject.org/ucdavis/book/https%3A%2F%2Fcdl.edu.thepalaceproject.org%2F110644%2Fworks%2FURI%252Fhttps%253A%252F%252Flibrary.oapen.org%252Fhandle%252F20.500.12657%252F57382', 'first_author': '', 'online_identifier': '', 'publisher_name': 'Springer Nature', 'publication_type': 'monograph', 'date_monograph_published_online': '2022', 'first_editor': 'Binder, David', 'access_type': 'openaccess', 'source_id': '20.500.12657/57382', 'source_id_type': 'File Handle'}
Record 1723: {'title_id': 'https://library.oapen.org/handle/20.500.12657/60333', 'publication_title': 'Support for female entrepreneurs Survey evidence for why it makes sense', 'title_url': 'https://patron-academic.thepalaceproject.org/ucdavis/book/https%3A%2F%2Fcdl.edu.thepalaceproject.org%2F110644%2Fworks%2FURI%252Fhttps%253A%252F%252Flibrary.oapen.org%252Fhandle%252F20.500.12657%252F60333', 'first_author': 'Bank, European Investment', 'online_identifier': '', 'publisher_name': 'European Investment Bank', 'publication_type': 'monograph', 'date_monograph_published_online': '2022', 'first_editor': '', 'access_type': 'openaccess', 'source_id': '20.500.12657/60333', 'source_id_type': 'File Handle'}
Record 1724: {'title_id': 'https://library.oapen.org/handle/20.500.12657/76653', 'publication_title': 'The Linguistic Landscape of the Indian Himalayas Languages in Kinnaur', 'title_url': 'https://patron-academic.thepalaceproject.org/ucdavis/book/https%3A%2F%2Fcdl.edu.thepalaceproject.org%2F110644%2Fworks%2FURI%252Fhttps%253A%252F%252Flibrary.oapen.org%252Fhandle%252F20.500.12657%252F76653', 'first_author': 'Saxena, Anju', 'online_identifier': '', 'publisher_name': 'Brill', 'publication_type': 'monograph', 'date_monograph_published_online': '2022', 'first_editor': '', 'access_type': 'openaccess', 'source_id': '20.500.12657/76653', 'source_id_type': 'File Handle'}
Record 1725: {'title_id': 'https://library.oapen.org/handle/20.500.12657/57811', 'publication_title': 'Millicent Garrett Fawcett Selected writings', 'title_url': 'https://patron-academic.thepalaceproject.org/ucdavis/book/https%3A%2F%2Fcdl.edu.thepalaceproject.org%2F110644%2Fworks%2FURI%252Fhttps%253A%252F%252Flibrary.oapen.org%252Fhandle%252F20.500.12657%252F57811', 'first_author': '', 'online_identifier': '', 'publisher_name': 'UCL Press', 'publication_type': 'monograph', 'date_monograph_published_online': '2022', 'first_editor': 'Crawford, Elizabeth', 'access_type': 'openaccess', 'source_id': '20.500.12657/57811', 'source_id_type': 'File Handle'}
Record 1726: {'title_id': 'https://library.oapen.org/handle/20.500.12657/58883', 'publication_title': 'Genndy Tartakovsky Sincerity in Animation', 'title_url': 'https://patron-academic.thepalaceproject.org/ucdavis/book/https%3A%2F%2Fcdl.edu.thepalaceproject.org%2F110644%2Fworks%2FURI%252Fhttps%253A%252F%252Flibrary.oapen.org%252Fhandle%252F20.500.12657%252F58883', 'first_author': 'Tembo, Kwasu David', 'online_identifier': '', 'publisher_name': 'Bloomsbury Academic', 'publication_type': 'monograph', 'date_monograph_published_online': '2022', 'first_editor': '', 'access_type': 'openaccess', 'source_id': '20.500.12657/58883', 'source_id_type': 'File Handle'}
Record 1727: {'title_id': 'https://library.oapen.org/handle/20.500.12657/59127', 'publication_title': 'Transitioning to Good Health and Well-Being', 'title_url': 'https://patron-academic.thepalaceproject.org/ucdavis/book/https%3A%2F%2Fcdl.edu.thepalaceproject.org%2F110644%2Fworks%2FURI%252Fhttps%253A%252F%252Flibrary.oapen.org%252Fhandle%252F20.500.12657%252F59127', 'first_author': 'Flahault, Antoine', 'online_identifier': '', 'publisher_name': 'MDPI - Multidisciplinary Digital Publishing Institute', 'publication_type': 'monograph', 'date_monograph_published_online': '2022', 'first_editor': '', 'access_type': 'openaccess', 'source_id': '20.500.12657/59127', 'source_id_type': 'File Handle'}
Record 1728: {'title_id': 'https://library.oapen.org/handle/20.500.12657/61136', 'publication_title': 'Complexities of Spiritual Care in Plural Societies Education, Praxis and Concepts', 'title_url': 'https://patron-academic.thepalaceproject.org/ucdavis/book/https%3A%2F%2Fcdl.edu.thepalaceproject.org%2F110644%2Fworks%2FURI%252Fhttps%253A%252F%252Flibrary.oapen.org%252Fhandle%252F20.500.12657%252F61136', 'first_author': 'Hege Grung, Anne', 'online_identifier': '', 'publisher_name': 'De Gruyter', 'publication_type': 'monograph', 'date_monograph_published_online': '2022', 'first_editor': '', 'access_type': 'openaccess', 'source_id': '20.500.12657/61136', 'source_id_type': 'File Handle'}
Record 1729: {'title_id': 'https://library.oapen.org/handle/20.500.12657/59787', 'publication_title': 'Stalin, Japan, and the Struggle for Supremacy over China, 1894–1945', 'title_url': 'https://patron-academic.thepalaceproject.org/ucdavis/book/https%3A%2F%2Fcdl.edu.thepalaceproject.org%2F110644%2Fworks%2FURI%252Fhttps%253A%252F%252Flibrary.oapen.org%252Fhandle%252F20.500.12657%252F59787', 'first_author': 'Kuromiya, Hiroaki', 'online_identifier': '', 'publisher_name': 'Taylor & Francis', 'publication_type': 'monograph', 'date_monograph_published_online': '2022', 'first_editor': '', 'access_type': 'openaccess', 'source_id': '20.500.12657/59787', 'source_id_type': 'File Handle'}
Record 1730: {'title_id': 'https://library.oapen.org/handle/20.500.12657/57281', 'publication_title': 'Proceedings of the 2021 Joint Workshop of Fraunhofer IOSB and Institute for Anthropomatics, Vision and Fusion Laboratory', 'title_url': 'https://patron-academic.thepalaceproject.org/ucdavis/book/https%3A%2F%2Fcdl.edu.thepalaceproject.org%2F110644%2Fworks%2FURI%252Fhttps%253A%252F%252Flibrary.oapen.org%252Fhandle%252F20.500.12657%252F57281', 'first_author': '', 'online_identifier': '', 'publisher_name': 'KIT Scientific Publishing', 'publication_type': 'monograph', 'date_monograph_published_online': '2022', 'first_editor': 'Beyerer, Jürgen', 'access_type': 'openaccess', 'source_id': '20.500.12657/57281', 'source_id_type': 'File Handle'}
Record 1731: {'title_id': 'https://library.oapen.org/handle/20.500.12657/58362', 'publication_title': 'Higher Degree by Research Factors for Indigenous Student Success', 'title_url': 'https://patron-academic.thepalaceproject.org/ucdavis/book/https%3A%2F%2Fcdl.edu.thepalaceproject.org%2F110644%2Fworks%2FURI%252Fhttps%253A%252F%252Flibrary.oapen.org%252Fhandle%252F20.500.12657%252F58362', 'first_author': '', 'online_identifier': '', 'publisher_name': 'Springer Nature', 'publication_type': 'monograph', 'date_monograph_published_online': '2022', 'first_editor': '', 'access_type': 'openaccess', 'source_id': '20.500.12657/58362', 'source_id_type': 'File Handle'}
Record 1732: {'title_id': 'https://library.oapen.org/handle/20.500.12657/57702', 'publication_title': 'Engaging Spaces How to increase social awareness and human wellbeing through experience design', 'title_url': 'https://patron-academic.thepalaceproject.org/ucdavis/book/https%3A%2F%2Fcdl.edu.thepalaceproject.org%2F110644%2Fworks%2FURI%252Fhttps%253A%252F%252Flibrary.oapen.org%252Fhandle%252F20.500.12657%252F57702', 'first_author': '', 'online_identifier': '', 'publisher_name': 'FrancoAngeli', 'publication_type': 'monograph', 'date_monograph_published_online': '2022', 'first_editor': 'Camocini, Barbara', 'access_type': 'openaccess', 'source_id': '20.500.12657/57702', 'source_id_type': 'File Handle'}
Record 1733: {'title_id': 'https://library.oapen.org/handle/20.500.12657/53010', 'publication_title': 'US Counterterrorism and the Human Rights of Foreigners Abroad Putting the Gloves Back On?', 'title_url': 'https://patron-academic.thepalaceproject.org/ucdavis/book/https%3A%2F%2Fcdl.edu.thepalaceproject.org%2F110644%2Fworks%2FURI%252Fhttps%253A%252F%252Flibrary.oapen.org%252Fhandle%252F20.500.12657%252F53010', 'first_author': '', 'online_identifier': '', 'publisher_name': 'Taylor & Francis', 'publication_type': 'monograph', 'date_monograph_published_online': '2022', 'first_editor': '', 'access_type': 'openaccess', 'source_id': '20.500.12657/53010', 'source_id_type': 'File Handle'}
Record 1734: {'title_id': 'https://library.oapen.org/handle/20.500.12657/61040', 'publication_title': 'Central and Eastern European Literary Theory and the West', 'title_url': 'https://patron-academic.thepalaceproject.org/ucdavis/book/https%3A%2F%2Fcdl.edu.thepalaceproject.org%2F110644%2Fworks%2FURI%252Fhttps%253A%252F%252Flibrary.oapen.org%252Fhandle%252F20.500.12657%252F61040', 'first_author': '', 'online_identifier': '', 'publisher_name': 'De Gruyter', 'publication_type': 'monograph', 'date_monograph_published_online': '2022', 'first_editor': 'Mrugalski, Michał', 'access_type': 'openaccess', 'source_id': '20.500.12657/61040', 'source_id_type': 'File Handle'}
Record 1735: {'title_id': 'https://library.oapen.org/handle/20.500.12657/89656', 'publication_title': 'Performance Spaces and Stage Technologies A Comparative Perspective on Theatre History', 'title_url': 'https://patron-academic.thepalaceproject.org/ucdavis/book/https%3A%2F%2Fcdl.edu.thepalaceproject.org%2F110644%2Fworks%2FURI%252Fhttps%253A%252F%252Flibrary.oapen.org%252Fhandle%252F20.500.12657%252F89656', 'first_author': '', 'online_identifier': '', 'publisher_name': 'transcript Verlag', 'publication_type': 'monograph', 'date_monograph_published_online': '2022', 'first_editor': 'Dethlefs, Hans Joachim', 'access_type': 'openaccess', 'source_id': '20.500.12657/89656', 'source_id_type': 'File Handle'}
Record 1736: {'title_id': 'https://library.oapen.org/handle/20.500.12657/62544', 'publication_title': 'Grammars of the Urban Ground', 'title_url': 'https://patron-academic.thepalaceproject.org/ucdavis/book/https%3A%2F%2Fcdl.edu.thepalaceproject.org%2F110644%2Fworks%2FURI%252Fhttps%253A%252F%252Flibrary.oapen.org%252Fhandle%252F20.500.12657%252F62544', 'first_author': '', 'online_identifier': '', 'publisher_name': 'Duke University Press', 'publication_type': 'monograph', 'date_monograph_published_online': '2022', 'first_editor': 'Amin, Ash', 'access_type': 'openaccess', 'source_id': '20.500.12657/62544', 'source_id_type': 'File Handle'}
Record 1737: {'title_id': 'https://library.oapen.org/handle/20.500.12657/59304', 'publication_title': 'Urban Politics of Human Rights', 'title_url': 'https://patron-academic.thepalaceproject.org/ucdavis/book/https%3A%2F%2Fcdl.edu.thepalaceproject.org%2F110644%2Fworks%2FURI%252Fhttps%253A%252F%252Flibrary.oapen.org%252Fhandle%252F20.500.12657%252F59304', 'first_author': '', 'online_identifier': '', 'publisher_name': 'Taylor & Francis', 'publication_type': 'monograph', 'date_monograph_published_online': '2022', 'first_editor': 'Durmuş, Elif', 'access_type': 'openaccess', 'source_id': '20.500.12657/59304', 'source_id_type': 'File Handle'}
Record 1738: {'title_id': 'https://library.oapen.org/handle/20.500.12657/53707', 'publication_title': 'Portraying Cicero in Literature, Culture, and Politics From Ancient to Modern Times', 'title_url': 'https://patron-academic.thepalaceproject.org/ucdavis/book/https%3A%2F%2Fcdl.edu.thepalaceproject.org%2F110644%2Fworks%2FURI%252Fhttps%253A%252F%252Flibrary.oapen.org%252Fhandle%252F20.500.12657%252F53707', 'first_author': '', 'online_identifier': '', 'publisher_name': 'De Gruyter', 'publication_type': 'monograph', 'date_monograph_published_online': '2022', 'first_editor': 'Berno, Francesca Romana', 'access_type': 'openaccess', 'source_id': '20.500.12657/53707', 'source_id_type': 'File Handle'}
Record 1739: {'title_id': 'https://library.oapen.org/handle/20.500.12657/60174', 'publication_title': 'Reindeer Husbandry Adaptation to the Changing Arctic, Volume 1', 'title_url': 'https://patron-academic.thepalaceproject.org/ucdavis/book/https%3A%2F%2Fcdl.edu.thepalaceproject.org%2F110644%2Fworks%2FURI%252Fhttps%253A%252F%252Flibrary.oapen.org%252Fhandle%252F20.500.12657%252F60174', 'first_author': '', 'online_identifier': '', 'publisher_name': 'Springer Nature', 'publication_type': 'monograph', 'date_monograph_published_online': '2022', 'first_editor': 'Eira, Inger Marie Gaup', 'access_type': 'openaccess', 'source_id': '20.500.12657/60174', 'source_id_type': 'File Handle'}
Record 1740: {'title_id': 'https://library.oapen.org/handle/20.500.12657/62940', 'publication_title': 'Scholarship of education and human rights in diversity Engaging discourses from the South', 'title_url': 'https://patron-academic.thepalaceproject.org/ucdavis/book/https%3A%2F%2Fcdl.edu.thepalaceproject.org%2F110644%2Fworks%2FURI%252Fhttps%253A%252F%252Flibrary.oapen.org%252Fhandle%252F20.500.12657%252F62940', 'first_author': '', 'online_identifier': '', 'publisher_name': 'AOSIS', 'publication_type': 'monograph', 'date_monograph_published_online': '2022', 'first_editor': 'Naidoo, Shantha', 'access_type': 'openaccess', 'source_id': '20.500.12657/62940', 'source_id_type': 'File Handle'}
Record 1741: {'title_id': 'https://library.oapen.org/handle/20.500.12657/58048', 'publication_title': 'Paratexts in Translation Nordic Perspectives', 'title_url': 'https://patron-academic.thepalaceproject.org/ucdavis/book/https%3A%2F%2Fcdl.edu.thepalaceproject.org%2F110644%2Fworks%2FURI%252Fhttps%253A%252F%252Flibrary.oapen.org%252Fhandle%252F20.500.12657%252F58048', 'first_author': '', 'online_identifier': '', 'publisher_name': 'Frank & Timme', 'publication_type': 'monograph', 'date_monograph_published_online': '2022', 'first_editor': 'Pleijel, Richard', 'access_type': 'openaccess', 'source_id': '20.500.12657/58048', 'source_id_type': 'File Handle'}
Record 1742: {'title_id': 'https://library.oapen.org/handle/20.500.12657/59174', 'publication_title': 'Equality in the City Imaginaries of the Smart Future', 'title_url': 'https://patron-academic.thepalaceproject.org/ucdavis/book/https%3A%2F%2Fcdl.edu.thepalaceproject.org%2F110644%2Fworks%2FURI%252Fhttps%253A%252F%252Flibrary.oapen.org%252Fhandle%252F20.500.12657%252F59174', 'first_author': 'Flynn, Susan', 'online_identifier': '', 'publisher_name': 'Intellect', 'publication_type': 'monograph', 'date_monograph_published_online': '2022', 'first_editor': '', 'access_type': 'openaccess', 'source_id': '20.500.12657/59174', 'source_id_type': 'File Handle'}
Record 1743: {'title_id': 'https://library.oapen.org/handle/20.500.12657/88192', 'publication_title': 'Politics and the Urban Frontier Transformation and Divergence in Late Urbanizing East Africa', 'title_url': 'https://patron-academic.thepalaceproject.org/ucdavis/book/https%3A%2F%2Fcdl.edu.thepalaceproject.org%2F110644%2Fworks%2FURI%252Fhttps%253A%252F%252Flibrary.oapen.org%252Fhandle%252F20.500.12657%252F88192', 'first_author': 'Goodfellow, Tom', 'online_identifier': '', 'publisher_name': 'Oxford University Press', 'publication_type': 'monograph', 'date_monograph_published_online': '2022', 'first_editor': '', 'access_type': 'openaccess', 'source_id': '20.500.12657/88192', 'source_id_type': 'File Handle'}
Record 1744: {'title_id': 'https://library.oapen.org/handle/20.500.12657/54269', 'publication_title': 'Promoting Statistical Practice and Collaboration in Developing Countries', 'title_url': 'https://patron-academic.thepalaceproject.org/ucdavis/book/https%3A%2F%2Fcdl.edu.thepalaceproject.org%2F110644%2Fworks%2FURI%252Fhttps%253A%252F%252Flibrary.oapen.org%252Fhandle%252F20.500.12657%252F54269', 'first_author': '', 'online_identifier': '', 'publisher_name': 'Taylor & Francis', 'publication_type': 'monograph', 'date_monograph_published_online': '2022', 'first_editor': 'Awe, O. Olawale', 'access_type': 'openaccess', 'source_id': '20.500.12657/54269', 'source_id_type': 'File Handle'}
Record 1745: {'title_id': 'https://library.oapen.org/handle/20.500.12657/58498', 'publication_title': 'EIB Group activities in EU cohesion regions in 2021 A bigger, bolder and more focused approach to cohesion', 'title_url': 'https://patron-academic.thepalaceproject.org/ucdavis/book/https%3A%2F%2Fcdl.edu.thepalaceproject.org%2F110644%2Fworks%2FURI%252Fhttps%253A%252F%252Flibrary.oapen.org%252Fhandle%252F20.500.12657%252F58498', 'first_author': 'Bank, European Investment', 'online_identifier': '', 'publisher_name': 'European Investment Bank', 'publication_type': 'monograph', 'date_monograph_published_online': '2022', 'first_editor': '', 'access_type': 'openaccess', 'source_id': '20.500.12657/58498', 'source_id_type': 'File Handle'}
Record 1746: {'title_id': 'https://library.oapen.org/handle/20.500.12657/57543', 'publication_title': 'Semitic Dialects and Dialectology Fieldwork—Community—Change', 'title_url': 'https://patron-academic.thepalaceproject.org/ucdavis/book/https%3A%2F%2Fcdl.edu.thepalaceproject.org%2F110644%2Fworks%2FURI%252Fhttps%253A%252F%252Flibrary.oapen.org%252Fhandle%252F20.500.12657%252F57543', 'first_author': '', 'online_identifier': '', 'publisher_name': 'Heidelberg University Publishing (heiUP)', 'publication_type': 'monograph', 'date_monograph_published_online': '2022', 'first_editor': 'Klimiuk, Maciej', 'access_type': 'openaccess', 'source_id': '20.500.12657/57543', 'source_id_type': 'File Handle'}
Record 1747: {'title_id': 'https://library.oapen.org/handle/20.500.12657/60491', 'publication_title': 'Northeastern Asia and the Northern Rockies Treasures from the Los Angeles County Museum of Art and the Daryl S. Paulson Collection', 'title_url': 'https://patron-academic.thepalaceproject.org/ucdavis/book/https%3A%2F%2Fcdl.edu.thepalaceproject.org%2F110644%2Fworks%2FURI%252Fhttps%253A%252F%252Flibrary.oapen.org%252Fhandle%252F20.500.12657%252F60491', 'first_author': '', 'online_identifier': '', 'publisher_name': 'punctum books', 'publication_type': 'monograph', 'date_monograph_published_online': '2022', 'first_editor': '', 'access_type': 'openaccess', 'source_id': '20.500.12657/60491', 'source_id_type': 'File Handle'}
Record 1748: {'title_id': 'https://library.oapen.org/handle/20.500.12657/57795', 'publication_title': 'Being Interdisciplinary Adventures in urban science and beyond', 'title_url': 'https://patron-academic.thepalaceproject.org/ucdavis/book/https%3A%2F%2Fcdl.edu.thepalaceproject.org%2F110644%2Fworks%2FURI%252Fhttps%253A%252F%252Flibrary.oapen.org%252Fhandle%252F20.500.12657%252F57795', 'first_author': 'Wilson, Alan', 'online_identifier': '', 'publisher_name': 'UCL Press', 'publication_type': 'monograph', 'date_monograph_published_online': '2022', 'first_editor': '', 'access_type': 'openaccess', 'source_id': '20.500.12657/57795', 'source_id_type': 'File Handle'}
Record 1749: {'title_id': 'https://library.oapen.org/handle/20.500.12657/59915', 'publication_title': "Drawing and Experiencing Architecture The Evolving Significance of City's Inhabitants in the 20th Century", 'title_url': 'https://patron-academic.thepalaceproject.org/ucdavis/book/https%3A%2F%2Fcdl.edu.thepalaceproject.org%2F110644%2Fworks%2FURI%252Fhttps%253A%252F%252Flibrary.oapen.org%252Fhandle%252F20.500.12657%252F59915', 'first_author': 'Charitonidou, Marianna', 'online_identifier': '', 'publisher_name': 'transcript Verlag', 'publication_type': 'monograph', 'date_monograph_published_online': '2022', 'first_editor': '', 'access_type': 'openaccess', 'source_id': '20.500.12657/59915', 'source_id_type': 'File Handle'}
Record 1750: {'title_id': 'https://library.oapen.org/handle/20.500.12657/61128', 'publication_title': 'Unter Beobachtung | Under Surveillance Vertriebenenverbände im Blick der sozialistischen Sicherheitsdienste | The Monitoring of Expellee Organizations by the Socialist Security Services', 'title_url': 'https://patron-academic.thepalaceproject.org/ucdavis/book/https%3A%2F%2Fcdl.edu.thepalaceproject.org%2F110644%2Fworks%2FURI%252Fhttps%253A%252F%252Flibrary.oapen.org%252Fhandle%252F20.500.12657%252F61128', 'first_author': 'Lehr, Stefan', 'online_identifier': '', 'publisher_name': 'De Gruyter', 'publication_type': 'monograph', 'date_monograph_published_online': '2022', 'first_editor': '', 'access_type': 'openaccess', 'source_id': '20.500.12657/61128', 'source_id_type': 'File Handle'}
Record 1751: {'title_id': 'https://library.oapen.org/handle/20.500.12657/74777', 'publication_title': 'The Making of Constitutional Democracy From Creation to Application of Law', 'title_url': 'https://patron-academic.thepalaceproject.org/ucdavis/book/https%3A%2F%2Fcdl.edu.thepalaceproject.org%2F110644%2Fworks%2FURI%252Fhttps%253A%252F%252Flibrary.oapen.org%252Fhandle%252F20.500.12657%252F74777', 'first_author': 'Sandro, Paolo', 'online_identifier': '', 'publisher_name': 'Bloomsbury Academic', 'publication_type': 'monograph', 'date_monograph_published_online': '2022', 'first_editor': '', 'access_type': 'openaccess', 'source_id': '20.500.12657/74777', 'source_id_type': 'File Handle'}
Record 1752: {'title_id': 'https://library.oapen.org/handle/20.500.12657/60162', 'publication_title': 'Design for Electromagnetic Compatibility--In a Nutshell Theory and Practice', 'title_url': 'https://patron-academic.thepalaceproject.org/ucdavis/book/https%3A%2F%2Fcdl.edu.thepalaceproject.org%2F110644%2Fworks%2FURI%252Fhttps%253A%252F%252Flibrary.oapen.org%252Fhandle%252F20.500.12657%252F60162', 'first_author': 'Keller, Reto B.', 'online_identifier': '', 'publisher_name': 'Springer Nature', 'publication_type': 'monograph', 'date_monograph_published_online': '2022', 'first_editor': '', 'access_type': 'openaccess', 'source_id': '20.500.12657/60162', 'source_id_type': 'File Handle'}
Record 1753: {'title_id': 'https://library.oapen.org/handle/20.500.12657/54023', 'publication_title': 'Revisiting Migrant Networks Migrants and their Descendants in Labour Markets', 'title_url': 'https://patron-academic.thepalaceproject.org/ucdavis/book/https%3A%2F%2Fcdl.edu.thepalaceproject.org%2F110644%2Fworks%2FURI%252Fhttps%253A%252F%252Flibrary.oapen.org%252Fhandle%252F20.500.12657%252F54023', 'first_author': '', 'online_identifier': '', 'publisher_name': 'Springer Nature', 'publication_type': 'monograph', 'date_monograph_published_online': '2022', 'first_editor': 'Eve, Michael', 'access_type': 'openaccess', 'source_id': '20.500.12657/54023', 'source_id_type': 'File Handle'}
Record 1754: {'title_id': 'https://library.oapen.org/handle/20.500.12657/53938', 'publication_title': 'Global Contestations of Gender Rights', 'title_url': 'https://patron-academic.thepalaceproject.org/ucdavis/book/https%3A%2F%2Fcdl.edu.thepalaceproject.org%2F110644%2Fworks%2FURI%252Fhttps%253A%252F%252Flibrary.oapen.org%252Fhandle%252F20.500.12657%252F53938', 'first_author': '', 'online_identifier': '', 'publisher_name': 'Bielefeld University Press', 'publication_type': 'monograph', 'date_monograph_published_online': '2022', 'first_editor': 'Roth, Julia', 'access_type': 'openaccess', 'source_id': '20.500.12657/53938', 'source_id_type': 'File Handle'}
Record 1755: {'title_id': 'https://library.oapen.org/handle/20.500.12657/58453', 'publication_title': 'Exploring Language Education Global and Local Perspectives', 'title_url': 'https://patron-academic.thepalaceproject.org/ucdavis/book/https%3A%2F%2Fcdl.edu.thepalaceproject.org%2F110644%2Fworks%2FURI%252Fhttps%253A%252F%252Flibrary.oapen.org%252Fhandle%252F20.500.12657%252F58453', 'first_author': '', 'online_identifier': '', 'publisher_name': 'Stockholm University Press', 'publication_type': 'monograph', 'date_monograph_published_online': '2022', 'first_editor': 'Bardel, Camilla', 'access_type': 'openaccess', 'source_id': '20.500.12657/58453', 'source_id_type': 'File Handle'}
Record 1756: {'title_id': 'https://library.oapen.org/handle/20.500.12657/57114', 'publication_title': 'Settling Waterscapes in Europe The Archaeology of Neolithic & Bronze Age Pile-Dwellings', 'title_url': 'https://patron-academic.thepalaceproject.org/ucdavis/book/https%3A%2F%2Fcdl.edu.thepalaceproject.org%2F110644%2Fworks%2FURI%252Fhttps%253A%252F%252Flibrary.oapen.org%252Fhandle%252F20.500.12657%252F57114', 'first_author': '', 'online_identifier': '', 'publisher_name': 'Sidestone Press', 'publication_type': 'monograph', 'date_monograph_published_online': '2022', 'first_editor': 'Dolbunova, Ekaterina', 'access_type': 'openaccess', 'source_id': '20.500.12657/57114', 'source_id_type': 'File Handle'}
Record 1757: {'title_id': 'https://library.oapen.org/handle/20.500.12657/63057', 'publication_title': 'Classical Mythology and Children’s Literature... An Alphabetical Odyssey', 'title_url': 'https://patron-academic.thepalaceproject.org/ucdavis/book/https%3A%2F%2Fcdl.edu.thepalaceproject.org%2F110644%2Fworks%2FURI%252Fhttps%253A%252F%252Flibrary.oapen.org%252Fhandle%252F20.500.12657%252F63057', 'first_author': '', 'online_identifier': '', 'publisher_name': 'University of Warsaw Press', 'publication_type': 'monograph', 'date_monograph_published_online': '2022', 'first_editor': '', 'access_type': 'openaccess', 'source_id': '20.500.12657/63057', 'source_id_type': 'File Handle'}
Record 1758: {'title_id': 'https://library.oapen.org/handle/20.500.12657/63725', 'publication_title': 'Voices from the Digital Classroom 25 Interviews about Teaching and Learning in the Face of a Global Pandemic', 'title_url': 'https://patron-academic.thepalaceproject.org/ucdavis/book/https%3A%2F%2Fcdl.edu.thepalaceproject.org%2F110644%2Fworks%2FURI%252Fhttps%253A%252F%252Flibrary.oapen.org%252Fhandle%252F20.500.12657%252F63725', 'first_author': '', 'online_identifier': '', 'publisher_name': 'University of Calgary Press', 'publication_type': 'monograph', 'date_monograph_published_online': '2022', 'first_editor': 'Abegglen, Sandra', 'access_type': 'openaccess', 'source_id': '20.500.12657/63725', 'source_id_type': 'File Handle'}
Record 1759: {'title_id': 'https://library.oapen.org/handle/20.500.12657/53688', 'publication_title': 'New Lives in Anand Building a Muslim Hub in Western India', 'title_url': 'https://patron-academic.thepalaceproject.org/ucdavis/book/https%3A%2F%2Fcdl.edu.thepalaceproject.org%2F110644%2Fworks%2FURI%252Fhttps%253A%252F%252Flibrary.oapen.org%252Fhandle%252F20.500.12657%252F53688', 'first_author': 'Verstappen, Sanderien', 'online_identifier': '', 'publisher_name': 'University of Washington Press', 'publication_type': 'monograph', 'date_monograph_published_online': '2022', 'first_editor': '', 'access_type': 'openaccess', 'source_id': '20.500.12657/53688', 'source_id_type': 'File Handle'}
Record 1760: {'title_id': 'https://library.oapen.org/handle/20.500.12657/54316', 'publication_title': 'Post-Liberal Statebuilding in Central Asia Imaginaries, Discourses and Practices of Social Ordering', 'title_url': 'https://patron-academic.thepalaceproject.org/ucdavis/book/https%3A%2F%2Fcdl.edu.thepalaceproject.org%2F110644%2Fworks%2FURI%252Fhttps%253A%252F%252Flibrary.oapen.org%252Fhandle%252F20.500.12657%252F54316', 'first_author': 'Lottholz, Philipp', 'online_identifier': '', 'publisher_name': 'Bristol University Press', 'publication_type': 'monograph', 'date_monograph_published_online': '2022', 'first_editor': '', 'access_type': 'openaccess', 'source_id': '20.500.12657/54316', 'source_id_type': 'File Handle'}
Record 1761: {'title_id': 'https://library.oapen.org/handle/20.500.12657/52826', 'publication_title': 'Anthropologies of Global Maternal and Reproductive Health From Policy Spaces to Sites of Practice', 'title_url': 'https://patron-academic.thepalaceproject.org/ucdavis/book/https%3A%2F%2Fcdl.edu.thepalaceproject.org%2F110644%2Fworks%2FURI%252Fhttps%253A%252F%252Flibrary.oapen.org%252Fhandle%252F20.500.12657%252F52826', 'first_author': '', 'online_identifier': '', 'publisher_name': 'Springer Nature', 'publication_type': 'monograph', 'date_monograph_published_online': '2022', 'first_editor': 'MacDonald, Margaret E.', 'access_type': 'openaccess', 'source_id': '20.500.12657/52826', 'source_id_type': 'File Handle'}
Record 1762: {'title_id': 'https://library.oapen.org/handle/20.500.12657/58061', 'publication_title': 'Styling Sagaciousness Oh Great No!', 'title_url': 'https://patron-academic.thepalaceproject.org/ucdavis/book/https%3A%2F%2Fcdl.edu.thepalaceproject.org%2F110644%2Fworks%2FURI%252Fhttps%253A%252F%252Flibrary.oapen.org%252Fhandle%252F20.500.12657%252F58061', 'first_author': 'Nechvatal, Joseph', 'online_identifier': '', 'publisher_name': 'punctum books', 'publication_type': 'monograph', 'date_monograph_published_online': '2022', 'first_editor': '', 'access_type': 'openaccess', 'source_id': '20.500.12657/58061', 'source_id_type': 'File Handle'}
Record 1763: {'title_id': 'https://library.oapen.org/handle/20.500.12657/59032', 'publication_title': 'Climate Neutral and Resilient Farming Systems Practical Solutions for Climate Mitigation and Adaptation', 'title_url': 'https://patron-academic.thepalaceproject.org/ucdavis/book/https%3A%2F%2Fcdl.edu.thepalaceproject.org%2F110644%2Fworks%2FURI%252Fhttps%253A%252F%252Flibrary.oapen.org%252Fhandle%252F20.500.12657%252F59032', 'first_author': 'Nagothu, Udaya Sekhar', 'online_identifier': '', 'publisher_name': 'Taylor & Francis', 'publication_type': 'monograph', 'date_monograph_published_online': '2022', 'first_editor': '', 'access_type': 'openaccess', 'source_id': '20.500.12657/59032', 'source_id_type': 'File Handle'}
Record 1764: {'title_id': 'https://library.oapen.org/handle/20.500.12657/55789', 'publication_title': 'The Front-end of Large Public Projects Paradoxes and Ways Ahead', 'title_url': 'https://patron-academic.thepalaceproject.org/ucdavis/book/https%3A%2F%2Fcdl.edu.thepalaceproject.org%2F110644%2Fworks%2FURI%252Fhttps%253A%252F%252Flibrary.oapen.org%252Fhandle%252F20.500.12657%252F55789', 'first_author': '', 'online_identifier': '', 'publisher_name': 'Taylor & Francis', 'publication_type': 'monograph', 'date_monograph_published_online': '2022', 'first_editor': 'Samset, Knut', 'access_type': 'openaccess', 'source_id': '20.500.12657/55789', 'source_id_type': 'File Handle'}
Record 1765: {'title_id': 'https://library.oapen.org/handle/20.500.12657/86571', 'publication_title': 'Religion and the Everyday Life of Manichaeans in Kellis Beyond Light and Darkness', 'title_url': 'https://patron-academic.thepalaceproject.org/ucdavis/book/https%3A%2F%2Fcdl.edu.thepalaceproject.org%2F110644%2Fworks%2FURI%252Fhttps%253A%252F%252Flibrary.oapen.org%252Fhandle%252F20.500.12657%252F86571', 'first_author': 'Brand, Mattias', 'online_identifier': '', 'publisher_name': 'Brill', 'publication_type': 'monograph', 'date_monograph_published_online': '2022', 'first_editor': '', 'access_type': 'openaccess', 'source_id': '20.500.12657/86571', 'source_id_type': 'File Handle'}
Record 1766: {'title_id': 'https://library.oapen.org/handle/20.500.12657/61132', 'publication_title': 'Deportations in the Nazi Era Sources and Research', 'title_url': 'https://patron-academic.thepalaceproject.org/ucdavis/book/https%3A%2F%2Fcdl.edu.thepalaceproject.org%2F110644%2Fworks%2FURI%252Fhttps%253A%252F%252Flibrary.oapen.org%252Fhandle%252F20.500.12657%252F61132', 'first_author': '', 'online_identifier': '', 'publisher_name': 'De Gruyter', 'publication_type': 'monograph', 'date_monograph_published_online': '2022', 'first_editor': 'Borggräfe, Henning', 'access_type': 'openaccess', 'source_id': '20.500.12657/61132', 'source_id_type': 'File Handle'}
Record 1767: {'title_id': 'https://library.oapen.org/handle/20.500.12657/59797', 'publication_title': 'Sensing Mountains Innsbruck Summer School of Alpine Research 2022 – Close Range Sensing Techniques in Alpine Terrain', 'title_url': 'https://patron-academic.thepalaceproject.org/ucdavis/book/https%3A%2F%2Fcdl.edu.thepalaceproject.org%2F110644%2Fworks%2FURI%252Fhttps%253A%252F%252Flibrary.oapen.org%252Fhandle%252F20.500.12657%252F59797', 'first_author': '', 'online_identifier': '', 'publisher_name': 'innsbruck university press', 'publication_type': 'monograph', 'date_monograph_published_online': '2022', 'first_editor': 'Anders, Katharina', 'access_type': 'openaccess', 'source_id': '20.500.12657/59797', 'source_id_type': 'File Handle'}
Record 1768: {'title_id': 'https://library.oapen.org/handle/20.500.12657/57342', 'publication_title': 'The Institutional Compass: Method, Use and Scope', 'title_url': 'https://patron-academic.thepalaceproject.org/ucdavis/book/https%3A%2F%2Fcdl.edu.thepalaceproject.org%2F110644%2Fworks%2FURI%252Fhttps%253A%252F%252Flibrary.oapen.org%252Fhandle%252F20.500.12657%252F57342', 'first_author': 'Friend, Michèle Indira', 'online_identifier': '', 'publisher_name': 'Springer Nature', 'publication_type': 'monograph', 'date_monograph_published_online': '2022', 'first_editor': '', 'access_type': 'openaccess', 'source_id': '20.500.12657/57342', 'source_id_type': 'File Handle'}
Record 1769: {'title_id': 'https://library.oapen.org/handle/20.500.12657/59288', 'publication_title': 'The Age of the Soybean An Environmental History of Soy During the Great Acceleration', 'title_url': 'https://patron-academic.thepalaceproject.org/ucdavis/book/https%3A%2F%2Fcdl.edu.thepalaceproject.org%2F110644%2Fworks%2FURI%252Fhttps%253A%252F%252Flibrary.oapen.org%252Fhandle%252F20.500.12657%252F59288', 'first_author': '', 'online_identifier': '', 'publisher_name': 'The White Horse Press', 'publication_type': 'monograph', 'date_monograph_published_online': '2022', 'first_editor': 'da Silva, Claiton Marcio', 'access_type': 'openaccess', 'source_id': '20.500.12657/59288', 'source_id_type': 'File Handle'}
Record 1770: {'title_id': 'https://library.oapen.org/handle/20.500.12657/60597', 'publication_title': 'Language assessment in multilingual settings Innovative practices across formal and informal environments', 'title_url': 'https://patron-academic.thepalaceproject.org/ucdavis/book/https%3A%2F%2Fcdl.edu.thepalaceproject.org%2F110644%2Fworks%2FURI%252Fhttps%253A%252F%252Flibrary.oapen.org%252Fhandle%252F20.500.12657%252F60597', 'first_author': '', 'online_identifier': '', 'publisher_name': 'Language Science Press', 'publication_type': 'monograph', 'date_monograph_published_online': '2022', 'first_editor': 'Rivera, Rosita L.', 'access_type': 'openaccess', 'source_id': '20.500.12657/60597', 'source_id_type': 'File Handle'}
Record 1771: {'title_id': 'https://library.oapen.org/handle/20.500.12657/52530', 'publication_title': 'The Presence of the Prophet in Early Modern and Contemporary Islam Volume 2, Heirs of the Prophet: Authority and Power', 'title_url': 'https://patron-academic.thepalaceproject.org/ucdavis/book/https%3A%2F%2Fcdl.edu.thepalaceproject.org%2F110644%2Fworks%2FURI%252Fhttps%253A%252F%252Flibrary.oapen.org%252Fhandle%252F20.500.12657%252F52530', 'first_author': '', 'online_identifier': '', 'publisher_name': 'Brill', 'publication_type': 'monograph', 'date_monograph_published_online': '2022', 'first_editor': 'Chih, Rachida', 'access_type': 'openaccess', 'source_id': '20.500.12657/52530', 'source_id_type': 'File Handle'}
Record 1772: {'title_id': 'https://library.oapen.org/handle/20.500.12657/87505', 'publication_title': 'National Security Surveillance in Southern Africa An Anti-Capitalist Perspective', 'title_url': 'https://patron-academic.thepalaceproject.org/ucdavis/book/https%3A%2F%2Fcdl.edu.thepalaceproject.org%2F110644%2Fworks%2FURI%252Fhttps%253A%252F%252Flibrary.oapen.org%252Fhandle%252F20.500.12657%252F87505', 'first_author': 'Duncan, Jane', 'online_identifier': '', 'publisher_name': 'Bloomsbury Academic', 'publication_type': 'monograph', 'date_monograph_published_online': '2022', 'first_editor': '', 'access_type': 'openaccess', 'source_id': '20.500.12657/87505', 'source_id_type': 'File Handle'}
Record 1773: {'title_id': 'https://library.oapen.org/handle/20.500.12657/58967', 'publication_title': 'Diskrete Dissonanzen Poesie und Prosa im deutschsprachigen Realismus 1850–1900', 'title_url': 'https://patron-academic.thepalaceproject.org/ucdavis/book/https%3A%2F%2Fcdl.edu.thepalaceproject.org%2F110644%2Fworks%2FURI%252Fhttps%253A%252F%252Flibrary.oapen.org%252Fhandle%252F20.500.12657%252F58967', 'first_author': 'Felten, Georges', 'online_identifier': '', 'publisher_name': 'Wallstein Verlag', 'publication_type': 'monograph', 'date_monograph_published_online': '2022', 'first_editor': '', 'access_type': 'openaccess', 'source_id': '20.500.12657/58967', 'source_id_type': 'File Handle'}
Record 1774: {'title_id': 'https://library.oapen.org/handle/20.500.12657/89840', 'publication_title': 'Digital Supply Chain Transformation Emerging Technologies for Sustainable Growth', 'title_url': 'https://patron-academic.thepalaceproject.org/ucdavis/book/https%3A%2F%2Fcdl.edu.thepalaceproject.org%2F110644%2Fworks%2FURI%252Fhttps%253A%252F%252Flibrary.oapen.org%252Fhandle%252F20.500.12657%252F89840', 'first_author': '', 'online_identifier': '', 'publisher_name': 'Cardiff University Press', 'publication_type': 'monograph', 'date_monograph_published_online': '2022', 'first_editor': 'Pettit, Stephen', 'access_type': 'openaccess', 'source_id': '20.500.12657/89840', 'source_id_type': 'File Handle'}
Record 1775: {'title_id': 'https://library.oapen.org/handle/20.500.12657/59619', 'publication_title': 'Notions of Temporalities in Artistic Practice', 'title_url': 'https://patron-academic.thepalaceproject.org/ucdavis/book/https%3A%2F%2Fcdl.edu.thepalaceproject.org%2F110644%2Fworks%2FURI%252Fhttps%253A%252F%252Flibrary.oapen.org%252Fhandle%252F20.500.12657%252F59619', 'first_author': 'Batista, Anamarija', 'online_identifier': '', 'publisher_name': 'De Gruyter', 'publication_type': 'monograph', 'date_monograph_published_online': '2022', 'first_editor': '', 'access_type': 'openaccess', 'source_id': '20.500.12657/59619', 'source_id_type': 'File Handle'}
Record 1776: {'title_id': 'https://library.oapen.org/handle/20.500.12657/60172', 'publication_title': 'The Geology of Kuwait', 'title_url': 'https://patron-academic.thepalaceproject.org/ucdavis/book/https%3A%2F%2Fcdl.edu.thepalaceproject.org%2F110644%2Fworks%2FURI%252Fhttps%253A%252F%252Flibrary.oapen.org%252Fhandle%252F20.500.12657%252F60172', 'first_author': '', 'online_identifier': '', 'publisher_name': 'Springer Nature', 'publication_type': 'monograph', 'date_monograph_published_online': '2022', 'first_editor': 'Abd el-aal, Abd el-aziz Khairy', 'access_type': 'openaccess', 'source_id': '20.500.12657/60172', 'source_id_type': 'File Handle'}
Record 1777: {'title_id': 'https://library.oapen.org/handle/20.500.12657/52630', 'publication_title': 'Remanufacturing and Advanced Machining Processes for New Materials and Components', 'title_url': 'https://patron-academic.thepalaceproject.org/ucdavis/book/https%3A%2F%2Fcdl.edu.thepalaceproject.org%2F110644%2Fworks%2FURI%252Fhttps%253A%252F%252Flibrary.oapen.org%252Fhandle%252F20.500.12657%252F52630', 'first_author': '', 'online_identifier': '', 'publisher_name': 'Taylor & Francis', 'publication_type': 'monograph', 'date_monograph_published_online': '2022', 'first_editor': '', 'access_type': 'openaccess', 'source_id': '20.500.12657/52630', 'source_id_type': 'File Handle'}
Record 1778: {'title_id': 'https://library.oapen.org/handle/20.500.12657/52531', 'publication_title': 'The Presence of the Prophet in Early Modern and Contemporary Islam Volume 1, The Prophet Between Doctrine, Literature and Arts: Historical Legacies and Their Unfolding', 'title_url': 'https://patron-academic.thepalaceproject.org/ucdavis/book/https%3A%2F%2Fcdl.edu.thepalaceproject.org%2F110644%2Fworks%2FURI%252Fhttps%253A%252F%252Flibrary.oapen.org%252Fhandle%252F20.500.12657%252F52531', 'first_author': '', 'online_identifier': '', 'publisher_name': 'Brill', 'publication_type': 'monograph', 'date_monograph_published_online': '2022', 'first_editor': 'Gril, Denis', 'access_type': 'openaccess', 'source_id': '20.500.12657/52531', 'source_id_type': 'File Handle'}
Record 1779: {'title_id': 'https://library.oapen.org/handle/20.500.12657/52831', 'publication_title': 'The Advisory Roles of Political Scientists in Europe Comparing Engagements in Policy Advisory Systems', 'title_url': 'https://patron-academic.thepalaceproject.org/ucdavis/book/https%3A%2F%2Fcdl.edu.thepalaceproject.org%2F110644%2Fworks%2FURI%252Fhttps%253A%252F%252Flibrary.oapen.org%252Fhandle%252F20.500.12657%252F52831', 'first_author': '', 'online_identifier': '', 'publisher_name': 'Springer Nature', 'publication_type': 'monograph', 'date_monograph_published_online': '2022', 'first_editor': 'Brans, Marleen', 'access_type': 'openaccess', 'source_id': '20.500.12657/52831', 'source_id_type': 'File Handle'}
Record 1780: {'title_id': 'https://library.oapen.org/handle/20.500.12657/60125', 'publication_title': 'Assessment for Inclusion in Higher Education Promoting Equity and Social Justice in Assessment', 'title_url': 'https://patron-academic.thepalaceproject.org/ucdavis/book/https%3A%2F%2Fcdl.edu.thepalaceproject.org%2F110644%2Fworks%2FURI%252Fhttps%253A%252F%252Flibrary.oapen.org%252Fhandle%252F20.500.12657%252F60125', 'first_author': '', 'online_identifier': '', 'publisher_name': 'Taylor & Francis', 'publication_type': 'monograph', 'date_monograph_published_online': '2022', 'first_editor': 'Ajjawi, Rola', 'access_type': 'openaccess', 'source_id': '20.500.12657/60125', 'source_id_type': 'File Handle'}
Record 1781: {'title_id': 'https://library.oapen.org/handle/20.500.12657/76639', 'publication_title': 'The Impact of Covid on International Disputes', 'title_url': 'https://patron-academic.thepalaceproject.org/ucdavis/book/https%3A%2F%2Fcdl.edu.thepalaceproject.org%2F110644%2Fworks%2FURI%252Fhttps%253A%252F%252Flibrary.oapen.org%252Fhandle%252F20.500.12657%252F76639', 'first_author': '', 'online_identifier': '', 'publisher_name': 'Brill', 'publication_type': 'monograph', 'date_monograph_published_online': '2022', 'first_editor': 'Lalani, Shaheeza', 'access_type': 'openaccess', 'source_id': '20.500.12657/76639', 'source_id_type': 'File Handle'}
Record 1782: {'title_id': 'https://library.oapen.org/handle/20.500.12657/54111', 'publication_title': 'Clitics in the wild Empirical studies on the microvariation of the pronominal, reflexive and verbal clitics in Bosnian, Croatian and Serbian', 'title_url': 'https://patron-academic.thepalaceproject.org/ucdavis/book/https%3A%2F%2Fcdl.edu.thepalaceproject.org%2F110644%2Fworks%2FURI%252Fhttps%253A%252F%252Flibrary.oapen.org%252Fhandle%252F20.500.12657%252F54111', 'first_author': '', 'online_identifier': '', 'publisher_name': 'Language Science Press', 'publication_type': 'monograph', 'date_monograph_published_online': '2022', 'first_editor': '', 'access_type': 'openaccess', 'source_id': '20.500.12657/54111', 'source_id_type': 'File Handle'}
Record 1783: {'title_id': 'https://library.oapen.org/handle/20.500.12657/60291', 'publication_title': 'Architectural Data Flow Analysis for Detecting Violations of Confidentiality Requirements', 'title_url': 'https://patron-academic.thepalaceproject.org/ucdavis/book/https%3A%2F%2Fcdl.edu.thepalaceproject.org%2F110644%2Fworks%2FURI%252Fhttps%253A%252F%252Flibrary.oapen.org%252Fhandle%252F20.500.12657%252F60291', 'first_author': 'Seifermann, Stephan', 'online_identifier': '', 'publisher_name': 'KIT Scientific Publishing', 'publication_type': 'monograph', 'date_monograph_published_online': '2022', 'first_editor': '', 'access_type': 'openaccess', 'source_id': '20.500.12657/60291', 'source_id_type': 'File Handle'}
Record 1784: {'title_id': 'https://library.oapen.org/handle/20.500.12657/60138', 'publication_title': 'Realising Linguistic, Cultural and Educational Rights Through Non-Territorial Autonomy', 'title_url': 'https://patron-academic.thepalaceproject.org/ucdavis/book/https%3A%2F%2Fcdl.edu.thepalaceproject.org%2F110644%2Fworks%2FURI%252Fhttps%253A%252F%252Flibrary.oapen.org%252Fhandle%252F20.500.12657%252F60138', 'first_author': '', 'online_identifier': '', 'publisher_name': 'Springer Nature', 'publication_type': 'monograph', 'date_monograph_published_online': '2022', 'first_editor': 'Dodovski, Ivan', 'access_type': 'openaccess', 'source_id': '20.500.12657/60138', 'source_id_type': 'File Handle'}
Record 1785: {'title_id': 'https://library.oapen.org/handle/20.500.12657/58595', 'publication_title': 'Latour for Architects', 'title_url': 'https://patron-academic.thepalaceproject.org/ucdavis/book/https%3A%2F%2Fcdl.edu.thepalaceproject.org%2F110644%2Fworks%2FURI%252Fhttps%253A%252F%252Flibrary.oapen.org%252Fhandle%252F20.500.12657%252F58595', 'first_author': 'Yaneva, Albena', 'online_identifier': '', 'publisher_name': 'Taylor & Francis', 'publication_type': 'monograph', 'date_monograph_published_online': '2022', 'first_editor': '', 'access_type': 'openaccess', 'source_id': '20.500.12657/58595', 'source_id_type': 'File Handle'}
Record 1786: {'title_id': 'https://library.oapen.org/handle/20.500.12657/61680', 'publication_title': 'Alcohol, psychiatry and society Comparative and transnational perspectives, 1700–1990s', 'title_url': 'https://patron-academic.thepalaceproject.org/ucdavis/book/https%3A%2F%2Fcdl.edu.thepalaceproject.org%2F110644%2Fworks%2FURI%252Fhttps%253A%252F%252Flibrary.oapen.org%252Fhandle%252F20.500.12657%252F61680', 'first_author': '', 'online_identifier': '', 'publisher_name': 'Manchester University Press', 'publication_type': 'monograph', 'date_monograph_published_online': '2022', 'first_editor': 'Ernst, Waltraud', 'access_type': 'openaccess', 'source_id': '20.500.12657/61680', 'source_id_type': 'File Handle'}
Record 1787: {'title_id': 'https://library.oapen.org/handle/20.500.12657/57192', 'publication_title': 'Development of a CO2e quantification method and of solutions for reducing the greenhouse gas emissions of construction machines', 'title_url': 'https://patron-academic.thepalaceproject.org/ucdavis/book/https%3A%2F%2Fcdl.edu.thepalaceproject.org%2F110644%2Fworks%2FURI%252Fhttps%253A%252F%252Flibrary.oapen.org%252Fhandle%252F20.500.12657%252F57192', 'first_author': 'Ays, Isabelle Charlotte', 'online_identifier': '', 'publisher_name': 'KIT Scientific Publishing', 'publication_type': 'monograph', 'date_monograph_published_online': '2022', 'first_editor': '', 'access_type': 'openaccess', 'source_id': '20.500.12657/57192', 'source_id_type': 'File Handle'}
Record 1788: {'title_id': 'https://library.oapen.org/handle/20.500.12657/59322', 'publication_title': 'iCity. Transformative Research for the Livable, Intelligent, and Sustainable City Research Findings of University of Applied Sciences Stuttgart', 'title_url': 'https://patron-academic.thepalaceproject.org/ucdavis/book/https%3A%2F%2Fcdl.edu.thepalaceproject.org%2F110644%2Fworks%2FURI%252Fhttps%253A%252F%252Flibrary.oapen.org%252Fhandle%252F20.500.12657%252F59322', 'first_author': '', 'online_identifier': '', 'publisher_name': 'Springer Nature', 'publication_type': 'monograph', 'date_monograph_published_online': '2022', 'first_editor': 'Coors, Volker', 'access_type': 'openaccess', 'source_id': '20.500.12657/59322', 'source_id_type': 'File Handle'}
Record 1789: {'title_id': 'https://library.oapen.org/handle/20.500.12657/63447', 'publication_title': 'The Contested Crown Repatriation Politics between Europe and Mexico', 'title_url': 'https://patron-academic.thepalaceproject.org/ucdavis/book/https%3A%2F%2Fcdl.edu.thepalaceproject.org%2F110644%2Fworks%2FURI%252Fhttps%253A%252F%252Flibrary.oapen.org%252Fhandle%252F20.500.12657%252F63447', 'first_author': 'Carroll, Khadija von Zinnenburg', 'online_identifier': '', 'publisher_name': 'University of Chicago Press', 'publication_type': 'monograph', 'date_monograph_published_online': '2022', 'first_editor': '', 'access_type': 'openaccess', 'source_id': '20.500.12657/63447', 'source_id_type': 'File Handle'}
Record 1790: {'title_id': 'https://library.oapen.org/handle/20.500.12657/88714', 'publication_title': 'Uexküll’s Surroundings Umwelt Theory and Right-Wing Thought', 'title_url': 'https://patron-academic.thepalaceproject.org/ucdavis/book/https%3A%2F%2Fcdl.edu.thepalaceproject.org%2F110644%2Fworks%2FURI%252Fhttps%253A%252F%252Flibrary.oapen.org%252Fhandle%252F20.500.12657%252F88714', 'first_author': '', 'online_identifier': '', 'publisher_name': 'meson press', 'publication_type': 'monograph', 'date_monograph_published_online': '2022', 'first_editor': '', 'access_type': 'openaccess', 'source_id': '20.500.12657/88714', 'source_id_type': 'File Handle'}
Record 1791: {'title_id': 'https://library.oapen.org/handle/20.500.12657/57670', 'publication_title': 'Professional Practice in Child Protection and the Child’s Right to Participate', 'title_url': 'https://patron-academic.thepalaceproject.org/ucdavis/book/https%3A%2F%2Fcdl.edu.thepalaceproject.org%2F110644%2Fworks%2FURI%252Fhttps%253A%252F%252Flibrary.oapen.org%252Fhandle%252F20.500.12657%252F57670', 'first_author': '', 'online_identifier': '', 'publisher_name': 'Taylor & Francis', 'publication_type': 'monograph', 'date_monograph_published_online': '2022', 'first_editor': 'Falch-Eriksen, Asgeir', 'access_type': 'openaccess', 'source_id': '20.500.12657/57670', 'source_id_type': 'File Handle'}
Record 1792: {'title_id': 'https://library.oapen.org/handle/20.500.12657/57833', 'publication_title': 'EIB financing and borrowing activities 2021', 'title_url': 'https://patron-academic.thepalaceproject.org/ucdavis/book/https%3A%2F%2Fcdl.edu.thepalaceproject.org%2F110644%2Fworks%2FURI%252Fhttps%253A%252F%252Flibrary.oapen.org%252Fhandle%252F20.500.12657%252F57833', 'first_author': 'Bank, European Investment', 'online_identifier': '', 'publisher_name': '', 'publication_type': 'monograph', 'date_monograph_published_online': '', 'first_editor': '', 'access_type': 'openaccess', 'source_id': '20.500.12657/57833', 'source_id_type': 'File Handle'}
Record 1793: {'title_id': 'https://library.oapen.org/handle/20.500.12657/57337', 'publication_title': 'Participative Urban Health and Healthy Aging in the Age of AI 19th International Conference, ICOST 2022, Paris, France, June 27–30, 2022, Proceedings', 'title_url': 'https://patron-academic.thepalaceproject.org/ucdavis/book/https%3A%2F%2Fcdl.edu.thepalaceproject.org%2F110644%2Fworks%2FURI%252Fhttps%253A%252F%252Flibrary.oapen.org%252Fhandle%252F20.500.12657%252F57337', 'first_author': '', 'online_identifier': '', 'publisher_name': 'Springer Nature', 'publication_type': 'monograph', 'date_monograph_published_online': '2022', 'first_editor': 'Abdulrazak, Bessam', 'access_type': 'openaccess', 'source_id': '20.500.12657/57337', 'source_id_type': 'File Handle'}
Record 1794: {'title_id': 'https://library.oapen.org/handle/20.500.12657/57097', 'publication_title': 'Nordic Childhoods in the Digital Age Insights into Contemporary Research on Communication, Learning and Education', 'title_url': 'https://patron-academic.thepalaceproject.org/ucdavis/book/https%3A%2F%2Fcdl.edu.thepalaceproject.org%2F110644%2Fworks%2FURI%252Fhttps%253A%252F%252Flibrary.oapen.org%252Fhandle%252F20.500.12657%252F57097', 'first_author': '', 'online_identifier': '', 'publisher_name': 'Taylor & Francis', 'publication_type': 'monograph', 'date_monograph_published_online': '2022', 'first_editor': 'Drotner, Kirsten', 'access_type': 'openaccess', 'source_id': '20.500.12657/57097', 'source_id_type': 'File Handle'}
Record 1795: {'title_id': 'https://library.oapen.org/handle/20.500.12657/57635', 'publication_title': 'Gender Dynamics in Transboundary Water Governance Feminist Perspectives on Water Conflict and Cooperation', 'title_url': 'https://patron-academic.thepalaceproject.org/ucdavis/book/https%3A%2F%2Fcdl.edu.thepalaceproject.org%2F110644%2Fworks%2FURI%252Fhttps%253A%252F%252Flibrary.oapen.org%252Fhandle%252F20.500.12657%252F57635', 'first_author': '', 'online_identifier': '', 'publisher_name': 'Taylor & Francis', 'publication_type': 'monograph', 'date_monograph_published_online': '2022', 'first_editor': 'Sehring, Jenniver', 'access_type': 'openaccess', 'source_id': '20.500.12657/57635', 'source_id_type': 'File Handle'}
Record 1796: {'title_id': 'https://library.oapen.org/handle/20.500.12657/58411', 'publication_title': 'Rewriting and Rereading the XIX and XX-Century Canons Offerings for Annamaria Pagliaro', 'title_url': 'https://patron-academic.thepalaceproject.org/ucdavis/book/https%3A%2F%2Fcdl.edu.thepalaceproject.org%2F110644%2Fworks%2FURI%252Fhttps%253A%252F%252Flibrary.oapen.org%252Fhandle%252F20.500.12657%252F58411', 'first_author': '', 'online_identifier': '', 'publisher_name': 'Firenze University Press', 'publication_type': 'monograph', 'date_monograph_published_online': '2022', 'first_editor': 'Grassi, Samuele', 'access_type': 'openaccess', 'source_id': '20.500.12657/58411', 'source_id_type': 'File Handle'}
Record 1797: {'title_id': 'https://library.oapen.org/handle/20.500.12657/61021', 'publication_title': 'Computational Stylistics in Poetry, Prose, and Drama', 'title_url': 'https://patron-academic.thepalaceproject.org/ucdavis/book/https%3A%2F%2Fcdl.edu.thepalaceproject.org%2F110644%2Fworks%2FURI%252Fhttps%253A%252F%252Flibrary.oapen.org%252Fhandle%252F20.500.12657%252F61021', 'first_author': '', 'online_identifier': '', 'publisher_name': 'De Gruyter', 'publication_type': 'monograph', 'date_monograph_published_online': '2022', 'first_editor': 'Bories, Anne-Sophie', 'access_type': 'openaccess', 'source_id': '20.500.12657/61021', 'source_id_type': 'File Handle'}
Record 1798: {'title_id': 'https://library.oapen.org/handle/20.500.12657/60833', 'publication_title': 'Exploring Animal Behavior Through Sound: Volume 1 Methods', 'title_url': 'https://patron-academic.thepalaceproject.org/ucdavis/book/https%3A%2F%2Fcdl.edu.thepalaceproject.org%2F110644%2Fworks%2FURI%252Fhttps%253A%252F%252Flibrary.oapen.org%252Fhandle%252F20.500.12657%252F60833', 'first_author': '', 'online_identifier': '', 'publisher_name': 'Springer Nature', 'publication_type': 'monograph', 'date_monograph_published_online': '2022', 'first_editor': 'Erbe, Christine', 'access_type': 'openaccess', 'source_id': '20.500.12657/60833', 'source_id_type': 'File Handle'}
Record 1799: {'title_id': 'https://library.oapen.org/handle/20.500.12657/63307', 'publication_title': 'Creating Resilient Landscapes in an Era of Climate Change Global Case Studies and Real-World Solutions', 'title_url': 'https://patron-academic.thepalaceproject.org/ucdavis/book/https%3A%2F%2Fcdl.edu.thepalaceproject.org%2F110644%2Fworks%2FURI%252Fhttps%253A%252F%252Flibrary.oapen.org%252Fhandle%252F20.500.12657%252F63307', 'first_author': '', 'online_identifier': '', 'publisher_name': '', 'publication_type': 'monograph', 'date_monograph_published_online': '', 'first_editor': 'Jarchow, Meghann', 'access_type': 'openaccess', 'source_id': '20.500.12657/63307', 'source_id_type': 'File Handle'}
Record 1800: {'title_id': 'https://library.oapen.org/handle/20.500.12657/59873', 'publication_title': 'Representations of Child Sexual Abuse in Jamaica A Corpus-Assisted Discourse Study of Popular News Media', 'title_url': 'https://patron-academic.thepalaceproject.org/ucdavis/book/https%3A%2F%2Fcdl.edu.thepalaceproject.org%2F110644%2Fworks%2FURI%252Fhttps%253A%252F%252Flibrary.oapen.org%252Fhandle%252F20.500.12657%252F59873', 'first_author': '', 'online_identifier': '', 'publisher_name': 'MDPI - Multidisciplinary Digital Publishing Institute', 'publication_type': 'monograph', 'date_monograph_published_online': '2022', 'first_editor': '', 'access_type': 'openaccess', 'source_id': '20.500.12657/59873', 'source_id_type': 'File Handle'}
Record 1801: {'title_id': 'https://library.oapen.org/handle/20.500.12657/60754', 'publication_title': 'The Aftermaths of Participation Outcomes and Consequences of Participatory Work with Forced Migrants in Museums', 'title_url': 'https://patron-academic.thepalaceproject.org/ucdavis/book/https%3A%2F%2Fcdl.edu.thepalaceproject.org%2F110644%2Fworks%2FURI%252Fhttps%253A%252F%252Flibrary.oapen.org%252Fhandle%252F20.500.12657%252F60754', 'first_author': 'Boersma, Susanne', 'online_identifier': '', 'publisher_name': 'transcript Verlag', 'publication_type': 'monograph', 'date_monograph_published_online': '2022', 'first_editor': '', 'access_type': 'openaccess', 'source_id': '20.500.12657/60754', 'source_id_type': 'File Handle'}
Record 1802: {'title_id': 'https://library.oapen.org/handle/20.500.12657/57316', 'publication_title': 'International Actors and the Formation of Laws', 'title_url': 'https://patron-academic.thepalaceproject.org/ucdavis/book/https%3A%2F%2Fcdl.edu.thepalaceproject.org%2F110644%2Fworks%2FURI%252Fhttps%253A%252F%252Flibrary.oapen.org%252Fhandle%252F20.500.12657%252F57316', 'first_author': '', 'online_identifier': '', 'publisher_name': 'Springer Nature', 'publication_type': 'monograph', 'date_monograph_published_online': '2022', 'first_editor': 'Karjalainen, Katja', 'access_type': 'openaccess', 'source_id': '20.500.12657/57316', 'source_id_type': 'File Handle'}
Record 1803: {'title_id': 'https://library.oapen.org/handle/20.500.12657/58526', 'publication_title': 'The Effable and the Ineffable The Linguistic Boundaries of Metaphysical Realism', 'title_url': 'https://patron-academic.thepalaceproject.org/ucdavis/book/https%3A%2F%2Fcdl.edu.thepalaceproject.org%2F110644%2Fworks%2FURI%252Fhttps%253A%252F%252Flibrary.oapen.org%252Fhandle%252F20.500.12657%252F58526', 'first_author': '', 'online_identifier': '', 'publisher_name': 'Winchester University Press', 'publication_type': 'monograph', 'date_monograph_published_online': '2022', 'first_editor': 'Andreopoulos, Andreas', 'access_type': 'openaccess', 'source_id': '20.500.12657/58526', 'source_id_type': 'File Handle'}
Record 1804: {'title_id': 'https://library.oapen.org/handle/20.500.12657/60319', 'publication_title': 'Enriching Architecture Craft and its conservation in Anglo-Irish building production, 1660–1760', 'title_url': 'https://patron-academic.thepalaceproject.org/ucdavis/book/https%3A%2F%2Fcdl.edu.thepalaceproject.org%2F110644%2Fworks%2FURI%252Fhttps%253A%252F%252Flibrary.oapen.org%252Fhandle%252F20.500.12657%252F60319', 'first_author': '', 'online_identifier': '', 'publisher_name': 'UCL Press', 'publication_type': 'monograph', 'date_monograph_published_online': '2022', 'first_editor': 'Casey, Christine', 'access_type': 'openaccess', 'source_id': '20.500.12657/60319', 'source_id_type': 'File Handle'}
Record 1805: {'title_id': 'https://library.oapen.org/handle/20.500.12657/58083', 'publication_title': 'Expanded Choreographies - Choreographic Histories Trans-Historical Perspectives Beyond Dance and Human Bodies in Motion', 'title_url': 'https://patron-academic.thepalaceproject.org/ucdavis/book/https%3A%2F%2Fcdl.edu.thepalaceproject.org%2F110644%2Fworks%2FURI%252Fhttps%253A%252F%252Flibrary.oapen.org%252Fhandle%252F20.500.12657%252F58083', 'first_author': 'Leon, Anna', 'online_identifier': '', 'publisher_name': 'transcript Verlag', 'publication_type': 'monograph', 'date_monograph_published_online': '2022', 'first_editor': '', 'access_type': 'openaccess', 'source_id': '20.500.12657/58083', 'source_id_type': 'File Handle'}
Record 1806: {'title_id': 'https://library.oapen.org/handle/20.500.12657/61117', 'publication_title': 'Fundamentals', 'title_url': 'https://patron-academic.thepalaceproject.org/ucdavis/book/https%3A%2F%2Fcdl.edu.thepalaceproject.org%2F110644%2Fworks%2FURI%252Fhttps%253A%252F%252Flibrary.oapen.org%252Fhandle%252F20.500.12657%252F61117', 'first_author': '', 'online_identifier': '', 'publisher_name': 'De Gruyter', 'publication_type': 'monograph', 'date_monograph_published_online': '2022', 'first_editor': 'Marwedel, Peter', 'access_type': 'openaccess', 'source_id': '20.500.12657/61117', 'source_id_type': 'File Handle'}
Record 1807: {'title_id': 'https://library.oapen.org/handle/20.500.12657/57381', 'publication_title': 'Public Systems Modeling Methods for Identifying and Evaluating Alternative Plans and Policies', 'title_url': 'https://patron-academic.thepalaceproject.org/ucdavis/book/https%3A%2F%2Fcdl.edu.thepalaceproject.org%2F110644%2Fworks%2FURI%252Fhttps%253A%252F%252Flibrary.oapen.org%252Fhandle%252F20.500.12657%252F57381', 'first_author': 'Loucks, Daniel P.', 'online_identifier': '', 'publisher_name': 'Springer Nature', 'publication_type': 'monograph', 'date_monograph_published_online': '2022', 'first_editor': '', 'access_type': 'openaccess', 'source_id': '20.500.12657/57381', 'source_id_type': 'File Handle'}
Record 1808: {'title_id': 'https://library.oapen.org/handle/20.500.12657/54440', 'publication_title': 'Crisis Response in Higher Education How the Pandemic Challenged University Operations and Organisation', 'title_url': 'https://patron-academic.thepalaceproject.org/ucdavis/book/https%3A%2F%2Fcdl.edu.thepalaceproject.org%2F110644%2Fworks%2FURI%252Fhttps%253A%252F%252Flibrary.oapen.org%252Fhandle%252F20.500.12657%252F54440', 'first_author': '', 'online_identifier': '', 'publisher_name': 'Springer Nature', 'publication_type': 'monograph', 'date_monograph_published_online': '2022', 'first_editor': '', 'access_type': 'openaccess', 'source_id': '20.500.12657/54440', 'source_id_type': 'File Handle'}
Record 1809: {'title_id': 'https://library.oapen.org/handle/20.500.12657/54499', 'publication_title': 'Constructing the Higher Education Student Perspectives from across Europe', 'title_url': 'https://patron-academic.thepalaceproject.org/ucdavis/book/https%3A%2F%2Fcdl.edu.thepalaceproject.org%2F110644%2Fworks%2FURI%252Fhttps%253A%252F%252Flibrary.oapen.org%252Fhandle%252F20.500.12657%252F54499', 'first_author': '', 'online_identifier': '', 'publisher_name': 'Policy Press', 'publication_type': 'monograph', 'date_monograph_published_online': '2022', 'first_editor': '', 'access_type': 'openaccess', 'source_id': '20.500.12657/54499', 'source_id_type': 'File Handle'}
Record 1810: {'title_id': 'https://library.oapen.org/handle/20.500.12657/58065', 'publication_title': 'Power, policies, and algorithms - technologies of surveillance in the European border surveillance regime', 'title_url': 'https://patron-academic.thepalaceproject.org/ucdavis/book/https%3A%2F%2Fcdl.edu.thepalaceproject.org%2F110644%2Fworks%2FURI%252Fhttps%253A%252F%252Flibrary.oapen.org%252Fhandle%252F20.500.12657%252F58065', 'first_author': 'Huber, Georg Johannes', 'online_identifier': '', 'publisher_name': 'KIT Scientific Publishing', 'publication_type': 'monograph', 'date_monograph_published_online': '2022', 'first_editor': '', 'access_type': 'openaccess', 'source_id': '20.500.12657/58065', 'source_id_type': 'File Handle'}
Record 1811: {'title_id': 'https://library.oapen.org/handle/20.500.12657/58946', 'publication_title': 'Village Housing Constraints and opportunities in rural England', 'title_url': 'https://patron-academic.thepalaceproject.org/ucdavis/book/https%3A%2F%2Fcdl.edu.thepalaceproject.org%2F110644%2Fworks%2FURI%252Fhttps%253A%252F%252Flibrary.oapen.org%252Fhandle%252F20.500.12657%252F58946', 'first_author': '', 'online_identifier': '', 'publisher_name': 'UCL Press', 'publication_type': 'monograph', 'date_monograph_published_online': '2022', 'first_editor': '', 'access_type': 'openaccess', 'source_id': '20.500.12657/58946', 'source_id_type': 'File Handle'}
Record 1812: {'title_id': 'https://library.oapen.org/handle/20.500.12657/61041', 'publication_title': 'Buchenwald Zur europäischen Textgeschichte eines Konzentrationslagers', 'title_url': 'https://patron-academic.thepalaceproject.org/ucdavis/book/https%3A%2F%2Fcdl.edu.thepalaceproject.org%2F110644%2Fworks%2FURI%252Fhttps%253A%252F%252Flibrary.oapen.org%252Fhandle%252F20.500.12657%252F61041', 'first_author': 'Pabst, Stephan', 'online_identifier': '', 'publisher_name': 'De Gruyter', 'publication_type': 'monograph', 'date_monograph_published_online': '2022', 'first_editor': '', 'access_type': 'openaccess', 'source_id': '20.500.12657/61041', 'source_id_type': 'File Handle'}
Record 1813: {'title_id': 'https://library.oapen.org/handle/20.500.12657/59788', 'publication_title': 'Astronomer, Cartographer and Naturalist of the New World The Life and Scholarly Achievements of Georg Marggrafe (1610-1643) in Colonial Dutch Brazil. Volume 2', 'title_url': 'https://patron-academic.thepalaceproject.org/ucdavis/book/https%3A%2F%2Fcdl.edu.thepalaceproject.org%2F110644%2Fworks%2FURI%252Fhttps%253A%252F%252Flibrary.oapen.org%252Fhandle%252F20.500.12657%252F59788', 'first_author': '', 'online_identifier': '', 'publisher_name': 'Amsterdam University Press', 'publication_type': 'monograph', 'date_monograph_published_online': '2022', 'first_editor': 'Matsuura, Oscar T.', 'access_type': 'openaccess', 'source_id': '20.500.12657/59788', 'source_id_type': 'File Handle'}
Record 1814: {'title_id': 'https://library.oapen.org/handle/20.500.12657/58147', 'publication_title': 'Sefer ha-Pardes by Jedaiah ha-Penini A Critical Edition with English Translation', 'title_url': 'https://patron-academic.thepalaceproject.org/ucdavis/book/https%3A%2F%2Fcdl.edu.thepalaceproject.org%2F110644%2Fworks%2FURI%252Fhttps%253A%252F%252Flibrary.oapen.org%252Fhandle%252F20.500.12657%252F58147', 'first_author': 'Torollo, David', 'online_identifier': '', 'publisher_name': 'Open Book Publishers', 'publication_type': 'monograph', 'date_monograph_published_online': '2022', 'first_editor': '', 'access_type': 'openaccess', 'source_id': '20.500.12657/58147', 'source_id_type': 'File Handle'}
Record 1815: {'title_id': 'https://library.oapen.org/handle/20.500.12657/57325', 'publication_title': 'Interdisciplinary Explorations of Postmortem Interaction Dead Bodies, Funerary Objects, and Burial Spaces Through Texts and Time', 'title_url': 'https://patron-academic.thepalaceproject.org/ucdavis/book/https%3A%2F%2Fcdl.edu.thepalaceproject.org%2F110644%2Fworks%2FURI%252Fhttps%253A%252F%252Flibrary.oapen.org%252Fhandle%252F20.500.12657%252F57325', 'first_author': '', 'online_identifier': '', 'publisher_name': 'Springer Nature', 'publication_type': 'monograph', 'date_monograph_published_online': '2022', 'first_editor': 'Becker, Sebastian', 'access_type': 'openaccess', 'source_id': '20.500.12657/57325', 'source_id_type': 'File Handle'}
Record 1816: {'title_id': 'https://library.oapen.org/handle/20.500.12657/53193', 'publication_title': 'The Boggart Sourcebook Texts and Memories for the Study of the British Supernatural', 'title_url': 'https://patron-academic.thepalaceproject.org/ucdavis/book/https%3A%2F%2Fcdl.edu.thepalaceproject.org%2F110644%2Fworks%2FURI%252Fhttps%253A%252F%252Flibrary.oapen.org%252Fhandle%252F20.500.12657%252F53193', 'first_author': 'Young, Simon', 'online_identifier': '', 'publisher_name': 'University of Exeter Press', 'publication_type': 'monograph', 'date_monograph_published_online': '2022', 'first_editor': '', 'access_type': 'openaccess', 'source_id': '20.500.12657/53193', 'source_id_type': 'File Handle'}
Record 1817: {'title_id': 'https://library.oapen.org/handle/20.500.12657/59836', 'publication_title': 'Fiber-dependent injection molding simulation of discontinuous reinforced polymers', 'title_url': 'https://patron-academic.thepalaceproject.org/ucdavis/book/https%3A%2F%2Fcdl.edu.thepalaceproject.org%2F110644%2Fworks%2FURI%252Fhttps%253A%252F%252Flibrary.oapen.org%252Fhandle%252F20.500.12657%252F59836', 'first_author': 'Wittemann, Florian', 'online_identifier': '', 'publisher_name': 'KIT Scientific Publishing', 'publication_type': 'monograph', 'date_monograph_published_online': '2022', 'first_editor': '', 'access_type': 'openaccess', 'source_id': '20.500.12657/59836', 'source_id_type': 'File Handle'}
Record 1818: {'title_id': 'https://library.oapen.org/handle/20.500.12657/58942', 'publication_title': 'Lockdown Cultures The arts and humanities in the year of the pandemic, 2020-21', 'title_url': 'https://patron-academic.thepalaceproject.org/ucdavis/book/https%3A%2F%2Fcdl.edu.thepalaceproject.org%2F110644%2Fworks%2FURI%252Fhttps%253A%252F%252Flibrary.oapen.org%252Fhandle%252F20.500.12657%252F58942', 'first_author': '', 'online_identifier': '', 'publisher_name': 'UCL Press', 'publication_type': 'monograph', 'date_monograph_published_online': '2022', 'first_editor': 'Biriotti, Maurice', 'access_type': 'openaccess', 'source_id': '20.500.12657/58942', 'source_id_type': 'File Handle'}
Record 1819: {'title_id': 'https://library.oapen.org/handle/20.500.12657/58199', 'publication_title': 'Music and Digital Media A planetary anthropology', 'title_url': 'https://patron-academic.thepalaceproject.org/ucdavis/book/https%3A%2F%2Fcdl.edu.thepalaceproject.org%2F110644%2Fworks%2FURI%252Fhttps%253A%252F%252Flibrary.oapen.org%252Fhandle%252F20.500.12657%252F58199', 'first_author': 'Born, Georgina', 'online_identifier': '', 'publisher_name': 'UCL Press', 'publication_type': 'monograph', 'date_monograph_published_online': '2022', 'first_editor': '', 'access_type': 'openaccess', 'source_id': '20.500.12657/58199', 'source_id_type': 'File Handle'}
Record 1820: {'title_id': 'https://library.oapen.org/handle/20.500.12657/61161', 'publication_title': 'Unilateral Sanctions in International Law and the Enforcement of Human Rights The Impact of the Principle of Common Concern of Humankind', 'title_url': 'https://patron-academic.thepalaceproject.org/ucdavis/book/https%3A%2F%2Fcdl.edu.thepalaceproject.org%2F110644%2Fworks%2FURI%252Fhttps%253A%252F%252Flibrary.oapen.org%252Fhandle%252F20.500.12657%252F61161', 'first_author': 'Bogdanova, Iryna', 'online_identifier': '', 'publisher_name': 'Brill', 'publication_type': 'monograph', 'date_monograph_published_online': '2022', 'first_editor': '', 'access_type': 'openaccess', 'source_id': '20.500.12657/61161', 'source_id_type': 'File Handle'}
Record 1821: {'title_id': 'https://library.oapen.org/handle/20.500.12657/56999', 'publication_title': 'Civil and Environmental Engineering for the Sustainable Development Goals Emerging Issues', 'title_url': 'https://patron-academic.thepalaceproject.org/ucdavis/book/https%3A%2F%2Fcdl.edu.thepalaceproject.org%2F110644%2Fworks%2FURI%252Fhttps%253A%252F%252Flibrary.oapen.org%252Fhandle%252F20.500.12657%252F56999', 'first_author': '', 'online_identifier': '', 'publisher_name': 'Springer Nature', 'publication_type': 'monograph', 'date_monograph_published_online': '2022', 'first_editor': 'Antonelli, Manuela', 'access_type': 'openaccess', 'source_id': '20.500.12657/56999', 'source_id_type': 'File Handle'}
Record 1822: {'title_id': 'https://library.oapen.org/handle/20.500.12657/58947', 'publication_title': 'A History of Scientific Journals Publishing at the Royal Society, 1665-2015', 'title_url': 'https://patron-academic.thepalaceproject.org/ucdavis/book/https%3A%2F%2Fcdl.edu.thepalaceproject.org%2F110644%2Fworks%2FURI%252Fhttps%253A%252F%252Flibrary.oapen.org%252Fhandle%252F20.500.12657%252F58947', 'first_author': '', 'online_identifier': '', 'publisher_name': 'UCL Press', 'publication_type': 'monograph', 'date_monograph_published_online': '2022', 'first_editor': '', 'access_type': 'openaccess', 'source_id': '20.500.12657/58947', 'source_id_type': 'File Handle'}
Record 1823: {'title_id': 'https://library.oapen.org/handle/20.500.12657/57689', 'publication_title': 'The Joint Arctic Weather Stations Science and Sovereignty in the High Arctic, 1946-1972', 'title_url': 'https://patron-academic.thepalaceproject.org/ucdavis/book/https%3A%2F%2Fcdl.edu.thepalaceproject.org%2F110644%2Fworks%2FURI%252Fhttps%253A%252F%252Flibrary.oapen.org%252Fhandle%252F20.500.12657%252F57689', 'first_author': '', 'online_identifier': '', 'publisher_name': 'University of Calgary Press', 'publication_type': 'monograph', 'date_monograph_published_online': '2022', 'first_editor': '', 'access_type': 'openaccess', 'source_id': '20.500.12657/57689', 'source_id_type': 'File Handle'}
Record 1824: {'title_id': 'https://library.oapen.org/handle/20.500.12657/52865', 'publication_title': 'Atlas of Global Change Risk of Population and Economic Systems', 'title_url': 'https://patron-academic.thepalaceproject.org/ucdavis/book/https%3A%2F%2Fcdl.edu.thepalaceproject.org%2F110644%2Fworks%2FURI%252Fhttps%253A%252F%252Flibrary.oapen.org%252Fhandle%252F20.500.12657%252F52865', 'first_author': '', 'online_identifier': '', 'publisher_name': 'Springer Nature', 'publication_type': 'monograph', 'date_monograph_published_online': '2022', 'first_editor': '', 'access_type': 'openaccess', 'source_id': '20.500.12657/52865', 'source_id_type': 'File Handle'}
Record 1825: {'title_id': 'https://library.oapen.org/handle/20.500.12657/56979', 'publication_title': 'Digital Platform Regulation Global Perspectives on Internet Governance', 'title_url': 'https://patron-academic.thepalaceproject.org/ucdavis/book/https%3A%2F%2Fcdl.edu.thepalaceproject.org%2F110644%2Fworks%2FURI%252Fhttps%253A%252F%252Flibrary.oapen.org%252Fhandle%252F20.500.12657%252F56979', 'first_author': '', 'online_identifier': '', 'publisher_name': 'Springer Nature', 'publication_type': 'monograph', 'date_monograph_published_online': '2022', 'first_editor': 'Flew, Terry', 'access_type': 'openaccess', 'source_id': '20.500.12657/56979', 'source_id_type': 'File Handle'}
Record 1826: {'title_id': 'https://library.oapen.org/handle/20.500.12657/52670', 'publication_title': 'Oceanography and Marine Biology An Annual Review, Volume 59', 'title_url': 'https://patron-academic.thepalaceproject.org/ucdavis/book/https%3A%2F%2Fcdl.edu.thepalaceproject.org%2F110644%2Fworks%2FURI%252Fhttps%253A%252F%252Flibrary.oapen.org%252Fhandle%252F20.500.12657%252F52670', 'first_author': '', 'online_identifier': '', 'publisher_name': 'Taylor & Francis', 'publication_type': 'monograph', 'date_monograph_published_online': '2022', 'first_editor': 'Allcock, A.L.', 'access_type': 'openaccess', 'source_id': '20.500.12657/52670', 'source_id_type': 'File Handle'}
Record 1827: {'title_id': 'https://library.oapen.org/handle/20.500.12657/76324', 'publication_title': 'Periodical Studies Today Multidisciplinary Analyses', 'title_url': 'https://patron-academic.thepalaceproject.org/ucdavis/book/https%3A%2F%2Fcdl.edu.thepalaceproject.org%2F110644%2Fworks%2FURI%252Fhttps%253A%252F%252Flibrary.oapen.org%252Fhandle%252F20.500.12657%252F76324', 'first_author': '', 'online_identifier': '', 'publisher_name': 'Brill', 'publication_type': 'monograph', 'date_monograph_published_online': '2022', 'first_editor': 'Ernst, Jutta', 'access_type': 'openaccess', 'source_id': '20.500.12657/76324', 'source_id_type': 'File Handle'}
Record 1828: {'title_id': 'https://library.oapen.org/handle/20.500.12657/54051', 'publication_title': 'Embodied gestures', 'title_url': 'https://patron-academic.thepalaceproject.org/ucdavis/book/https%3A%2F%2Fcdl.edu.thepalaceproject.org%2F110644%2Fworks%2FURI%252Fhttps%253A%252F%252Flibrary.oapen.org%252Fhandle%252F20.500.12657%252F54051', 'first_author': '', 'online_identifier': '', 'publisher_name': 'TU Wien Academic Press', 'publication_type': 'monograph', 'date_monograph_published_online': '2022', 'first_editor': 'Gorbach, Thomas', 'access_type': 'openaccess', 'source_id': '20.500.12657/54051', 'source_id_type': 'File Handle'}
Record 1829: {'title_id': 'https://library.oapen.org/handle/20.500.12657/56978', 'publication_title': 'Alpine Industrial Landscapes Towards a New Approach for Brownfield Redevelopment in Mountain Regions', 'title_url': 'https://patron-academic.thepalaceproject.org/ucdavis/book/https%3A%2F%2Fcdl.edu.thepalaceproject.org%2F110644%2Fworks%2FURI%252Fhttps%253A%252F%252Flibrary.oapen.org%252Fhandle%252F20.500.12657%252F56978', 'first_author': 'Modica, Marcello', 'online_identifier': '', 'publisher_name': 'Springer Nature', 'publication_type': 'monograph', 'date_monograph_published_online': '2022', 'first_editor': '', 'access_type': 'openaccess', 'source_id': '20.500.12657/56978', 'source_id_type': 'File Handle'}
Record 1830: {'title_id': 'https://library.oapen.org/handle/20.500.12657/86304', 'publication_title': 'Giving Birth in Eighteenth-Century England', 'title_url': 'https://patron-academic.thepalaceproject.org/ucdavis/book/https%3A%2F%2Fcdl.edu.thepalaceproject.org%2F110644%2Fworks%2FURI%252Fhttps%253A%252F%252Flibrary.oapen.org%252Fhandle%252F20.500.12657%252F86304', 'first_author': 'Fox, Sarah', 'online_identifier': '', 'publisher_name': 'University of London Press', 'publication_type': 'monograph', 'date_monograph_published_online': '2022', 'first_editor': '', 'access_type': 'openaccess', 'source_id': '20.500.12657/86304', 'source_id_type': 'File Handle'}
Record 1831: {'title_id': 'https://library.oapen.org/handle/20.500.12657/57617', 'publication_title': 'Substantive Representation of Women in Asian Parliaments', 'title_url': 'https://patron-academic.thepalaceproject.org/ucdavis/book/https%3A%2F%2Fcdl.edu.thepalaceproject.org%2F110644%2Fworks%2FURI%252Fhttps%253A%252F%252Flibrary.oapen.org%252Fhandle%252F20.500.12657%252F57617', 'first_author': '', 'online_identifier': '', 'publisher_name': 'Taylor & Francis', 'publication_type': 'monograph', 'date_monograph_published_online': '2022', 'first_editor': 'Echle, Christian', 'access_type': 'openaccess', 'source_id': '20.500.12657/57617', 'source_id_type': 'File Handle'}
Record 1832: {'title_id': 'https://library.oapen.org/handle/20.500.12657/58866', 'publication_title': 'Central Asian Ismailis An Annotated Bibliography of Russian, Tajik and Other Sources', 'title_url': 'https://patron-academic.thepalaceproject.org/ucdavis/book/https%3A%2F%2Fcdl.edu.thepalaceproject.org%2F110644%2Fworks%2FURI%252Fhttps%253A%252F%252Flibrary.oapen.org%252Fhandle%252F20.500.12657%252F58866', 'first_author': 'Dagiev, Dagikhudo', 'online_identifier': '', 'publisher_name': 'Bloomsbury Academic', 'publication_type': 'monograph', 'date_monograph_published_online': '2022', 'first_editor': '', 'access_type': 'openaccess', 'source_id': '20.500.12657/58866', 'source_id_type': 'File Handle'}
Record 1833: {'title_id': 'https://library.oapen.org/handle/20.500.12657/77113', 'publication_title': 'Treasured Oases A Selection of Jao Tsung-i’s Dunhuang Studies', 'title_url': 'https://patron-academic.thepalaceproject.org/ucdavis/book/https%3A%2F%2Fcdl.edu.thepalaceproject.org%2F110644%2Fworks%2FURI%252Fhttps%253A%252F%252Flibrary.oapen.org%252Fhandle%252F20.500.12657%252F77113', 'first_author': '', 'online_identifier': '', 'publisher_name': 'Brill', 'publication_type': 'monograph', 'date_monograph_published_online': '2022', 'first_editor': 'Lebovitz, David J.', 'access_type': 'openaccess', 'source_id': '20.500.12657/77113', 'source_id_type': 'File Handle'}
Record 1834: {'title_id': 'https://library.oapen.org/handle/20.500.12657/59096', 'publication_title': 'Academic Libraries Reflecting on Crisis, the Fourth Industrial Revolution and the Way Forward', 'title_url': 'https://patron-academic.thepalaceproject.org/ucdavis/book/https%3A%2F%2Fcdl.edu.thepalaceproject.org%2F110644%2Fworks%2FURI%252Fhttps%253A%252F%252Flibrary.oapen.org%252Fhandle%252F20.500.12657%252F59096', 'first_author': 'Janse van Vuren, Anette', 'online_identifier': '', 'publisher_name': 'UJ Press', 'publication_type': 'monograph', 'date_monograph_published_online': '2022', 'first_editor': '', 'access_type': 'openaccess', 'source_id': '20.500.12657/59096', 'source_id_type': 'File Handle'}
Record 1835: {'title_id': 'https://library.oapen.org/handle/20.500.12657/58658', 'publication_title': 'The Living Environmental Education Sound Science Toward a Cleaner, Safer, and Healthier Future', 'title_url': 'https://patron-academic.thepalaceproject.org/ucdavis/book/https%3A%2F%2Fcdl.edu.thepalaceproject.org%2F110644%2Fworks%2FURI%252Fhttps%253A%252F%252Flibrary.oapen.org%252Fhandle%252F20.500.12657%252F58658', 'first_author': '', 'online_identifier': '', 'publisher_name': 'Springer Nature', 'publication_type': 'monograph', 'date_monograph_published_online': '2022', 'first_editor': '', 'access_type': 'openaccess', 'source_id': '20.500.12657/58658', 'source_id_type': 'File Handle'}
Record 1836: {'title_id': 'https://library.oapen.org/handle/20.500.12657/54444', 'publication_title': 'Computational Physiology Simula Summer School 2021 − Student Reports', 'title_url': 'https://patron-academic.thepalaceproject.org/ucdavis/book/https%3A%2F%2Fcdl.edu.thepalaceproject.org%2F110644%2Fworks%2FURI%252Fhttps%253A%252F%252Flibrary.oapen.org%252Fhandle%252F20.500.12657%252F54444', 'first_author': 'McCabe, Kimberly J.', 'online_identifier': '', 'publisher_name': 'Springer Nature', 'publication_type': 'monograph', 'date_monograph_published_online': '2022', 'first_editor': '', 'access_type': 'openaccess', 'source_id': '20.500.12657/54444', 'source_id_type': 'File Handle'}
Record 1837: {'title_id': 'https://library.oapen.org/handle/20.500.12657/57011', 'publication_title': 'The Palgrave Handbook of International Energy Economics', 'title_url': 'https://patron-academic.thepalaceproject.org/ucdavis/book/https%3A%2F%2Fcdl.edu.thepalaceproject.org%2F110644%2Fworks%2FURI%252Fhttps%253A%252F%252Flibrary.oapen.org%252Fhandle%252F20.500.12657%252F57011', 'first_author': '', 'online_identifier': '', 'publisher_name': 'Springer Nature', 'publication_type': 'monograph', 'date_monograph_published_online': '2022', 'first_editor': 'Hafner, Manfred', 'access_type': 'openaccess', 'source_id': '20.500.12657/57011', 'source_id_type': 'File Handle'}
Record 1838: {'title_id': 'https://library.oapen.org/handle/20.500.12657/54442', 'publication_title': 'The Political Economy of Non-Western Migration Regimes Central Asian Migrant Workers in Russia and Turkey', 'title_url': 'https://patron-academic.thepalaceproject.org/ucdavis/book/https%3A%2F%2Fcdl.edu.thepalaceproject.org%2F110644%2Fworks%2FURI%252Fhttps%253A%252F%252Flibrary.oapen.org%252Fhandle%252F20.500.12657%252F54442', 'first_author': '', 'online_identifier': '', 'publisher_name': 'Springer Nature', 'publication_type': 'monograph', 'date_monograph_published_online': '2022', 'first_editor': '', 'access_type': 'openaccess', 'source_id': '20.500.12657/54442', 'source_id_type': 'File Handle'}
Record 1839: {'title_id': 'https://library.oapen.org/handle/20.500.12657/57145', 'publication_title': 'Pathways Exploring the Routes of a Movement Heritage', 'title_url': 'https://patron-academic.thepalaceproject.org/ucdavis/book/https%3A%2F%2Fcdl.edu.thepalaceproject.org%2F110644%2Fworks%2FURI%252Fhttps%253A%252F%252Flibrary.oapen.org%252Fhandle%252F20.500.12657%252F57145', 'first_author': '', 'online_identifier': '', 'publisher_name': 'The White Horse Press', 'publication_type': 'monograph', 'date_monograph_published_online': '2022', 'first_editor': 'Saltzman, Katarina', 'access_type': 'openaccess', 'source_id': '20.500.12657/57145', 'source_id_type': 'File Handle'}
Record 1840: {'title_id': 'https://library.oapen.org/handle/20.500.12657/54350', 'publication_title': "American Political Parties Why They Formed, How They Function, and Where They're Headed", 'title_url': 'https://patron-academic.thepalaceproject.org/ucdavis/book/https%3A%2F%2Fcdl.edu.thepalaceproject.org%2F110644%2Fworks%2FURI%252Fhttps%253A%252F%252Flibrary.oapen.org%252Fhandle%252F20.500.12657%252F54350', 'first_author': '', 'online_identifier': '', 'publisher_name': 'University Press of Kansas', 'publication_type': 'monograph', 'date_monograph_published_online': '2022', 'first_editor': '', 'access_type': 'openaccess', 'source_id': '20.500.12657/54350', 'source_id_type': 'File Handle'}
Record 1841: {'title_id': 'https://library.oapen.org/handle/20.500.12657/88565', 'publication_title': 'Social Robotics and the Good Life The Normative Side of Forming Emotional Bonds With Robots', 'title_url': 'https://patron-academic.thepalaceproject.org/ucdavis/book/https%3A%2F%2Fcdl.edu.thepalaceproject.org%2F110644%2Fworks%2FURI%252Fhttps%253A%252F%252Flibrary.oapen.org%252Fhandle%252F20.500.12657%252F88565', 'first_author': '', 'online_identifier': '', 'publisher_name': 'transcript Verlag', 'publication_type': 'monograph', 'date_monograph_published_online': '2022', 'first_editor': 'Loh, Janina', 'access_type': 'openaccess', 'source_id': '20.500.12657/88565', 'source_id_type': 'File Handle'}
Record 1842: {'title_id': 'https://library.oapen.org/handle/20.500.12657/58389', 'publication_title': 'Mathematical Surprises', 'title_url': 'https://patron-academic.thepalaceproject.org/ucdavis/book/https%3A%2F%2Fcdl.edu.thepalaceproject.org%2F110644%2Fworks%2FURI%252Fhttps%253A%252F%252Flibrary.oapen.org%252Fhandle%252F20.500.12657%252F58389', 'first_author': 'Ben-Ari, Mordechai', 'online_identifier': '', 'publisher_name': 'Springer Nature', 'publication_type': 'monograph', 'date_monograph_published_online': '2022', 'first_editor': '', 'access_type': 'openaccess', 'source_id': '20.500.12657/58389', 'source_id_type': 'File Handle'}
Record 1843: {'title_id': 'https://library.oapen.org/handle/20.500.12657/59905', 'publication_title': 'Genetic Responsibility in Germany and Israel Practices of Prenatal Diagnosis', 'title_url': 'https://patron-academic.thepalaceproject.org/ucdavis/book/https%3A%2F%2Fcdl.edu.thepalaceproject.org%2F110644%2Fworks%2FURI%252Fhttps%253A%252F%252Flibrary.oapen.org%252Fhandle%252F20.500.12657%252F59905', 'first_author': 'Schües, Christina', 'online_identifier': '', 'publisher_name': 'transcript Verlag', 'publication_type': 'monograph', 'date_monograph_published_online': '2022', 'first_editor': '', 'access_type': 'openaccess', 'source_id': '20.500.12657/59905', 'source_id_type': 'File Handle'}
Record 1844: {'title_id': 'https://library.oapen.org/handle/20.500.12657/59305', 'publication_title': 'My Phone Lies to Me Fake News Poetry Workshops As Radical Digital Media Literacy Given the Fact of Fake News', 'title_url': 'https://patron-academic.thepalaceproject.org/ucdavis/book/https%3A%2F%2Fcdl.edu.thepalaceproject.org%2F110644%2Fworks%2FURI%252Fhttps%253A%252F%252Flibrary.oapen.org%252Fhandle%252F20.500.12657%252F59305', 'first_author': 'Juhasz, Alexandra', 'online_identifier': '', 'publisher_name': 'punctum books', 'publication_type': 'monograph', 'date_monograph_published_online': '2022', 'first_editor': '', 'access_type': 'openaccess', 'source_id': '20.500.12657/59305', 'source_id_type': 'File Handle'}
Record 1845: {'title_id': 'https://library.oapen.org/handle/20.500.12657/58584', 'publication_title': 'Tradition and Innovation in Old English Metre', 'title_url': 'https://patron-academic.thepalaceproject.org/ucdavis/book/https%3A%2F%2Fcdl.edu.thepalaceproject.org%2F110644%2Fworks%2FURI%252Fhttps%253A%252F%252Flibrary.oapen.org%252Fhandle%252F20.500.12657%252F58584', 'first_author': '', 'online_identifier': '', 'publisher_name': 'Arc Humanities Press', 'publication_type': 'monograph', 'date_monograph_published_online': '2022', 'first_editor': 'Burns, Rachel A.', 'access_type': 'openaccess', 'source_id': '20.500.12657/58584', 'source_id_type': 'File Handle'}
Record 1846: {'title_id': 'https://library.oapen.org/handle/20.500.12657/52532', 'publication_title': 'Articulating the Ḥijāba: Cultural Patronage and Political Legitimacy in al-Andalus The ʿĀmirid Regency c. 970-1010 AD', 'title_url': 'https://patron-academic.thepalaceproject.org/ucdavis/book/https%3A%2F%2Fcdl.edu.thepalaceproject.org%2F110644%2Fworks%2FURI%252Fhttps%253A%252F%252Flibrary.oapen.org%252Fhandle%252F20.500.12657%252F52532', 'first_author': 'Rosser-Owen, Mariam', 'online_identifier': '', 'publisher_name': 'Brill', 'publication_type': 'monograph', 'date_monograph_published_online': '2022', 'first_editor': '', 'access_type': 'openaccess', 'source_id': '20.500.12657/52532', 'source_id_type': 'File Handle'}
Record 1847: {'title_id': 'https://library.oapen.org/handle/20.500.12657/54481', 'publication_title': 'Human Security and Sustainable Development in East Africa', 'title_url': 'https://patron-academic.thepalaceproject.org/ucdavis/book/https%3A%2F%2Fcdl.edu.thepalaceproject.org%2F110644%2Fworks%2FURI%252Fhttps%253A%252F%252Flibrary.oapen.org%252Fhandle%252F20.500.12657%252F54481', 'first_author': '', 'online_identifier': '', 'publisher_name': 'Taylor & Francis', 'publication_type': 'monograph', 'date_monograph_published_online': '2022', 'first_editor': 'Asaka, Jeremiah O.', 'access_type': 'openaccess', 'source_id': '20.500.12657/54481', 'source_id_type': 'File Handle'}
Record 1848: {'title_id': 'https://library.oapen.org/handle/20.500.12657/60262', 'publication_title': 'EIB Working Paper 2022/13 - COVID-19 and the resilience of European firms The influence of pre-crisis productivity, digitalisation and growth performance', 'title_url': 'https://patron-academic.thepalaceproject.org/ucdavis/book/https%3A%2F%2Fcdl.edu.thepalaceproject.org%2F110644%2Fworks%2FURI%252Fhttps%253A%252F%252Flibrary.oapen.org%252Fhandle%252F20.500.12657%252F60262', 'first_author': 'Bank, European Investment', 'online_identifier': '', 'publisher_name': 'European Investment Bank', 'publication_type': 'monograph', 'date_monograph_published_online': '2022', 'first_editor': '', 'access_type': 'openaccess', 'source_id': '20.500.12657/60262', 'source_id_type': 'File Handle'}
Record 1849: {'title_id': 'https://library.oapen.org/handle/20.500.12657/54024', 'publication_title': 'From Digital Twins to Digital Selves and Beyond Engineering and Social Models for a Trans-humanist World', 'title_url': 'https://patron-academic.thepalaceproject.org/ucdavis/book/https%3A%2F%2Fcdl.edu.thepalaceproject.org%2F110644%2Fworks%2FURI%252Fhttps%253A%252F%252Flibrary.oapen.org%252Fhandle%252F20.500.12657%252F54024', 'first_author': '', 'online_identifier': '', 'publisher_name': 'Springer Nature', 'publication_type': 'monograph', 'date_monograph_published_online': '2022', 'first_editor': '', 'access_type': 'openaccess', 'source_id': '20.500.12657/54024', 'source_id_type': 'File Handle'}
Record 1850: {'title_id': 'https://library.oapen.org/handle/20.500.12657/54500', 'publication_title': 'Building Black Towards Antiracist Architecture', 'title_url': 'https://patron-academic.thepalaceproject.org/ucdavis/book/https%3A%2F%2Fcdl.edu.thepalaceproject.org%2F110644%2Fworks%2FURI%252Fhttps%253A%252F%252Flibrary.oapen.org%252Fhandle%252F20.500.12657%252F54500', 'first_author': 'Mason, Elliot', 'online_identifier': '', 'publisher_name': 'punctum books', 'publication_type': 'monograph', 'date_monograph_published_online': '2022', 'first_editor': '', 'access_type': 'openaccess', 'source_id': '20.500.12657/54500', 'source_id_type': 'File Handle'}
Record 1851: {'title_id': 'https://library.oapen.org/handle/20.500.12657/57565', 'publication_title': 'Groundwater Assessment and Management for sustainable water-supply and coordinated subsurface drainage: A Guidebook for Water Utilities & Municipal Authorities', 'title_url': 'https://patron-academic.thepalaceproject.org/ucdavis/book/https%3A%2F%2Fcdl.edu.thepalaceproject.org%2F110644%2Fworks%2FURI%252Fhttps%253A%252F%252Flibrary.oapen.org%252Fhandle%252F20.500.12657%252F57565', 'first_author': '', 'online_identifier': '', 'publisher_name': 'IWA Publishing', 'publication_type': 'monograph', 'date_monograph_published_online': '2022', 'first_editor': '', 'access_type': 'openaccess', 'source_id': '20.500.12657/57565', 'source_id_type': 'File Handle'}
Record 1852: {'title_id': 'https://library.oapen.org/handle/20.500.12657/52661', 'publication_title': 'The Acoustic Self in English Modernism and Beyond Writing Musically', 'title_url': 'https://patron-academic.thepalaceproject.org/ucdavis/book/https%3A%2F%2Fcdl.edu.thepalaceproject.org%2F110644%2Fworks%2FURI%252Fhttps%253A%252F%252Flibrary.oapen.org%252Fhandle%252F20.500.12657%252F52661', 'first_author': 'Varga, Zoltan', 'online_identifier': '', 'publisher_name': 'Taylor & Francis', 'publication_type': 'monograph', 'date_monograph_published_online': '2022', 'first_editor': '', 'access_type': 'openaccess', 'source_id': '20.500.12657/52661', 'source_id_type': 'File Handle'}
Record 1853: {'title_id': 'https://library.oapen.org/handle/20.500.12657/58142', 'publication_title': 'Algorithmic Reason The New Government of Self and Other', 'title_url': 'https://patron-academic.thepalaceproject.org/ucdavis/book/https%3A%2F%2Fcdl.edu.thepalaceproject.org%2F110644%2Fworks%2FURI%252Fhttps%253A%252F%252Flibrary.oapen.org%252Fhandle%252F20.500.12657%252F58142', 'first_author': '', 'online_identifier': '', 'publisher_name': 'Oxford University Press', 'publication_type': 'monograph', 'date_monograph_published_online': '2022', 'first_editor': '', 'access_type': 'openaccess', 'source_id': '20.500.12657/58142', 'source_id_type': 'File Handle'}
Record 1854: {'title_id': 'https://library.oapen.org/handle/20.500.12657/58160', 'publication_title': 'Universities, Stakeholders and Social Mission Building Cooperation Through Action Research', 'title_url': 'https://patron-academic.thepalaceproject.org/ucdavis/book/https%3A%2F%2Fcdl.edu.thepalaceproject.org%2F110644%2Fworks%2FURI%252Fhttps%253A%252F%252Flibrary.oapen.org%252Fhandle%252F20.500.12657%252F58160', 'first_author': '', 'online_identifier': '', 'publisher_name': 'Taylor & Francis', 'publication_type': 'monograph', 'date_monograph_published_online': '2022', 'first_editor': '', 'access_type': 'openaccess', 'source_id': '20.500.12657/58160', 'source_id_type': 'File Handle'}
Record 1855: {'title_id': 'https://library.oapen.org/handle/20.500.12657/54026', 'publication_title': 'Process Mining Workshops ICPM 2021 International Workshops, Eindhoven, The Netherlands, October 31 – November 4, 2021, Revised Selected Papers', 'title_url': 'https://patron-academic.thepalaceproject.org/ucdavis/book/https%3A%2F%2Fcdl.edu.thepalaceproject.org%2F110644%2Fworks%2FURI%252Fhttps%253A%252F%252Flibrary.oapen.org%252Fhandle%252F20.500.12657%252F54026', 'first_author': '', 'online_identifier': '', 'publisher_name': 'Springer Nature', 'publication_type': 'monograph', 'date_monograph_published_online': '2022', 'first_editor': 'Lu, Xixi', 'access_type': 'openaccess', 'source_id': '20.500.12657/54026', 'source_id_type': 'File Handle'}
Record 1856: {'title_id': 'https://library.oapen.org/handle/20.500.12657/59626', 'publication_title': 'Navigating Copyright for Libraries Purpose and Scope', 'title_url': 'https://patron-academic.thepalaceproject.org/ucdavis/book/https%3A%2F%2Fcdl.edu.thepalaceproject.org%2F110644%2Fworks%2FURI%252Fhttps%253A%252F%252Flibrary.oapen.org%252Fhandle%252F20.500.12657%252F59626', 'first_author': '', 'online_identifier': '', 'publisher_name': 'De Gruyter', 'publication_type': 'monograph', 'date_monograph_published_online': '2022', 'first_editor': 'Coates, Jessica', 'access_type': 'openaccess', 'source_id': '20.500.12657/59626', 'source_id_type': 'File Handle'}
Record 1857: {'title_id': 'https://library.oapen.org/handle/20.500.12657/53663', 'publication_title': 'Tracing the Atom Nuclear Legacies in Russia and Central Asia', 'title_url': 'https://patron-academic.thepalaceproject.org/ucdavis/book/https%3A%2F%2Fcdl.edu.thepalaceproject.org%2F110644%2Fworks%2FURI%252Fhttps%253A%252F%252Flibrary.oapen.org%252Fhandle%252F20.500.12657%252F53663', 'first_author': '', 'online_identifier': '', 'publisher_name': 'Taylor & Francis', 'publication_type': 'monograph', 'date_monograph_published_online': '2022', 'first_editor': 'Bauer, Susanne', 'access_type': 'openaccess', 'source_id': '20.500.12657/53663', 'source_id_type': 'File Handle'}
Record 1858: {'title_id': 'https://library.oapen.org/handle/20.500.12657/59253', 'publication_title': 'Public Law and Economics', 'title_url': 'https://patron-academic.thepalaceproject.org/ucdavis/book/https%3A%2F%2Fcdl.edu.thepalaceproject.org%2F110644%2Fworks%2FURI%252Fhttps%253A%252F%252Flibrary.oapen.org%252Fhandle%252F20.500.12657%252F59253', 'first_author': '', 'online_identifier': '', 'publisher_name': 'Oxford University Press', 'publication_type': 'monograph', 'date_monograph_published_online': '2022', 'first_editor': '', 'access_type': 'openaccess', 'source_id': '20.500.12657/59253', 'source_id_type': 'File Handle'}
Record 1859: {'title_id': 'https://library.oapen.org/handle/20.500.12657/59778', 'publication_title': 'Podcasting as an Intimate Medium', 'title_url': 'https://patron-academic.thepalaceproject.org/ucdavis/book/https%3A%2F%2Fcdl.edu.thepalaceproject.org%2F110644%2Fworks%2FURI%252Fhttps%253A%252F%252Flibrary.oapen.org%252Fhandle%252F20.500.12657%252F59778', 'first_author': 'Euritt, Alyn', 'online_identifier': '', 'publisher_name': 'Taylor & Francis', 'publication_type': 'monograph', 'date_monograph_published_online': '2022', 'first_editor': '', 'access_type': 'openaccess', 'source_id': '20.500.12657/59778', 'source_id_type': 'File Handle'}
Record 1860: {'title_id': 'https://library.oapen.org/handle/20.500.12657/57642', 'publication_title': 'Works for Works, Book 1 Useless Beauty', 'title_url': 'https://patron-academic.thepalaceproject.org/ucdavis/book/https%3A%2F%2Fcdl.edu.thepalaceproject.org%2F110644%2Fworks%2FURI%252Fhttps%253A%252F%252Flibrary.oapen.org%252Fhandle%252F20.500.12657%252F57642', 'first_author': 'Keeney, Gavin', 'online_identifier': '', 'publisher_name': 'punctum books', 'publication_type': 'monograph', 'date_monograph_published_online': '2022', 'first_editor': '', 'access_type': 'openaccess', 'source_id': '20.500.12657/57642', 'source_id_type': 'File Handle'}
Record 1861: {'title_id': 'https://library.oapen.org/handle/20.500.12657/62208', 'publication_title': 'The Made-Up State Technology, Trans Femininity, and Citizenship in Indonesia', 'title_url': 'https://patron-academic.thepalaceproject.org/ucdavis/book/https%3A%2F%2Fcdl.edu.thepalaceproject.org%2F110644%2Fworks%2FURI%252Fhttps%253A%252F%252Flibrary.oapen.org%252Fhandle%252F20.500.12657%252F62208', 'first_author': 'Hegarty, Benjamin', 'online_identifier': '', 'publisher_name': 'Cornell University Press', 'publication_type': 'monograph', 'date_monograph_published_online': '2022', 'first_editor': '', 'access_type': 'openaccess', 'source_id': '20.500.12657/62208', 'source_id_type': 'File Handle'}
Record 1862: {'title_id': 'https://library.oapen.org/handle/20.500.12657/86574', 'publication_title': 'Constructing and Experiencing Jewish Identity', 'title_url': 'https://patron-academic.thepalaceproject.org/ucdavis/book/https%3A%2F%2Fcdl.edu.thepalaceproject.org%2F110644%2Fworks%2FURI%252Fhttps%253A%252F%252Flibrary.oapen.org%252Fhandle%252F20.500.12657%252F86574', 'first_author': '', 'online_identifier': '', 'publisher_name': 'Brill', 'publication_type': 'monograph', 'date_monograph_published_online': '2022', 'first_editor': 'Blumenthal, Rachel', 'access_type': 'openaccess', 'source_id': '20.500.12657/86574', 'source_id_type': 'File Handle'}
Record 1863: {'title_id': 'https://library.oapen.org/handle/20.500.12657/57700', 'publication_title': 'Anti-Corruption Models and Experiences The Case of the Western Balkans', 'title_url': 'https://patron-academic.thepalaceproject.org/ucdavis/book/https%3A%2F%2Fcdl.edu.thepalaceproject.org%2F110644%2Fworks%2FURI%252Fhttps%253A%252F%252Flibrary.oapen.org%252Fhandle%252F20.500.12657%252F57700', 'first_author': '', 'online_identifier': '', 'publisher_name': 'FrancoAngeli', 'publication_type': 'monograph', 'date_monograph_published_online': '2022', 'first_editor': 'Carloni, Enrico', 'access_type': 'openaccess', 'source_id': '20.500.12657/57700', 'source_id_type': 'File Handle'}
Record 1864: {'title_id': 'https://library.oapen.org/handle/20.500.12657/60569', 'publication_title': "Evolving the Common Agricultural Policy for Tomorrow's Challenges", 'title_url': 'https://patron-academic.thepalaceproject.org/ucdavis/book/https%3A%2F%2Fcdl.edu.thepalaceproject.org%2F110644%2Fworks%2FURI%252Fhttps%253A%252F%252Flibrary.oapen.org%252Fhandle%252F20.500.12657%252F60569', 'first_author': '', 'online_identifier': '', 'publisher_name': 'éditions Quae', 'publication_type': 'monograph', 'date_monograph_published_online': '2022', 'first_editor': 'Détang-Dessendre, Cécile', 'access_type': 'openaccess', 'source_id': '20.500.12657/60569', 'source_id_type': 'File Handle'}
Record 1865: {'title_id': 'https://library.oapen.org/handle/20.500.12657/54485', 'publication_title': "Mobilising the Racialised 'Others' Postethnic Activism, Neoliberalisation and Racial Politics", 'title_url': 'https://patron-academic.thepalaceproject.org/ucdavis/book/https%3A%2F%2Fcdl.edu.thepalaceproject.org%2F110644%2Fworks%2FURI%252Fhttps%253A%252F%252Flibrary.oapen.org%252Fhandle%252F20.500.12657%252F54485', 'first_author': 'Keskinen, Suvi', 'online_identifier': '', 'publisher_name': 'Taylor & Francis', 'publication_type': 'monograph', 'date_monograph_published_online': '2022', 'first_editor': '', 'access_type': 'openaccess', 'source_id': '20.500.12657/54485', 'source_id_type': 'File Handle'}
Record 1866: {'title_id': 'https://library.oapen.org/handle/20.500.12657/57399', 'publication_title': 'Scale Matters The Quality of Quantity in Human Culture and Sociality', 'title_url': 'https://patron-academic.thepalaceproject.org/ucdavis/book/https%3A%2F%2Fcdl.edu.thepalaceproject.org%2F110644%2Fworks%2FURI%252Fhttps%253A%252F%252Flibrary.oapen.org%252Fhandle%252F20.500.12657%252F57399', 'first_author': '', 'online_identifier': '', 'publisher_name': 'transcript Verlag', 'publication_type': 'monograph', 'date_monograph_published_online': '2022', 'first_editor': 'Cruz, M. Dores', 'access_type': 'openaccess', 'source_id': '20.500.12657/57399', 'source_id_type': 'File Handle'}
Record 1867: {'title_id': 'https://library.oapen.org/handle/20.500.12657/58052', 'publication_title': 'Violent Affections Queer sexuality, techniques of power, and law in Russia', 'title_url': 'https://patron-academic.thepalaceproject.org/ucdavis/book/https%3A%2F%2Fcdl.edu.thepalaceproject.org%2F110644%2Fworks%2FURI%252Fhttps%253A%252F%252Flibrary.oapen.org%252Fhandle%252F20.500.12657%252F58052', 'first_author': 'Kondakov, Alexander Sasha', 'online_identifier': '', 'publisher_name': 'UCL Press', 'publication_type': 'monograph', 'date_monograph_published_online': '2022', 'first_editor': '', 'access_type': 'openaccess', 'source_id': '20.500.12657/58052', 'source_id_type': 'File Handle'}
Record 1868: {'title_id': 'https://library.oapen.org/handle/20.500.12657/59389', 'publication_title': 'Hipsterism A Paradigm for Modernity', 'title_url': 'https://patron-academic.thepalaceproject.org/ucdavis/book/https%3A%2F%2Fcdl.edu.thepalaceproject.org%2F110644%2Fworks%2FURI%252Fhttps%253A%252F%252Flibrary.oapen.org%252Fhandle%252F20.500.12657%252F59389', 'first_author': 'Semple, Tara', 'online_identifier': '', 'publisher_name': 'Springer Nature', 'publication_type': 'monograph', 'date_monograph_published_online': '2022', 'first_editor': '', 'access_type': 'openaccess', 'source_id': '20.500.12657/59389', 'source_id_type': 'File Handle'}
Record 1869: {'title_id': 'https://library.oapen.org/handle/20.500.12657/52952', 'publication_title': 'Thermodynamically consistent space-time discretization of non-isothermal mechanical systems in the framework of GENERIC', 'title_url': 'https://patron-academic.thepalaceproject.org/ucdavis/book/https%3A%2F%2Fcdl.edu.thepalaceproject.org%2F110644%2Fworks%2FURI%252Fhttps%253A%252F%252Flibrary.oapen.org%252Fhandle%252F20.500.12657%252F52952', 'first_author': 'Georg Schiebl, Mark', 'online_identifier': '', 'publisher_name': 'KIT Scientific Publishing', 'publication_type': 'monograph', 'date_monograph_published_online': '2022', 'first_editor': '', 'access_type': 'openaccess', 'source_id': '20.500.12657/52952', 'source_id_type': 'File Handle'}
Record 1870: {'title_id': 'https://library.oapen.org/handle/20.500.12657/56647', 'publication_title': 'Periodization in the Art Historiographies of Central and Eastern Europe', 'title_url': 'https://patron-academic.thepalaceproject.org/ucdavis/book/https%3A%2F%2Fcdl.edu.thepalaceproject.org%2F110644%2Fworks%2FURI%252Fhttps%253A%252F%252Flibrary.oapen.org%252Fhandle%252F20.500.12657%252F56647', 'first_author': '', 'online_identifier': '', 'publisher_name': '', 'publication_type': 'monograph', 'date_monograph_published_online': '', 'first_editor': 'Adashinskaya, Anna', 'access_type': 'openaccess', 'source_id': '20.500.12657/56647', 'source_id_type': 'File Handle'}
Record 1871: {'title_id': 'https://library.oapen.org/handle/20.500.12657/52411', 'publication_title': 'The Belt and Road Initiative Green Development Case Studies Report 2020', 'title_url': 'https://patron-academic.thepalaceproject.org/ucdavis/book/https%3A%2F%2Fcdl.edu.thepalaceproject.org%2F110644%2Fworks%2FURI%252Fhttps%253A%252F%252Flibrary.oapen.org%252Fhandle%252F20.500.12657%252F52411', 'first_author': '', 'online_identifier': '', 'publisher_name': 'Springer Nature', 'publication_type': 'monograph', 'date_monograph_published_online': '2022', 'first_editor': '', 'access_type': 'openaccess', 'source_id': '20.500.12657/52411', 'source_id_type': 'File Handle'}
Record 1872: {'title_id': 'https://library.oapen.org/handle/20.500.12657/52653', 'publication_title': "Wives and Wanderers in a New Guinea Highlands Society Women's lives in the Wahgi Valley", 'title_url': 'https://patron-academic.thepalaceproject.org/ucdavis/book/https%3A%2F%2Fcdl.edu.thepalaceproject.org%2F110644%2Fworks%2FURI%252Fhttps%253A%252F%252Flibrary.oapen.org%252Fhandle%252F20.500.12657%252F52653', 'first_author': 'Reay, Marie Olive', 'online_identifier': '', 'publisher_name': 'ANU Press', 'publication_type': 'monograph', 'date_monograph_published_online': '2022', 'first_editor': '', 'access_type': 'openaccess', 'source_id': '20.500.12657/52653', 'source_id_type': 'File Handle'}
Record 1873: {'title_id': 'https://library.oapen.org/handle/20.500.12657/58383', 'publication_title': 'Rethinking Secular Time in Victorian England', 'title_url': 'https://patron-academic.thepalaceproject.org/ucdavis/book/https%3A%2F%2Fcdl.edu.thepalaceproject.org%2F110644%2Fworks%2FURI%252Fhttps%253A%252F%252Flibrary.oapen.org%252Fhandle%252F20.500.12657%252F58383', 'first_author': 'Fisher-Høyrem, Stefan', 'online_identifier': '', 'publisher_name': 'Springer Nature', 'publication_type': 'monograph', 'date_monograph_published_online': '2022', 'first_editor': '', 'access_type': 'openaccess', 'source_id': '20.500.12657/58383', 'source_id_type': 'File Handle'}
Record 1874: {'title_id': 'https://library.oapen.org/handle/20.500.12657/52839', 'publication_title': 'Learning to Diagnose with Simulations Examples from Teacher Education and Medical Education', 'title_url': 'https://patron-academic.thepalaceproject.org/ucdavis/book/https%3A%2F%2Fcdl.edu.thepalaceproject.org%2F110644%2Fworks%2FURI%252Fhttps%253A%252F%252Flibrary.oapen.org%252Fhandle%252F20.500.12657%252F52839', 'first_author': '', 'online_identifier': '', 'publisher_name': 'Springer Nature', 'publication_type': 'monograph', 'date_monograph_published_online': '2022', 'first_editor': 'Fischer, Frank', 'access_type': 'openaccess', 'source_id': '20.500.12657/52839', 'source_id_type': 'File Handle'}
Record 1875: {'title_id': 'https://library.oapen.org/handle/20.500.12657/58548', 'publication_title': 'The Frisian Popular Militias between 1480 and 1560', 'title_url': 'https://patron-academic.thepalaceproject.org/ucdavis/book/https%3A%2F%2Fcdl.edu.thepalaceproject.org%2F110644%2Fworks%2FURI%252Fhttps%253A%252F%252Flibrary.oapen.org%252Fhandle%252F20.500.12657%252F58548', 'first_author': 'Mol, Hans', 'online_identifier': '', 'publisher_name': 'Amsterdam University Press', 'publication_type': 'monograph', 'date_monograph_published_online': '2022', 'first_editor': '', 'access_type': 'openaccess', 'source_id': '20.500.12657/58548', 'source_id_type': 'File Handle'}
Record 1876: {'title_id': 'https://library.oapen.org/handle/20.500.12657/59382', 'publication_title': 'Family Dynamics over the Life Course Foundations, Turning Points and Outcomes', 'title_url': 'https://patron-academic.thepalaceproject.org/ucdavis/book/https%3A%2F%2Fcdl.edu.thepalaceproject.org%2F110644%2Fworks%2FURI%252Fhttps%253A%252F%252Flibrary.oapen.org%252Fhandle%252F20.500.12657%252F59382', 'first_author': '', 'online_identifier': '', 'publisher_name': 'Springer Nature', 'publication_type': 'monograph', 'date_monograph_published_online': '2022', 'first_editor': 'Baxter, Janeen', 'access_type': 'openaccess', 'source_id': '20.500.12657/59382', 'source_id_type': 'File Handle'}
Record 1877: {'title_id': 'https://library.oapen.org/handle/20.500.12657/53948', 'publication_title': 'Nuancing Young Masculinities Helsinki Boys’ Intersectional Relationships in New Times', 'title_url': 'https://patron-academic.thepalaceproject.org/ucdavis/book/https%3A%2F%2Fcdl.edu.thepalaceproject.org%2F110644%2Fworks%2FURI%252Fhttps%253A%252F%252Flibrary.oapen.org%252Fhandle%252F20.500.12657%252F53948', 'first_author': '', 'online_identifier': '', 'publisher_name': 'Helsinki University Press', 'publication_type': 'monograph', 'date_monograph_published_online': '2022', 'first_editor': '', 'access_type': 'openaccess', 'source_id': '20.500.12657/53948', 'source_id_type': 'File Handle'}
Record 1878: {'title_id': 'https://library.oapen.org/handle/20.500.12657/59376', 'publication_title': 'Business Ethics and Critical Consultant Jokes New Research Methods to Study Ethical Transgressions', 'title_url': 'https://patron-academic.thepalaceproject.org/ucdavis/book/https%3A%2F%2Fcdl.edu.thepalaceproject.org%2F110644%2Fworks%2FURI%252Fhttps%253A%252F%252Flibrary.oapen.org%252Fhandle%252F20.500.12657%252F59376', 'first_author': 'Bouwmeester, Onno', 'online_identifier': '', 'publisher_name': 'Springer Nature', 'publication_type': 'monograph', 'date_monograph_published_online': '2022', 'first_editor': '', 'access_type': 'openaccess', 'source_id': '20.500.12657/59376', 'source_id_type': 'File Handle'}
Record 1879: {'title_id': 'https://library.oapen.org/handle/20.500.12657/63423', 'publication_title': 'Performing the jumbled city', 'title_url': 'https://patron-academic.thepalaceproject.org/ucdavis/book/https%3A%2F%2Fcdl.edu.thepalaceproject.org%2F110644%2Fworks%2FURI%252Fhttps%253A%252F%252Flibrary.oapen.org%252Fhandle%252F20.500.12657%252F63423', 'first_author': 'Casagrande, Olivia', 'online_identifier': '', 'publisher_name': 'Manchester University Press', 'publication_type': 'monograph', 'date_monograph_published_online': '2022', 'first_editor': '', 'access_type': 'openaccess', 'source_id': '20.500.12657/63423', 'source_id_type': 'File Handle'}
Record 1880: {'title_id': 'https://library.oapen.org/handle/20.500.12657/56705', 'publication_title': 'The Changing German Voter', 'title_url': 'https://patron-academic.thepalaceproject.org/ucdavis/book/https%3A%2F%2Fcdl.edu.thepalaceproject.org%2F110644%2Fworks%2FURI%252Fhttps%253A%252F%252Flibrary.oapen.org%252Fhandle%252F20.500.12657%252F56705', 'first_author': '', 'online_identifier': '', 'publisher_name': 'Oxford University Press', 'publication_type': 'monograph', 'date_monograph_published_online': '2022', 'first_editor': 'Roßteutscher, Sigrid', 'access_type': 'openaccess', 'source_id': '20.500.12657/56705', 'source_id_type': 'File Handle'}
Record 1881: {'title_id': 'https://library.oapen.org/handle/20.500.12657/58573', 'publication_title': 'Japan’s Book Donation to the University of Louvain Japanese Cultural Identity and Modernity in the 1920s', 'title_url': 'https://patron-academic.thepalaceproject.org/ucdavis/book/https%3A%2F%2Fcdl.edu.thepalaceproject.org%2F110644%2Fworks%2FURI%252Fhttps%253A%252F%252Flibrary.oapen.org%252Fhandle%252F20.500.12657%252F58573', 'first_author': '', 'online_identifier': '', 'publisher_name': 'Leuven University Press', 'publication_type': 'monograph', 'date_monograph_published_online': '2022', 'first_editor': 'Mennens, Eline', 'access_type': 'openaccess', 'source_id': '20.500.12657/58573', 'source_id_type': 'File Handle'}
Record 1882: {'title_id': 'https://library.oapen.org/handle/20.500.12657/57619', 'publication_title': 'The Law of Global Digitality', 'title_url': 'https://patron-academic.thepalaceproject.org/ucdavis/book/https%3A%2F%2Fcdl.edu.thepalaceproject.org%2F110644%2Fworks%2FURI%252Fhttps%253A%252F%252Flibrary.oapen.org%252Fhandle%252F20.500.12657%252F57619', 'first_author': '', 'online_identifier': '', 'publisher_name': 'Taylor & Francis', 'publication_type': 'monograph', 'date_monograph_published_online': '2022', 'first_editor': 'C. Kettemann, Matthias', 'access_type': 'openaccess', 'source_id': '20.500.12657/57619', 'source_id_type': 'File Handle'}
Record 1883: {'title_id': 'https://library.oapen.org/handle/20.500.12657/62907', 'publication_title': 'Inventing the Third World In Search of Freedom for the Postwar Global South', 'title_url': 'https://patron-academic.thepalaceproject.org/ucdavis/book/https%3A%2F%2Fcdl.edu.thepalaceproject.org%2F110644%2Fworks%2FURI%252Fhttps%253A%252F%252Flibrary.oapen.org%252Fhandle%252F20.500.12657%252F62907', 'first_author': '', 'online_identifier': '', 'publisher_name': 'Bloomsbury Academic', 'publication_type': 'monograph', 'date_monograph_published_online': '2022', 'first_editor': 'Adelman, Jeremy', 'access_type': 'openaccess', 'source_id': '20.500.12657/62907', 'source_id_type': 'File Handle'}
Record 1884: {'title_id': 'https://library.oapen.org/handle/20.500.12657/53564', 'publication_title': 'Tuning up! The Innovative Potential of Musikvermittlung', 'title_url': 'https://patron-academic.thepalaceproject.org/ucdavis/book/https%3A%2F%2Fcdl.edu.thepalaceproject.org%2F110644%2Fworks%2FURI%252Fhttps%253A%252F%252Flibrary.oapen.org%252Fhandle%252F20.500.12657%252F53564', 'first_author': '', 'online_identifier': '', 'publisher_name': 'transcript Verlag', 'publication_type': 'monograph', 'date_monograph_published_online': '2022', 'first_editor': 'Chaker, Sarah', 'access_type': 'openaccess', 'source_id': '20.500.12657/53564', 'source_id_type': 'File Handle'}
Record 1885: {'title_id': 'https://library.oapen.org/handle/20.500.12657/53675', 'publication_title': 'The Orientalist Semiotics of Dune Religious and Historical References within Frank Herbert’s Universe', 'title_url': 'https://patron-academic.thepalaceproject.org/ucdavis/book/https%3A%2F%2Fcdl.edu.thepalaceproject.org%2F110644%2Fworks%2FURI%252Fhttps%253A%252F%252Flibrary.oapen.org%252Fhandle%252F20.500.12657%252F53675', 'first_author': 'Jacob, Frank', 'online_identifier': '', 'publisher_name': 'Büchner-Verlag', 'publication_type': 'monograph', 'date_monograph_published_online': '2022', 'first_editor': '', 'access_type': 'openaccess', 'source_id': '20.500.12657/53675', 'source_id_type': 'File Handle'}
Record 1886: {'title_id': 'https://library.oapen.org/handle/20.500.12657/59386', 'publication_title': 'Older Workers and Labour Market Exclusion Processes A Life Course perspective', 'title_url': 'https://patron-academic.thepalaceproject.org/ucdavis/book/https%3A%2F%2Fcdl.edu.thepalaceproject.org%2F110644%2Fworks%2FURI%252Fhttps%253A%252F%252Flibrary.oapen.org%252Fhandle%252F20.500.12657%252F59386', 'first_author': '', 'online_identifier': '', 'publisher_name': 'Springer Nature', 'publication_type': 'monograph', 'date_monograph_published_online': '2022', 'first_editor': 'Burnay, Nathalie', 'access_type': 'openaccess', 'source_id': '20.500.12657/59386', 'source_id_type': 'File Handle'}
Record 1887: {'title_id': 'https://library.oapen.org/handle/20.500.12657/61012', 'publication_title': 'Post-Global Aesthetics 21st Century Latin American Literatures and Cultures', 'title_url': 'https://patron-academic.thepalaceproject.org/ucdavis/book/https%3A%2F%2Fcdl.edu.thepalaceproject.org%2F110644%2Fworks%2FURI%252Fhttps%253A%252F%252Flibrary.oapen.org%252Fhandle%252F20.500.12657%252F61012', 'first_author': '', 'online_identifier': '', 'publisher_name': 'De Gruyter', 'publication_type': 'monograph', 'date_monograph_published_online': '2022', 'first_editor': 'Loy, Benjamin', 'access_type': 'openaccess', 'source_id': '20.500.12657/61012', 'source_id_type': 'File Handle'}
Record 1888: {'title_id': 'https://library.oapen.org/handle/20.500.12657/59866', 'publication_title': 'Music in Evolution and Evolution in Music', 'title_url': 'https://patron-academic.thepalaceproject.org/ucdavis/book/https%3A%2F%2Fcdl.edu.thepalaceproject.org%2F110644%2Fworks%2FURI%252Fhttps%253A%252F%252Flibrary.oapen.org%252Fhandle%252F20.500.12657%252F59866', 'first_author': 'Jan, Steven', 'online_identifier': '', 'publisher_name': 'Open Book Publishers', 'publication_type': 'monograph', 'date_monograph_published_online': '2022', 'first_editor': '', 'access_type': 'openaccess', 'source_id': '20.500.12657/59866', 'source_id_type': 'File Handle'}
Record 1889: {'title_id': 'https://library.oapen.org/handle/20.500.12657/61139', 'publication_title': 'Discovery in Physics', 'title_url': 'https://patron-academic.thepalaceproject.org/ucdavis/book/https%3A%2F%2Fcdl.edu.thepalaceproject.org%2F110644%2Fworks%2FURI%252Fhttps%253A%252F%252Flibrary.oapen.org%252Fhandle%252F20.500.12657%252F61139', 'first_author': '', 'online_identifier': '', 'publisher_name': 'De Gruyter', 'publication_type': 'monograph', 'date_monograph_published_online': '2022', 'first_editor': 'Morik, Katharina', 'access_type': 'openaccess', 'source_id': '20.500.12657/61139', 'source_id_type': 'File Handle'}
Record 1890: {'title_id': 'https://library.oapen.org/handle/20.500.12657/59292', 'publication_title': 'Finance in Africa Navigating the financial landscape in turbulent times', 'title_url': 'https://patron-academic.thepalaceproject.org/ucdavis/book/https%3A%2F%2Fcdl.edu.thepalaceproject.org%2F110644%2Fworks%2FURI%252Fhttps%253A%252F%252Flibrary.oapen.org%252Fhandle%252F20.500.12657%252F59292', 'first_author': 'Bank, European Investment', 'online_identifier': '', 'publisher_name': 'European Investment Bank', 'publication_type': 'monograph', 'date_monograph_published_online': '2022', 'first_editor': '', 'access_type': 'openaccess', 'source_id': '20.500.12657/59292', 'source_id_type': 'File Handle'}
Record 1891: {'title_id': 'https://library.oapen.org/handle/20.500.12657/59128', 'publication_title': 'Pension Policy and Governmentality in China Manufacturing Public Compliance', 'title_url': 'https://patron-academic.thepalaceproject.org/ucdavis/book/https%3A%2F%2Fcdl.edu.thepalaceproject.org%2F110644%2Fworks%2FURI%252Fhttps%253A%252F%252Flibrary.oapen.org%252Fhandle%252F20.500.12657%252F59128', 'first_author': 'Wang, Yan', 'online_identifier': '', 'publisher_name': 'LSE Press', 'publication_type': 'monograph', 'date_monograph_published_online': '2022', 'first_editor': '', 'access_type': 'openaccess', 'source_id': '20.500.12657/59128', 'source_id_type': 'File Handle'}
Record 1892: {'title_id': 'https://library.oapen.org/handle/20.500.12657/64084', 'publication_title': 'Low-Income Students, Human Development and Higher Education in South Africa Opportunities, obstacles and outcomes', 'title_url': 'https://patron-academic.thepalaceproject.org/ucdavis/book/https%3A%2F%2Fcdl.edu.thepalaceproject.org%2F110644%2Fworks%2FURI%252Fhttps%253A%252F%252Flibrary.oapen.org%252Fhandle%252F20.500.12657%252F64084', 'first_author': '', 'online_identifier': '', 'publisher_name': 'African Minds', 'publication_type': 'monograph', 'date_monograph_published_online': '2022', 'first_editor': '', 'access_type': 'openaccess', 'source_id': '20.500.12657/64084', 'source_id_type': 'File Handle'}
Record 1893: {'title_id': 'https://library.oapen.org/handle/20.500.12657/57535', 'publication_title': 'Mesoscale simulation of the mold filling process of Sheet Molding Compound', 'title_url': 'https://patron-academic.thepalaceproject.org/ucdavis/book/https%3A%2F%2Fcdl.edu.thepalaceproject.org%2F110644%2Fworks%2FURI%252Fhttps%253A%252F%252Flibrary.oapen.org%252Fhandle%252F20.500.12657%252F57535', 'first_author': 'Meyer, Nils', 'online_identifier': '', 'publisher_name': 'KIT Scientific Publishing', 'publication_type': 'monograph', 'date_monograph_published_online': '2022', 'first_editor': '', 'access_type': 'openaccess', 'source_id': '20.500.12657/57535', 'source_id_type': 'File Handle'}
Record 1894: {'title_id': 'https://library.oapen.org/handle/20.500.12657/52405', 'publication_title': 'Monitoring State Compliance with the UN Convention on the Rights of the Child An Analysis of Attributes', 'title_url': 'https://patron-academic.thepalaceproject.org/ucdavis/book/https%3A%2F%2Fcdl.edu.thepalaceproject.org%2F110644%2Fworks%2FURI%252Fhttps%253A%252F%252Flibrary.oapen.org%252Fhandle%252F20.500.12657%252F52405', 'first_author': '', 'online_identifier': '', 'publisher_name': 'Springer Nature', 'publication_type': 'monograph', 'date_monograph_published_online': '2022', 'first_editor': 'Lansdown, Gerison', 'access_type': 'openaccess', 'source_id': '20.500.12657/52405', 'source_id_type': 'File Handle'}
Record 1895: {'title_id': 'https://library.oapen.org/handle/20.500.12657/58455', 'publication_title': 'Experimental characterization and modelling of textile reinforced masonry structures with the Equivalent frame method', 'title_url': 'https://patron-academic.thepalaceproject.org/ucdavis/book/https%3A%2F%2Fcdl.edu.thepalaceproject.org%2F110644%2Fworks%2FURI%252Fhttps%253A%252F%252Flibrary.oapen.org%252Fhandle%252F20.500.12657%252F58455', 'first_author': 'Rizzo, Stefania', 'online_identifier': '', 'publisher_name': 'KIT Scientific Publishing', 'publication_type': 'monograph', 'date_monograph_published_online': '2022', 'first_editor': '', 'access_type': 'openaccess', 'source_id': '20.500.12657/58455', 'source_id_type': 'File Handle'}
Record 1896: {'title_id': 'https://library.oapen.org/handle/20.500.12657/60145', 'publication_title': 'Person-Centered Outcome Metrology Principles and Applications for High Stakes Decision Making', 'title_url': 'https://patron-academic.thepalaceproject.org/ucdavis/book/https%3A%2F%2Fcdl.edu.thepalaceproject.org%2F110644%2Fworks%2FURI%252Fhttps%253A%252F%252Flibrary.oapen.org%252Fhandle%252F20.500.12657%252F60145', 'first_author': '', 'online_identifier': '', 'publisher_name': 'Springer Nature', 'publication_type': 'monograph', 'date_monograph_published_online': '2022', 'first_editor': 'Cano, Stefan J.', 'access_type': 'openaccess', 'source_id': '20.500.12657/60145', 'source_id_type': 'File Handle'}
Record 1897: {'title_id': 'https://library.oapen.org/handle/20.500.12657/61569', 'publication_title': 'Education leadership Scoping, perspectives and future trajectory', 'title_url': 'https://patron-academic.thepalaceproject.org/ucdavis/book/https%3A%2F%2Fcdl.edu.thepalaceproject.org%2F110644%2Fworks%2FURI%252Fhttps%253A%252F%252Flibrary.oapen.org%252Fhandle%252F20.500.12657%252F61569', 'first_author': '', 'online_identifier': '', 'publisher_name': 'AOSIS', 'publication_type': 'monograph', 'date_monograph_published_online': '2022', 'first_editor': 'Wolhuter, Charl C.', 'access_type': 'openaccess', 'source_id': '20.500.12657/61569', 'source_id_type': 'File Handle'}
Record 1898: {'title_id': 'https://library.oapen.org/handle/20.500.12657/54349', 'publication_title': 'Nubian Proverbs (Fadijja/Mahas)', 'title_url': 'https://patron-academic.thepalaceproject.org/ucdavis/book/https%3A%2F%2Fcdl.edu.thepalaceproject.org%2F110644%2Fworks%2FURI%252Fhttps%253A%252F%252Flibrary.oapen.org%252Fhandle%252F20.500.12657%252F54349', 'first_author': 'Habbob, Maher', 'online_identifier': '', 'publisher_name': 'punctum books', 'publication_type': 'monograph', 'date_monograph_published_online': '2022', 'first_editor': '', 'access_type': 'openaccess', 'source_id': '20.500.12657/54349', 'source_id_type': 'File Handle'}
Record 1899: {'title_id': 'https://library.oapen.org/handle/20.500.12657/53691', 'publication_title': 'Chinese Migrant Parents and Complementary Schooling in Germany A Sociolinguistic Ethnography', 'title_url': 'https://patron-academic.thepalaceproject.org/ucdavis/book/https%3A%2F%2Fcdl.edu.thepalaceproject.org%2F110644%2Fworks%2FURI%252Fhttps%253A%252F%252Flibrary.oapen.org%252Fhandle%252F20.500.12657%252F53691', 'first_author': 'Li-Gottwald, Jiayin', 'online_identifier': '', 'publisher_name': 'Verlag Barbara Budrich', 'publication_type': 'monograph', 'date_monograph_published_online': '2022', 'first_editor': '', 'access_type': 'openaccess', 'source_id': '20.500.12657/53691', 'source_id_type': 'File Handle'}
Record 1900: {'title_id': 'https://library.oapen.org/handle/20.500.12657/52927', 'publication_title': 'The Neo-Aramaic Oral Heritage of the Jews of Zakho', 'title_url': 'https://patron-academic.thepalaceproject.org/ucdavis/book/https%3A%2F%2Fcdl.edu.thepalaceproject.org%2F110644%2Fworks%2FURI%252Fhttps%253A%252F%252Flibrary.oapen.org%252Fhandle%252F20.500.12657%252F52927', 'first_author': 'Aloni, Oz', 'online_identifier': '', 'publisher_name': 'Open Book Publishers', 'publication_type': 'monograph', 'date_monograph_published_online': '2022', 'first_editor': '', 'access_type': 'openaccess', 'source_id': '20.500.12657/52927', 'source_id_type': 'File Handle'}
Record 1901: {'title_id': 'https://library.oapen.org/handle/20.500.12657/60186', 'publication_title': 'Mastering Endo-Laparoscopic and Thoracoscopic Surgery ELSA Manual', 'title_url': 'https://patron-academic.thepalaceproject.org/ucdavis/book/https%3A%2F%2Fcdl.edu.thepalaceproject.org%2F110644%2Fworks%2FURI%252Fhttps%253A%252F%252Flibrary.oapen.org%252Fhandle%252F20.500.12657%252F60186', 'first_author': '', 'online_identifier': '', 'publisher_name': 'Springer Nature', 'publication_type': 'monograph', 'date_monograph_published_online': '2022', 'first_editor': 'Chen, William Tzu-Liang', 'access_type': 'openaccess', 'source_id': '20.500.12657/60186', 'source_id_type': 'File Handle'}
Record 1902: {'title_id': 'https://library.oapen.org/handle/20.500.12657/74770', 'publication_title': 'The Downfall of the American Order?', 'title_url': 'https://patron-academic.thepalaceproject.org/ucdavis/book/https%3A%2F%2Fcdl.edu.thepalaceproject.org%2F110644%2Fworks%2FURI%252Fhttps%253A%252F%252Flibrary.oapen.org%252Fhandle%252F20.500.12657%252F74770', 'first_author': '', 'online_identifier': '', 'publisher_name': 'Cornell University Press', 'publication_type': 'monograph', 'date_monograph_published_online': '2022', 'first_editor': 'Katzenstein, Peter J.', 'access_type': 'openaccess', 'source_id': '20.500.12657/74770', 'source_id_type': 'File Handle'}
Record 1903: {'title_id': 'https://library.oapen.org/handle/20.500.12657/55791', 'publication_title': 'Robots and AI A New Economic Era', 'title_url': 'https://patron-academic.thepalaceproject.org/ucdavis/book/https%3A%2F%2Fcdl.edu.thepalaceproject.org%2F110644%2Fworks%2FURI%252Fhttps%253A%252F%252Flibrary.oapen.org%252Fhandle%252F20.500.12657%252F55791', 'first_author': '', 'online_identifier': '', 'publisher_name': 'Taylor & Francis', 'publication_type': 'monograph', 'date_monograph_published_online': '2022', 'first_editor': 'Grossman, Gene M.', 'access_type': 'openaccess', 'source_id': '20.500.12657/55791', 'source_id_type': 'File Handle'}
Record 1904: {'title_id': 'https://library.oapen.org/handle/20.500.12657/60517', 'publication_title': 'Re-manufacturing networks for tertiary architectures Innovative organizational models towards circularity', 'title_url': 'https://patron-academic.thepalaceproject.org/ucdavis/book/https%3A%2F%2Fcdl.edu.thepalaceproject.org%2F110644%2Fworks%2FURI%252Fhttps%253A%252F%252Flibrary.oapen.org%252Fhandle%252F20.500.12657%252F60517', 'first_author': 'TALAMO, CINZIA MARIA LUISA', 'online_identifier': '', 'publisher_name': 'FrancoAngeli', 'publication_type': 'monograph', 'date_monograph_published_online': '2022', 'first_editor': '', 'access_type': 'openaccess', 'source_id': '20.500.12657/60517', 'source_id_type': 'File Handle'}
Record 1905: {'title_id': 'https://library.oapen.org/handle/20.500.12657/57354', 'publication_title': 'Glocal Governance How to Govern in the Anthropocene?', 'title_url': 'https://patron-academic.thepalaceproject.org/ucdavis/book/https%3A%2F%2Fcdl.edu.thepalaceproject.org%2F110644%2Fworks%2FURI%252Fhttps%253A%252F%252Flibrary.oapen.org%252Fhandle%252F20.500.12657%252F57354', 'first_author': 'Mihr, Anja', 'online_identifier': '', 'publisher_name': 'Springer Nature', 'publication_type': 'monograph', 'date_monograph_published_online': '2022', 'first_editor': '', 'access_type': 'openaccess', 'source_id': '20.500.12657/57354', 'source_id_type': 'File Handle'}
Record 1906: {'title_id': 'https://library.oapen.org/handle/20.500.12657/54497', 'publication_title': 'A Critical Evaluation of Individualism, Collectivism and Collective Action', 'title_url': 'https://patron-academic.thepalaceproject.org/ucdavis/book/https%3A%2F%2Fcdl.edu.thepalaceproject.org%2F110644%2Fworks%2FURI%252Fhttps%253A%252F%252Flibrary.oapen.org%252Fhandle%252F20.500.12657%252F54497', 'first_author': '', 'online_identifier': '', 'publisher_name': 'Tampere University Press', 'publication_type': 'monograph', 'date_monograph_published_online': '2022', 'first_editor': '', 'access_type': 'openaccess', 'source_id': '20.500.12657/54497', 'source_id_type': 'File Handle'}
Record 1907: {'title_id': 'https://library.oapen.org/handle/20.500.12657/61949', 'publication_title': 'Education for sustainable development in BRICS Zoom on higher education', 'title_url': 'https://patron-academic.thepalaceproject.org/ucdavis/book/https%3A%2F%2Fcdl.edu.thepalaceproject.org%2F110644%2Fworks%2FURI%252Fhttps%253A%252F%252Flibrary.oapen.org%252Fhandle%252F20.500.12657%252F61949', 'first_author': '', 'online_identifier': '', 'publisher_name': 'AOSIS', 'publication_type': 'monograph', 'date_monograph_published_online': '2022', 'first_editor': 'Niemczyk, Ewelina K.', 'access_type': 'openaccess', 'source_id': '20.500.12657/61949', 'source_id_type': 'File Handle'}
Record 1908: {'title_id': 'https://library.oapen.org/handle/20.500.12657/58876', 'publication_title': 'A Voice for Maria Favela An Adventure in Creative Literacy', 'title_url': 'https://patron-academic.thepalaceproject.org/ucdavis/book/https%3A%2F%2Fcdl.edu.thepalaceproject.org%2F110644%2Fworks%2FURI%252Fhttps%253A%252F%252Flibrary.oapen.org%252Fhandle%252F20.500.12657%252F58876', 'first_author': 'Leal, Antonio', 'online_identifier': '', 'publisher_name': 'Bloomsbury Academic', 'publication_type': 'monograph', 'date_monograph_published_online': '2022', 'first_editor': '', 'access_type': 'openaccess', 'source_id': '20.500.12657/58876', 'source_id_type': 'File Handle'}
Record 1909: {'title_id': 'https://library.oapen.org/handle/20.500.12657/58959', 'publication_title': 'Life, Re-Scaled The Biological Imagination in Twenty-First-Century Literature and Performance', 'title_url': 'https://patron-academic.thepalaceproject.org/ucdavis/book/https%3A%2F%2Fcdl.edu.thepalaceproject.org%2F110644%2Fworks%2FURI%252Fhttps%253A%252F%252Flibrary.oapen.org%252Fhandle%252F20.500.12657%252F58959', 'first_author': '', 'online_identifier': '', 'publisher_name': 'Open Book Publishers', 'publication_type': 'monograph', 'date_monograph_published_online': '2022', 'first_editor': 'Campos, Liliane', 'access_type': 'openaccess', 'source_id': '20.500.12657/58959', 'source_id_type': 'File Handle'}
Record 1910: {'title_id': 'https://library.oapen.org/handle/20.500.12657/61991', 'publication_title': 'Innovation for inclusive development and transformation in South Africa', 'title_url': 'https://patron-academic.thepalaceproject.org/ucdavis/book/https%3A%2F%2Fcdl.edu.thepalaceproject.org%2F110644%2Fworks%2FURI%252Fhttps%253A%252F%252Flibrary.oapen.org%252Fhandle%252F20.500.12657%252F61991', 'first_author': '', 'online_identifier': '', 'publisher_name': 'AOSIS', 'publication_type': 'monograph', 'date_monograph_published_online': '2022', 'first_editor': 'Adonis, Cyril', 'access_type': 'openaccess', 'source_id': '20.500.12657/61991', 'source_id_type': 'File Handle'}
Record 1911: {'title_id': 'https://library.oapen.org/handle/20.500.12657/61342', 'publication_title': 'Local Self-Governance in Antiquity and in the Global South Theoretical and Empirical Insights from an Interdisciplinary Perspective', 'title_url': 'https://patron-academic.thepalaceproject.org/ucdavis/book/https%3A%2F%2Fcdl.edu.thepalaceproject.org%2F110644%2Fworks%2FURI%252Fhttps%253A%252F%252Flibrary.oapen.org%252Fhandle%252F20.500.12657%252F61342', 'first_author': '', 'online_identifier': '', 'publisher_name': 'De Gruyter', 'publication_type': 'monograph', 'date_monograph_published_online': '2022', 'first_editor': 'Krüger, Dominique', 'access_type': 'openaccess', 'source_id': '20.500.12657/61342', 'source_id_type': 'File Handle'}
Record 1912: {'title_id': 'https://library.oapen.org/handle/20.500.12657/58914', 'publication_title': 'Genres of Listening', 'title_url': 'https://patron-academic.thepalaceproject.org/ucdavis/book/https%3A%2F%2Fcdl.edu.thepalaceproject.org%2F110644%2Fworks%2FURI%252Fhttps%253A%252F%252Flibrary.oapen.org%252Fhandle%252F20.500.12657%252F58914', 'first_author': 'Marsilli-Vargas, Xochitl', 'online_identifier': '', 'publisher_name': 'Duke University Press', 'publication_type': 'monograph', 'date_monograph_published_online': '2022', 'first_editor': '', 'access_type': 'openaccess', 'source_id': '20.500.12657/58914', 'source_id_type': 'File Handle'}
Record 1913: {'title_id': 'https://library.oapen.org/handle/20.500.12657/57922', 'publication_title': 'High-Quality Outdoor Learning Evidence-based Education Outside the Classroom for Children, Teachers and Society', 'title_url': 'https://patron-academic.thepalaceproject.org/ucdavis/book/https%3A%2F%2Fcdl.edu.thepalaceproject.org%2F110644%2Fworks%2FURI%252Fhttps%253A%252F%252Flibrary.oapen.org%252Fhandle%252F20.500.12657%252F57922', 'first_author': '', 'online_identifier': '', 'publisher_name': 'Springer Nature', 'publication_type': 'monograph', 'date_monograph_published_online': '2022', 'first_editor': 'Jucker, Rolf', 'access_type': 'openaccess', 'source_id': '20.500.12657/57922', 'source_id_type': 'File Handle'}
Record 1914: {'title_id': 'https://library.oapen.org/handle/20.500.12657/87111', 'publication_title': 'Theological Libraries and Library Associations in Europe A Festschrift on the Occasion of the 50th Anniversary of BETH', 'title_url': 'https://patron-academic.thepalaceproject.org/ucdavis/book/https%3A%2F%2Fcdl.edu.thepalaceproject.org%2F110644%2Fworks%2FURI%252Fhttps%253A%252F%252Flibrary.oapen.org%252Fhandle%252F20.500.12657%252F87111', 'first_author': '', 'online_identifier': '', 'publisher_name': 'Brill', 'publication_type': 'monograph', 'date_monograph_published_online': '2022', 'first_editor': 'Hall, Penelope R.', 'access_type': 'openaccess', 'source_id': '20.500.12657/87111', 'source_id_type': 'File Handle'}
Record 1915: {'title_id': 'https://library.oapen.org/handle/20.500.12657/55818', 'publication_title': 'Performing Deception Learning, Skill and the Art of Conjuring', 'title_url': 'https://patron-academic.thepalaceproject.org/ucdavis/book/https%3A%2F%2Fcdl.edu.thepalaceproject.org%2F110644%2Fworks%2FURI%252Fhttps%253A%252F%252Flibrary.oapen.org%252Fhandle%252F20.500.12657%252F55818', 'first_author': 'Rappert, Brian', 'online_identifier': '', 'publisher_name': 'Open Book Publishers', 'publication_type': 'monograph', 'date_monograph_published_online': '2022', 'first_editor': '', 'access_type': 'openaccess', 'source_id': '20.500.12657/55818', 'source_id_type': 'File Handle'}
Record 1916: {'title_id': 'https://library.oapen.org/handle/20.500.12657/52943', 'publication_title': 'Conflict, War and Revolution The problem of politics in international political thought', 'title_url': 'https://patron-academic.thepalaceproject.org/ucdavis/book/https%3A%2F%2Fcdl.edu.thepalaceproject.org%2F110644%2Fworks%2FURI%252Fhttps%253A%252F%252Flibrary.oapen.org%252Fhandle%252F20.500.12657%252F52943', 'first_author': 'Kelly, Paul', 'online_identifier': '', 'publisher_name': 'LSE Press', 'publication_type': 'monograph', 'date_monograph_published_online': '2022', 'first_editor': '', 'access_type': 'openaccess', 'source_id': '20.500.12657/52943', 'source_id_type': 'File Handle'}
Record 1917: {'title_id': 'https://library.oapen.org/handle/20.500.12657/54657', 'publication_title': 'Memory and Identity in the Learned World Community Formation in the Early Modern World of Learning and Science', 'title_url': 'https://patron-academic.thepalaceproject.org/ucdavis/book/https%3A%2F%2Fcdl.edu.thepalaceproject.org%2F110644%2Fworks%2FURI%252Fhttps%253A%252F%252Flibrary.oapen.org%252Fhandle%252F20.500.12657%252F54657', 'first_author': '', 'online_identifier': '', 'publisher_name': 'Brill', 'publication_type': 'monograph', 'date_monograph_published_online': '2022', 'first_editor': 'Enenkel, Karl A.E.', 'access_type': 'openaccess', 'source_id': '20.500.12657/54657', 'source_id_type': 'File Handle'}
Record 1918: {'title_id': 'https://library.oapen.org/handle/20.500.12657/59137', 'publication_title': 'Impacts of COVID-19 Pandemic’s Distance Learning on Students and Teachers in Schools and in Higher Education. International Perspectives', 'title_url': 'https://patron-academic.thepalaceproject.org/ucdavis/book/https%3A%2F%2Fcdl.edu.thepalaceproject.org%2F110644%2Fworks%2FURI%252Fhttps%253A%252F%252Flibrary.oapen.org%252Fhandle%252F20.500.12657%252F59137', 'first_author': '', 'online_identifier': '', 'publisher_name': 'Leykam Buchverlag', 'publication_type': 'monograph', 'date_monograph_published_online': '2022', 'first_editor': 'Burgsteiner, Harald', 'access_type': 'openaccess', 'source_id': '20.500.12657/59137', 'source_id_type': 'File Handle'}
Record 1919: {'title_id': 'https://library.oapen.org/handle/20.500.12657/53162', 'publication_title': 'The Afterlife of the Shoah in Central and Eastern European Cultures Concepts, Problems, and the Aesthetics of Postcatastrophic Narration', 'title_url': 'https://patron-academic.thepalaceproject.org/ucdavis/book/https%3A%2F%2Fcdl.edu.thepalaceproject.org%2F110644%2Fworks%2FURI%252Fhttps%253A%252F%252Flibrary.oapen.org%252Fhandle%252F20.500.12657%252F53162', 'first_author': '', 'online_identifier': '', 'publisher_name': 'Taylor & Francis', 'publication_type': 'monograph', 'date_monograph_published_online': '2022', 'first_editor': 'Artwinska, Anna', 'access_type': 'openaccess', 'source_id': '20.500.12657/53162', 'source_id_type': 'File Handle'}
Record 1920: {'title_id': 'https://library.oapen.org/handle/20.500.12657/58874', 'publication_title': 'Contemporary Fiction and Climate Uncertainty Narrating Unstable Futures', 'title_url': 'https://patron-academic.thepalaceproject.org/ucdavis/book/https%3A%2F%2Fcdl.edu.thepalaceproject.org%2F110644%2Fworks%2FURI%252Fhttps%253A%252F%252Flibrary.oapen.org%252Fhandle%252F20.500.12657%252F58874', 'first_author': 'Caracciolo, Marco', 'online_identifier': '', 'publisher_name': 'Bloomsbury Academic', 'publication_type': 'monograph', 'date_monograph_published_online': '2022', 'first_editor': '', 'access_type': 'openaccess', 'source_id': '20.500.12657/58874', 'source_id_type': 'File Handle'}
Record 1921: {'title_id': 'https://library.oapen.org/handle/20.500.12657/61116', 'publication_title': 'Was macht die Digitalisierung mit der Politik? Einwürfe und Provokationen', 'title_url': 'https://patron-academic.thepalaceproject.org/ucdavis/book/https%3A%2F%2Fcdl.edu.thepalaceproject.org%2F110644%2Fworks%2FURI%252Fhttps%253A%252F%252Flibrary.oapen.org%252Fhandle%252F20.500.12657%252F61116', 'first_author': '', 'online_identifier': '', 'publisher_name': 'De Gruyter', 'publication_type': 'monograph', 'date_monograph_published_online': '2022', 'first_editor': 'Klein, Björn', 'access_type': 'openaccess', 'source_id': '20.500.12657/61116', 'source_id_type': 'File Handle'}
Record 1922: {'title_id': 'https://library.oapen.org/handle/20.500.12657/53379', 'publication_title': "Transition and Opportunity Strategies from Business Leaders on Making the Most of China's Future", 'title_url': 'https://patron-academic.thepalaceproject.org/ucdavis/book/https%3A%2F%2Fcdl.edu.thepalaceproject.org%2F110644%2Fworks%2FURI%252Fhttps%253A%252F%252Flibrary.oapen.org%252Fhandle%252F20.500.12657%252F53379', 'first_author': '', 'online_identifier': '', 'publisher_name': 'Springer Nature', 'publication_type': 'monograph', 'date_monograph_published_online': '2022', 'first_editor': 'Miao, Lu', 'access_type': 'openaccess', 'source_id': '20.500.12657/53379', 'source_id_type': 'File Handle'}
Record 1923: {'title_id': 'https://library.oapen.org/handle/20.500.12657/52935', 'publication_title': 'Babad Tanah Jawi, The Chronicle of Java The Revised Prose Version of C.F. Winter Sr', 'title_url': 'https://patron-academic.thepalaceproject.org/ucdavis/book/https%3A%2F%2Fcdl.edu.thepalaceproject.org%2F110644%2Fworks%2FURI%252Fhttps%253A%252F%252Flibrary.oapen.org%252Fhandle%252F20.500.12657%252F52935', 'first_author': 'Remmelink, Willem', 'online_identifier': '', 'publisher_name': 'Leiden University Press', 'publication_type': 'monograph', 'date_monograph_published_online': '2022', 'first_editor': '', 'access_type': 'openaccess', 'source_id': '20.500.12657/52935', 'source_id_type': 'File Handle'}
Record 1924: {'title_id': 'https://library.oapen.org/handle/20.500.12657/58628', 'publication_title': 'Values for a Post-Pandemic Future', 'title_url': 'https://patron-academic.thepalaceproject.org/ucdavis/book/https%3A%2F%2Fcdl.edu.thepalaceproject.org%2F110644%2Fworks%2FURI%252Fhttps%253A%252F%252Flibrary.oapen.org%252Fhandle%252F20.500.12657%252F58628', 'first_author': '', 'online_identifier': '', 'publisher_name': 'Springer Nature', 'publication_type': 'monograph', 'date_monograph_published_online': '2022', 'first_editor': 'Dennis, Matthew J.', 'access_type': 'openaccess', 'source_id': '20.500.12657/58628', 'source_id_type': 'File Handle'}
Record 1925: {'title_id': 'https://library.oapen.org/handle/20.500.12657/57021', 'publication_title': 'Health Crises and Media Discourses in Sub-Saharan Africa', 'title_url': 'https://patron-academic.thepalaceproject.org/ucdavis/book/https%3A%2F%2Fcdl.edu.thepalaceproject.org%2F110644%2Fworks%2FURI%252Fhttps%253A%252F%252Flibrary.oapen.org%252Fhandle%252F20.500.12657%252F57021', 'first_author': '', 'online_identifier': '', 'publisher_name': 'Springer Nature', 'publication_type': 'monograph', 'date_monograph_published_online': '2022', 'first_editor': 'Dralega, Carol Azungi', 'access_type': 'openaccess', 'source_id': '20.500.12657/57021', 'source_id_type': 'File Handle'}
Record 1926: {'title_id': 'https://library.oapen.org/handle/20.500.12657/59387', 'publication_title': 'Flexible Automation and Intelligent Manufacturing: The Human-Data-Technology Nexus Proceedings of FAIM 2022, June 19–23, 2022, Detroit, Michigan, USA', 'title_url': 'https://patron-academic.thepalaceproject.org/ucdavis/book/https%3A%2F%2Fcdl.edu.thepalaceproject.org%2F110644%2Fworks%2FURI%252Fhttps%253A%252F%252Flibrary.oapen.org%252Fhandle%252F20.500.12657%252F59387', 'first_author': '', 'online_identifier': '', 'publisher_name': 'Springer Nature', 'publication_type': 'monograph', 'date_monograph_published_online': '2022', 'first_editor': 'Kim, Kyoung-Yun', 'access_type': 'openaccess', 'source_id': '20.500.12657/59387', 'source_id_type': 'File Handle'}
Record 1927: {'title_id': 'https://library.oapen.org/handle/20.500.12657/89585', 'publication_title': 'The Power of Persuasion Becoming a Merchant in the 18th Century', 'title_url': 'https://patron-academic.thepalaceproject.org/ucdavis/book/https%3A%2F%2Fcdl.edu.thepalaceproject.org%2F110644%2Fworks%2FURI%252Fhttps%253A%252F%252Flibrary.oapen.org%252Fhandle%252F20.500.12657%252F89585', 'first_author': 'Haasis, Lucas', 'online_identifier': '', 'publisher_name': 'transcript Verlag', 'publication_type': 'monograph', 'date_monograph_published_online': '2022', 'first_editor': '', 'access_type': 'openaccess', 'source_id': '20.500.12657/89585', 'source_id_type': 'File Handle'}
Record 1928: {'title_id': 'https://library.oapen.org/handle/20.500.12657/54070', 'publication_title': 'Contributions to on-board navigation on 1U CubeSats', 'title_url': 'https://patron-academic.thepalaceproject.org/ucdavis/book/https%3A%2F%2Fcdl.edu.thepalaceproject.org%2F110644%2Fworks%2FURI%252Fhttps%253A%252F%252Flibrary.oapen.org%252Fhandle%252F20.500.12657%252F54070', 'first_author': 'Weiß, Sascha', 'online_identifier': '', 'publisher_name': 'Universitätsverlag der Technischen Universität Berlin', 'publication_type': 'monograph', 'date_monograph_published_online': '2022', 'first_editor': '', 'access_type': 'openaccess', 'source_id': '20.500.12657/54070', 'source_id_type': 'File Handle'}
Record 1929: {'title_id': 'https://library.oapen.org/handle/20.500.12657/60894', 'publication_title': 'Poetic Images, Presence, and the Theater of Kenotic Rituals', 'title_url': 'https://patron-academic.thepalaceproject.org/ucdavis/book/https%3A%2F%2Fcdl.edu.thepalaceproject.org%2F110644%2Fworks%2FURI%252Fhttps%253A%252F%252Flibrary.oapen.org%252Fhandle%252F20.500.12657%252F60894', 'first_author': 'SEPSI, Enikő', 'online_identifier': '', 'publisher_name': 'Taylor & Francis', 'publication_type': 'monograph', 'date_monograph_published_online': '2022', 'first_editor': '', 'access_type': 'openaccess', 'source_id': '20.500.12657/60894', 'source_id_type': 'File Handle'}
Record 1930: {'title_id': 'https://library.oapen.org/handle/20.500.12657/54195', 'publication_title': 'Advances in Aquatic Invertebrate Stem Cell Research From Basic Research to Innovative Applications', 'title_url': 'https://patron-academic.thepalaceproject.org/ucdavis/book/https%3A%2F%2Fcdl.edu.thepalaceproject.org%2F110644%2Fworks%2FURI%252Fhttps%253A%252F%252Flibrary.oapen.org%252Fhandle%252F20.500.12657%252F54195', 'first_author': '', 'online_identifier': '', 'publisher_name': 'MDPI - Multidisciplinary Digital Publishing Institute', 'publication_type': 'monograph', 'date_monograph_published_online': '2022', 'first_editor': 'Ballarin, Loriano', 'access_type': 'openaccess', 'source_id': '20.500.12657/54195', 'source_id_type': 'File Handle'}
Record 1931: {'title_id': 'https://library.oapen.org/handle/20.500.12657/58535', 'publication_title': 'Kollektiv mobilisering Samfunnsarbeid i teori og praksis', 'title_url': 'https://patron-academic.thepalaceproject.org/ucdavis/book/https%3A%2F%2Fcdl.edu.thepalaceproject.org%2F110644%2Fworks%2FURI%252Fhttps%253A%252F%252Flibrary.oapen.org%252Fhandle%252F20.500.12657%252F58535', 'first_author': '', 'online_identifier': '', 'publisher_name': 'Cappelen Damm Akademisk/NOASP (Nordic Open Access Scholarly Publishing)', 'publication_type': 'monograph', 'date_monograph_published_online': '2022', 'first_editor': 'Larsen, Anne Karin', 'access_type': 'openaccess', 'source_id': '20.500.12657/58535', 'source_id_type': 'File Handle'}
Record 1932: {'title_id': 'https://library.oapen.org/handle/20.500.12657/60570', 'publication_title': 'Livestock grazing systems and sustainable development in the Mediterranean and Tropical areas Recent knowledge on their strenghts and weaknesses', 'title_url': 'https://patron-academic.thepalaceproject.org/ucdavis/book/https%3A%2F%2Fcdl.edu.thepalaceproject.org%2F110644%2Fworks%2FURI%252Fhttps%253A%252F%252Flibrary.oapen.org%252Fhandle%252F20.500.12657%252F60570', 'first_author': '', 'online_identifier': '', 'publisher_name': 'éditions Quae', 'publication_type': 'monograph', 'date_monograph_published_online': '2022', 'first_editor': '', 'access_type': 'openaccess', 'source_id': '20.500.12657/60570', 'source_id_type': 'File Handle'}
Record 1933: {'title_id': 'https://library.oapen.org/handle/20.500.12657/55783', 'publication_title': 'The MENA Region and COVID-19 Impact, Implications and Prospects', 'title_url': 'https://patron-academic.thepalaceproject.org/ucdavis/book/https%3A%2F%2Fcdl.edu.thepalaceproject.org%2F110644%2Fworks%2FURI%252Fhttps%253A%252F%252Flibrary.oapen.org%252Fhandle%252F20.500.12657%252F55783', 'first_author': '', 'online_identifier': '', 'publisher_name': 'Taylor & Francis', 'publication_type': 'monograph', 'date_monograph_published_online': '2022', 'first_editor': 'Hobaika, Zeina', 'access_type': 'openaccess', 'source_id': '20.500.12657/55783', 'source_id_type': 'File Handle'}
Record 1934: {'title_id': 'https://library.oapen.org/handle/20.500.12657/89489', 'publication_title': 'Jews in the Soviet Union: A History War, Conquest, and Catastrophe, 1939–1945, Volume 3', 'title_url': 'https://patron-academic.thepalaceproject.org/ucdavis/book/https%3A%2F%2Fcdl.edu.thepalaceproject.org%2F110644%2Fworks%2FURI%252Fhttps%253A%252F%252Flibrary.oapen.org%252Fhandle%252F20.500.12657%252F89489', 'first_author': '', 'online_identifier': '', 'publisher_name': 'New York University Press', 'publication_type': 'monograph', 'date_monograph_published_online': '2022', 'first_editor': '', 'access_type': 'openaccess', 'source_id': '20.500.12657/89489', 'source_id_type': 'File Handle'}
Record 1935: {'title_id': 'https://library.oapen.org/handle/20.500.12657/58901', 'publication_title': 'Dynamic Incentives for Optimal Control of Competitive Power Systems', 'title_url': 'https://patron-academic.thepalaceproject.org/ucdavis/book/https%3A%2F%2Fcdl.edu.thepalaceproject.org%2F110644%2Fworks%2FURI%252Fhttps%253A%252F%252Flibrary.oapen.org%252Fhandle%252F20.500.12657%252F58901', 'first_author': 'Kölsch, Lukas', 'online_identifier': '', 'publisher_name': 'KIT Scientific Publishing', 'publication_type': 'monograph', 'date_monograph_published_online': '2022', 'first_editor': '', 'access_type': 'openaccess', 'source_id': '20.500.12657/58901', 'source_id_type': 'File Handle'}
Record 1936: {'title_id': 'https://library.oapen.org/handle/20.500.12657/57809', 'publication_title': 'The Things That Really Matter Philosophical conversations on the cornerstones of life', 'title_url': 'https://patron-academic.thepalaceproject.org/ucdavis/book/https%3A%2F%2Fcdl.edu.thepalaceproject.org%2F110644%2Fworks%2FURI%252Fhttps%253A%252F%252Flibrary.oapen.org%252Fhandle%252F20.500.12657%252F57809', 'first_author': 'Hauskeller, Michael', 'online_identifier': '', 'publisher_name': 'UCL Press', 'publication_type': 'monograph', 'date_monograph_published_online': '2022', 'first_editor': '', 'access_type': 'openaccess', 'source_id': '20.500.12657/57809', 'source_id_type': 'File Handle'}
Record 1937: {'title_id': 'https://library.oapen.org/handle/20.500.12657/89663', 'publication_title': 'Matter, Affect, AntiNormativity Theory Beyond Dualism', 'title_url': 'https://patron-academic.thepalaceproject.org/ucdavis/book/https%3A%2F%2Fcdl.edu.thepalaceproject.org%2F110644%2Fworks%2FURI%252Fhttps%253A%252F%252Flibrary.oapen.org%252Fhandle%252F20.500.12657%252F89663', 'first_author': 'Braunmühl, Caroline', 'online_identifier': '', 'publisher_name': 'transcript Verlag', 'publication_type': 'monograph', 'date_monograph_published_online': '2022', 'first_editor': '', 'access_type': 'openaccess', 'source_id': '20.500.12657/89663', 'source_id_type': 'File Handle'}
Record 1938: {'title_id': 'https://library.oapen.org/handle/20.500.12657/59243', 'publication_title': 'Multi-frequency and multi-GNSS PPP phase bias estimation and ambiguity resolution', 'title_url': 'https://patron-academic.thepalaceproject.org/ucdavis/book/https%3A%2F%2Fcdl.edu.thepalaceproject.org%2F110644%2Fworks%2FURI%252Fhttps%253A%252F%252Flibrary.oapen.org%252Fhandle%252F20.500.12657%252F59243', 'first_author': 'Xiao, Guorui', 'online_identifier': '', 'publisher_name': 'KIT Scientific Publishing', 'publication_type': 'monograph', 'date_monograph_published_online': '2022', 'first_editor': '', 'access_type': 'openaccess', 'source_id': '20.500.12657/59243', 'source_id_type': 'File Handle'}
Record 1939: {'title_id': 'https://library.oapen.org/handle/20.500.12657/54715', 'publication_title': 'A Common Good Approach to Development Collective Dynamics of Development Processes', 'title_url': 'https://patron-academic.thepalaceproject.org/ucdavis/book/https%3A%2F%2Fcdl.edu.thepalaceproject.org%2F110644%2Fworks%2FURI%252Fhttps%253A%252F%252Flibrary.oapen.org%252Fhandle%252F20.500.12657%252F54715', 'first_author': '', 'online_identifier': '', 'publisher_name': 'Open Book Publishers', 'publication_type': 'monograph', 'date_monograph_published_online': '2022', 'first_editor': 'Garza Vázquez, Oscar', 'access_type': 'openaccess', 'source_id': '20.500.12657/54715', 'source_id_type': 'File Handle'}
Record 1940: {'title_id': 'https://library.oapen.org/handle/20.500.12657/89490', 'publication_title': 'Signs of Disability', 'title_url': 'https://patron-academic.thepalaceproject.org/ucdavis/book/https%3A%2F%2Fcdl.edu.thepalaceproject.org%2F110644%2Fworks%2FURI%252Fhttps%253A%252F%252Flibrary.oapen.org%252Fhandle%252F20.500.12657%252F89490', 'first_author': 'Kerschbaum, Stephanie L.', 'online_identifier': '', 'publisher_name': 'New York University Press', 'publication_type': 'monograph', 'date_monograph_published_online': '2022', 'first_editor': '', 'access_type': 'openaccess', 'source_id': '20.500.12657/89490', 'source_id_type': 'File Handle'}
Record 1941: {'title_id': 'https://library.oapen.org/handle/20.500.12657/59775', 'publication_title': 'Transitioning to a circular economy Changing Business Models and Business Ecosystems', 'title_url': 'https://patron-academic.thepalaceproject.org/ucdavis/book/https%3A%2F%2Fcdl.edu.thepalaceproject.org%2F110644%2Fworks%2FURI%252Fhttps%253A%252F%252Flibrary.oapen.org%252Fhandle%252F20.500.12657%252F59775', 'first_author': '', 'online_identifier': '', 'publisher_name': 'ASP editions - Academic and Scientific Publishers', 'publication_type': 'monograph', 'date_monograph_published_online': '2022', 'first_editor': 'Achten, Wouter', 'access_type': 'openaccess', 'source_id': '20.500.12657/59775', 'source_id_type': 'File Handle'}
Record 1942: {'title_id': 'https://library.oapen.org/handle/20.500.12657/61580', 'publication_title': 'The Pandemic Divide How COVID Increased Inequality in America', 'title_url': 'https://patron-academic.thepalaceproject.org/ucdavis/book/https%3A%2F%2Fcdl.edu.thepalaceproject.org%2F110644%2Fworks%2FURI%252Fhttps%253A%252F%252Flibrary.oapen.org%252Fhandle%252F20.500.12657%252F61580', 'first_author': '', 'online_identifier': '', 'publisher_name': 'Duke University Press', 'publication_type': 'monograph', 'date_monograph_published_online': '2022', 'first_editor': 'Hubbard, Lucas', 'access_type': 'openaccess', 'source_id': '20.500.12657/61580', 'source_id_type': 'File Handle'}
Record 1943: {'title_id': 'https://library.oapen.org/handle/20.500.12657/89935', 'publication_title': 'Monte Carlo N-Particle Simulations for Nuclear Detection and Safeguards An Examples-Based Guide for Students and Practitioners', 'title_url': 'https://patron-academic.thepalaceproject.org/ucdavis/book/https%3A%2F%2Fcdl.edu.thepalaceproject.org%2F110644%2Fworks%2FURI%252Fhttps%253A%252F%252Flibrary.oapen.org%252Fhandle%252F20.500.12657%252F89935', 'first_author': '', 'online_identifier': '', 'publisher_name': 'Springer Nature', 'publication_type': 'monograph', 'date_monograph_published_online': '2022', 'first_editor': '', 'access_type': 'openaccess', 'source_id': '20.500.12657/89935', 'source_id_type': 'File Handle'}
Record 1944: {'title_id': 'https://library.oapen.org/handle/20.500.12657/52396', 'publication_title': 'Outcomes of Open Adoption from Care An Australian Contribution to an International Debate', 'title_url': 'https://patron-academic.thepalaceproject.org/ucdavis/book/https%3A%2F%2Fcdl.edu.thepalaceproject.org%2F110644%2Fworks%2FURI%252Fhttps%253A%252F%252Flibrary.oapen.org%252Fhandle%252F20.500.12657%252F52396', 'first_author': '', 'online_identifier': '', 'publisher_name': 'Springer Nature', 'publication_type': 'monograph', 'date_monograph_published_online': '2022', 'first_editor': '', 'access_type': 'openaccess', 'source_id': '20.500.12657/52396', 'source_id_type': 'File Handle'}
Record 1945: {'title_id': 'https://library.oapen.org/handle/20.500.12657/54317', 'publication_title': 'COVID-19 Collaborations Researching Poverty and Low-Income Family Life during the Pandemic', 'title_url': 'https://patron-academic.thepalaceproject.org/ucdavis/book/https%3A%2F%2Fcdl.edu.thepalaceproject.org%2F110644%2Fworks%2FURI%252Fhttps%253A%252F%252Flibrary.oapen.org%252Fhandle%252F20.500.12657%252F54317', 'first_author': '', 'online_identifier': '', 'publisher_name': 'Policy Press', 'publication_type': 'monograph', 'date_monograph_published_online': '2022', 'first_editor': 'Garthwaite, Kayleigh', 'access_type': 'openaccess', 'source_id': '20.500.12657/54317', 'source_id_type': 'File Handle'}
Record 1946: {'title_id': 'https://library.oapen.org/handle/20.500.12657/55724', 'publication_title': 'Social and Institutional Innovation in Self-Organising Cities', 'title_url': 'https://patron-academic.thepalaceproject.org/ucdavis/book/https%3A%2F%2Fcdl.edu.thepalaceproject.org%2F110644%2Fworks%2FURI%252Fhttps%253A%252F%252Flibrary.oapen.org%252Fhandle%252F20.500.12657%252F55724', 'first_author': '', 'online_identifier': '', 'publisher_name': 'Firenze University Press', 'publication_type': 'monograph', 'date_monograph_published_online': '2022', 'first_editor': 'Giallorenzo, Flavia', 'access_type': 'openaccess', 'source_id': '20.500.12657/55724', 'source_id_type': 'File Handle'}
Record 1947: {'title_id': 'https://library.oapen.org/handle/20.500.12657/57536', 'publication_title': 'Modeling of Dislocation Grain Boundary Interactions in Gradient Crystal Plasticity Theories', 'title_url': 'https://patron-academic.thepalaceproject.org/ucdavis/book/https%3A%2F%2Fcdl.edu.thepalaceproject.org%2F110644%2Fworks%2FURI%252Fhttps%253A%252F%252Flibrary.oapen.org%252Fhandle%252F20.500.12657%252F57536', 'first_author': 'Erdle, Hannes', 'online_identifier': '', 'publisher_name': 'KIT Scientific Publishing', 'publication_type': 'monograph', 'date_monograph_published_online': '2022', 'first_editor': '', 'access_type': 'openaccess', 'source_id': '20.500.12657/57536', 'source_id_type': 'File Handle'}
Record 1948: {'title_id': 'https://library.oapen.org/handle/20.500.12657/53539', 'publication_title': 'Prometheus and the Liver through Art and Medicine', 'title_url': 'https://patron-academic.thepalaceproject.org/ucdavis/book/https%3A%2F%2Fcdl.edu.thepalaceproject.org%2F110644%2Fworks%2FURI%252Fhttps%253A%252F%252Flibrary.oapen.org%252Fhandle%252F20.500.12657%252F53539', 'first_author': '', 'online_identifier': '', 'publisher_name': 'Amsterdam University Press', 'publication_type': 'monograph', 'date_monograph_published_online': '2022', 'first_editor': '', 'access_type': 'openaccess', 'source_id': '20.500.12657/53539', 'source_id_type': 'File Handle'}
Record 1949: {'title_id': 'https://library.oapen.org/handle/20.500.12657/64083', 'publication_title': '(u)Mzantsi Classics Dialogues in Decolonisation from Southern Africa', 'title_url': 'https://patron-academic.thepalaceproject.org/ucdavis/book/https%3A%2F%2Fcdl.edu.thepalaceproject.org%2F110644%2Fworks%2FURI%252Fhttps%253A%252F%252Flibrary.oapen.org%252Fhandle%252F20.500.12657%252F64083', 'first_author': '', 'online_identifier': '', 'publisher_name': 'African Minds', 'publication_type': 'monograph', 'date_monograph_published_online': '2022', 'first_editor': 'Masters, Samantha', 'access_type': 'openaccess', 'source_id': '20.500.12657/64083', 'source_id_type': 'File Handle'}
Record 1950: {'title_id': 'https://library.oapen.org/handle/20.500.12657/59632', 'publication_title': 'Jewish Studies in the Digital Age', 'title_url': 'https://patron-academic.thepalaceproject.org/ucdavis/book/https%3A%2F%2Fcdl.edu.thepalaceproject.org%2F110644%2Fworks%2FURI%252Fhttps%253A%252F%252Flibrary.oapen.org%252Fhandle%252F20.500.12657%252F59632', 'first_author': '', 'online_identifier': '', 'publisher_name': 'De Gruyter', 'publication_type': 'monograph', 'date_monograph_published_online': '2022', 'first_editor': 'Ezra, Daniel Stökl Ben', 'access_type': 'openaccess', 'source_id': '20.500.12657/59632', 'source_id_type': 'File Handle'}
Record 1951: {'title_id': 'https://library.oapen.org/handle/20.500.12657/59436', 'publication_title': 'Chip-scale optical frequency comb sources for terabit communications', 'title_url': 'https://patron-academic.thepalaceproject.org/ucdavis/book/https%3A%2F%2Fcdl.edu.thepalaceproject.org%2F110644%2Fworks%2FURI%252Fhttps%253A%252F%252Flibrary.oapen.org%252Fhandle%252F20.500.12657%252F59436', 'first_author': 'Marin-Palomo, Pablo', 'online_identifier': '', 'publisher_name': 'KIT Scientific Publishing', 'publication_type': 'monograph', 'date_monograph_published_online': '2022', 'first_editor': '', 'access_type': 'openaccess', 'source_id': '20.500.12657/59436', 'source_id_type': 'File Handle'}
Record 1952: {'title_id': 'https://library.oapen.org/handle/20.500.12657/62030', 'publication_title': 'Everyday Religiosity and the Politics of Belonging in Ukraine', 'title_url': 'https://patron-academic.thepalaceproject.org/ucdavis/book/https%3A%2F%2Fcdl.edu.thepalaceproject.org%2F110644%2Fworks%2FURI%252Fhttps%253A%252F%252Flibrary.oapen.org%252Fhandle%252F20.500.12657%252F62030', 'first_author': 'Wanner, Catherine', 'online_identifier': '', 'publisher_name': 'Cornell University Press', 'publication_type': 'monograph', 'date_monograph_published_online': '2022', 'first_editor': '', 'access_type': 'openaccess', 'source_id': '20.500.12657/62030', 'source_id_type': 'File Handle'}
Record 1953: {'title_id': 'https://library.oapen.org/handle/20.500.12657/76313', 'publication_title': 'Jesuits in Africa A Historical Narrative from Ignatius of Loyola to Pedro Arrupe', 'title_url': 'https://patron-academic.thepalaceproject.org/ucdavis/book/https%3A%2F%2Fcdl.edu.thepalaceproject.org%2F110644%2Fworks%2FURI%252Fhttps%253A%252F%252Flibrary.oapen.org%252Fhandle%252F20.500.12657%252F76313', 'first_author': 'Festo Mkenda, SJ', 'online_identifier': '', 'publisher_name': 'Brill', 'publication_type': 'monograph', 'date_monograph_published_online': '2022', 'first_editor': '', 'access_type': 'openaccess', 'source_id': '20.500.12657/76313', 'source_id_type': 'File Handle'}
Record 1954: {'title_id': 'https://library.oapen.org/handle/20.500.12657/53700', 'publication_title': 'Digital Humanities and Libraries and Archives in Religious Studies An Introduction', 'title_url': 'https://patron-academic.thepalaceproject.org/ucdavis/book/https%3A%2F%2Fcdl.edu.thepalaceproject.org%2F110644%2Fworks%2FURI%252Fhttps%253A%252F%252Flibrary.oapen.org%252Fhandle%252F20.500.12657%252F53700', 'first_author': 'Anderson, Clifford B.', 'online_identifier': '', 'publisher_name': 'De Gruyter', 'publication_type': 'monograph', 'date_monograph_published_online': '2022', 'first_editor': '', 'access_type': 'openaccess', 'source_id': '20.500.12657/53700', 'source_id_type': 'File Handle'}
Record 1955: {'title_id': 'https://library.oapen.org/handle/20.500.12657/53797', 'publication_title': "Jesuit Art Brill's Research Perspectives in Jesuit Studies", 'title_url': 'https://patron-academic.thepalaceproject.org/ucdavis/book/https%3A%2F%2Fcdl.edu.thepalaceproject.org%2F110644%2Fworks%2FURI%252Fhttps%253A%252F%252Flibrary.oapen.org%252Fhandle%252F20.500.12657%252F53797', 'first_author': 'Mochizuki, Mia M.', 'online_identifier': '', 'publisher_name': 'Brill', 'publication_type': 'monograph', 'date_monograph_published_online': '2022', 'first_editor': '', 'access_type': 'openaccess', 'source_id': '20.500.12657/53797', 'source_id_type': 'File Handle'}
Record 1956: {'title_id': 'https://library.oapen.org/handle/20.500.12657/57835', 'publication_title': 'EIB Global Report The Impact', 'title_url': 'https://patron-academic.thepalaceproject.org/ucdavis/book/https%3A%2F%2Fcdl.edu.thepalaceproject.org%2F110644%2Fworks%2FURI%252Fhttps%253A%252F%252Flibrary.oapen.org%252Fhandle%252F20.500.12657%252F57835', 'first_author': 'Bank, European Investment', 'online_identifier': '', 'publisher_name': '', 'publication_type': 'monograph', 'date_monograph_published_online': '', 'first_editor': '', 'access_type': 'openaccess', 'source_id': '20.500.12657/57835', 'source_id_type': 'File Handle'}
Record 1957: {'title_id': 'https://library.oapen.org/handle/20.500.12657/53699', 'publication_title': 'Religions around the Arctic Source Criticism and Comparisons', 'title_url': 'https://patron-academic.thepalaceproject.org/ucdavis/book/https%3A%2F%2Fcdl.edu.thepalaceproject.org%2F110644%2Fworks%2FURI%252Fhttps%253A%252F%252Flibrary.oapen.org%252Fhandle%252F20.500.12657%252F53699', 'first_author': '', 'online_identifier': '', 'publisher_name': 'Stockholm University Press', 'publication_type': 'monograph', 'date_monograph_published_online': '2022', 'first_editor': 'Kaikkonen, Konsta', 'access_type': 'openaccess', 'source_id': '20.500.12657/53699', 'source_id_type': 'File Handle'}
Record 1958: {'title_id': 'https://library.oapen.org/handle/20.500.12657/86569', 'publication_title': 'Private Enterprise and the China Trade Merchants and Markets in Europe, 1700-1750', 'title_url': 'https://patron-academic.thepalaceproject.org/ucdavis/book/https%3A%2F%2Fcdl.edu.thepalaceproject.org%2F110644%2Fworks%2FURI%252Fhttps%253A%252F%252Flibrary.oapen.org%252Fhandle%252F20.500.12657%252F86569', 'first_author': 'von Brescius, Meike', 'online_identifier': '', 'publisher_name': 'Brill', 'publication_type': 'monograph', 'date_monograph_published_online': '2022', 'first_editor': '', 'access_type': 'openaccess', 'source_id': '20.500.12657/86569', 'source_id_type': 'File Handle'}
Record 1959: {'title_id': 'https://library.oapen.org/handle/20.500.12657/53779', 'publication_title': 'On Track or Off The Rails? Intra-ministerial decision-making in transport infrastructure planning', 'title_url': 'https://patron-academic.thepalaceproject.org/ucdavis/book/https%3A%2F%2Fcdl.edu.thepalaceproject.org%2F110644%2Fworks%2FURI%252Fhttps%253A%252F%252Flibrary.oapen.org%252Fhandle%252F20.500.12657%252F53779', 'first_author': 'Rademann, Jenny', 'online_identifier': '', 'publisher_name': 'Universitätsverlag Göttingen', 'publication_type': 'monograph', 'date_monograph_published_online': '2022', 'first_editor': '', 'access_type': 'openaccess', 'source_id': '20.500.12657/53779', 'source_id_type': 'File Handle'}
Record 1960: {'title_id': 'https://library.oapen.org/handle/20.500.12657/63898', 'publication_title': "Perspectives sur l'histoire du karaïsme = Perspectives on the History of Karaism", 'title_url': 'https://patron-academic.thepalaceproject.org/ucdavis/book/https%3A%2F%2Fcdl.edu.thepalaceproject.org%2F110644%2Fworks%2FURI%252Fhttps%253A%252F%252Flibrary.oapen.org%252Fhandle%252F20.500.12657%252F63898', 'first_author': '', 'online_identifier': '', 'publisher_name': "Editions de l'Université de Bruxelles", 'publication_type': 'monograph', 'date_monograph_published_online': '2022', 'first_editor': 'Dye, Guillaume', 'access_type': 'openaccess', 'source_id': '20.500.12657/63898', 'source_id_type': 'File Handle'}
Record 1961: {'title_id': 'https://library.oapen.org/handle/20.500.12657/59625', 'publication_title': "Empire and Politics in the Eastern and Western Civilizations Searching for a 'Respublica Romanosinica'", 'title_url': 'https://patron-academic.thepalaceproject.org/ucdavis/book/https%3A%2F%2Fcdl.edu.thepalaceproject.org%2F110644%2Fworks%2FURI%252Fhttps%253A%252F%252Flibrary.oapen.org%252Fhandle%252F20.500.12657%252F59625', 'first_author': '', 'online_identifier': '', 'publisher_name': 'De Gruyter', 'publication_type': 'monograph', 'date_monograph_published_online': '2022', 'first_editor': 'Ahn, Jaewon', 'access_type': 'openaccess', 'source_id': '20.500.12657/59625', 'source_id_type': 'File Handle'}
Record 1962: {'title_id': 'https://library.oapen.org/handle/20.500.12657/58568', 'publication_title': 'New Perspectives on the Medieval ‘Agricultural Revolution’ Crop, Stock and Furrow', 'title_url': 'https://patron-academic.thepalaceproject.org/ucdavis/book/https%3A%2F%2Fcdl.edu.thepalaceproject.org%2F110644%2Fworks%2FURI%252Fhttps%253A%252F%252Flibrary.oapen.org%252Fhandle%252F20.500.12657%252F58568', 'first_author': '', 'online_identifier': '', 'publisher_name': 'Liverpool University Press', 'publication_type': 'monograph', 'date_monograph_published_online': '2022', 'first_editor': 'Hamerow, Helena', 'access_type': 'openaccess', 'source_id': '20.500.12657/58568', 'source_id_type': 'File Handle'}
Record 1963: {'title_id': 'https://library.oapen.org/handle/20.500.12657/54047', 'publication_title': 'Indian Agriculture Towards 2030 Pathways for Enhancing Farmers’ Income, Nutritional Security and Sustainable Food and Farm Systems', 'title_url': 'https://patron-academic.thepalaceproject.org/ucdavis/book/https%3A%2F%2Fcdl.edu.thepalaceproject.org%2F110644%2Fworks%2FURI%252Fhttps%253A%252F%252Flibrary.oapen.org%252Fhandle%252F20.500.12657%252F54047', 'first_author': '', 'online_identifier': '', 'publisher_name': 'Springer Nature', 'publication_type': 'monograph', 'date_monograph_published_online': '2022', 'first_editor': 'Chand, Ramesh', 'access_type': 'openaccess', 'source_id': '20.500.12657/54047', 'source_id_type': 'File Handle'}
Record 1964: {'title_id': 'https://library.oapen.org/handle/20.500.12657/59452', 'publication_title': 'On the Way to the (Un)Known? The Ottoman Empire in Travelogues (c. 1450-1900)', 'title_url': 'https://patron-academic.thepalaceproject.org/ucdavis/book/https%3A%2F%2Fcdl.edu.thepalaceproject.org%2F110644%2Fworks%2FURI%252Fhttps%253A%252F%252Flibrary.oapen.org%252Fhandle%252F20.500.12657%252F59452', 'first_author': '', 'online_identifier': '', 'publisher_name': 'De Gruyter', 'publication_type': 'monograph', 'date_monograph_published_online': '2022', 'first_editor': 'Gruber, Doris', 'access_type': 'openaccess', 'source_id': '20.500.12657/59452', 'source_id_type': 'File Handle'}
Record 1965: {'title_id': 'https://library.oapen.org/handle/20.500.12657/60124', 'publication_title': 'Artistic Cartography and Design Explorations Towards the Pluriverse', 'title_url': 'https://patron-academic.thepalaceproject.org/ucdavis/book/https%3A%2F%2Fcdl.edu.thepalaceproject.org%2F110644%2Fworks%2FURI%252Fhttps%253A%252F%252Flibrary.oapen.org%252Fhandle%252F20.500.12657%252F60124', 'first_author': '', 'online_identifier': '', 'publisher_name': 'Taylor & Francis', 'publication_type': 'monograph', 'date_monograph_published_online': '2022', 'first_editor': 'LOSCHIAVO DOS SANTOS, MARIA CECILIA', 'access_type': 'openaccess', 'source_id': '20.500.12657/60124', 'source_id_type': 'File Handle'}
Record 1966: {'title_id': 'https://library.oapen.org/handle/20.500.12657/59776', 'publication_title': 'The Bible in the Bowls A Catalogue of Biblical Quotations in Published Jewish Babylonian Aramaic Magic Bowls', 'title_url': 'https://patron-academic.thepalaceproject.org/ucdavis/book/https%3A%2F%2Fcdl.edu.thepalaceproject.org%2F110644%2Fworks%2FURI%252Fhttps%253A%252F%252Flibrary.oapen.org%252Fhandle%252F20.500.12657%252F59776', 'first_author': 'Waller, Daniel James', 'online_identifier': '', 'publisher_name': 'Open Book Publishers', 'publication_type': 'monograph', 'date_monograph_published_online': '2022', 'first_editor': '', 'access_type': 'openaccess', 'source_id': '20.500.12657/59776', 'source_id_type': 'File Handle'}
Record 1967: {'title_id': 'https://library.oapen.org/handle/20.500.12657/60246', 'publication_title': 'Migrants and Refugees in Europe Work Integration in Comparative Perspective', 'title_url': 'https://patron-academic.thepalaceproject.org/ucdavis/book/https%3A%2F%2Fcdl.edu.thepalaceproject.org%2F110644%2Fworks%2FURI%252Fhttps%253A%252F%252Flibrary.oapen.org%252Fhandle%252F20.500.12657%252F60246', 'first_author': '', 'online_identifier': '', 'publisher_name': 'Policy Press', 'publication_type': 'monograph', 'date_monograph_published_online': '2022', 'first_editor': 'Baglioni, Simone', 'access_type': 'openaccess', 'source_id': '20.500.12657/60246', 'source_id_type': 'File Handle'}
Record 1968: {'title_id': 'https://library.oapen.org/handle/20.500.12657/53524', 'publication_title': 'Waveguide-Based Photonic Sensors: From Devices to Robust Systems', 'title_url': 'https://patron-academic.thepalaceproject.org/ucdavis/book/https%3A%2F%2Fcdl.edu.thepalaceproject.org%2F110644%2Fworks%2FURI%252Fhttps%253A%252F%252Flibrary.oapen.org%252Fhandle%252F20.500.12657%252F53524', 'first_author': 'Milvich, Johannes', 'online_identifier': '', 'publisher_name': 'KIT Scientific Publishing', 'publication_type': 'monograph', 'date_monograph_published_online': '2022', 'first_editor': '', 'access_type': 'openaccess', 'source_id': '20.500.12657/53524', 'source_id_type': 'File Handle'}
Record 1969: {'title_id': 'https://library.oapen.org/handle/20.500.12657/53232', 'publication_title': 'Innovation on Education and Social Sciences Proceedings of the International Joint Conference on Arts and Humanities (IJCAH 2021) October 2, 2021, Surabaya, Indonesia', 'title_url': 'https://patron-academic.thepalaceproject.org/ucdavis/book/https%3A%2F%2Fcdl.edu.thepalaceproject.org%2F110644%2Fworks%2FURI%252Fhttps%253A%252F%252Flibrary.oapen.org%252Fhandle%252F20.500.12657%252F53232', 'first_author': '', 'online_identifier': '', 'publisher_name': 'Taylor & Francis', 'publication_type': 'monograph', 'date_monograph_published_online': '2022', 'first_editor': 'Anam, Syafi’ul', 'access_type': 'openaccess', 'source_id': '20.500.12657/53232', 'source_id_type': 'File Handle'}
Record 1970: {'title_id': 'https://library.oapen.org/handle/20.500.12657/57792', 'publication_title': 'Interpreting Art', 'title_url': 'https://patron-academic.thepalaceproject.org/ucdavis/book/https%3A%2F%2Fcdl.edu.thepalaceproject.org%2F110644%2Fworks%2FURI%252Fhttps%253A%252F%252Flibrary.oapen.org%252Fhandle%252F20.500.12657%252F57792', 'first_author': 'Rose, Sam', 'online_identifier': '', 'publisher_name': 'UCL Press', 'publication_type': 'monograph', 'date_monograph_published_online': '2022', 'first_editor': '', 'access_type': 'openaccess', 'source_id': '20.500.12657/57792', 'source_id_type': 'File Handle'}
Record 1971: {'title_id': 'https://library.oapen.org/handle/20.500.12657/57343', 'publication_title': 'Russia-China Relations Emerging Alliance or Eternal Rivals?', 'title_url': 'https://patron-academic.thepalaceproject.org/ucdavis/book/https%3A%2F%2Fcdl.edu.thepalaceproject.org%2F110644%2Fworks%2FURI%252Fhttps%253A%252F%252Flibrary.oapen.org%252Fhandle%252F20.500.12657%252F57343', 'first_author': '', 'online_identifier': '', 'publisher_name': 'Springer Nature', 'publication_type': 'monograph', 'date_monograph_published_online': '2022', 'first_editor': 'Kirchberger, Sarah', 'access_type': 'openaccess', 'source_id': '20.500.12657/57343', 'source_id_type': 'File Handle'}
Record 1972: {'title_id': 'https://library.oapen.org/handle/20.500.12657/57701', 'publication_title': 'Design Tools A reflection towards the definition of a taxonomy', 'title_url': 'https://patron-academic.thepalaceproject.org/ucdavis/book/https%3A%2F%2Fcdl.edu.thepalaceproject.org%2F110644%2Fworks%2FURI%252Fhttps%253A%252F%252Flibrary.oapen.org%252Fhandle%252F20.500.12657%252F57701', 'first_author': '', 'online_identifier': '', 'publisher_name': 'FrancoAngeli', 'publication_type': 'monograph', 'date_monograph_published_online': '2022', 'first_editor': '', 'access_type': 'openaccess', 'source_id': '20.500.12657/57701', 'source_id_type': 'File Handle'}
Record 1973: {'title_id': 'https://library.oapen.org/handle/20.500.12657/53179', 'publication_title': 'At Home in Renaissance Bruges Connecting Objects, People and Domestic Spaces in a Sixteenth-Century City', 'title_url': 'https://patron-academic.thepalaceproject.org/ucdavis/book/https%3A%2F%2Fcdl.edu.thepalaceproject.org%2F110644%2Fworks%2FURI%252Fhttps%253A%252F%252Flibrary.oapen.org%252Fhandle%252F20.500.12657%252F53179', 'first_author': 'De Groot, Julie', 'online_identifier': '', 'publisher_name': 'Leuven University Press', 'publication_type': 'monograph', 'date_monograph_published_online': '2022', 'first_editor': '', 'access_type': 'openaccess', 'source_id': '20.500.12657/53179', 'source_id_type': 'File Handle'}
Record 1974: {'title_id': 'https://library.oapen.org/handle/20.500.12657/59372', 'publication_title': 'Diversity in Computer Science Design Artefacts for Equity and Inclusion', 'title_url': 'https://patron-academic.thepalaceproject.org/ucdavis/book/https%3A%2F%2Fcdl.edu.thepalaceproject.org%2F110644%2Fworks%2FURI%252Fhttps%253A%252F%252Flibrary.oapen.org%252Fhandle%252F20.500.12657%252F59372', 'first_author': '', 'online_identifier': '', 'publisher_name': 'Springer Nature', 'publication_type': 'monograph', 'date_monograph_published_online': '2022', 'first_editor': '', 'access_type': 'openaccess', 'source_id': '20.500.12657/59372', 'source_id_type': 'File Handle'}
Record 1975: {'title_id': 'https://library.oapen.org/handle/20.500.12657/59406', 'publication_title': 'What is the Avatar? Fiction and Embodiment in Avatar-Based Singleplayer Computer Games. Revised and Commented Edition', 'title_url': 'https://patron-academic.thepalaceproject.org/ucdavis/book/https%3A%2F%2Fcdl.edu.thepalaceproject.org%2F110644%2Fworks%2FURI%252Fhttps%253A%252F%252Flibrary.oapen.org%252Fhandle%252F20.500.12657%252F59406', 'first_author': 'Klevjer, Rune', 'online_identifier': '', 'publisher_name': 'transcript Verlag', 'publication_type': 'monograph', 'date_monograph_published_online': '2022', 'first_editor': '', 'access_type': 'openaccess', 'source_id': '20.500.12657/59406', 'source_id_type': 'File Handle'}
Record 1976: {'title_id': 'https://library.oapen.org/handle/20.500.12657/54660', 'publication_title': 'Monetary Stability as a Common Concern in International Law Policy Cooperation and Coordination of Central Banks', 'title_url': 'https://patron-academic.thepalaceproject.org/ucdavis/book/https%3A%2F%2Fcdl.edu.thepalaceproject.org%2F110644%2Fworks%2FURI%252Fhttps%253A%252F%252Flibrary.oapen.org%252Fhandle%252F20.500.12657%252F54660', 'first_author': 'Satragno, Lucía', 'online_identifier': '', 'publisher_name': 'Brill', 'publication_type': 'monograph', 'date_monograph_published_online': '2022', 'first_editor': '', 'access_type': 'openaccess', 'source_id': '20.500.12657/54660', 'source_id_type': 'File Handle'}
Record 1977: {'title_id': 'https://library.oapen.org/handle/20.500.12657/59133', 'publication_title': 'Injustice in Urban Sustainability Ten Core Drivers', 'title_url': 'https://patron-academic.thepalaceproject.org/ucdavis/book/https%3A%2F%2Fcdl.edu.thepalaceproject.org%2F110644%2Fworks%2FURI%252Fhttps%253A%252F%252Flibrary.oapen.org%252Fhandle%252F20.500.12657%252F59133', 'first_author': '', 'online_identifier': '', 'publisher_name': 'Taylor & Francis', 'publication_type': 'monograph', 'date_monograph_published_online': '2022', 'first_editor': 'Cañizares, Ana', 'access_type': 'openaccess', 'source_id': '20.500.12657/59133', 'source_id_type': 'File Handle'}
Record 1978: {'title_id': 'https://library.oapen.org/handle/20.500.12657/60780', 'publication_title': 'Optimising Emotions, Incubating Falsehoods How to Protect the Global Civic Body from Disinformation and Misinformation', 'title_url': 'https://patron-academic.thepalaceproject.org/ucdavis/book/https%3A%2F%2Fcdl.edu.thepalaceproject.org%2F110644%2Fworks%2FURI%252Fhttps%253A%252F%252Flibrary.oapen.org%252Fhandle%252F20.500.12657%252F60780', 'first_author': '', 'online_identifier': '', 'publisher_name': 'Springer Nature', 'publication_type': 'monograph', 'date_monograph_published_online': '2022', 'first_editor': '', 'access_type': 'openaccess', 'source_id': '20.500.12657/60780', 'source_id_type': 'File Handle'}
Record 1979: {'title_id': 'https://library.oapen.org/handle/20.500.12657/59158', 'publication_title': 'Czech Broadside Ballads as Text, Art, Song in Popular Culture, c.1600–1900', 'title_url': 'https://patron-academic.thepalaceproject.org/ucdavis/book/https%3A%2F%2Fcdl.edu.thepalaceproject.org%2F110644%2Fworks%2FURI%252Fhttps%253A%252F%252Flibrary.oapen.org%252Fhandle%252F20.500.12657%252F59158', 'first_author': '', 'online_identifier': '', 'publisher_name': 'Amsterdam University Press', 'publication_type': 'monograph', 'date_monograph_published_online': '2022', 'first_editor': 'Fumerton, Patricia', 'access_type': 'openaccess', 'source_id': '20.500.12657/59158', 'source_id_type': 'File Handle'}
Record 1980: {'title_id': 'https://library.oapen.org/handle/20.500.12657/57367', 'publication_title': 'Towards the “Perfect” Weather Warning Bridging Disciplinary Gaps through Partnership and Communication', 'title_url': 'https://patron-academic.thepalaceproject.org/ucdavis/book/https%3A%2F%2Fcdl.edu.thepalaceproject.org%2F110644%2Fworks%2FURI%252Fhttps%253A%252F%252Flibrary.oapen.org%252Fhandle%252F20.500.12657%252F57367', 'first_author': 'Golding, Brian', 'online_identifier': '', 'publisher_name': 'Springer Nature', 'publication_type': 'monograph', 'date_monograph_published_online': '2022', 'first_editor': '', 'access_type': 'openaccess', 'source_id': '20.500.12657/57367', 'source_id_type': 'File Handle'}
Record 1981: {'title_id': 'https://library.oapen.org/handle/20.500.12657/88715', 'publication_title': 'Nonconscious On the Affective Synching of Mind and Machine', 'title_url': 'https://patron-academic.thepalaceproject.org/ucdavis/book/https%3A%2F%2Fcdl.edu.thepalaceproject.org%2F110644%2Fworks%2FURI%252Fhttps%253A%252F%252Flibrary.oapen.org%252Fhandle%252F20.500.12657%252F88715', 'first_author': 'Angerer, Marie-Luise', 'online_identifier': '', 'publisher_name': 'meson press', 'publication_type': 'monograph', 'date_monograph_published_online': '2022', 'first_editor': '', 'access_type': 'openaccess', 'source_id': '20.500.12657/88715', 'source_id_type': 'File Handle'}
Record 1982: {'title_id': 'https://library.oapen.org/handle/20.500.12657/59453', 'publication_title': 'Kellers Medien Formen – Genres – Institutionen', 'title_url': 'https://patron-academic.thepalaceproject.org/ucdavis/book/https%3A%2F%2Fcdl.edu.thepalaceproject.org%2F110644%2Fworks%2FURI%252Fhttps%253A%252F%252Flibrary.oapen.org%252Fhandle%252F20.500.12657%252F59453', 'first_author': 'Berndt, Frauke', 'online_identifier': '', 'publisher_name': 'De Gruyter', 'publication_type': 'monograph', 'date_monograph_published_online': '2022', 'first_editor': '', 'access_type': 'openaccess', 'source_id': '20.500.12657/59453', 'source_id_type': 'File Handle'}
Record 1983: {'title_id': 'https://library.oapen.org/handle/20.500.12657/57837', 'publication_title': 'EIB Working Paper 2022/09 - Productivity and responses to the pandemic', 'title_url': 'https://patron-academic.thepalaceproject.org/ucdavis/book/https%3A%2F%2Fcdl.edu.thepalaceproject.org%2F110644%2Fworks%2FURI%252Fhttps%253A%252F%252Flibrary.oapen.org%252Fhandle%252F20.500.12657%252F57837', 'first_author': 'Bank, European Investment', 'online_identifier': '', 'publisher_name': '', 'publication_type': 'monograph', 'date_monograph_published_online': '', 'first_editor': '', 'access_type': 'openaccess', 'source_id': '20.500.12657/57837', 'source_id_type': 'File Handle'}
Record 1984: {'title_id': 'https://library.oapen.org/handle/20.500.12657/57313', 'publication_title': 'Social Networks and Health Inequalities A New Perspective for Research', 'title_url': 'https://patron-academic.thepalaceproject.org/ucdavis/book/https%3A%2F%2Fcdl.edu.thepalaceproject.org%2F110644%2Fworks%2FURI%252Fhttps%253A%252F%252Flibrary.oapen.org%252Fhandle%252F20.500.12657%252F57313', 'first_author': '', 'online_identifier': '', 'publisher_name': 'Springer Nature', 'publication_type': 'monograph', 'date_monograph_published_online': '2022', 'first_editor': 'Gamper, Markus', 'access_type': 'openaccess', 'source_id': '20.500.12657/57313', 'source_id_type': 'File Handle'}
Record 1985: {'title_id': 'https://library.oapen.org/handle/20.500.12657/52662', 'publication_title': 'Equity, Teaching Practice and the Curriculum Exploring Differences in Access to Knowledge', 'title_url': 'https://patron-academic.thepalaceproject.org/ucdavis/book/https%3A%2F%2Fcdl.edu.thepalaceproject.org%2F110644%2Fworks%2FURI%252Fhttps%253A%252F%252Flibrary.oapen.org%252Fhandle%252F20.500.12657%252F52662', 'first_author': 'Wahlström, Ninni', 'online_identifier': '', 'publisher_name': 'Taylor & Francis', 'publication_type': 'monograph', 'date_monograph_published_online': '2022', 'first_editor': '', 'access_type': 'openaccess', 'source_id': '20.500.12657/52662', 'source_id_type': 'File Handle'}
Record 1986: {'title_id': 'https://library.oapen.org/handle/20.500.12657/53344', 'publication_title': 'The Legibility of Serif and Sans Serif Typefaces Reading from Paper and Reading from Screens', 'title_url': 'https://patron-academic.thepalaceproject.org/ucdavis/book/https%3A%2F%2Fcdl.edu.thepalaceproject.org%2F110644%2Fworks%2FURI%252Fhttps%253A%252F%252Flibrary.oapen.org%252Fhandle%252F20.500.12657%252F53344', 'first_author': 'Richardson, John T. E.', 'online_identifier': '', 'publisher_name': 'Springer Nature', 'publication_type': 'monograph', 'date_monograph_published_online': '2022', 'first_editor': '', 'access_type': 'openaccess', 'source_id': '20.500.12657/53344', 'source_id_type': 'File Handle'}
Record 1987: {'title_id': 'https://library.oapen.org/handle/20.500.12657/59264', 'publication_title': 'University Autonomy Decline Causes, Responses, and Implications for Academic Freedom', 'title_url': 'https://patron-academic.thepalaceproject.org/ucdavis/book/https%3A%2F%2Fcdl.edu.thepalaceproject.org%2F110644%2Fworks%2FURI%252Fhttps%253A%252F%252Flibrary.oapen.org%252Fhandle%252F20.500.12657%252F59264', 'first_author': '', 'online_identifier': '', 'publisher_name': 'Taylor & Francis', 'publication_type': 'monograph', 'date_monograph_published_online': '2022', 'first_editor': '', 'access_type': 'openaccess', 'source_id': '20.500.12657/59264', 'source_id_type': 'File Handle'}
Record 1988: {'title_id': 'https://library.oapen.org/handle/20.500.12657/52782', 'publication_title': 'Dictators and Autocrats Securing Power across Global Politics', 'title_url': 'https://patron-academic.thepalaceproject.org/ucdavis/book/https%3A%2F%2Fcdl.edu.thepalaceproject.org%2F110644%2Fworks%2FURI%252Fhttps%253A%252F%252Flibrary.oapen.org%252Fhandle%252F20.500.12657%252F52782', 'first_author': 'Larres, Klaus', 'online_identifier': '', 'publisher_name': 'Taylor & Francis', 'publication_type': 'monograph', 'date_monograph_published_online': '2022', 'first_editor': '', 'access_type': 'openaccess', 'source_id': '20.500.12657/52782', 'source_id_type': 'File Handle'}
Record 1989: {'title_id': 'https://library.oapen.org/handle/20.500.12657/59796', 'publication_title': 'Innovative Concepts and Applications for Smart Water Cities Towards Integrated Management of Network-based Urban Water Infrastructure', 'title_url': 'https://patron-academic.thepalaceproject.org/ucdavis/book/https%3A%2F%2Fcdl.edu.thepalaceproject.org%2F110644%2Fworks%2FURI%252Fhttps%253A%252F%252Flibrary.oapen.org%252Fhandle%252F20.500.12657%252F59796', 'first_author': 'Oberascher, Martin', 'online_identifier': '', 'publisher_name': 'innsbruck university press', 'publication_type': 'monograph', 'date_monograph_published_online': '2022', 'first_editor': '', 'access_type': 'openaccess', 'source_id': '20.500.12657/59796', 'source_id_type': 'File Handle'}
Record 1990: {'title_id': 'https://library.oapen.org/handle/20.500.12657/57335', 'publication_title': 'Framing Global Mathematics The International Mathematical Union between Theorems and Politics', 'title_url': 'https://patron-academic.thepalaceproject.org/ucdavis/book/https%3A%2F%2Fcdl.edu.thepalaceproject.org%2F110644%2Fworks%2FURI%252Fhttps%253A%252F%252Flibrary.oapen.org%252Fhandle%252F20.500.12657%252F57335', 'first_author': 'Schappacher, Norbert', 'online_identifier': '', 'publisher_name': 'Springer Nature', 'publication_type': 'monograph', 'date_monograph_published_online': '2022', 'first_editor': '', 'access_type': 'openaccess', 'source_id': '20.500.12657/57335', 'source_id_type': 'File Handle'}
Record 1991: {'title_id': 'https://library.oapen.org/handle/20.500.12657/56988', 'publication_title': 'Migration in Southern Africa IMISCOE Regional Reader', 'title_url': 'https://patron-academic.thepalaceproject.org/ucdavis/book/https%3A%2F%2Fcdl.edu.thepalaceproject.org%2F110644%2Fworks%2FURI%252Fhttps%253A%252F%252Flibrary.oapen.org%252Fhandle%252F20.500.12657%252F56988', 'first_author': '', 'online_identifier': '', 'publisher_name': 'Springer Nature', 'publication_type': 'monograph', 'date_monograph_published_online': '2022', 'first_editor': 'Rugunanan, Pragna', 'access_type': 'openaccess', 'source_id': '20.500.12657/56988', 'source_id_type': 'File Handle'}
Record 1992: {'title_id': 'https://library.oapen.org/handle/20.500.12657/59859', 'publication_title': 'William Rimmer Champion of Imagination in American Art', 'title_url': 'https://patron-academic.thepalaceproject.org/ucdavis/book/https%3A%2F%2Fcdl.edu.thepalaceproject.org%2F110644%2Fworks%2FURI%252Fhttps%253A%252F%252Flibrary.oapen.org%252Fhandle%252F20.500.12657%252F59859', 'first_author': 'Evans, Dorinda', 'online_identifier': '', 'publisher_name': 'Open Book Publishers', 'publication_type': 'monograph', 'date_monograph_published_online': '2022', 'first_editor': '', 'access_type': 'openaccess', 'source_id': '20.500.12657/59859', 'source_id_type': 'File Handle'}
Record 1993: {'title_id': 'https://library.oapen.org/handle/20.500.12657/57823', 'publication_title': 'EIB Group Sustainability Report 2021', 'title_url': 'https://patron-academic.thepalaceproject.org/ucdavis/book/https%3A%2F%2Fcdl.edu.thepalaceproject.org%2F110644%2Fworks%2FURI%252Fhttps%253A%252F%252Flibrary.oapen.org%252Fhandle%252F20.500.12657%252F57823', 'first_author': 'Bank, European Investment', 'online_identifier': '', 'publisher_name': '', 'publication_type': 'monograph', 'date_monograph_published_online': '', 'first_editor': '', 'access_type': 'openaccess', 'source_id': '20.500.12657/57823', 'source_id_type': 'File Handle'}
Record 1994: {'title_id': 'https://library.oapen.org/handle/20.500.12657/58011', 'publication_title': 'Uncovering Pacific Pasts Histories of Archaeology in Oceania', 'title_url': 'https://patron-academic.thepalaceproject.org/ucdavis/book/https%3A%2F%2Fcdl.edu.thepalaceproject.org%2F110644%2Fworks%2FURI%252Fhttps%253A%252F%252Flibrary.oapen.org%252Fhandle%252F20.500.12657%252F58011', 'first_author': '', 'online_identifier': '', 'publisher_name': 'ANU Press', 'publication_type': 'monograph', 'date_monograph_published_online': '2022', 'first_editor': 'Howes, Hilary', 'access_type': 'openaccess', 'source_id': '20.500.12657/58011', 'source_id_type': 'File Handle'}
Record 1995: {'title_id': 'https://library.oapen.org/handle/20.500.12657/60496', 'publication_title': 'Security Technologies and Methods for Advanced Cyber Threat Intelligence, Detection and Mitigation', 'title_url': 'https://patron-academic.thepalaceproject.org/ucdavis/book/https%3A%2F%2Fcdl.edu.thepalaceproject.org%2F110644%2Fworks%2FURI%252Fhttps%253A%252F%252Flibrary.oapen.org%252Fhandle%252F20.500.12657%252F60496', 'first_author': '', 'online_identifier': '', 'publisher_name': 'Now Publishers', 'publication_type': 'monograph', 'date_monograph_published_online': '2022', 'first_editor': 'Kavallieros, Dimitrios', 'access_type': 'openaccess', 'source_id': '20.500.12657/60496', 'source_id_type': 'File Handle'}
Record 1996: {'title_id': 'https://library.oapen.org/handle/20.500.12657/60120', 'publication_title': 'Optimization of adaptive test design methods for the determination of steady-state data-driven models in terms of combustion engine calibration', 'title_url': 'https://patron-academic.thepalaceproject.org/ucdavis/book/https%3A%2F%2Fcdl.edu.thepalaceproject.org%2F110644%2Fworks%2FURI%252Fhttps%253A%252F%252Flibrary.oapen.org%252Fhandle%252F20.500.12657%252F60120', 'first_author': 'Sandmeier, Nino', 'online_identifier': '', 'publisher_name': 'Universitätsverlag der Technischen Universität Berlin', 'publication_type': 'monograph', 'date_monograph_published_online': '2022', 'first_editor': '', 'access_type': 'openaccess', 'source_id': '20.500.12657/60120', 'source_id_type': 'File Handle'}
Record 1997: {'title_id': 'https://library.oapen.org/handle/20.500.12657/60994', 'publication_title': 'Intermediate Filament Mechanics Across Scales – From Single Filaments to Single Interactions and Networks in Cells', 'title_url': 'https://patron-academic.thepalaceproject.org/ucdavis/book/https%3A%2F%2Fcdl.edu.thepalaceproject.org%2F110644%2Fworks%2FURI%252Fhttps%253A%252F%252Flibrary.oapen.org%252Fhandle%252F20.500.12657%252F60994', 'first_author': 'Schepers, Anna Veronika', 'online_identifier': '', 'publisher_name': 'Universitätsverlag Göttingen', 'publication_type': 'monograph', 'date_monograph_published_online': '2022', 'first_editor': '', 'access_type': 'openaccess', 'source_id': '20.500.12657/60994', 'source_id_type': 'File Handle'}
Record 1998: {'title_id': 'https://library.oapen.org/handle/20.500.12657/54658', 'publication_title': 'International Law and Chemical, Biological, Radio-Nuclear (CBRN) Events Towards an All-Hazards Approach', 'title_url': 'https://patron-academic.thepalaceproject.org/ucdavis/book/https%3A%2F%2Fcdl.edu.thepalaceproject.org%2F110644%2Fworks%2FURI%252Fhttps%253A%252F%252Flibrary.oapen.org%252Fhandle%252F20.500.12657%252F54658', 'first_author': '', 'online_identifier': '', 'publisher_name': 'Brill', 'publication_type': 'monograph', 'date_monograph_published_online': '2022', 'first_editor': 'Casolari, Federico', 'access_type': 'openaccess', 'source_id': '20.500.12657/54658', 'source_id_type': 'File Handle'}
Record 1999: {'title_id': 'https://library.oapen.org/handle/20.500.12657/59828', 'publication_title': 'Afghanistan Long War, Forgotten Peace', 'title_url': 'https://patron-academic.thepalaceproject.org/ucdavis/book/https%3A%2F%2Fcdl.edu.thepalaceproject.org%2F110644%2Fworks%2FURI%252Fhttps%253A%252F%252Flibrary.oapen.org%252Fhandle%252F20.500.12657%252F59828', 'first_author': 'Cox, Michael', 'online_identifier': '', 'publisher_name': 'LSE Press', 'publication_type': 'monograph', 'date_monograph_published_online': '2022', 'first_editor': '', 'access_type': 'openaccess', 'source_id': '20.500.12657/59828', 'source_id_type': 'File Handle'}
Record 2000: {'title_id': 'https://library.oapen.org/handle/20.500.12657/59200', 'publication_title': 'Supreme Courts Under Nazi Occupation', 'title_url': 'https://patron-academic.thepalaceproject.org/ucdavis/book/https%3A%2F%2Fcdl.edu.thepalaceproject.org%2F110644%2Fworks%2FURI%252Fhttps%253A%252F%252Flibrary.oapen.org%252Fhandle%252F20.500.12657%252F59200', 'first_author': 'Venema, Derk', 'online_identifier': '', 'publisher_name': 'Amsterdam University Press', 'publication_type': 'monograph', 'date_monograph_published_online': '2022', 'first_editor': '', 'access_type': 'openaccess', 'source_id': '20.500.12657/59200', 'source_id_type': 'File Handle'}
Record 2001: {'title_id': 'https://library.oapen.org/handle/20.500.12657/58864', 'publication_title': 'Marine Resources, Climate Change and International Management Regimes', 'title_url': 'https://patron-academic.thepalaceproject.org/ucdavis/book/https%3A%2F%2Fcdl.edu.thepalaceproject.org%2F110644%2Fworks%2FURI%252Fhttps%253A%252F%252Flibrary.oapen.org%252Fhandle%252F20.500.12657%252F58864', 'first_author': '', 'online_identifier': '', 'publisher_name': 'Bloomsbury Academic', 'publication_type': 'monograph', 'date_monograph_published_online': '2022', 'first_editor': 'Raspotnik, Andreas', 'access_type': 'openaccess', 'source_id': '20.500.12657/58864', 'source_id_type': 'File Handle'}
Record 2002: {'title_id': 'https://library.oapen.org/handle/20.500.12657/56962', 'publication_title': 'Design of Cast Steel Components under Cyclic Loading', 'title_url': 'https://patron-academic.thepalaceproject.org/ucdavis/book/https%3A%2F%2Fcdl.edu.thepalaceproject.org%2F110644%2Fworks%2FURI%252Fhttps%253A%252F%252Flibrary.oapen.org%252Fhandle%252F20.500.12657%252F56962', 'first_author': 'Nagel, Sven', 'online_identifier': '', 'publisher_name': 'KIT Scientific Publishing', 'publication_type': 'monograph', 'date_monograph_published_online': '2022', 'first_editor': '', 'access_type': 'openaccess', 'source_id': '20.500.12657/56962', 'source_id_type': 'File Handle'}
Record 2003: {'title_id': 'https://library.oapen.org/handle/20.500.12657/52869', 'publication_title': 'The Plaston Concept Plastic Deformation in Structural Materials', 'title_url': 'https://patron-academic.thepalaceproject.org/ucdavis/book/https%3A%2F%2Fcdl.edu.thepalaceproject.org%2F110644%2Fworks%2FURI%252Fhttps%253A%252F%252Flibrary.oapen.org%252Fhandle%252F20.500.12657%252F52869', 'first_author': '', 'online_identifier': '', 'publisher_name': 'Springer Nature', 'publication_type': 'monograph', 'date_monograph_published_online': '2022', 'first_editor': 'Inui, Haruyuki', 'access_type': 'openaccess', 'source_id': '20.500.12657/52869', 'source_id_type': 'File Handle'}
Record 2004: {'title_id': 'https://library.oapen.org/handle/20.500.12657/58536', 'publication_title': 'Norwegian Garden Cities Yesterday, Today – and Tomorrow?', 'title_url': 'https://patron-academic.thepalaceproject.org/ucdavis/book/https%3A%2F%2Fcdl.edu.thepalaceproject.org%2F110644%2Fworks%2FURI%252Fhttps%253A%252F%252Flibrary.oapen.org%252Fhandle%252F20.500.12657%252F58536', 'first_author': 'Smith Wergeland, Even', 'online_identifier': '', 'publisher_name': 'Cappelen Damm Akademisk/NOASP (Nordic Open Access Scholarly Publishing)', 'publication_type': 'monograph', 'date_monograph_published_online': '2022', 'first_editor': '', 'access_type': 'openaccess', 'source_id': '20.500.12657/58536', 'source_id_type': 'File Handle'}
Record 2005: {'title_id': 'https://library.oapen.org/handle/20.500.12657/62212', 'publication_title': 'Pranksters vs. Autocrats Why Dilemma Actions Advance Nonviolent Activism', 'title_url': 'https://patron-academic.thepalaceproject.org/ucdavis/book/https%3A%2F%2Fcdl.edu.thepalaceproject.org%2F110644%2Fworks%2FURI%252Fhttps%253A%252F%252Flibrary.oapen.org%252Fhandle%252F20.500.12657%252F62212', 'first_author': '', 'online_identifier': '', 'publisher_name': 'Cornell University Press', 'publication_type': 'monograph', 'date_monograph_published_online': '2022', 'first_editor': '', 'access_type': 'openaccess', 'source_id': '20.500.12657/62212', 'source_id_type': 'File Handle'}
Record 2006: {'title_id': 'https://library.oapen.org/handle/20.500.12657/54021', 'publication_title': 'Assessment of Cancer Screening A Primer', 'title_url': 'https://patron-academic.thepalaceproject.org/ucdavis/book/https%3A%2F%2Fcdl.edu.thepalaceproject.org%2F110644%2Fworks%2FURI%252Fhttps%253A%252F%252Flibrary.oapen.org%252Fhandle%252F20.500.12657%252F54021', 'first_author': 'Marcus, Pamela M.', 'online_identifier': '', 'publisher_name': 'Springer Nature', 'publication_type': 'monograph', 'date_monograph_published_online': '2022', 'first_editor': '', 'access_type': 'openaccess', 'source_id': '20.500.12657/54021', 'source_id_type': 'File Handle'}
Record 2007: {'title_id': 'https://library.oapen.org/handle/20.500.12657/54077', 'publication_title': 'Screening Europe in Australasia Transnational silent film before and after the rise of Hollywood', 'title_url': 'https://patron-academic.thepalaceproject.org/ucdavis/book/https%3A%2F%2Fcdl.edu.thepalaceproject.org%2F110644%2Fworks%2FURI%252Fhttps%253A%252F%252Flibrary.oapen.org%252Fhandle%252F20.500.12657%252F54077', 'first_author': 'Allen, Julie K.', 'online_identifier': '', 'publisher_name': 'University of Exeter Press', 'publication_type': 'monograph', 'date_monograph_published_online': '2022', 'first_editor': '', 'access_type': 'openaccess', 'source_id': '20.500.12657/54077', 'source_id_type': 'File Handle'}
Record 2008: {'title_id': 'https://library.oapen.org/handle/20.500.12657/54203', 'publication_title': 'EIB Working Paper 2022/02 - How to foster climate innovation in the European Union Insights from the EIB Online Survey on Climate Innovation', 'title_url': 'https://patron-academic.thepalaceproject.org/ucdavis/book/https%3A%2F%2Fcdl.edu.thepalaceproject.org%2F110644%2Fworks%2FURI%252Fhttps%253A%252F%252Flibrary.oapen.org%252Fhandle%252F20.500.12657%252F54203', 'first_author': '', 'online_identifier': '', 'publisher_name': 'European Investment Bank', 'publication_type': 'monograph', 'date_monograph_published_online': '2022', 'first_editor': '', 'access_type': 'openaccess', 'source_id': '20.500.12657/54203', 'source_id_type': 'File Handle'}
Record 2009: {'title_id': 'https://library.oapen.org/handle/20.500.12657/61948', 'publication_title': 'Complexities and challenges in preventive audiology An African perspective', 'title_url': 'https://patron-academic.thepalaceproject.org/ucdavis/book/https%3A%2F%2Fcdl.edu.thepalaceproject.org%2F110644%2Fworks%2FURI%252Fhttps%253A%252F%252Flibrary.oapen.org%252Fhandle%252F20.500.12657%252F61948', 'first_author': '', 'online_identifier': '', 'publisher_name': 'AOSIS', 'publication_type': 'monograph', 'date_monograph_published_online': '2022', 'first_editor': 'Khoza-Shangase, Katijah', 'access_type': 'openaccess', 'source_id': '20.500.12657/61948', 'source_id_type': 'File Handle'}
Record 2010: {'title_id': 'https://library.oapen.org/handle/20.500.12657/60316', 'publication_title': 'Ökologische Krisen und Ökologien der Kritik', 'title_url': 'https://patron-academic.thepalaceproject.org/ucdavis/book/https%3A%2F%2Fcdl.edu.thepalaceproject.org%2F110644%2Fworks%2FURI%252Fhttps%253A%252F%252Flibrary.oapen.org%252Fhandle%252F20.500.12657%252F60316', 'first_author': '', 'online_identifier': '', 'publisher_name': 'innsbruck university press', 'publication_type': 'monograph', 'date_monograph_published_online': '2022', 'first_editor': 'Beinsteiner, Andreas', 'access_type': 'openaccess', 'source_id': '20.500.12657/60316', 'source_id_type': 'File Handle'}
Record 2011: {'title_id': 'https://library.oapen.org/handle/20.500.12657/59166', 'publication_title': 'Digital Platforms and Algorithmic Subjectivities', 'title_url': 'https://patron-academic.thepalaceproject.org/ucdavis/book/https%3A%2F%2Fcdl.edu.thepalaceproject.org%2F110644%2Fworks%2FURI%252Fhttps%253A%252F%252Flibrary.oapen.org%252Fhandle%252F20.500.12657%252F59166', 'first_author': '', 'online_identifier': '', 'publisher_name': 'University of Westminster Press', 'publication_type': 'monograph', 'date_monograph_published_online': '2022', 'first_editor': 'Armano, Emiliana', 'access_type': 'openaccess', 'source_id': '20.500.12657/59166', 'source_id_type': 'File Handle'}
Record 2012: {'title_id': 'https://library.oapen.org/handle/20.500.12657/54661', 'publication_title': 'Buddhist Statecraft in East Asia', 'title_url': 'https://patron-academic.thepalaceproject.org/ucdavis/book/https%3A%2F%2Fcdl.edu.thepalaceproject.org%2F110644%2Fworks%2FURI%252Fhttps%253A%252F%252Flibrary.oapen.org%252Fhandle%252F20.500.12657%252F54661', 'first_author': '', 'online_identifier': '', 'publisher_name': 'Brill', 'publication_type': 'monograph', 'date_monograph_published_online': '2022', 'first_editor': 'Balkwill, Stephanie', 'access_type': 'openaccess', 'source_id': '20.500.12657/54661', 'source_id_type': 'File Handle'}
Record 2013: {'title_id': 'https://library.oapen.org/handle/20.500.12657/59098', 'publication_title': 'The Impact of Covid-19 on the Future of Law', 'title_url': 'https://patron-academic.thepalaceproject.org/ucdavis/book/https%3A%2F%2Fcdl.edu.thepalaceproject.org%2F110644%2Fworks%2FURI%252Fhttps%253A%252F%252Flibrary.oapen.org%252Fhandle%252F20.500.12657%252F59098', 'first_author': 'WATNEY, MURDOCH', 'online_identifier': '', 'publisher_name': 'UJ Press', 'publication_type': 'monograph', 'date_monograph_published_online': '2022', 'first_editor': '', 'access_type': 'openaccess', 'source_id': '20.500.12657/59098', 'source_id_type': 'File Handle'}
Record 2014: {'title_id': 'https://library.oapen.org/handle/20.500.12657/59236', 'publication_title': 'Framing the Nation, Claiming the Hemisphere Transnational Imagination in Early American Travel Writing (1770–1830)', 'title_url': 'https://patron-academic.thepalaceproject.org/ucdavis/book/https%3A%2F%2Fcdl.edu.thepalaceproject.org%2F110644%2Fworks%2FURI%252Fhttps%253A%252F%252Flibrary.oapen.org%252Fhandle%252F20.500.12657%252F59236', 'first_author': 'Heide, Markus', 'online_identifier': '', 'publisher_name': 'Stockholm University Press', 'publication_type': 'monograph', 'date_monograph_published_online': '2022', 'first_editor': '', 'access_type': 'openaccess', 'source_id': '20.500.12657/59236', 'source_id_type': 'File Handle'}
Record 2015: {'title_id': 'https://library.oapen.org/handle/20.500.12657/60495', 'publication_title': 'Convex Optimization for Machine Learning', 'title_url': 'https://patron-academic.thepalaceproject.org/ucdavis/book/https%3A%2F%2Fcdl.edu.thepalaceproject.org%2F110644%2Fworks%2FURI%252Fhttps%253A%252F%252Flibrary.oapen.org%252Fhandle%252F20.500.12657%252F60495', 'first_author': 'Suh, Changho', 'online_identifier': '', 'publisher_name': 'Now Publishers', 'publication_type': 'monograph', 'date_monograph_published_online': '2022', 'first_editor': '', 'access_type': 'openaccess', 'source_id': '20.500.12657/60495', 'source_id_type': 'File Handle'}
Record 2016: {'title_id': 'https://library.oapen.org/handle/20.500.12657/57660', 'publication_title': 'Beckett and media', 'title_url': 'https://patron-academic.thepalaceproject.org/ucdavis/book/https%3A%2F%2Fcdl.edu.thepalaceproject.org%2F110644%2Fworks%2FURI%252Fhttps%253A%252F%252Flibrary.oapen.org%252Fhandle%252F20.500.12657%252F57660', 'first_author': '', 'online_identifier': '', 'publisher_name': 'Manchester University Press', 'publication_type': 'monograph', 'date_monograph_published_online': '2022', 'first_editor': 'Nixon, Mark', 'access_type': 'openaccess', 'source_id': '20.500.12657/57660', 'source_id_type': 'File Handle'}
Record 2017: {'title_id': 'https://library.oapen.org/handle/20.500.12657/52420', 'publication_title': 'The Autofictional Approaches, Affordances, Forms', 'title_url': 'https://patron-academic.thepalaceproject.org/ucdavis/book/https%3A%2F%2Fcdl.edu.thepalaceproject.org%2F110644%2Fworks%2FURI%252Fhttps%253A%252F%252Flibrary.oapen.org%252Fhandle%252F20.500.12657%252F52420', 'first_author': '', 'online_identifier': '', 'publisher_name': 'Springer Nature', 'publication_type': 'monograph', 'date_monograph_published_online': '2022', 'first_editor': 'Effe, Alexandra', 'access_type': 'openaccess', 'source_id': '20.500.12657/52420', 'source_id_type': 'File Handle'}
Record 2018: {'title_id': 'https://library.oapen.org/handle/20.500.12657/52792', 'publication_title': 'Athlete Activism Contemporary Perspectives', 'title_url': 'https://patron-academic.thepalaceproject.org/ucdavis/book/https%3A%2F%2Fcdl.edu.thepalaceproject.org%2F110644%2Fworks%2FURI%252Fhttps%253A%252F%252Flibrary.oapen.org%252Fhandle%252F20.500.12657%252F52792', 'first_author': 'Magrath, Rory', 'online_identifier': '', 'publisher_name': 'Taylor & Francis', 'publication_type': 'monograph', 'date_monograph_published_online': '2022', 'first_editor': '', 'access_type': 'openaccess', 'source_id': '20.500.12657/52792', 'source_id_type': 'File Handle'}
Record 2019: {'title_id': 'https://library.oapen.org/handle/20.500.12657/60213', 'publication_title': 'Holding down the Fort Policing Communities and Community-Oriented Policing in Rural Germany', 'title_url': 'https://patron-academic.thepalaceproject.org/ucdavis/book/https%3A%2F%2Fcdl.edu.thepalaceproject.org%2F110644%2Fworks%2FURI%252Fhttps%253A%252F%252Flibrary.oapen.org%252Fhandle%252F20.500.12657%252F60213', 'first_author': 'Bielejewski, Aaron', 'online_identifier': '', 'publisher_name': 'Springer Nature', 'publication_type': 'monograph', 'date_monograph_published_online': '2022', 'first_editor': '', 'access_type': 'openaccess', 'source_id': '20.500.12657/60213', 'source_id_type': 'File Handle'}
Record 2020: {'title_id': 'https://library.oapen.org/handle/20.500.12657/59861', 'publication_title': 'The Politicization of the European Union From Processes to Consequences', 'title_url': 'https://patron-academic.thepalaceproject.org/ucdavis/book/https%3A%2F%2Fcdl.edu.thepalaceproject.org%2F110644%2Fworks%2FURI%252Fhttps%253A%252F%252Flibrary.oapen.org%252Fhandle%252F20.500.12657%252F59861', 'first_author': '', 'online_identifier': '', 'publisher_name': "Editions de l'Université de Bruxelles", 'publication_type': 'monograph', 'date_monograph_published_online': '2022', 'first_editor': 'Houde, Anne-Marie', 'access_type': 'openaccess', 'source_id': '20.500.12657/59861', 'source_id_type': 'File Handle'}
Record 2021: {'title_id': 'https://library.oapen.org/handle/20.500.12657/59903', 'publication_title': 'Internment Refugee Camps Historical and Contemporary Perspectives', 'title_url': 'https://patron-academic.thepalaceproject.org/ucdavis/book/https%3A%2F%2Fcdl.edu.thepalaceproject.org%2F110644%2Fworks%2FURI%252Fhttps%253A%252F%252Flibrary.oapen.org%252Fhandle%252F20.500.12657%252F59903', 'first_author': '', 'online_identifier': '', 'publisher_name': 'transcript Verlag', 'publication_type': 'monograph', 'date_monograph_published_online': '2022', 'first_editor': 'Anderl, Gabriele', 'access_type': 'openaccess', 'source_id': '20.500.12657/59903', 'source_id_type': 'File Handle'}
Record 2022: {'title_id': 'https://library.oapen.org/handle/20.500.12657/57317', 'publication_title': "A Generalization of Bohr-Mollerup's Theorem for Higher Order Convex Functions", 'title_url': 'https://patron-academic.thepalaceproject.org/ucdavis/book/https%3A%2F%2Fcdl.edu.thepalaceproject.org%2F110644%2Fworks%2FURI%252Fhttps%253A%252F%252Flibrary.oapen.org%252Fhandle%252F20.500.12657%252F57317', 'first_author': '', 'online_identifier': '', 'publisher_name': 'Springer Nature', 'publication_type': 'monograph', 'date_monograph_published_online': '2022', 'first_editor': '', 'access_type': 'openaccess', 'source_id': '20.500.12657/57317', 'source_id_type': 'File Handle'}
Record 2023: {'title_id': 'https://library.oapen.org/handle/20.500.12657/52366', 'publication_title': 'China’s Carbon-Energy Policy and Asia’s Energy Transition Carbon Leakage, Relocation and Halos', 'title_url': 'https://patron-academic.thepalaceproject.org/ucdavis/book/https%3A%2F%2Fcdl.edu.thepalaceproject.org%2F110644%2Fworks%2FURI%252Fhttps%253A%252F%252Flibrary.oapen.org%252Fhandle%252F20.500.12657%252F52366', 'first_author': 'Mori, Akihisa', 'online_identifier': '', 'publisher_name': 'Taylor & Francis', 'publication_type': 'monograph', 'date_monograph_published_online': '2022', 'first_editor': '', 'access_type': 'openaccess', 'source_id': '20.500.12657/52366', 'source_id_type': 'File Handle'}
Record 2024: {'title_id': 'https://library.oapen.org/handle/20.500.12657/53424', 'publication_title': 'Living in Refuge: Ritualization and Religiosity in a Christian and a Muslim Palestinian Refugee Camp in Lebanon', 'title_url': 'https://patron-academic.thepalaceproject.org/ucdavis/book/https%3A%2F%2Fcdl.edu.thepalaceproject.org%2F110644%2Fworks%2FURI%252Fhttps%253A%252F%252Flibrary.oapen.org%252Fhandle%252F20.500.12657%252F53424', 'first_author': 'Schiocchet, Leonardo', 'online_identifier': '', 'publisher_name': '', 'publication_type': 'monograph', 'date_monograph_published_online': '', 'first_editor': '', 'access_type': 'openaccess', 'source_id': '20.500.12657/53424', 'source_id_type': 'File Handle'}
Record 2025: {'title_id': 'https://library.oapen.org/handle/20.500.12657/54411', 'publication_title': 'Quantifying Quality of Life Incorporating Daily Life into Medicine', 'title_url': 'https://patron-academic.thepalaceproject.org/ucdavis/book/https%3A%2F%2Fcdl.edu.thepalaceproject.org%2F110644%2Fworks%2FURI%252Fhttps%253A%252F%252Flibrary.oapen.org%252Fhandle%252F20.500.12657%252F54411', 'first_author': '', 'online_identifier': '', 'publisher_name': 'Springer Nature', 'publication_type': 'monograph', 'date_monograph_published_online': '2022', 'first_editor': 'Wac, Katarzyna', 'access_type': 'openaccess', 'source_id': '20.500.12657/54411', 'source_id_type': 'File Handle'}
Record 2026: {'title_id': 'https://library.oapen.org/handle/20.500.12657/62209', 'publication_title': 'The Sanctuary City Immigrant, Refugee, and Receiving Communities in Postindustrial Philadelphia', 'title_url': 'https://patron-academic.thepalaceproject.org/ucdavis/book/https%3A%2F%2Fcdl.edu.thepalaceproject.org%2F110644%2Fworks%2FURI%252Fhttps%253A%252F%252Flibrary.oapen.org%252Fhandle%252F20.500.12657%252F62209', 'first_author': 'Vitiello, Domenic', 'online_identifier': '', 'publisher_name': 'Cornell University Press', 'publication_type': 'monograph', 'date_monograph_published_online': '2022', 'first_editor': '', 'access_type': 'openaccess', 'source_id': '20.500.12657/62209', 'source_id_type': 'File Handle'}
Record 2027: {'title_id': 'https://library.oapen.org/handle/20.500.12657/57542', 'publication_title': 'The American Western in Canadian Literature', 'title_url': 'https://patron-academic.thepalaceproject.org/ucdavis/book/https%3A%2F%2Fcdl.edu.thepalaceproject.org%2F110644%2Fworks%2FURI%252Fhttps%253A%252F%252Flibrary.oapen.org%252Fhandle%252F20.500.12657%252F57542', 'first_author': 'Deshaye, Joel', 'online_identifier': '', 'publisher_name': 'University of Calgary Press', 'publication_type': 'monograph', 'date_monograph_published_online': '2022', 'first_editor': '', 'access_type': 'openaccess', 'source_id': '20.500.12657/57542', 'source_id_type': 'File Handle'}
Record 2028: {'title_id': 'https://library.oapen.org/handle/20.500.12657/61060', 'publication_title': 'Mobility Design Shaping Future Mobility Volume 2: Research', 'title_url': 'https://patron-academic.thepalaceproject.org/ucdavis/book/https%3A%2F%2Fcdl.edu.thepalaceproject.org%2F110644%2Fworks%2FURI%252Fhttps%253A%252F%252Flibrary.oapen.org%252Fhandle%252F20.500.12657%252F61060', 'first_author': '', 'online_identifier': '', 'publisher_name': 'De Gruyter', 'publication_type': 'monograph', 'date_monograph_published_online': '2022', 'first_editor': 'Eckart, Peter', 'access_type': 'openaccess', 'source_id': '20.500.12657/61060', 'source_id_type': 'File Handle'}
Record 2029: {'title_id': 'https://library.oapen.org/handle/20.500.12657/57017', 'publication_title': 'Sustainable Enterprise Value Creation Implementing Stakeholder Capitalism through Full ESG Integration', 'title_url': 'https://patron-academic.thepalaceproject.org/ucdavis/book/https%3A%2F%2Fcdl.edu.thepalaceproject.org%2F110644%2Fworks%2FURI%252Fhttps%253A%252F%252Flibrary.oapen.org%252Fhandle%252F20.500.12657%252F57017', 'first_author': '', 'online_identifier': '', 'publisher_name': 'Springer Nature', 'publication_type': 'monograph', 'date_monograph_published_online': '2022', 'first_editor': '', 'access_type': 'openaccess', 'source_id': '20.500.12657/57017', 'source_id_type': 'File Handle'}
Record 2030: {'title_id': 'https://library.oapen.org/handle/20.500.12657/54433', 'publication_title': 'How Megaprojects Are Damaging Nigeria and How to Fix It A Practical Guide to Mastering Very Large Government Projects', 'title_url': 'https://patron-academic.thepalaceproject.org/ucdavis/book/https%3A%2F%2Fcdl.edu.thepalaceproject.org%2F110644%2Fworks%2FURI%252Fhttps%253A%252F%252Flibrary.oapen.org%252Fhandle%252F20.500.12657%252F54433', 'first_author': '', 'online_identifier': '', 'publisher_name': 'Springer Nature', 'publication_type': 'monograph', 'date_monograph_published_online': '2022', 'first_editor': '', 'access_type': 'openaccess', 'source_id': '20.500.12657/54433', 'source_id_type': 'File Handle'}
Record 2031: {'title_id': 'https://library.oapen.org/handle/20.500.12657/86438', 'publication_title': 'An Introduction to the Japonic Languages Grammatical Sketches of Japanese Dialects and Ryukyuan Languages', 'title_url': 'https://patron-academic.thepalaceproject.org/ucdavis/book/https%3A%2F%2Fcdl.edu.thepalaceproject.org%2F110644%2Fworks%2FURI%252Fhttps%253A%252F%252Flibrary.oapen.org%252Fhandle%252F20.500.12657%252F86438', 'first_author': 'Shimoji, Michinori', 'online_identifier': '', 'publisher_name': 'Brill', 'publication_type': 'monograph', 'date_monograph_published_online': '2022', 'first_editor': '', 'access_type': 'openaccess', 'source_id': '20.500.12657/86438', 'source_id_type': 'File Handle'}
Record 2032: {'title_id': 'https://library.oapen.org/handle/20.500.12657/52615', 'publication_title': 'The Political Economy of Coal Obstacles to Clean Energy Transitions', 'title_url': 'https://patron-academic.thepalaceproject.org/ucdavis/book/https%3A%2F%2Fcdl.edu.thepalaceproject.org%2F110644%2Fworks%2FURI%252Fhttps%253A%252F%252Flibrary.oapen.org%252Fhandle%252F20.500.12657%252F52615', 'first_author': '', 'online_identifier': '', 'publisher_name': 'Taylor & Francis', 'publication_type': 'monograph', 'date_monograph_published_online': '2022', 'first_editor': 'Jakob, Michael', 'access_type': 'openaccess', 'source_id': '20.500.12657/52615', 'source_id_type': 'File Handle'}
Record 2033: {'title_id': 'https://library.oapen.org/handle/20.500.12657/59437', 'publication_title': 'Oceanography and Marine Biology An Annual Review, Volume 60', 'title_url': 'https://patron-academic.thepalaceproject.org/ucdavis/book/https%3A%2F%2Fcdl.edu.thepalaceproject.org%2F110644%2Fworks%2FURI%252Fhttps%253A%252F%252Flibrary.oapen.org%252Fhandle%252F20.500.12657%252F59437', 'first_author': 'Hawkins, S.J.', 'online_identifier': '', 'publisher_name': 'Taylor & Francis', 'publication_type': 'monograph', 'date_monograph_published_online': '2022', 'first_editor': '', 'access_type': 'openaccess', 'source_id': '20.500.12657/59437', 'source_id_type': 'File Handle'}
Record 2034: {'title_id': 'https://library.oapen.org/handle/20.500.12657/58961', 'publication_title': 'Contestations of Citizenship, Education, and Democracy in an Era of Global Change Children and Youth in Diverse International Contexts', 'title_url': 'https://patron-academic.thepalaceproject.org/ucdavis/book/https%3A%2F%2Fcdl.edu.thepalaceproject.org%2F110644%2Fworks%2FURI%252Fhttps%253A%252F%252Flibrary.oapen.org%252Fhandle%252F20.500.12657%252F58961', 'first_author': '', 'online_identifier': '', 'publisher_name': 'Taylor & Francis', 'publication_type': 'monograph', 'date_monograph_published_online': '2022', 'first_editor': 'Kubow, Patricia K.', 'access_type': 'openaccess', 'source_id': '20.500.12657/58961', 'source_id_type': 'File Handle'}
Record 2035: {'title_id': 'https://library.oapen.org/handle/20.500.12657/54278', 'publication_title': 'Theory of Vibrating Lifting Tools of Sugar Beet Harvesters', 'title_url': 'https://patron-academic.thepalaceproject.org/ucdavis/book/https%3A%2F%2Fcdl.edu.thepalaceproject.org%2F110644%2Fworks%2FURI%252Fhttps%253A%252F%252Flibrary.oapen.org%252Fhandle%252F20.500.12657%252F54278', 'first_author': '', 'online_identifier': '', 'publisher_name': 'MDPI - Multidisciplinary Digital Publishing Institute', 'publication_type': 'monograph', 'date_monograph_published_online': '2022', 'first_editor': 'Bulgakov, Volodymyr', 'access_type': 'openaccess', 'source_id': '20.500.12657/54278', 'source_id_type': 'File Handle'}
Record 2036: {'title_id': 'https://library.oapen.org/handle/20.500.12657/60441', 'publication_title': 'Plants and vegetation of NW Ethiopia A new look at Rodolfo E.G. Pichi Sermolli’s results from the ‘Missione di Studio al Lago Tana’, 1937', 'title_url': 'https://patron-academic.thepalaceproject.org/ucdavis/book/https%3A%2F%2Fcdl.edu.thepalaceproject.org%2F110644%2Fworks%2FURI%252Fhttps%253A%252F%252Flibrary.oapen.org%252Fhandle%252F20.500.12657%252F60441', 'first_author': '', 'online_identifier': '', 'publisher_name': 'Firenze University Press', 'publication_type': 'monograph', 'date_monograph_published_online': '2022', 'first_editor': 'Doe, John', 'access_type': 'openaccess', 'source_id': '20.500.12657/60441', 'source_id_type': 'File Handle'}
Record 2037: {'title_id': 'https://library.oapen.org/handle/20.500.12657/58964', 'publication_title': 'Global Political Leadership In Search of Synergy', 'title_url': 'https://patron-academic.thepalaceproject.org/ucdavis/book/https%3A%2F%2Fcdl.edu.thepalaceproject.org%2F110644%2Fworks%2FURI%252Fhttps%253A%252F%252Flibrary.oapen.org%252Fhandle%252F20.500.12657%252F58964', 'first_author': 'Zachara-Szymańska, Małgorzata', 'online_identifier': '', 'publisher_name': 'Taylor & Francis', 'publication_type': 'monograph', 'date_monograph_published_online': '2022', 'first_editor': '', 'access_type': 'openaccess', 'source_id': '20.500.12657/58964', 'source_id_type': 'File Handle'}
Record 2038: {'title_id': 'https://library.oapen.org/handle/20.500.12657/86295', 'publication_title': 'Providing for the Poor The Old Poor Law, 1750–1834', 'title_url': 'https://patron-academic.thepalaceproject.org/ucdavis/book/https%3A%2F%2Fcdl.edu.thepalaceproject.org%2F110644%2Fworks%2FURI%252Fhttps%253A%252F%252Flibrary.oapen.org%252Fhandle%252F20.500.12657%252F86295', 'first_author': '', 'online_identifier': '', 'publisher_name': 'University of London Press', 'publication_type': 'monograph', 'date_monograph_published_online': '2022', 'first_editor': 'Collinge, Peter', 'access_type': 'openaccess', 'source_id': '20.500.12657/86295', 'source_id_type': 'File Handle'}
Record 2039: {'title_id': 'https://library.oapen.org/handle/20.500.12657/53358', 'publication_title': 'Higher Education in Romania: Overcoming Challenges and Embracing Opportunities', 'title_url': 'https://patron-academic.thepalaceproject.org/ucdavis/book/https%3A%2F%2Fcdl.edu.thepalaceproject.org%2F110644%2Fworks%2FURI%252Fhttps%253A%252F%252Flibrary.oapen.org%252Fhandle%252F20.500.12657%252F53358', 'first_author': '', 'online_identifier': '', 'publisher_name': 'Springer Nature', 'publication_type': 'monograph', 'date_monograph_published_online': '2022', 'first_editor': 'Curaj, Adrian', 'access_type': 'openaccess', 'source_id': '20.500.12657/53358', 'source_id_type': 'File Handle'}
Record 2040: {'title_id': 'https://library.oapen.org/handle/20.500.12657/53354', 'publication_title': 'Transformation Literacy Pathways to Regenerative Civilizations', 'title_url': 'https://patron-academic.thepalaceproject.org/ucdavis/book/https%3A%2F%2Fcdl.edu.thepalaceproject.org%2F110644%2Fworks%2FURI%252Fhttps%253A%252F%252Flibrary.oapen.org%252Fhandle%252F20.500.12657%252F53354', 'first_author': '', 'online_identifier': '', 'publisher_name': 'Springer Nature', 'publication_type': 'monograph', 'date_monograph_published_online': '2022', 'first_editor': 'Künkel, Petra', 'access_type': 'openaccess', 'source_id': '20.500.12657/53354', 'source_id_type': 'File Handle'}
Record 2041: {'title_id': 'https://library.oapen.org/handle/20.500.12657/87760', 'publication_title': 'Would Democratic Socialism Be Better?', 'title_url': 'https://patron-academic.thepalaceproject.org/ucdavis/book/https%3A%2F%2Fcdl.edu.thepalaceproject.org%2F110644%2Fworks%2FURI%252Fhttps%253A%252F%252Flibrary.oapen.org%252Fhandle%252F20.500.12657%252F87760', 'first_author': 'Kenworthy, Lane', 'online_identifier': '', 'publisher_name': 'Oxford University Press', 'publication_type': 'monograph', 'date_monograph_published_online': '2022', 'first_editor': '', 'access_type': 'openaccess', 'source_id': '20.500.12657/87760', 'source_id_type': 'File Handle'}
Record 2042: {'title_id': 'https://library.oapen.org/handle/20.500.12657/58599', 'publication_title': 'Resilience, Conflict-Related Sexual Violence and Transitional Justice A Social-Ecological Framing', 'title_url': 'https://patron-academic.thepalaceproject.org/ucdavis/book/https%3A%2F%2Fcdl.edu.thepalaceproject.org%2F110644%2Fworks%2FURI%252Fhttps%253A%252F%252Flibrary.oapen.org%252Fhandle%252F20.500.12657%252F58599', 'first_author': 'Clark, Janine Natalya', 'online_identifier': '', 'publisher_name': 'Taylor & Francis', 'publication_type': 'monograph', 'date_monograph_published_online': '2022', 'first_editor': '', 'access_type': 'openaccess', 'source_id': '20.500.12657/58599', 'source_id_type': 'File Handle'}
Record 2043: {'title_id': 'https://library.oapen.org/handle/20.500.12657/59334', 'publication_title': 'Onward Migration and Multi-Sited Transnationalism Complex Trajectories, Practices and Ties', 'title_url': 'https://patron-academic.thepalaceproject.org/ucdavis/book/https%3A%2F%2Fcdl.edu.thepalaceproject.org%2F110644%2Fworks%2FURI%252Fhttps%253A%252F%252Flibrary.oapen.org%252Fhandle%252F20.500.12657%252F59334', 'first_author': '', 'online_identifier': '', 'publisher_name': 'Springer Nature', 'publication_type': 'monograph', 'date_monograph_published_online': '2022', 'first_editor': 'Ahrens, Jill', 'access_type': 'openaccess', 'source_id': '20.500.12657/59334', 'source_id_type': 'File Handle'}
Record 2044: {'title_id': 'https://library.oapen.org/handle/20.500.12657/54033', 'publication_title': 'Cybersecurity of Digital Service Chains Challenges, Methodologies, and Tools', 'title_url': 'https://patron-academic.thepalaceproject.org/ucdavis/book/https%3A%2F%2Fcdl.edu.thepalaceproject.org%2F110644%2Fworks%2FURI%252Fhttps%253A%252F%252Flibrary.oapen.org%252Fhandle%252F20.500.12657%252F54033', 'first_author': '', 'online_identifier': '', 'publisher_name': 'Springer Nature', 'publication_type': 'monograph', 'date_monograph_published_online': '2022', 'first_editor': 'Duzha, Armend', 'access_type': 'openaccess', 'source_id': '20.500.12657/54033', 'source_id_type': 'File Handle'}
Record 2045: {'title_id': 'https://library.oapen.org/handle/20.500.12657/57292', 'publication_title': 'Escape Philosophy Journeys Beyond the Human Body', 'title_url': 'https://patron-academic.thepalaceproject.org/ucdavis/book/https%3A%2F%2Fcdl.edu.thepalaceproject.org%2F110644%2Fworks%2FURI%252Fhttps%253A%252F%252Flibrary.oapen.org%252Fhandle%252F20.500.12657%252F57292', 'first_author': 'Christopher, Roy', 'online_identifier': '', 'publisher_name': 'punctum books', 'publication_type': 'monograph', 'date_monograph_published_online': '2022', 'first_editor': '', 'access_type': 'openaccess', 'source_id': '20.500.12657/57292', 'source_id_type': 'File Handle'}
Record 2046: {'title_id': 'https://library.oapen.org/handle/20.500.12657/52472', 'publication_title': 'Interactive Peacemaking A People-Centered Approach', 'title_url': 'https://patron-academic.thepalaceproject.org/ucdavis/book/https%3A%2F%2Fcdl.edu.thepalaceproject.org%2F110644%2Fworks%2FURI%252Fhttps%253A%252F%252Flibrary.oapen.org%252Fhandle%252F20.500.12657%252F52472', 'first_author': 'Allen, Susan H.', 'online_identifier': '', 'publisher_name': 'Taylor & Francis', 'publication_type': 'monograph', 'date_monograph_published_online': '2022', 'first_editor': '', 'access_type': 'openaccess', 'source_id': '20.500.12657/52472', 'source_id_type': 'File Handle'}
Record 2047: {'title_id': 'https://library.oapen.org/handle/20.500.12657/53228', 'publication_title': 'ICS Materials Interactive, connected, and smart materials', 'title_url': 'https://patron-academic.thepalaceproject.org/ucdavis/book/https%3A%2F%2Fcdl.edu.thepalaceproject.org%2F110644%2Fworks%2FURI%252Fhttps%253A%252F%252Flibrary.oapen.org%252Fhandle%252F20.500.12657%252F53228', 'first_author': '', 'online_identifier': '', 'publisher_name': 'FrancoAngeli', 'publication_type': 'monograph', 'date_monograph_published_online': '2022', 'first_editor': 'Ferraro, Venere', 'access_type': 'openaccess', 'source_id': '20.500.12657/53228', 'source_id_type': 'File Handle'}
Record 2048: {'title_id': 'https://library.oapen.org/handle/20.500.12657/76537', 'publication_title': 'The Rise of Mass Advertising Law, Enchantment, and the Cultural Boundaries of British Modernity', 'title_url': 'https://patron-academic.thepalaceproject.org/ucdavis/book/https%3A%2F%2Fcdl.edu.thepalaceproject.org%2F110644%2Fworks%2FURI%252Fhttps%253A%252F%252Flibrary.oapen.org%252Fhandle%252F20.500.12657%252F76537', 'first_author': 'Rosenberg, Anat', 'online_identifier': '', 'publisher_name': 'Oxford University Press', 'publication_type': 'monograph', 'date_monograph_published_online': '2022', 'first_editor': '', 'access_type': 'openaccess', 'source_id': '20.500.12657/76537', 'source_id_type': 'File Handle'}
Record 2049: {'title_id': 'https://library.oapen.org/handle/20.500.12657/58648', 'publication_title': 'Experimental Studies in Learning Technology and Child–Computer Interaction', 'title_url': 'https://patron-academic.thepalaceproject.org/ucdavis/book/https%3A%2F%2Fcdl.edu.thepalaceproject.org%2F110644%2Fworks%2FURI%252Fhttps%253A%252F%252Flibrary.oapen.org%252Fhandle%252F20.500.12657%252F58648', 'first_author': 'Giannakos, Michail', 'online_identifier': '', 'publisher_name': 'Springer Nature', 'publication_type': 'monograph', 'date_monograph_published_online': '2022', 'first_editor': '', 'access_type': 'openaccess', 'source_id': '20.500.12657/58648', 'source_id_type': 'File Handle'}
Record 2050: {'title_id': 'https://library.oapen.org/handle/20.500.12657/52452', 'publication_title': 'Data-Driven Fault Detection and Reasoning for Industrial Monitoring', 'title_url': 'https://patron-academic.thepalaceproject.org/ucdavis/book/https%3A%2F%2Fcdl.edu.thepalaceproject.org%2F110644%2Fworks%2FURI%252Fhttps%253A%252F%252Flibrary.oapen.org%252Fhandle%252F20.500.12657%252F52452', 'first_author': '', 'online_identifier': '', 'publisher_name': 'Springer Nature', 'publication_type': 'monograph', 'date_monograph_published_online': '2022', 'first_editor': '', 'access_type': 'openaccess', 'source_id': '20.500.12657/52452', 'source_id_type': 'File Handle'}
Record 2051: {'title_id': 'https://library.oapen.org/handle/20.500.12657/57585', 'publication_title': 'RNA, the Epicenter of Genetic Information', 'title_url': 'https://patron-academic.thepalaceproject.org/ucdavis/book/https%3A%2F%2Fcdl.edu.thepalaceproject.org%2F110644%2Fworks%2FURI%252Fhttps%253A%252F%252Flibrary.oapen.org%252Fhandle%252F20.500.12657%252F57585', 'first_author': '', 'online_identifier': '', 'publisher_name': 'Taylor & Francis', 'publication_type': 'monograph', 'date_monograph_published_online': '2022', 'first_editor': '', 'access_type': 'openaccess', 'source_id': '20.500.12657/57585', 'source_id_type': 'File Handle'}
Record 2052: {'title_id': 'https://library.oapen.org/handle/20.500.12657/57013', 'publication_title': 'Wheat Improvement Food Security in a Changing Climate', 'title_url': 'https://patron-academic.thepalaceproject.org/ucdavis/book/https%3A%2F%2Fcdl.edu.thepalaceproject.org%2F110644%2Fworks%2FURI%252Fhttps%253A%252F%252Flibrary.oapen.org%252Fhandle%252F20.500.12657%252F57013', 'first_author': '', 'online_identifier': '', 'publisher_name': 'Springer Nature', 'publication_type': 'monograph', 'date_monograph_published_online': '2022', 'first_editor': 'Braun, Hans-Joachim', 'access_type': 'openaccess', 'source_id': '20.500.12657/57013', 'source_id_type': 'File Handle'}
Record 2053: {'title_id': 'https://library.oapen.org/handle/20.500.12657/57216', 'publication_title': 'The Walking Dead at Saqqara Strategies of Social and Religious Interaction in Practice', 'title_url': 'https://patron-academic.thepalaceproject.org/ucdavis/book/https%3A%2F%2Fcdl.edu.thepalaceproject.org%2F110644%2Fworks%2FURI%252Fhttps%253A%252F%252Flibrary.oapen.org%252Fhandle%252F20.500.12657%252F57216', 'first_author': 'Weiss, Lara', 'online_identifier': '', 'publisher_name': 'De Gruyter', 'publication_type': 'monograph', 'date_monograph_published_online': '2022', 'first_editor': '', 'access_type': 'openaccess', 'source_id': '20.500.12657/57216', 'source_id_type': 'File Handle'}
Record 2054: {'title_id': 'https://library.oapen.org/handle/20.500.12657/58153', 'publication_title': 'A Credible Utopia Essays on Selected Films of Werner Schroeter', 'title_url': 'https://patron-academic.thepalaceproject.org/ucdavis/book/https%3A%2F%2Fcdl.edu.thepalaceproject.org%2F110644%2Fworks%2FURI%252Fhttps%253A%252F%252Flibrary.oapen.org%252Fhandle%252F20.500.12657%252F58153', 'first_author': 'Valente, Peter', 'online_identifier': '', 'publisher_name': 'punctum books', 'publication_type': 'monograph', 'date_monograph_published_online': '2022', 'first_editor': '', 'access_type': 'openaccess', 'source_id': '20.500.12657/58153', 'source_id_type': 'File Handle'}
Record 2055: {'title_id': 'https://library.oapen.org/handle/20.500.12657/54222', 'publication_title': 'EIB Working Paper 2022/01 Firm-level policy support during the crisis', 'title_url': 'https://patron-academic.thepalaceproject.org/ucdavis/book/https%3A%2F%2Fcdl.edu.thepalaceproject.org%2F110644%2Fworks%2FURI%252Fhttps%253A%252F%252Flibrary.oapen.org%252Fhandle%252F20.500.12657%252F54222', 'first_author': '', 'online_identifier': '', 'publisher_name': 'European Investment Bank', 'publication_type': 'monograph', 'date_monograph_published_online': '2022', 'first_editor': '', 'access_type': 'openaccess', 'source_id': '20.500.12657/54222', 'source_id_type': 'File Handle'}
Record 2056: {'title_id': 'https://library.oapen.org/handle/20.500.12657/89555', 'publication_title': 'Die Berliner Schule im globalen Kontext; The Berlin School and Its Global Contexts Ein transnationales Arthouse-Kino', 'title_url': 'https://patron-academic.thepalaceproject.org/ucdavis/book/https%3A%2F%2Fcdl.edu.thepalaceproject.org%2F110644%2Fworks%2FURI%252Fhttps%253A%252F%252Flibrary.oapen.org%252Fhandle%252F20.500.12657%252F89555', 'first_author': '', 'online_identifier': '', 'publisher_name': 'transcript Verlag', 'publication_type': 'monograph', 'date_monograph_published_online': '2022', 'first_editor': 'Abel, Marco', 'access_type': 'openaccess', 'source_id': '20.500.12657/89555', 'source_id_type': 'File Handle'}
Record 2057: {'title_id': 'https://library.oapen.org/handle/20.500.12657/55776', 'publication_title': 'Designing Sustainable Clothing Systems The design for environmentally sustainable textile clothes and its Product-Service Systems', 'title_url': 'https://patron-academic.thepalaceproject.org/ucdavis/book/https%3A%2F%2Fcdl.edu.thepalaceproject.org%2F110644%2Fworks%2FURI%252Fhttps%253A%252F%252Flibrary.oapen.org%252Fhandle%252F20.500.12657%252F55776', 'first_author': '', 'online_identifier': '', 'publisher_name': 'FrancoAngeli', 'publication_type': 'monograph', 'date_monograph_published_online': '2022', 'first_editor': '', 'access_type': 'openaccess', 'source_id': '20.500.12657/55776', 'source_id_type': 'File Handle'}
Record 2058: {'title_id': 'https://library.oapen.org/handle/20.500.12657/57333', 'publication_title': 'New Social Mobility Second Generation Pioneers in Europe', 'title_url': 'https://patron-academic.thepalaceproject.org/ucdavis/book/https%3A%2F%2Fcdl.edu.thepalaceproject.org%2F110644%2Fworks%2FURI%252Fhttps%253A%252F%252Flibrary.oapen.org%252Fhandle%252F20.500.12657%252F57333', 'first_author': '', 'online_identifier': '', 'publisher_name': 'Springer Nature', 'publication_type': 'monograph', 'date_monograph_published_online': '2022', 'first_editor': 'Crul, Maurice', 'access_type': 'openaccess', 'source_id': '20.500.12657/57333', 'source_id_type': 'File Handle'}
Record 2059: {'title_id': 'https://library.oapen.org/handle/20.500.12657/54654', 'publication_title': 'Elisabeth Mann Borgese and the Law of the Sea', 'title_url': 'https://patron-academic.thepalaceproject.org/ucdavis/book/https%3A%2F%2Fcdl.edu.thepalaceproject.org%2F110644%2Fworks%2FURI%252Fhttps%253A%252F%252Flibrary.oapen.org%252Fhandle%252F20.500.12657%252F54654', 'first_author': 'Meyer, Tirza', 'online_identifier': '', 'publisher_name': 'Brill', 'publication_type': 'monograph', 'date_monograph_published_online': '2022', 'first_editor': '', 'access_type': 'openaccess', 'source_id': '20.500.12657/54654', 'source_id_type': 'File Handle'}
Record 2060: {'title_id': 'https://library.oapen.org/handle/20.500.12657/55803', 'publication_title': 'Ordinary People, Extraordinary Actions Refuge Through Activism at Ottawa’s St. Joe’s Parish', 'title_url': 'https://patron-academic.thepalaceproject.org/ucdavis/book/https%3A%2F%2Fcdl.edu.thepalaceproject.org%2F110644%2Fworks%2FURI%252Fhttps%253A%252F%252Flibrary.oapen.org%252Fhandle%252F20.500.12657%252F55803', 'first_author': '', 'online_identifier': '', 'publisher_name': '', 'publication_type': 'monograph', 'date_monograph_published_online': '', 'first_editor': '', 'access_type': 'openaccess', 'source_id': '20.500.12657/55803', 'source_id_type': 'File Handle'}
Record 2061: {'title_id': 'https://library.oapen.org/handle/20.500.12657/54670', 'publication_title': 'The Rise of the Common City On the culture of commoning', 'title_url': 'https://patron-academic.thepalaceproject.org/ucdavis/book/https%3A%2F%2Fcdl.edu.thepalaceproject.org%2F110644%2Fworks%2FURI%252Fhttps%253A%252F%252Flibrary.oapen.org%252Fhandle%252F20.500.12657%252F54670', 'first_author': '', 'online_identifier': '', 'publisher_name': 'ASP editions - Academic and Scientific Publishers', 'publication_type': 'monograph', 'date_monograph_published_online': '2022', 'first_editor': 'Gielen, Pascal', 'access_type': 'openaccess', 'source_id': '20.500.12657/54670', 'source_id_type': 'File Handle'}
Record 2062: {'title_id': 'https://library.oapen.org/handle/20.500.12657/57004', 'publication_title': 'Smart Cities in Asia Regulations, Problems, and Development', 'title_url': 'https://patron-academic.thepalaceproject.org/ucdavis/book/https%3A%2F%2Fcdl.edu.thepalaceproject.org%2F110644%2Fworks%2FURI%252Fhttps%253A%252F%252Flibrary.oapen.org%252Fhandle%252F20.500.12657%252F57004', 'first_author': '', 'online_identifier': '', 'publisher_name': 'Springer Nature', 'publication_type': 'monograph', 'date_monograph_published_online': '2022', 'first_editor': 'Damian, Daniela', 'access_type': 'openaccess', 'source_id': '20.500.12657/57004', 'source_id_type': 'File Handle'}
Record 2063: {'title_id': 'https://library.oapen.org/handle/20.500.12657/61953', 'publication_title': 'Working with indigenous knowledge Strategies for health professionals', 'title_url': 'https://patron-academic.thepalaceproject.org/ucdavis/book/https%3A%2F%2Fcdl.edu.thepalaceproject.org%2F110644%2Fworks%2FURI%252Fhttps%253A%252F%252Flibrary.oapen.org%252Fhandle%252F20.500.12657%252F61953', 'first_author': '', 'online_identifier': '', 'publisher_name': 'AOSIS', 'publication_type': 'monograph', 'date_monograph_published_online': '2022', 'first_editor': 'Lebese, Rachel T.', 'access_type': 'openaccess', 'source_id': '20.500.12657/61953', 'source_id_type': 'File Handle'}
Record 2064: {'title_id': 'https://library.oapen.org/handle/20.500.12657/57303', 'publication_title': 'Encounters and Practices of Petty Trade in Northern Europe, 1820–1960 Forgotten Livelihoods', 'title_url': 'https://patron-academic.thepalaceproject.org/ucdavis/book/https%3A%2F%2Fcdl.edu.thepalaceproject.org%2F110644%2Fworks%2FURI%252Fhttps%253A%252F%252Flibrary.oapen.org%252Fhandle%252F20.500.12657%252F57303', 'first_author': '', 'online_identifier': '', 'publisher_name': 'Springer Nature', 'publication_type': 'monograph', 'date_monograph_published_online': '2022', 'first_editor': 'Ahlbeck, Jutta', 'access_type': 'openaccess', 'source_id': '20.500.12657/57303', 'source_id_type': 'File Handle'}
Record 2065: {'title_id': 'https://library.oapen.org/handle/20.500.12657/56682', 'publication_title': "Victims' State War and Welfare in Austria, 1868-1925", 'title_url': 'https://patron-academic.thepalaceproject.org/ucdavis/book/https%3A%2F%2Fcdl.edu.thepalaceproject.org%2F110644%2Fworks%2FURI%252Fhttps%253A%252F%252Flibrary.oapen.org%252Fhandle%252F20.500.12657%252F56682', 'first_author': 'HSIA, KE-CHIN', 'online_identifier': '', 'publisher_name': 'Oxford University Press', 'publication_type': 'monograph', 'date_monograph_published_online': '2022', 'first_editor': '', 'access_type': 'openaccess', 'source_id': '20.500.12657/56682', 'source_id_type': 'File Handle'}
Record 2066: {'title_id': 'https://library.oapen.org/handle/20.500.12657/53619', 'publication_title': 'A Featural Typology of Bantu Agreement', 'title_url': 'https://patron-academic.thepalaceproject.org/ucdavis/book/https%3A%2F%2Fcdl.edu.thepalaceproject.org%2F110644%2Fworks%2FURI%252Fhttps%253A%252F%252Flibrary.oapen.org%252Fhandle%252F20.500.12657%252F53619', 'first_author': 'van der Wal, Jenneke', 'online_identifier': '', 'publisher_name': 'Oxford University Press', 'publication_type': 'monograph', 'date_monograph_published_online': '2022', 'first_editor': '', 'access_type': 'openaccess', 'source_id': '20.500.12657/53619', 'source_id_type': 'File Handle'}
Record 2067: {'title_id': 'https://library.oapen.org/handle/20.500.12657/53153', 'publication_title': 'The Grid and the Park Public Space and Urban Culture in Buenos Aires, 1887–1936.', 'title_url': 'https://patron-academic.thepalaceproject.org/ucdavis/book/https%3A%2F%2Fcdl.edu.thepalaceproject.org%2F110644%2Fworks%2FURI%252Fhttps%253A%252F%252Flibrary.oapen.org%252Fhandle%252F20.500.12657%252F53153', 'first_author': 'Gorelik, Adrián', 'online_identifier': '', 'publisher_name': 'Latin America Research Commons', 'publication_type': 'monograph', 'date_monograph_published_online': '2022', 'first_editor': '', 'access_type': 'openaccess', 'source_id': '20.500.12657/53153', 'source_id_type': 'File Handle'}
Record 2068: {'title_id': 'https://library.oapen.org/handle/20.500.12657/57916', 'publication_title': 'Global Perspectives on Educational Innovations for Emergency Situations', 'title_url': 'https://patron-academic.thepalaceproject.org/ucdavis/book/https%3A%2F%2Fcdl.edu.thepalaceproject.org%2F110644%2Fworks%2FURI%252Fhttps%253A%252F%252Flibrary.oapen.org%252Fhandle%252F20.500.12657%252F57916', 'first_author': '', 'online_identifier': '', 'publisher_name': 'Springer Nature', 'publication_type': 'monograph', 'date_monograph_published_online': '2022', 'first_editor': 'Dennen, Vanessa', 'access_type': 'openaccess', 'source_id': '20.500.12657/57916', 'source_id_type': 'File Handle'}
Record 2069: {'title_id': 'https://library.oapen.org/handle/20.500.12657/57842', 'publication_title': 'European Planning History in the 20th Century A Continent of Urban Planning', 'title_url': 'https://patron-academic.thepalaceproject.org/ucdavis/book/https%3A%2F%2Fcdl.edu.thepalaceproject.org%2F110644%2Fworks%2FURI%252Fhttps%253A%252F%252Flibrary.oapen.org%252Fhandle%252F20.500.12657%252F57842', 'first_author': '', 'online_identifier': '', 'publisher_name': 'Taylor & Francis', 'publication_type': 'monograph', 'date_monograph_published_online': '2022', 'first_editor': 'Abarkan, Abdellah', 'access_type': 'openaccess', 'source_id': '20.500.12657/57842', 'source_id_type': 'File Handle'}
Record 2070: {'title_id': 'https://library.oapen.org/handle/20.500.12657/58053', 'publication_title': 'Obstacles to Environmental Progress A U.S. perspective', 'title_url': 'https://patron-academic.thepalaceproject.org/ucdavis/book/https%3A%2F%2Fcdl.edu.thepalaceproject.org%2F110644%2Fworks%2FURI%252Fhttps%253A%252F%252Flibrary.oapen.org%252Fhandle%252F20.500.12657%252F58053', 'first_author': 'Schulze, Peter', 'online_identifier': '', 'publisher_name': 'UCL Press', 'publication_type': 'monograph', 'date_monograph_published_online': '2022', 'first_editor': '', 'access_type': 'openaccess', 'source_id': '20.500.12657/58053', 'source_id_type': 'File Handle'}
Record 2071: {'title_id': 'https://library.oapen.org/handle/20.500.12657/76306', 'publication_title': 'Muslim Subjectivity in Soviet Russia The Memoirs of ’Abd al-Majid al-Qadiri', 'title_url': 'https://patron-academic.thepalaceproject.org/ucdavis/book/https%3A%2F%2Fcdl.edu.thepalaceproject.org%2F110644%2Fworks%2FURI%252Fhttps%253A%252F%252Flibrary.oapen.org%252Fhandle%252F20.500.12657%252F76306', 'first_author': '', 'online_identifier': '', 'publisher_name': 'Brill', 'publication_type': 'monograph', 'date_monograph_published_online': '2022', 'first_editor': 'Bustanov, Alfrid', 'access_type': 'openaccess', 'source_id': '20.500.12657/76306', 'source_id_type': 'File Handle'}
Record 2072: {'title_id': 'https://library.oapen.org/handle/20.500.12657/60538', 'publication_title': 'Basic Numerical Methods in Meteorology and Oceanography', 'title_url': 'https://patron-academic.thepalaceproject.org/ucdavis/book/https%3A%2F%2Fcdl.edu.thepalaceproject.org%2F110644%2Fworks%2FURI%252Fhttps%253A%252F%252Flibrary.oapen.org%252Fhandle%252F20.500.12657%252F60538', 'first_author': '', 'online_identifier': '', 'publisher_name': 'Stockholm University Press', 'publication_type': 'monograph', 'date_monograph_published_online': '2022', 'first_editor': '', 'access_type': 'openaccess', 'source_id': '20.500.12657/60538', 'source_id_type': 'File Handle'}
Record 2073: {'title_id': 'https://library.oapen.org/handle/20.500.12657/57014', 'publication_title': 'Causal Mechanisms in the Global Development of Social Policies', 'title_url': 'https://patron-academic.thepalaceproject.org/ucdavis/book/https%3A%2F%2Fcdl.edu.thepalaceproject.org%2F110644%2Fworks%2FURI%252Fhttps%253A%252F%252Flibrary.oapen.org%252Fhandle%252F20.500.12657%252F57014', 'first_author': '', 'online_identifier': '', 'publisher_name': 'Springer Nature', 'publication_type': 'monograph', 'date_monograph_published_online': '2022', 'first_editor': 'Kuhlmann, Johanna', 'access_type': 'openaccess', 'source_id': '20.500.12657/57014', 'source_id_type': 'File Handle'}
Record 2074: {'title_id': 'https://library.oapen.org/handle/20.500.12657/77139', 'publication_title': 'Political Expression in Sport Transnational Challenges, Moral Defences', 'title_url': 'https://patron-academic.thepalaceproject.org/ucdavis/book/https%3A%2F%2Fcdl.edu.thepalaceproject.org%2F110644%2Fworks%2FURI%252Fhttps%253A%252F%252Flibrary.oapen.org%252Fhandle%252F20.500.12657%252F77139', 'first_author': 'Abanazir, Cem', 'online_identifier': '', 'publisher_name': 'Taylor & Francis', 'publication_type': 'monograph', 'date_monograph_published_online': '2023', 'first_editor': '', 'access_type': 'openaccess', 'source_id': '20.500.12657/77139', 'source_id_type': 'File Handle'}
Record 2075: {'title_id': 'https://library.oapen.org/handle/20.500.12657/93873', 'publication_title': 'Foundations of Robotics A Multidisciplinary Approach with Python and ROS', 'title_url': 'https://patron-academic.thepalaceproject.org/ucdavis/book/https%3A%2F%2Fcdl.edu.thepalaceproject.org%2F110644%2Fworks%2FURI%252Fhttps%253A%252F%252Flibrary.oapen.org%252Fhandle%252F20.500.12657%252F93873', 'first_author': '', 'online_identifier': '', 'publisher_name': 'Springer Nature', 'publication_type': 'monograph', 'date_monograph_published_online': '2022', 'first_editor': 'Herath, Damith', 'access_type': 'openaccess', 'source_id': '20.500.12657/93873', 'source_id_type': 'File Handle'}
Record 2076: {'title_id': 'https://library.oapen.org/handle/20.500.12657/93714', 'publication_title': 'TheMA - Open Access Research Journal for Theatre, Music, Arts. Herstory of Southeast Europe 1, Vol. IX/1-2', 'title_url': 'https://patron-academic.thepalaceproject.org/ucdavis/book/https%3A%2F%2Fcdl.edu.thepalaceproject.org%2F110644%2Fworks%2FURI%252Fhttps%253A%252F%252Flibrary.oapen.org%252Fhandle%252F20.500.12657%252F93714', 'first_author': 'Markovic, Tatjana', 'online_identifier': '', 'publisher_name': 'Hollitzer', 'publication_type': 'monograph', 'date_monograph_published_online': '2022', 'first_editor': '', 'access_type': 'openaccess', 'source_id': '20.500.12657/93714', 'source_id_type': 'File Handle'}
Record 2077: {'title_id': 'https://library.oapen.org/handle/20.500.12657/93970', 'publication_title': 'Pseudo-Dionysius and Gregory Palamas The Byzantine Synthesis of Eastern Patristics', 'title_url': 'https://patron-academic.thepalaceproject.org/ucdavis/book/https%3A%2F%2Fcdl.edu.thepalaceproject.org%2F110644%2Fworks%2FURI%252Fhttps%253A%252F%252Flibrary.oapen.org%252Fhandle%252F20.500.12657%252F93970', 'first_author': 'Świtkiewicz-Blandzi, Agnieszka', 'online_identifier': '', 'publisher_name': 'Peter Lang International Academic Publishers', 'publication_type': 'monograph', 'date_monograph_published_online': '2022', 'first_editor': '', 'access_type': 'openaccess', 'source_id': '20.500.12657/93970', 'source_id_type': 'File Handle'}
Record 2078: {'title_id': 'https://library.oapen.org/handle/20.500.12657/93972', 'publication_title': 'The ‘Human Rights Component’ of Foreign Policy The Case of Italy between Self-conceptions and the Pursuit of Reputation', 'title_url': 'https://patron-academic.thepalaceproject.org/ucdavis/book/https%3A%2F%2Fcdl.edu.thepalaceproject.org%2F110644%2Fworks%2FURI%252Fhttps%253A%252F%252Flibrary.oapen.org%252Fhandle%252F20.500.12657%252F93972', 'first_author': 'de Perini, Pietro', 'online_identifier': '', 'publisher_name': 'Peter Lang International Academic Publishers', 'publication_type': 'monograph', 'date_monograph_published_online': '2022', 'first_editor': '', 'access_type': 'openaccess', 'source_id': '20.500.12657/93972', 'source_id_type': 'File Handle'}
Record 2079: {'title_id': 'https://library.oapen.org/handle/20.500.12657/94015', 'publication_title': 'Language, Identity, and Power in Modern India Gujarat, c.1850-1960', 'title_url': 'https://patron-academic.thepalaceproject.org/ucdavis/book/https%3A%2F%2Fcdl.edu.thepalaceproject.org%2F110644%2Fworks%2FURI%252Fhttps%253A%252F%252Flibrary.oapen.org%252Fhandle%252F20.500.12657%252F94015', 'first_author': 'Isaka, Riho', 'online_identifier': '', 'publisher_name': 'Taylor & Francis', 'publication_type': 'monograph', 'date_monograph_published_online': '2022', 'first_editor': '', 'access_type': 'openaccess', 'source_id': '20.500.12657/94015', 'source_id_type': 'File Handle'}
